10-09 16:30:19.941   988  2115 I Lyric   : stream_info_parser.cc:364: Camera Rear Preview stream: {type: Streaminfo, stream_id: 32769, camera_id: Rear, format: YCBCR_420_888, width: 1920, height: 1080, usage: [HwTexture], stream_type: Output, use_case: Default, data_space: DataSpace(Color)::(Standard: BT709, Transfer: RGB, Range: Full), is_framework_physical_stream: 0, dynamic_range_profile: Standard, intended_for_max_resolution_mode: 0, group_id: -1, is_tunable: 1}
10-09 16:30:19.941   988  2115 W Lyric   : stream_info_parser.cc:372: Camera Rear unknown stream: {type: Streaminfo, stream_id: 32775, camera_id: Rear, format: YCBCR_420_888, width: 4032, height: 2268, usage: [], stream_type: Output, use_case: Default, data_space: DataSpace(Custom)::Arbitrary, is_framework_physical_stream: 0, dynamic_range_profile: Standard, intended_for_max_resolution_mode: 0, group_id: -1, is_tunable: 1} does not fall in any known use case
10-09 16:30:19.944   988  2115 W Lyric   : stream_info_parser.cc:372: Camera RearWide unknown stream: {type: Streaminfo, stream_id: 32776, camera_id: RearWide, format: YCBCR_420_888, width: 4032, height: 2268, usage: [], stream_type: Output, use_case: Default, data_space: DataSpace(Custom)::Arbitrary, is_framework_physical_stream: 0, dynamic_range_profile: Standard, intended_for_max_resolution_mode: 0, group_id: -1, is_tunable: 1} does not fall in any known use case
10-09 16:30:19.944   988  2115 I Lyric   : stream_info_parser.cc:364: Camera RearWide Preview stream: {type: Streaminfo, stream_id: 32770, camera_id: RearWide, format: YCBCR_420_888, width: 1920, height: 1080, usage: [HwTexture], stream_type: Output, use_case: Default, data_space: DataSpace(Color)::(Standard: BT709, Transfer: RGB, Range: Full), is_framework_physical_stream: 0, dynamic_range_profile: Standard, intended_for_max_resolution_mode: 0, group_id: -1, is_tunable: 1}
10-09 16:30:19.944   988  2115 W Lyric   : stream_info_parser.cc:372: Camera RearVirtual unknown stream: {type: Streaminfo, stream_id: 32774, camera_id: RearVirtual, format: YCBCR_420_888, width: 4032, height: 2268, usage: [], stream_type: Output, use_case: Default, data_space: DataSpace(Custom)::Arbitrary, is_framework_physical_stream: 0, dynamic_range_profile: Standard, intended_for_max_resolution_mode: 0, group_id: -1, is_tunable: 1} does not fall in any known use case
10-09 16:30:19.944   988  2115 I Lyric   : stream_info_parser.cc:364: Camera RearVirtual Preview stream: {type: Streaminfo, stream_id: 32768, camera_id: RearVirtual, format: YCBCR_420_888, width: 1920, height: 1080, usage: [HwTexture], stream_type: Output, use_case: Default, data_space: DataSpace(Color)::(Standard: BT709, Transfer: RGB, Range: Full), is_framework_physical_stream: 0, dynamic_range_profile: Standard, intended_for_max_resolution_mode: 0, group_id: -1, is_tunable: 1}
10-09 16:30:19.955   988  2113 I Lyric   : sensor_generic_driver.cc:1959: BOITATA GetModeIndex requirement {size = {width: 4032, height: 2268}, frame_rate_range = [15, 30], request_binning_mode = false, request_pd_stream = false, only_config_logical_cam_stream = true, camera_id = [<recursive>], require_full_fov = false, is_high_frame_rate = false, crop_margin = 0, is_sibling_camera_participating = true, sub_image_count = 1, is_face_auth = false, is_video_mode = false, is_high_resolution_mode = false, is_arkaroo_enabled = false, is_roshi_enabled = false, is_specific_aspect_ratio_video = false, require_exact_size = false, force_sensor_mode_index = -1, is_multi_cam_usecase = true, raw_stream_usecase = 0, is_high_resolution_standalone_mode = false} required aspect ratio 1.77778 pick_transition_mode 1 require exact size 0
10-09 16:30:19.959   988 13141 I Lyric   : sensor_generic_driver.cc:1959: BOITATARM GetModeIndex requirement {size = {width: 4032, height: 2268}, frame_rate_range = [15, 30], request_binning_mode = false, request_pd_stream = false, only_config_logical_cam_stream = true, camera_id = [<recursive>], require_full_fov = false, is_high_frame_rate = false, crop_margin = 0, is_sibling_camera_participating = true, sub_image_count = 1, is_face_auth = false, is_video_mode = false, is_high_resolution_mode = false, is_arkaroo_enabled = false, is_roshi_enabled = false, is_specific_aspect_ratio_video = false, require_exact_size = false, force_sensor_mode_index = -1, is_multi_cam_usecase = true, raw_stream_usecase = 0, is_high_resolution_standalone_mode = false} required aspect ratio 1.77778 pick_transition_mode 0 require exact size 0
10-09 16:30:19.959   988 13134 I Lyric   : sensor_generic_driver.cc:1959: SANDWORM GetModeIndex requirement {size = {width: 4032, height: 2268}, frame_rate_range = [15, 30], request_binning_mode = false, request_pd_stream = false, only_config_logical_cam_stream = true, camera_id = [<recursive>], require_full_fov = false, is_high_frame_rate = false, crop_margin = 0, is_sibling_camera_participating = false, sub_image_count = 1, is_face_auth = false, is_video_mode = false, is_high_resolution_mode = false, is_arkaroo_enabled = false, is_roshi_enabled = false, is_specific_aspect_ratio_video = false, require_exact_size = false, force_sensor_mode_index = -1, is_multi_cam_usecase = true, raw_stream_usecase = 0, is_high_resolution_standalone_mode = false} required aspect ratio 1.77778 pick_transition_mode 0 require exact size 0
10-09 16:30:19.963   988 13134 I Lyric   : eaf_node.cc:80: cam3_eaf: stream_id 32770, res 1920x1080, pipeline_id 0, is_video_stream false
10-09 16:30:19.968   988 13134 I Lyric   : zuma_isp_subgraph.cc:532: raw_to_yuv_for_snapshot_exceeding_video: Pipeline (ID: (instance_id: 167344), IPs: [ RawToYuv ], Max Outputs: 1, IPConnections: [ ], Usecase: Snapshot)
10-09 16:30:19.968   988 13134 I Lyric   : zuma_isp_subgraph.cc:539: video_mesh_warp: Pipeline (ID: (instance_id: 167347), IPs: [ MeshWarp ], Max Outputs: 1, IPConnections: [ ], Usecase: Video)
10-09 16:30:19.968   988 13134 I Lyric   : zuma_isp_subgraph.cc:541: mesh_warp_for_snapshot_exceeding_video: Pipeline (ID: (instance_id: 167348), IPs: [ MeshWarp ], Max Outputs: 1, IPConnections: [ ], Usecase: Snapshot)
10-09 16:30:19.968   988 13134 I Lyric   : zuma_isp_subgraph.cc:551: video_scaler: Pipeline (ID: (instance_id: 167352), IPs: [ Scaler ], Max Outputs: 0, IPConnections: [ ], Usecase: Video)
10-09 16:30:19.968   988 13134 I Lyric   : zuma_isp_subgraph.cc:553: scaler_for_snapshot_exceeding_video: Pipeline (ID: (instance_id: 167353), IPs: [ Scaler ], Max Outputs: 2, IPConnections: [ ], Usecase: Snapshot)
10-09 16:30:19.971   988  2113 I Lyric   : eaf_node.cc:80: cam2_eaf: stream_id 32769, res 1920x1080, pipeline_id 0, is_video_stream false
10-09 16:30:19.972   988 13141 I Lyric   : eaf_node.cc:80: cam4_eaf: stream_id 32768, res 1920x1080, pipeline_id 0, is_video_stream false
10-09 16:30:19.972   988  2113 I Lyric   : zuma_isp_subgraph.cc:532: raw_to_yuv_for_snapshot_exceeding_video: Pipeline (ID: (instance_id: 167362), IPs: [ RawToYuv ], Max Outputs: 1, IPConnections: [ ], Usecase: Snapshot)
10-09 16:30:19.972   988  2113 I Lyric   : zuma_isp_subgraph.cc:539: video_mesh_warp: Pipeline (ID: (instance_id: 167365), IPs: [ MeshWarp ], Max Outputs: 1, IPConnections: [ ], Usecase: Video)
10-09 16:30:19.972   988  2113 I Lyric   : zuma_isp_subgraph.cc:541: mesh_warp_for_snapshot_exceeding_video: Pipeline (ID: (instance_id: 167366), IPs: [ MeshWarp ], Max Outputs: 1, IPConnections: [ ], Usecase: Snapshot)
10-09 16:30:19.972   988  2113 I Lyric   : zuma_isp_subgraph.cc:551: video_scaler: Pipeline (ID: (instance_id: 167370), IPs: [ Scaler ], Max Outputs: 0, IPConnections: [ ], Usecase: Video)
10-09 16:30:19.972   988  2113 I Lyric   : zuma_isp_subgraph.cc:553: scaler_for_snapshot_exceeding_video: Pipeline (ID: (instance_id: 167371), IPs: [ Scaler ], Max Outputs: 2, IPConnections: [ ], Usecase: Snapshot)
10-09 16:30:19.973   988 13141 I Lyric   : zuma_isp_subgraph.cc:532: raw_to_yuv_for_snapshot_exceeding_video: Pipeline (ID: (instance_id: 167380), IPs: [ RawToYuv ], Max Outputs: 1, IPConnections: [ ], Usecase: Snapshot)
10-09 16:30:19.973   988 13141 I Lyric   : zuma_isp_subgraph.cc:539: video_mesh_warp: Pipeline (ID: (instance_id: 167383), IPs: [ MeshWarp ], Max Outputs: 1, IPConnections: [ ], Usecase: Video)
10-09 16:30:19.973   988 13141 I Lyric   : zuma_isp_subgraph.cc:541: mesh_warp_for_snapshot_exceeding_video: Pipeline (ID: (instance_id: 167384), IPs: [ MeshWarp ], Max Outputs: 1, IPConnections: [ ], Usecase: Snapshot)
10-09 16:30:19.973   988 13141 I Lyric   : zuma_isp_subgraph.cc:551: video_scaler: Pipeline (ID: (instance_id: 167388), IPs: [ Scaler ], Max Outputs: 0, IPConnections: [ ], Usecase: Video)
10-09 16:30:19.973   988 13141 I Lyric   : zuma_isp_subgraph.cc:553: scaler_for_snapshot_exceeding_video: Pipeline (ID: (instance_id: 167389), IPs: [ Scaler ], Max Outputs: 2, IPConnections: [ ], Usecase: Snapshot)
10-09 16:30:19.979   988  2113 I Lyric   : whi_like_isp_back_end_core_subgraph.cc:933: RawToYuvNode for snapshot exceeding video is configured to output consumer type 2 fmt: HalImageFormat{ pixel_format = YCBCR_420_SPN_10B, stride_alignment = 64, num_buffers = 1 } for Rear
10-09 16:30:19.982   988  2113 I Lyric   : generic_subgraph.cc:3459: camera_id = 2; is_front_camera = 0; is_1p_camera_app = 0; video_call = 0
10-09 16:30:19.982   988 13141 I Lyric   : whi_like_isp_back_end_core_subgraph.cc:933: RawToYuvNode for snapshot exceeding video is configured to output consumer type 2 fmt: HalImageFormat{ pixel_format = YCBCR_420_SPN_10B, stride_alignment = 64, num_buffers = 1 } for RearVirtual
10-09 16:30:19.984   988 13141 I Lyric   : generic_subgraph.cc:3459: camera_id = 4; is_front_camera = 0; is_1p_camera_app = 0; video_call = 0
10-09 16:30:19.986   988 13134 I Lyric   : whi_like_isp_back_end_core_subgraph.cc:933: RawToYuvNode for snapshot exceeding video is configured to output consumer type 2 fmt: HalImageFormat{ pixel_format = YCBCR_420_SPN_10B, stride_alignment = 64, num_buffers = 1 } for RearWide
10-09 16:30:19.987   988 13134 I Lyric   : generic_subgraph.cc:3459: camera_id = 3; is_front_camera = 0; is_1p_camera_app = 0; video_call = 0
10-09 16:30:20.003   988  2115 I Lyric   : multicam_graph.cc:1366: number of video bokeh nodes connected to multicam routing node = 0
10-09 16:30:20.015   988  2115 I Lyric   : graph_configuration.cc:374: {type: Streaminfo, stream_id: 32769, camera_id: Rear, format: YCBCR_420_888, width: 1920, height: 1080, usage: [HwTexture], stream_type: Output, use_case: Default, data_space: DataSpace(Color)::(Standard: BT709, Transfer: RGB, Range: Full), is_framework_physical_stream: 0, dynamic_range_profile: Standard, intended_for_max_resolution_mode: 0, group_id: -1, is_tunable: 1}
10-09 16:30:20.015   988  2115 I Lyric   : graph_configuration.cc:374: {type: Streaminfo, stream_id: 32772, camera_id: Rear, format: BLOB, width: 4032, height: 2268, usage: [], stream_type: Output, use_case: Default, data_space: DataSpace(Color)::(Standard: BT601_625, Transfer: SMPTE_170M, Range: Full), is_framework_physical_stream: 0, dynamic_range_profile: Standard, intended_for_max_resolution_mode: 0, group_id: -1, is_tunable: 1}
10-09 16:30:20.015   988  2115 I Lyric   : graph_configuration.cc:374: {type: Streaminfo, stream_id: 32775, camera_id: Rear, format: YCBCR_420_888, width: 4032, height: 2268, usage: [], stream_type: Output, use_case: Default, data_space: DataSpace(Custom)::Arbitrary, is_framework_physical_stream: 0, dynamic_range_profile: Standard, intended_for_max_resolution_mode: 0, group_id: -1, is_tunable: 1}
10-09 16:30:20.015   988  2115 I Lyric   : graph_configuration.cc:374: {type: Streaminfo, stream_id: 32773, camera_id: RearWide, format: BLOB, width: 4032, height: 2268, usage: [], stream_type: Output, use_case: Default, data_space: DataSpace(Color)::(Standard: BT601_625, Transfer: SMPTE_170M, Range: Full), is_framework_physical_stream: 0, dynamic_range_profile: Standard, intended_for_max_resolution_mode: 0, group_id: -1, is_tunable: 1}
10-09 16:30:20.015   988  2115 I Lyric   : graph_configuration.cc:374: {type: Streaminfo, stream_id: 32776, camera_id: RearWide, format: YCBCR_420_888, width: 4032, height: 2268, usage: [], stream_type: Output, use_case: Default, data_space: DataSpace(Custom)::Arbitrary, is_framework_physical_stream: 0, dynamic_range_profile: Standard, intended_for_max_resolution_mode: 0, group_id: -1, is_tunable: 1}
10-09 16:30:20.015   988  2115 I Lyric   : graph_configuration.cc:374: {type: Streaminfo, stream_id: 32770, camera_id: RearWide, format: YCBCR_420_888, width: 1920, height: 1080, usage: [HwTexture], stream_type: Output, use_case: Default, data_space: DataSpace(Color)::(Standard: BT709, Transfer: RGB, Range: Full), is_framework_physical_stream: 0, dynamic_range_profile: Standard, intended_for_max_resolution_mode: 0, group_id: -1, is_tunable: 1}
10-09 16:30:20.015   988  2115 I Lyric   : graph_configuration.cc:374: {type: Streaminfo, stream_id: 32768, camera_id: RearVirtual, format: YCBCR_420_888, width: 1920, height: 1080, usage: [HwTexture], stream_type: Output, use_case: Default, data_space: DataSpace(Color)::(Standard: BT709, Transfer: RGB, Range: Full), is_framework_physical_stream: 0, dynamic_range_profile: Standard, intended_for_max_resolution_mode: 0, group_id: -1, is_tunable: 1}
10-09 16:30:20.015   988  2115 I Lyric   : graph_configuration.cc:374: {type: Streaminfo, stream_id: 32771, camera_id: RearVirtual, format: BLOB, width: 4032, height: 2268, usage: [], stream_type: Output, use_case: Default, data_space: DataSpace(Color)::(Standard: BT601_625, Transfer: SMPTE_170M, Range: Full), is_framework_physical_stream: 0, dynamic_range_profile: Standard, intended_for_max_resolution_mode: 0, group_id: -1, is_tunable: 1}
10-09 16:30:20.015   988  2115 I Lyric   : graph_configuration.cc:374: {type: Streaminfo, stream_id: 32774, camera_id: RearVirtual, format: YCBCR_420_888, width: 4032, height: 2268, usage: [], stream_type: Output, use_case: Default, data_space: DataSpace(Custom)::Arbitrary, is_framework_physical_stream: 0, dynamic_range_profile: Standard, intended_for_max_resolution_mode: 0, group_id: -1, is_tunable: 1}
10-09 16:30:20.102   988  1442 I G3ACoordinator: ae_session_config_parser_lyric.cc:201: ispfe_raw_input_resolution [width:4080, height:3072]
10-09 16:30:20.143   988  1442 I G3ACoordinator: ae_session_config_parser_lyric.cc:201: ispfe_raw_input_resolution [width:4080, height:3072]
10-09 16:30:20.238   988  1442 I G3ACoordinator: ae_session_config_parser_lyric.cc:201: ispfe_raw_input_resolution [width:4032, height:2272]
10-09 16:30:20.324   988  1434 I Lyric   : camera_powerhal_impl.cc:202: CancelPowerBoost CAMERA_VIDEO_RECORDING
10-09 16:30:20.854   988 13134 W Lyric   : stream_info_parser.cc:372: Camera Rear unknown stream: {type: Streaminfo, stream_id: 32775, camera_id: Rear, format: YCBCR_420_888, width: 4032, height: 2268, usage: [], stream_type: Output, use_case: Default, data_space: DataSpace(Custom)::Arbitrary, is_framework_physical_stream: 0, dynamic_range_profile: Standard, intended_for_max_resolution_mode: 0, group_id: -1, is_tunable: 1} does not fall in any known use case
10-09 16:30:20.854   988 13134 I Lyric   : stream_info_parser.cc:364: Camera Rear Preview stream: {type: Streaminfo, stream_id: 32769, camera_id: Rear, format: YCBCR_420_888, width: 1920, height: 1080, usage: [HwTexture], stream_type: Output, use_case: Default, data_space: DataSpace(Color)::(Standard: BT709, Transfer: RGB, Range: Full), is_framework_physical_stream: 0, dynamic_range_profile: Standard, intended_for_max_resolution_mode: 0, group_id: -1, is_tunable: 1}
10-09 16:30:20.854   988 13134 W Lyric   : stream_info_parser.cc:372: Camera RearWide unknown stream: {type: Streaminfo, stream_id: 32776, camera_id: RearWide, format: YCBCR_420_888, width: 4032, height: 2268, usage: [], stream_type: Output, use_case: Default, data_space: DataSpace(Custom)::Arbitrary, is_framework_physical_stream: 0, dynamic_range_profile: Standard, intended_for_max_resolution_mode: 0, group_id: -1, is_tunable: 1} does not fall in any known use case
10-09 16:30:20.854   988 13134 I Lyric   : stream_info_parser.cc:364: Camera RearWide Preview stream: {type: Streaminfo, stream_id: 32770, camera_id: RearWide, format: YCBCR_420_888, width: 1920, height: 1080, usage: [HwTexture], stream_type: Output, use_case: Default, data_space: DataSpace(Color)::(Standard: BT709, Transfer: RGB, Range: Full), is_framework_physical_stream: 0, dynamic_range_profile: Standard, intended_for_max_resolution_mode: 0, group_id: -1, is_tunable: 1}
10-09 16:30:20.854   988 13134 I Lyric   : stream_info_parser.cc:364: Camera RearVirtual Preview stream: {type: Streaminfo, stream_id: 32768, camera_id: RearVirtual, format: YCBCR_420_888, width: 1920, height: 1080, usage: [HwTexture], stream_type: Output, use_case: Default, data_space: DataSpace(Color)::(Standard: BT709, Transfer: RGB, Range: Full), is_framework_physical_stream: 0, dynamic_range_profile: Standard, intended_for_max_resolution_mode: 0, group_id: -1, is_tunable: 1}
10-09 16:30:20.854   988 13134 W Lyric   : stream_info_parser.cc:372: Camera RearVirtual unknown stream: {type: Streaminfo, stream_id: 32774, camera_id: RearVirtual, format: YCBCR_420_888, width: 4032, height: 2268, usage: [], stream_type: Output, use_case: Default, data_space: DataSpace(Custom)::Arbitrary, is_framework_physical_stream: 0, dynamic_range_profile: Standard, intended_for_max_resolution_mode: 0, group_id: -1, is_tunable: 1} does not fall in any known use case
10-09 16:30:20.856   988  2118 I Lyric   : sensor_generic_driver.cc:1959: BOITATA GetModeIndex requirement {size = {width: 4032, height: 2268}, frame_rate_range = [15, 30], request_binning_mode = false, request_pd_stream = false, only_config_logical_cam_stream = true, camera_id = [<recursive>], require_full_fov = false, is_high_frame_rate = false, crop_margin = 0, is_sibling_camera_participating = true, sub_image_count = 1, is_face_auth = false, is_video_mode = false, is_high_resolution_mode = false, is_arkaroo_enabled = false, is_roshi_enabled = false, is_specific_aspect_ratio_video = false, require_exact_size = false, force_sensor_mode_index = -1, is_multi_cam_usecase = true, raw_stream_usecase = 0, is_high_resolution_standalone_mode = false} required aspect ratio 1.77778 pick_transition_mode 1 require exact size 0
10-09 16:30:20.856   988  2119 I Lyric   : sensor_generic_driver.cc:1959: SANDWORM GetModeIndex requirement {size = {width: 4032, height: 2268}, frame_rate_range = [15, 30], request_binning_mode = false, request_pd_stream = false, only_config_logical_cam_stream = true, camera_id = [<recursive>], require_full_fov = false, is_high_frame_rate = false, crop_margin = 0, is_sibling_camera_participating = false, sub_image_count = 1, is_face_auth = false, is_video_mode = false, is_high_resolution_mode = false, is_arkaroo_enabled = false, is_roshi_enabled = false, is_specific_aspect_ratio_video = false, require_exact_size = false, force_sensor_mode_index = -1, is_multi_cam_usecase = true, raw_stream_usecase = 0, is_high_resolution_standalone_mode = false} required aspect ratio 1.77778 pick_transition_mode 0 require exact size 0
10-09 16:30:20.856   988  2108 I Lyric   : sensor_generic_driver.cc:1959: BOITATARM GetModeIndex requirement {size = {width: 4032, height: 2268}, frame_rate_range = [15, 30], request_binning_mode = false, request_pd_stream = false, only_config_logical_cam_stream = true, camera_id = [<recursive>], require_full_fov = false, is_high_frame_rate = false, crop_margin = 0, is_sibling_camera_participating = true, sub_image_count = 1, is_face_auth = false, is_video_mode = false, is_high_resolution_mode = false, is_arkaroo_enabled = false, is_roshi_enabled = false, is_specific_aspect_ratio_video = false, require_exact_size = false, force_sensor_mode_index = -1, is_multi_cam_usecase = true, raw_stream_usecase = 0, is_high_resolution_standalone_mode = false} required aspect ratio 1.77778 pick_transition_mode 0 require exact size 0
10-09 16:30:20.856   988  2119 I Lyric   : eaf_node.cc:80: cam3_eaf: stream_id 32770, res 1920x1080, pipeline_id 0, is_video_stream false
10-09 16:30:20.856   988  2108 I Lyric   : eaf_node.cc:80: cam4_eaf: stream_id 32768, res 1920x1080, pipeline_id 0, is_video_stream false
10-09 16:30:20.856   988  2118 I Lyric   : eaf_node.cc:80: cam2_eaf: stream_id 32769, res 1920x1080, pipeline_id 0, is_video_stream false
10-09 16:30:20.857   988  2119 I Lyric   : zuma_isp_subgraph.cc:532: raw_to_yuv_for_snapshot_exceeding_video: Pipeline (ID: (instance_id: 167407), IPs: [ RawToYuv ], Max Outputs: 1, IPConnections: [ ], Usecase: Snapshot)
10-09 16:30:20.857   988  2119 I Lyric   : zuma_isp_subgraph.cc:539: video_mesh_warp: Pipeline (ID: (instance_id: 167410), IPs: [ MeshWarp ], Max Outputs: 1, IPConnections: [ ], Usecase: Video)
10-09 16:30:20.857   988  2119 I Lyric   : zuma_isp_subgraph.cc:541: mesh_warp_for_snapshot_exceeding_video: Pipeline (ID: (instance_id: 167411), IPs: [ MeshWarp ], Max Outputs: 1, IPConnections: [ ], Usecase: Snapshot)
10-09 16:30:20.857   988  2119 I Lyric   : zuma_isp_subgraph.cc:551: video_scaler: Pipeline (ID: (instance_id: 167415), IPs: [ Scaler ], Max Outputs: 0, IPConnections: [ ], Usecase: Video)
10-09 16:30:20.857   988  2119 I Lyric   : zuma_isp_subgraph.cc:553: scaler_for_snapshot_exceeding_video: Pipeline (ID: (instance_id: 167416), IPs: [ Scaler ], Max Outputs: 2, IPConnections: [ ], Usecase: Snapshot)
10-09 16:30:20.857   988  2108 I Lyric   : zuma_isp_subgraph.cc:532: raw_to_yuv_for_snapshot_exceeding_video: Pipeline (ID: (instance_id: 167425), IPs: [ RawToYuv ], Max Outputs: 1, IPConnections: [ ], Usecase: Snapshot)
10-09 16:30:20.857   988  2118 I Lyric   : zuma_isp_subgraph.cc:532: raw_to_yuv_for_snapshot_exceeding_video: Pipeline (ID: (instance_id: 167443), IPs: [ RawToYuv ], Max Outputs: 1, IPConnections: [ ], Usecase: Snapshot)
10-09 16:30:20.857   988  2108 I Lyric   : zuma_isp_subgraph.cc:539: video_mesh_warp: Pipeline (ID: (instance_id: 167428), IPs: [ MeshWarp ], Max Outputs: 1, IPConnections: [ ], Usecase: Video)
10-09 16:30:20.857   988  2108 I Lyric   : zuma_isp_subgraph.cc:541: mesh_warp_for_snapshot_exceeding_video: Pipeline (ID: (instance_id: 167429), IPs: [ MeshWarp ], Max Outputs: 1, IPConnections: [ ], Usecase: Snapshot)
10-09 16:30:20.857   988  2118 I Lyric   : zuma_isp_subgraph.cc:539: video_mesh_warp: Pipeline (ID: (instance_id: 167446), IPs: [ MeshWarp ], Max Outputs: 1, IPConnections: [ ], Usecase: Video)
10-09 16:30:20.857   988  2118 I Lyric   : zuma_isp_subgraph.cc:541: mesh_warp_for_snapshot_exceeding_video: Pipeline (ID: (instance_id: 167447), IPs: [ MeshWarp ], Max Outputs: 1, IPConnections: [ ], Usecase: Snapshot)
10-09 16:30:20.857   988  2108 I Lyric   : zuma_isp_subgraph.cc:551: video_scaler: Pipeline (ID: (instance_id: 167433), IPs: [ Scaler ], Max Outputs: 0, IPConnections: [ ], Usecase: Video)
10-09 16:30:20.857   988  2108 I Lyric   : zuma_isp_subgraph.cc:553: scaler_for_snapshot_exceeding_video: Pipeline (ID: (instance_id: 167434), IPs: [ Scaler ], Max Outputs: 2, IPConnections: [ ], Usecase: Snapshot)
10-09 16:30:20.857   988  2118 I Lyric   : zuma_isp_subgraph.cc:551: video_scaler: Pipeline (ID: (instance_id: 167451), IPs: [ Scaler ], Max Outputs: 0, IPConnections: [ ], Usecase: Video)
10-09 16:30:20.857   988  2118 I Lyric   : zuma_isp_subgraph.cc:553: scaler_for_snapshot_exceeding_video: Pipeline (ID: (instance_id: 167452), IPs: [ Scaler ], Max Outputs: 2, IPConnections: [ ], Usecase: Snapshot)
10-09 16:30:20.857   988  2119 I Lyric   : whi_like_isp_back_end_core_subgraph.cc:933: RawToYuvNode for snapshot exceeding video is configured to output consumer type 2 fmt: HalImageFormat{ pixel_format = YCBCR_420_SPN_10B, stride_alignment = 64, num_buffers = 1 } for RearWide
10-09 16:30:20.857   988  2108 I Lyric   : whi_like_isp_back_end_core_subgraph.cc:933: RawToYuvNode for snapshot exceeding video is configured to output consumer type 2 fmt: HalImageFormat{ pixel_format = YCBCR_420_SPN_10B, stride_alignment = 64, num_buffers = 1 } for RearVirtual
10-09 16:30:20.857   988  2118 I Lyric   : whi_like_isp_back_end_core_subgraph.cc:933: RawToYuvNode for snapshot exceeding video is configured to output consumer type 2 fmt: HalImageFormat{ pixel_format = YCBCR_420_SPN_10B, stride_alignment = 64, num_buffers = 1 } for Rear
10-09 16:30:20.858   988  2119 I Lyric   : generic_subgraph.cc:3459: camera_id = 3; is_front_camera = 0; is_1p_camera_app = 0; video_call = 0
10-09 16:30:20.858   988  2118 I Lyric   : generic_subgraph.cc:3459: camera_id = 2; is_front_camera = 0; is_1p_camera_app = 0; video_call = 0
10-09 16:30:20.859   988  2108 I Lyric   : generic_subgraph.cc:3459: camera_id = 4; is_front_camera = 0; is_1p_camera_app = 0; video_call = 0
10-09 16:30:20.869   988 13134 I Lyric   : multicam_graph.cc:1366: number of video bokeh nodes connected to multicam routing node = 0
10-09 16:30:20.871   988 13134 I Lyric   : graph_configuration.cc:374: {type: Streaminfo, stream_id: 32769, camera_id: Rear, format: YCBCR_420_888, width: 1920, height: 1080, usage: [HwTexture], stream_type: Output, use_case: Default, data_space: DataSpace(Color)::(Standard: BT709, Transfer: RGB, Range: Full), is_framework_physical_stream: 0, dynamic_range_profile: Standard, intended_for_max_resolution_mode: 0, group_id: -1, is_tunable: 1}
10-09 16:30:20.871   988 13134 I Lyric   : graph_configuration.cc:374: {type: Streaminfo, stream_id: 32775, camera_id: Rear, format: YCBCR_420_888, width: 4032, height: 2268, usage: [], stream_type: Output, use_case: Default, data_space: DataSpace(Custom)::Arbitrary, is_framework_physical_stream: 0, dynamic_range_profile: Standard, intended_for_max_resolution_mode: 0, group_id: -1, is_tunable: 1}
10-09 16:30:20.871   988 13134 I Lyric   : graph_configuration.cc:374: {type: Streaminfo, stream_id: 32772, camera_id: Rear, format: BLOB, width: 4032, height: 2268, usage: [], stream_type: Output, use_case: Default, data_space: DataSpace(Color)::(Standard: BT601_625, Transfer: SMPTE_170M, Range: Full), is_framework_physical_stream: 0, dynamic_range_profile: Standard, intended_for_max_resolution_mode: 0, group_id: -1, is_tunable: 1}
10-09 16:30:20.871   988 13134 I Lyric   : graph_configuration.cc:374: {type: Streaminfo, stream_id: 32771, camera_id: RearVirtual, format: BLOB, width: 4032, height: 2268, usage: [], stream_type: Output, use_case: Default, data_space: DataSpace(Color)::(Standard: BT601_625, Transfer: SMPTE_170M, Range: Full), is_framework_physical_stream: 0, dynamic_range_profile: Standard, intended_for_max_resolution_mode: 0, group_id: -1, is_tunable: 1}
10-09 16:30:20.871   988 13134 I Lyric   : graph_configuration.cc:374: {type: Streaminfo, stream_id: 32773, camera_id: RearWide, format: BLOB, width: 4032, height: 2268, usage: [], stream_type: Output, use_case: Default, data_space: DataSpace(Color)::(Standard: BT601_625, Transfer: SMPTE_170M, Range: Full), is_framework_physical_stream: 0, dynamic_range_profile: Standard, intended_for_max_resolution_mode: 0, group_id: -1, is_tunable: 1}
10-09 16:30:20.871   988 13134 I Lyric   : graph_configuration.cc:374: {type: Streaminfo, stream_id: 32776, camera_id: RearWide, format: YCBCR_420_888, width: 4032, height: 2268, usage: [], stream_type: Output, use_case: Default, data_space: DataSpace(Custom)::Arbitrary, is_framework_physical_stream: 0, dynamic_range_profile: Standard, intended_for_max_resolution_mode: 0, group_id: -1, is_tunable: 1}
10-09 16:30:20.871   988 13134 I Lyric   : graph_configuration.cc:374: {type: Streaminfo, stream_id: 32774, camera_id: RearVirtual, format: YCBCR_420_888, width: 4032, height: 2268, usage: [], stream_type: Output, use_case: Default, data_space: DataSpace(Custom)::Arbitrary, is_framework_physical_stream: 0, dynamic_range_profile: Standard, intended_for_max_resolution_mode: 0, group_id: -1, is_tunable: 1}
10-09 16:30:20.871   988 13134 I Lyric   : graph_configuration.cc:374: {type: Streaminfo, stream_id: 32770, camera_id: RearWide, format: YCBCR_420_888, width: 1920, height: 1080, usage: [HwTexture], stream_type: Output, use_case: Default, data_space: DataSpace(Color)::(Standard: BT709, Transfer: RGB, Range: Full), is_framework_physical_stream: 0, dynamic_range_profile: Standard, intended_for_max_resolution_mode: 0, group_id: -1, is_tunable: 1}
10-09 16:30:20.871   988 13134 I Lyric   : graph_configuration.cc:374: {type: Streaminfo, stream_id: 32768, camera_id: RearVirtual, format: YCBCR_420_888, width: 1920, height: 1080, usage: [HwTexture], stream_type: Output, use_case: Default, data_space: DataSpace(Color)::(Standard: BT709, Transfer: RGB, Range: Full), is_framework_physical_stream: 0, dynamic_range_profile: Standard, intended_for_max_resolution_mode: 0, group_id: -1, is_tunable: 1}
10-09 16:30:20.906   988  1443 I G3ACoordinator: ae_session_config_parser_lyric.cc:201: ispfe_raw_input_resolution [width:4080, height:3072]
10-09 16:30:20.925   988  1444 I G3ACoordinator: ae_session_config_parser_lyric.cc:201: ispfe_raw_input_resolution [width:4032, height:2272]
10-09 16:30:20.937   988  1444 I G3ACoordinator: ae_session_config_parser_lyric.cc:201: ispfe_raw_input_resolution [width:4080, height:3072]
10-09 16:30:21.023   988  2109 I Lyric   : scaler_node.cc:1017: The 0th output HalPixelFormat for cam2_preview_scaler YCBCR_420_888 resolution: 1920x1080
10-09 16:30:21.023   988  2109 I Lyric   : scaler_node.cc:1017: The 1th output HalPixelFormat for cam2_preview_scaler YCBCR_420_888 resolution: 4032x2268
10-09 16:30:22.983   988  1434 I Lyric   : camera_powerhal_impl.cc:202: CancelPowerBoost CAMERA_VIDEO_RECORDING
10-09 16:30:23.073   988  1538 I GCH_ZslSnapshotCaptureSession: Initialize: video sw denoise is enabled in GCH
10-09 16:30:23.076   988  2124 I Lyric   : stream_info_parser.cc:364: Camera Front Preview stream: {type: Streaminfo, stream_id: 32769, camera_id: Front, format: YCBCR_420_888, width: 1920, height: 1080, usage: [HwTexture], stream_type: Output, use_case: Default, data_space: DataSpace(Color)::(Standard: BT709, Transfer: RGB, Range: Full), is_framework_physical_stream: 0, dynamic_range_profile: Standard, intended_for_max_resolution_mode: 0, group_id: -1, is_tunable: 1}
10-09 16:30:23.076   988  2124 W Lyric   : stream_info_parser.cc:372: Camera Front unknown stream: {type: Streaminfo, stream_id: 32773, camera_id: Front, format: YCBCR_420_888, width: 3264, height: 1836, usage: [], stream_type: Output, use_case: Default, data_space: DataSpace(Custom)::Arbitrary, is_framework_physical_stream: 0, dynamic_range_profile: Standard, intended_for_max_resolution_mode: 0, group_id: -1, is_tunable: 1} does not fall in any known use case
10-09 16:30:23.076   988  2124 W Lyric   : stream_info_parser.cc:372: Camera FrontVirtual unknown stream: {type: Streaminfo, stream_id: 32772, camera_id: FrontVirtual, format: YCBCR_420_888, width: 3264, height: 1836, usage: [], stream_type: Output, use_case: Default, data_space: DataSpace(Custom)::Arbitrary, is_framework_physical_stream: 0, dynamic_range_profile: Standard, intended_for_max_resolution_mode: 0, group_id: -1, is_tunable: 1} does not fall in any known use case
10-09 16:30:23.076   988  2124 I Lyric   : stream_info_parser.cc:364: Camera FrontVirtual Preview stream: {type: Streaminfo, stream_id: 32768, camera_id: FrontVirtual, format: YCBCR_420_888, width: 1920, height: 1080, usage: [HwTexture], stream_type: Output, use_case: Default, data_space: DataSpace(Color)::(Standard: BT709, Transfer: RGB, Range: Full), is_framework_physical_stream: 0, dynamic_range_profile: Standard, intended_for_max_resolution_mode: 0, group_id: -1, is_tunable: 1}
10-09 16:30:23.078   988  2131 I Lyric   : sensor_generic_driver.cc:1959: DOKKAEBIVIRTUAL GetModeIndex requirement {size = {width: 3264, height: 1836}, frame_rate_range = [15, 30], request_binning_mode = false, request_pd_stream = false, only_config_logical_cam_stream = true, camera_id = [<recursive>], require_full_fov = false, is_high_frame_rate = false, crop_margin = 0, is_sibling_camera_participating = true, sub_image_count = 1, is_face_auth = false, is_video_mode = false, is_high_resolution_mode = false, is_arkaroo_enabled = false, is_roshi_enabled = false, is_specific_aspect_ratio_video = false, require_exact_size = false, force_sensor_mode_index = -1, is_multi_cam_usecase = true, raw_stream_usecase = 0, is_high_resolution_standalone_mode = false} required aspect ratio 1.77778 pick_transition_mode 0 require exact size 0
10-09 16:30:23.079   988 28120 I Lyric   : sensor_generic_driver.cc:1959: DOKKAEBI GetModeIndex requirement {size = {width: 3264, height: 1836}, frame_rate_range = [15, 30], request_binning_mode = false, request_pd_stream = false, only_config_logical_cam_stream = true, camera_id = [<recursive>], require_full_fov = false, is_high_frame_rate = false, crop_margin = 0, is_sibling_camera_participating = true, sub_image_count = 1, is_face_auth = false, is_video_mode = false, is_high_resolution_mode = false, is_arkaroo_enabled = false, is_roshi_enabled = false, is_specific_aspect_ratio_video = false, require_exact_size = false, force_sensor_mode_index = -1, is_multi_cam_usecase = true, raw_stream_usecase = 0, is_high_resolution_standalone_mode = false} required aspect ratio 1.77778 pick_transition_mode 1 require exact size 0
10-09 16:30:23.079   988  2131 I Lyric   : eaf_node.cc:80: cam6_eaf: stream_id 32768, res 1920x1080, pipeline_id 0, is_video_stream false
10-09 16:30:23.079   988  2131 I Lyric   : zuma_isp_subgraph.cc:532: raw_to_yuv_for_snapshot_exceeding_video: Pipeline (ID: (instance_id: 167732), IPs: [ RawToYuv ], Max Outputs: 1, IPConnections: [ ], Usecase: Snapshot)
10-09 16:30:23.079   988  2131 I Lyric   : zuma_isp_subgraph.cc:539: video_mesh_warp: Pipeline (ID: (instance_id: 167735), IPs: [ MeshWarp ], Max Outputs: 1, IPConnections: [ ], Usecase: Video)
10-09 16:30:23.079   988  2131 I Lyric   : zuma_isp_subgraph.cc:541: mesh_warp_for_snapshot_exceeding_video: Pipeline (ID: (instance_id: 167736), IPs: [ MeshWarp ], Max Outputs: 1, IPConnections: [ ], Usecase: Snapshot)
10-09 16:30:23.079   988  2131 I Lyric   : zuma_isp_subgraph.cc:551: video_scaler: Pipeline (ID: (instance_id: 167740), IPs: [ Scaler ], Max Outputs: 0, IPConnections: [ ], Usecase: Video)
10-09 16:30:23.079   988  2131 I Lyric   : zuma_isp_subgraph.cc:553: scaler_for_snapshot_exceeding_video: Pipeline (ID: (instance_id: 167741), IPs: [ Scaler ], Max Outputs: 2, IPConnections: [ ], Usecase: Snapshot)
10-09 16:30:23.079   988 28120 I Lyric   : eaf_node.cc:80: cam5_eaf: stream_id 32769, res 1920x1080, pipeline_id 0, is_video_stream false
10-09 16:30:23.079   988 28120 I Lyric   : zuma_isp_subgraph.cc:532: raw_to_yuv_for_snapshot_exceeding_video: Pipeline (ID: (instance_id: 167751), IPs: [ RawToYuv ], Max Outputs: 1, IPConnections: [ ], Usecase: Snapshot)
10-09 16:30:23.079   988 28120 I Lyric   : zuma_isp_subgraph.cc:539: video_mesh_warp: Pipeline (ID: (instance_id: 167754), IPs: [ MeshWarp ], Max Outputs: 1, IPConnections: [ ], Usecase: Video)
10-09 16:30:23.079   988 28120 I Lyric   : zuma_isp_subgraph.cc:541: mesh_warp_for_snapshot_exceeding_video: Pipeline (ID: (instance_id: 167755), IPs: [ MeshWarp ], Max Outputs: 1, IPConnections: [ ], Usecase: Snapshot)
10-09 16:30:23.079   988 28120 I Lyric   : zuma_isp_subgraph.cc:551: video_scaler: Pipeline (ID: (instance_id: 167759), IPs: [ Scaler ], Max Outputs: 0, IPConnections: [ ], Usecase: Video)
10-09 16:30:23.079   988 28120 I Lyric   : zuma_isp_subgraph.cc:553: scaler_for_snapshot_exceeding_video: Pipeline (ID: (instance_id: 167760), IPs: [ Scaler ], Max Outputs: 2, IPConnections: [ ], Usecase: Snapshot)
10-09 16:30:23.079   988  2131 I Lyric   : whi_like_isp_back_end_core_subgraph.cc:933: RawToYuvNode for snapshot exceeding video is configured to output consumer type 2 fmt: HalImageFormat{ pixel_format = YCBCR_420_SPN_10B, stride_alignment = 64, num_buffers = 1 } for FrontVirtual
10-09 16:30:23.080   988 28120 I Lyric   : whi_like_isp_back_end_core_subgraph.cc:933: RawToYuvNode for snapshot exceeding video is configured to output consumer type 2 fmt: HalImageFormat{ pixel_format = YCBCR_420_SPN_10B, stride_alignment = 64, num_buffers = 1 } for Front
10-09 16:30:23.080   988  2131 I Lyric   : generic_subgraph.cc:3459: camera_id = 6; is_front_camera = 1; is_1p_camera_app = 0; video_call = 0
10-09 16:30:23.081   988 28120 I Lyric   : generic_subgraph.cc:3459: camera_id = 5; is_front_camera = 1; is_1p_camera_app = 0; video_call = 0
10-09 16:30:23.084   988  2124 I Lyric   : multicam_graph.cc:1366: number of video bokeh nodes connected to multicam routing node = 0
10-09 16:30:23.085   988  2124 I Lyric   : graph_configuration.cc:374: {type: Streaminfo, stream_id: 32771, camera_id: Front, format: BLOB, width: 3264, height: 1836, usage: [], stream_type: Output, use_case: Default, data_space: DataSpace(Color)::(Standard: BT601_625, Transfer: SMPTE_170M, Range: Full), is_framework_physical_stream: 0, dynamic_range_profile: Standard, intended_for_max_resolution_mode: 0, group_id: -1, is_tunable: 1}
10-09 16:30:23.085   988  2124 I Lyric   : graph_configuration.cc:374: {type: Streaminfo, stream_id: 32769, camera_id: Front, format: YCBCR_420_888, width: 1920, height: 1080, usage: [HwTexture], stream_type: Output, use_case: Default, data_space: DataSpace(Color)::(Standard: BT709, Transfer: RGB, Range: Full), is_framework_physical_stream: 0, dynamic_range_profile: Standard, intended_for_max_resolution_mode: 0, group_id: -1, is_tunable: 1}
10-09 16:30:23.085   988  2124 I Lyric   : graph_configuration.cc:374: {type: Streaminfo, stream_id: 32768, camera_id: FrontVirtual, format: YCBCR_420_888, width: 1920, height: 1080, usage: [HwTexture], stream_type: Output, use_case: Default, data_space: DataSpace(Color)::(Standard: BT709, Transfer: RGB, Range: Full), is_framework_physical_stream: 0, dynamic_range_profile: Standard, intended_for_max_resolution_mode: 0, group_id: -1, is_tunable: 1}
10-09 16:30:23.085   988  2124 I Lyric   : graph_configuration.cc:374: {type: Streaminfo, stream_id: 32770, camera_id: FrontVirtual, format: BLOB, width: 3264, height: 1836, usage: [], stream_type: Output, use_case: Default, data_space: DataSpace(Color)::(Standard: BT601_625, Transfer: SMPTE_170M, Range: Full), is_framework_physical_stream: 0, dynamic_range_profile: Standard, intended_for_max_resolution_mode: 0, group_id: -1, is_tunable: 1}
10-09 16:30:23.085   988  2124 I Lyric   : graph_configuration.cc:374: {type: Streaminfo, stream_id: 32772, camera_id: FrontVirtual, format: YCBCR_420_888, width: 3264, height: 1836, usage: [], stream_type: Output, use_case: Default, data_space: DataSpace(Custom)::Arbitrary, is_framework_physical_stream: 0, dynamic_range_profile: Standard, intended_for_max_resolution_mode: 0, group_id: -1, is_tunable: 1}
10-09 16:30:23.085   988  2124 I Lyric   : graph_configuration.cc:374: {type: Streaminfo, stream_id: 32773, camera_id: Front, format: YCBCR_420_888, width: 3264, height: 1836, usage: [], stream_type: Output, use_case: Default, data_space: DataSpace(Custom)::Arbitrary, is_framework_physical_stream: 0, dynamic_range_profile: Standard, intended_for_max_resolution_mode: 0, group_id: -1, is_tunable: 1}
10-09 16:30:23.087   988  1538 I native  : I0000 00:00:1760041823.087708    1538 node_export.cc:193] CatNodeCreate(EspVideoNode) took 0.05367 ms
10-09 16:30:23.094   988  3136 I native  : I0000 00:00:1760041823.094928    3136 llv_manager.cc:193] LLV DIMENSION: 1920x1080
10-09 16:30:23.095   988  3133 I native  : I0000 00:00:1760041823.095547    3133 brute_force_feature_matching.cc:49] Number of bins each image dimension is divided into: 5
10-09 16:30:23.099   988  3133 I native  : I0000 00:00:1760041823.099960    3133 brute_force_feature_matching.cc:49] Number of bins each image dimension is divided into: 5
10-09 16:30:23.101   988  1442 I G3ACoordinator: ae_session_config_parser_lyric.cc:201: ispfe_raw_input_resolution [width:3440, height:2000]
10-09 16:30:23.112   988  1442 I G3ACoordinator: ae_session_config_parser_lyric.cc:201: ispfe_raw_input_resolution [width:3840, height:2236]
10-09 16:30:23.119   988  3136 I native  : I0000 00:00:1760041823.119462    3136 noise_model.cc:372] Profile resolution 120 x 68
10-09 16:30:23.161   988  1538 I GCH_Utils: IsSessionParameterCompatible: Ignore fps (15, 30) to (15, 30). video_60_to_30fps_thermal_throttle: 0. video_fps_throttle: 0.
10-09 16:30:23.203   988  2122 I Lyric   : scaler_node.cc:1017: The 0th output HalPixelFormat for cam6_preview_scaler YCBCR_420_888 resolution: 1920x1080
10-09 16:30:23.203   988  2122 I Lyric   : scaler_node.cc:1017: The 1th output HalPixelFormat for cam6_preview_scaler YCBCR_420_888 resolution: 3264x1836
10-09 16:30:23.209   988  2126 E native  : E0000 00:00:1760041823.209353    2126 llv_node.cc:1311] Dimension is not expected! width = 1920, height = 1080, stride_pixels = 1920, stride_bytes = 1920, width_uv = 960, height_uv = 540, stride_uv_pixels = 960, stride_uv_bytes = 1920
10-09 16:30:23.863 30773 15612 I DeviceHardwareStateManager: New device state brokenCamera: false, brokenSpeaker: false, brokenMicrophone: false, brokenNotificationLed: false, brokenImu: false, brokenDsp: false, brokenMcu: false, hingeState: OPEN, isTampered: false, thermalState: NORMAL, mediaPeakPowerState: NORMAL, videoCallingPeakPowerState: NORMAL, battery: Battery(stateOfCharge=100, isCharging=false, temperature=257, voltage=4386, displayMode=PERCENTAGE, incompatibleChargerDetected=false), caseBattery: Battery(stateOfCharge=20, isCharging=false, temperature=0, voltage=0, displayMode=DOTS, incompatibleChargerDetected=false), caseSystemInfo: CaseSystemInfo(serialNumber=2R5SB0BF9F060P, firmwareVersion=12.14.5, isPresent=false), audioActive: false, cameraState: CAPTURE_READY, storageState: STABLE, isStreamingActive: false, inDeepSleep: false, isMounted: false, hotCarEventOccurred: false, registeredSNApps: [ASSISTANT]isSessionVerified: falseDeviceLockState: NO_LOCKPeakPowerUserExperienceThrottlingInfo: []
10-09 16:30:23.864 30773   818 I SupernovaDeviceStateServiceImpl: Device DeviceRecord(identifier=7F:D9:1B:FB:E8:ED, name=RB Meta 000X, type=3, userData=null, pairedStateData=null, observingPresence=false, customName=null, customDeviceInfo=null, productRegistry=258) emitting state DeviceState(connectedState=CONNECTED, peerConnectedState=Disconnected, deviceBatteryDetails=Battery(stateOfCharge=100, isCharging=false, temperature=257, voltage=4386, displayMode=PERCENTAGE, incompatibleChargerDetected=false), caseBatteryDetails=Battery(stateOfCharge=20, isCharging=false, temperature=0, voltage=0, displayMode=DOTS, incompatibleChargerDetected=false), remedies=[], hardwareState=brokenCamera: false, brokenSpeaker: false, brokenMicrophone: false, brokenNotificationLed: false, brokenImu: false, brokenDsp: false, brokenMcu: false, hingeState: OPEN, isTampered: false, thermalState: NORMAL, mediaPeakPowerState: NORMAL, videoCallingPeakPowerState: NORMAL, battery: Battery(stateOfCharge=100, isCharging=false, temperature=257, voltage=4386, displayMode=PERCENTAGE, incompatibleChargerDetected=false), caseBattery: Battery(stateOfCharge=20, isCharging=false, temperature=0, voltage=0, displayMode=DOTS, incompatibleChargerDetected=false), caseSystemInfo: CaseSystemInfo(serialNumber=2R5SB0BF9F060P, firmwareVersion=12.14.5, isPresent=false), audioActive: false, cameraState: CAPTURE_READY, storageState: STABLE, isStreamingActive: false, inDeepSleep: false, isMounted: false, hotCarEventOccurred: false, registeredSNApps: [ASSISTANT]isSessionVerified: falseDeviceLockState: NO_LOCKPeakPowerUserExperienceThrottlingInfo: [])
10-09 16:30:23.896 30773 15612 I DeviceHardwareStateManager: New device state brokenCamera: false, brokenSpeaker: false, brokenMicrophone: false, brokenNotificationLed: false, brokenImu: false, brokenDsp: false, brokenMcu: false, hingeState: OPEN, isTampered: false, thermalState: NORMAL, mediaPeakPowerState: NORMAL, videoCallingPeakPowerState: NORMAL, battery: Battery(stateOfCharge=100, isCharging=false, temperature=257, voltage=4386, displayMode=PERCENTAGE, incompatibleChargerDetected=false), caseBattery: Battery(stateOfCharge=20, isCharging=false, temperature=0, voltage=0, displayMode=DOTS, incompatibleChargerDetected=false), caseSystemInfo: CaseSystemInfo(serialNumber=2R5SB0BF9F060P, firmwareVersion=12.14.5, isPresent=false), audioActive: false, cameraState: CAPTURE_READY, storageState: STABLE, isStreamingActive: false, inDeepSleep: false, isMounted: false, hotCarEventOccurred: false, registeredSNApps: [ASSISTANT]isSessionVerified: falseDeviceLockState: NO_LOCKPeakPowerUserExperienceThrottlingInfo: []
10-09 16:30:23.897 30773 15612 I DeviceHardwareStateManager: New device state brokenCamera: false, brokenSpeaker: false, brokenMicrophone: false, brokenNotificationLed: false, brokenImu: false, brokenDsp: false, brokenMcu: false, hingeState: OPEN, isTampered: false, thermalState: NORMAL, mediaPeakPowerState: NORMAL, videoCallingPeakPowerState: NORMAL, battery: Battery(stateOfCharge=100, isCharging=false, temperature=257, voltage=4386, displayMode=PERCENTAGE, incompatibleChargerDetected=false), caseBattery: Battery(stateOfCharge=20, isCharging=false, temperature=0, voltage=0, displayMode=DOTS, incompatibleChargerDetected=false), caseSystemInfo: CaseSystemInfo(serialNumber=2R5SB0BF9F060P, firmwareVersion=12.14.5, isPresent=false), audioActive: false, cameraState: CAPTURE_READY, storageState: STABLE, isStreamingActive: false, inDeepSleep: false, isMounted: false, hotCarEventOccurred: false, registeredSNApps: [ASSISTANT]isSessionVerified: falseDeviceLockState: NO_LOCKPeakPowerUserExperienceThrottlingInfo: []
10-09 16:30:23.897 30773   804 I SupernovaDeviceStateServiceImpl: Device DeviceRecord(identifier=7F:D9:1B:FB:E8:ED, name=RB Meta 000X, type=3, userData=null, pairedStateData=null, observingPresence=false, customName=null, customDeviceInfo=null, productRegistry=258) emitting state DeviceState(connectedState=CONNECTED, peerConnectedState=Disconnected, deviceBatteryDetails=Battery(stateOfCharge=100, isCharging=false, temperature=257, voltage=4386, displayMode=PERCENTAGE, incompatibleChargerDetected=false), caseBatteryDetails=Battery(stateOfCharge=20, isCharging=false, temperature=0, voltage=0, displayMode=DOTS, incompatibleChargerDetected=false), remedies=[], hardwareState=brokenCamera: false, brokenSpeaker: false, brokenMicrophone: false, brokenNotificationLed: false, brokenImu: false, brokenDsp: false, brokenMcu: false, hingeState: OPEN, isTampered: false, thermalState: NORMAL, mediaPeakPowerState: NORMAL, videoCallingPeakPowerState: NORMAL, battery: Battery(stateOfCharge=100, isCharging=false, temperature=257, voltage=4386, displayMode=PERCENTAGE, incompatibleChargerDetected=false), caseBattery: Battery(stateOfCharge=20, isCharging=false, temperature=0, voltage=0, displayMode=DOTS, incompatibleChargerDetected=false), caseSystemInfo: CaseSystemInfo(serialNumber=2R5SB0BF9F060P, firmwareVersion=12.14.5, isPresent=false), audioActive: false, cameraState: CAPTURE_READY, storageState: STABLE, isStreamingActive: false, inDeepSleep: false, isMounted: false, hotCarEventOccurred: false, registeredSNApps: [ASSISTANT]isSessionVerified: falseDeviceLockState: NO_LOCKPeakPowerUserExperienceThrottlingInfo: [])
10-09 16:30:23.899 30773   804 I SupernovaDeviceStateServiceImpl: Device DeviceRecord(identifier=7F:D9:1B:FB:E8:ED, name=RB Meta 000X, type=3, userData=null, pairedStateData=null, observingPresence=false, customName=null, customDeviceInfo=null, productRegistry=258) emitting state DeviceState(connectedState=CONNECTED, peerConnectedState=Disconnected, deviceBatteryDetails=Battery(stateOfCharge=100, isCharging=false, temperature=257, voltage=4386, displayMode=PERCENTAGE, incompatibleChargerDetected=false), caseBatteryDetails=Battery(stateOfCharge=20, isCharging=false, temperature=0, voltage=0, displayMode=DOTS, incompatibleChargerDetected=false), remedies=[], hardwareState=brokenCamera: false, brokenSpeaker: false, brokenMicrophone: false, brokenNotificationLed: false, brokenImu: false, brokenDsp: false, brokenMcu: false, hingeState: OPEN, isTampered: false, thermalState: NORMAL, mediaPeakPowerState: NORMAL, videoCallingPeakPowerState: NORMAL, battery: Battery(stateOfCharge=100, isCharging=false, temperature=257, voltage=4386, displayMode=PERCENTAGE, incompatibleChargerDetected=false), caseBattery: Battery(stateOfCharge=20, isCharging=false, temperature=0, voltage=0, displayMode=DOTS, incompatibleChargerDetected=false), caseSystemInfo: CaseSystemInfo(serialNumber=2R5SB0BF9F060P, firmwareVersion=12.14.5, isPresent=false), audioActive: false, cameraState: CAPTURE_READY, storageState: STABLE, isStreamingActive: false, inDeepSleep: false, isMounted: false, hotCarEventOccurred: false, registeredSNApps: [ASSISTANT]isSessionVerified: falseDeviceLockState: NO_LOCKPeakPowerUserExperienceThrottlingInfo: [])
10-09 16:30:23.926 30773 15612 I DeviceHardwareStateManager: New device state brokenCamera: false, brokenSpeaker: false, brokenMicrophone: false, brokenNotificationLed: false, brokenImu: false, brokenDsp: false, brokenMcu: false, hingeState: OPEN, isTampered: false, thermalState: NORMAL, mediaPeakPowerState: NORMAL, videoCallingPeakPowerState: NORMAL, battery: Battery(stateOfCharge=100, isCharging=false, temperature=257, voltage=4386, displayMode=PERCENTAGE, incompatibleChargerDetected=false), caseBattery: Battery(stateOfCharge=20, isCharging=false, temperature=0, voltage=0, displayMode=DOTS, incompatibleChargerDetected=false), caseSystemInfo: CaseSystemInfo(serialNumber=2R5SB0BF9F060P, firmwareVersion=12.14.5, isPresent=false), audioActive: false, cameraState: CAPTURE_READY, storageState: STABLE, isStreamingActive: true, inDeepSleep: false, isMounted: false, hotCarEventOccurred: false, registeredSNApps: [ASSISTANT]isSessionVerified: falseDeviceLockState: NO_LOCKPeakPowerUserExperienceThrottlingInfo: []
