10-15 17:22:35.196  1447  1906 I Lyric   : camera_powerhal_impl.cc:202: CancelPowerBoost CAMERA_VIDEO_RECORDING
10-15 17:57:03.615  1447  9585 W Lyric   : stream_info_parser.cc:372: Camera Rear unknown stream: {type: Streaminfo, stream_id: 32776, camera_id: Rear, format: YCBCR_420_888, width: 4032, height: 2268, usage: [], stream_type: Output, use_case: Default, data_space: DataSpace(Custom)::Arbitrary, is_framework_physical_stream: 0, dynamic_range_profile: Standard, intended_for_max_resolution_mode: 0, group_id: -1, is_tunable: 1} does not fall in any known use case
10-15 17:57:03.616  1447  9585 I Lyric   : stream_info_parser.cc:364: Camera Rear Preview stream: {type: Streaminfo, stream_id: 32770, camera_id: Rear, format: YCBCR_420_888, width: 1920, height: 1080, usage: [HwTexture], stream_type: Output, use_case: Default, data_space: DataSpace(Color)::(Standard: BT709, Transfer: RGB, Range: Full), is_framework_physical_stream: 0, dynamic_range_profile: Standard, intended_for_max_resolution_mode: 0, group_id: -1, is_tunable: 1}
10-15 17:57:03.616  1447  9585 W Lyric   : stream_info_parser.cc:372: Camera RearWide unknown stream: {type: Streaminfo, stream_id: 32775, camera_id: RearWide, format: YCBCR_420_888, width: 4032, height: 2268, usage: [], stream_type: Output, use_case: Default, data_space: DataSpace(Custom)::Arbitrary, is_framework_physical_stream: 0, dynamic_range_profile: Standard, intended_for_max_resolution_mode: 0, group_id: -1, is_tunable: 1} does not fall in any known use case
10-15 17:57:03.616  1447  9585 I Lyric   : stream_info_parser.cc:364: Camera RearWide Preview stream: {type: Streaminfo, stream_id: 32769, camera_id: RearWide, format: YCBCR_420_888, width: 1920, height: 1080, usage: [HwTexture], stream_type: Output, use_case: Default, data_space: DataSpace(Color)::(Standard: BT709, Transfer: RGB, Range: Full), is_framework_physical_stream: 0, dynamic_range_profile: Standard, intended_for_max_resolution_mode: 0, group_id: -1, is_tunable: 1}
10-15 17:57:03.616  1447  9585 W Lyric   : stream_info_parser.cc:372: Camera RearVirtual unknown stream: {type: Streaminfo, stream_id: 32774, camera_id: RearVirtual, format: YCBCR_420_888, width: 4032, height: 2268, usage: [], stream_type: Output, use_case: Default, data_space: DataSpace(Custom)::Arbitrary, is_framework_physical_stream: 0, dynamic_range_profile: Standard, intended_for_max_resolution_mode: 0, group_id: -1, is_tunable: 1} does not fall in any known use case
10-15 17:57:03.616  1447  9585 I Lyric   : stream_info_parser.cc:364: Camera RearVirtual Preview stream: {type: Streaminfo, stream_id: 32768, camera_id: RearVirtual, format: YCBCR_420_888, width: 1920, height: 1080, usage: [HwTexture], stream_type: Output, use_case: Default, data_space: DataSpace(Color)::(Standard: BT709, Transfer: RGB, Range: Full), is_framework_physical_stream: 0, dynamic_range_profile: Standard, intended_for_max_resolution_mode: 0, group_id: -1, is_tunable: 1}
10-15 17:57:03.617  1447  9581 I Lyric   : sensor_generic_driver.cc:1959: BOITATA GetModeIndex requirement {size = {width: 4032, height: 2268}, frame_rate_range = [15, 30], request_binning_mode = false, request_pd_stream = false, only_config_logical_cam_stream = true, camera_id = [<recursive>], require_full_fov = false, is_high_frame_rate = false, crop_margin = 0, is_sibling_camera_participating = true, sub_image_count = 1, is_face_auth = false, is_video_mode = false, is_high_resolution_mode = false, is_arkaroo_enabled = false, is_roshi_enabled = false, is_specific_aspect_ratio_video = false, require_exact_size = false, force_sensor_mode_index = -1, is_multi_cam_usecase = true, raw_stream_usecase = 0, is_high_resolution_standalone_mode = false} required aspect ratio 1.77778 pick_transition_mode 1 require exact size 0
10-15 17:57:03.617  1447  2492 I Lyric   : sensor_generic_driver.cc:1959: SANDWORM GetModeIndex requirement {size = {width: 4032, height: 2268}, frame_rate_range = [15, 30], request_binning_mode = false, request_pd_stream = false, only_config_logical_cam_stream = true, camera_id = [<recursive>], require_full_fov = false, is_high_frame_rate = false, crop_margin = 0, is_sibling_camera_participating = false, sub_image_count = 1, is_face_auth = false, is_video_mode = false, is_high_resolution_mode = false, is_arkaroo_enabled = false, is_roshi_enabled = false, is_specific_aspect_ratio_video = false, require_exact_size = false, force_sensor_mode_index = -1, is_multi_cam_usecase = true, raw_stream_usecase = 0, is_high_resolution_standalone_mode = false} required aspect ratio 1.77778 pick_transition_mode 0 require exact size 0
10-15 17:57:03.617  1447  2493 I Lyric   : sensor_generic_driver.cc:1959: BOITATARM GetModeIndex requirement {size = {width: 4032, height: 2268}, frame_rate_range = [15, 30], request_binning_mode = false, request_pd_stream = false, only_config_logical_cam_stream = true, camera_id = [<recursive>], require_full_fov = false, is_high_frame_rate = false, crop_margin = 0, is_sibling_camera_participating = true, sub_image_count = 1, is_face_auth = false, is_video_mode = false, is_high_resolution_mode = false, is_arkaroo_enabled = false, is_roshi_enabled = false, is_specific_aspect_ratio_video = false, require_exact_size = false, force_sensor_mode_index = -1, is_multi_cam_usecase = true, raw_stream_usecase = 0, is_high_resolution_standalone_mode = false} required aspect ratio 1.77778 pick_transition_mode 0 require exact size 0
10-15 17:57:03.618  1447  2492 I Lyric   : eaf_node.cc:80: cam3_eaf: stream_id 32769, res 1920x1080, pipeline_id 0, is_video_stream false
10-15 17:57:03.618  1447  9581 I Lyric   : eaf_node.cc:80: cam2_eaf: stream_id 32770, res 1920x1080, pipeline_id 0, is_video_stream false
10-15 17:57:03.618  1447  2493 I Lyric   : eaf_node.cc:80: cam4_eaf: stream_id 32768, res 1920x1080, pipeline_id 0, is_video_stream false
10-15 17:57:03.618  1447  9581 I Lyric   : zuma_isp_subgraph.cc:532: raw_to_yuv_for_snapshot_exceeding_video: Pipeline (ID: (instance_id: 22409), IPs: [ RawToYuv ], Max Outputs: 1, IPConnections: [ ], Usecase: Snapshot)
10-15 17:57:03.618  1447  9581 I Lyric   : zuma_isp_subgraph.cc:539: video_mesh_warp: Pipeline (ID: (instance_id: 22412), IPs: [ MeshWarp ], Max Outputs: 1, IPConnections: [ ], Usecase: Video)
10-15 17:57:03.618  1447  9581 I Lyric   : zuma_isp_subgraph.cc:541: mesh_warp_for_snapshot_exceeding_video: Pipeline (ID: (instance_id: 22413), IPs: [ MeshWarp ], Max Outputs: 1, IPConnections: [ ], Usecase: Snapshot)
10-15 17:57:03.618  1447  9581 I Lyric   : zuma_isp_subgraph.cc:551: video_scaler: Pipeline (ID: (instance_id: 22417), IPs: [ Scaler ], Max Outputs: 0, IPConnections: [ ], Usecase: Video)
10-15 17:57:03.618  1447  9581 I Lyric   : zuma_isp_subgraph.cc:553: scaler_for_snapshot_exceeding_video: Pipeline (ID: (instance_id: 22418), IPs: [ Scaler ], Max Outputs: 2, IPConnections: [ ], Usecase: Snapshot)
10-15 17:57:03.618  1447  2492 I Lyric   : zuma_isp_subgraph.cc:532: raw_to_yuv_for_snapshot_exceeding_video: Pipeline (ID: (instance_id: 22427), IPs: [ RawToYuv ], Max Outputs: 1, IPConnections: [ ], Usecase: Snapshot)
10-15 17:57:03.618  1447  2493 I Lyric   : zuma_isp_subgraph.cc:532: raw_to_yuv_for_snapshot_exceeding_video: Pipeline (ID: (instance_id: 22432), IPs: [ RawToYuv ], Max Outputs: 1, IPConnections: [ ], Usecase: Snapshot)
10-15 17:57:03.618  1447  2492 I Lyric   : zuma_isp_subgraph.cc:539: video_mesh_warp: Pipeline (ID: (instance_id: 22430), IPs: [ MeshWarp ], Max Outputs: 1, IPConnections: [ ], Usecase: Video)
10-15 17:57:03.618  1447  2493 I Lyric   : zuma_isp_subgraph.cc:539: video_mesh_warp: Pipeline (ID: (instance_id: 22441), IPs: [ MeshWarp ], Max Outputs: 1, IPConnections: [ ], Usecase: Video)
10-15 17:57:03.618  1447  2492 I Lyric   : zuma_isp_subgraph.cc:541: mesh_warp_for_snapshot_exceeding_video: Pipeline (ID: (instance_id: 22433), IPs: [ MeshWarp ], Max Outputs: 1, IPConnections: [ ], Usecase: Snapshot)
10-15 17:57:03.618  1447  2493 I Lyric   : zuma_isp_subgraph.cc:541: mesh_warp_for_snapshot_exceeding_video: Pipeline (ID: (instance_id: 22444), IPs: [ MeshWarp ], Max Outputs: 1, IPConnections: [ ], Usecase: Snapshot)
10-15 17:57:03.618  1447  2492 I Lyric   : zuma_isp_subgraph.cc:551: video_scaler: Pipeline (ID: (instance_id: 22439), IPs: [ Scaler ], Max Outputs: 0, IPConnections: [ ], Usecase: Video)
10-15 17:57:03.618  1447  2493 I Lyric   : zuma_isp_subgraph.cc:551: video_scaler: Pipeline (ID: (instance_id: 22452), IPs: [ Scaler ], Max Outputs: 0, IPConnections: [ ], Usecase: Video)
10-15 17:57:03.618  1447  2492 I Lyric   : zuma_isp_subgraph.cc:553: scaler_for_snapshot_exceeding_video: Pipeline (ID: (instance_id: 22440), IPs: [ Scaler ], Max Outputs: 2, IPConnections: [ ], Usecase: Snapshot)
10-15 17:57:03.618  1447  2493 I Lyric   : zuma_isp_subgraph.cc:553: scaler_for_snapshot_exceeding_video: Pipeline (ID: (instance_id: 22453), IPs: [ Scaler ], Max Outputs: 2, IPConnections: [ ], Usecase: Snapshot)
10-15 17:57:03.619  1447  9581 I Lyric   : whi_like_isp_back_end_core_subgraph.cc:933: RawToYuvNode for snapshot exceeding video is configured to output consumer type 2 fmt: HalImageFormat{ pixel_format = YCBCR_420_SPN_10B, stride_alignment = 64, num_buffers = 1 } for Rear
10-15 17:57:03.619  1447  2492 I Lyric   : whi_like_isp_back_end_core_subgraph.cc:933: RawToYuvNode for snapshot exceeding video is configured to output consumer type 2 fmt: HalImageFormat{ pixel_format = YCBCR_420_SPN_10B, stride_alignment = 64, num_buffers = 1 } for RearWide
10-15 17:57:03.619  1447  2493 I Lyric   : whi_like_isp_back_end_core_subgraph.cc:933: RawToYuvNode for snapshot exceeding video is configured to output consumer type 2 fmt: HalImageFormat{ pixel_format = YCBCR_420_SPN_10B, stride_alignment = 64, num_buffers = 1 } for RearVirtual
10-15 17:57:03.619  1447  9581 I Lyric   : generic_subgraph.cc:3459: camera_id = 2; is_front_camera = 0; is_1p_camera_app = 0; video_call = 0
10-15 17:57:03.620  1447  2493 I Lyric   : generic_subgraph.cc:3459: camera_id = 4; is_front_camera = 0; is_1p_camera_app = 0; video_call = 0
10-15 17:57:03.620  1447  2492 I Lyric   : generic_subgraph.cc:3459: camera_id = 3; is_front_camera = 0; is_1p_camera_app = 0; video_call = 0
10-15 17:57:03.629  1447  9585 I Lyric   : multicam_graph.cc:1366: number of video bokeh nodes connected to multicam routing node = 0
10-15 17:57:03.632  1447  9585 I Lyric   : graph_configuration.cc:374: {type: Streaminfo, stream_id: 32769, camera_id: RearWide, format: YCBCR_420_888, width: 1920, height: 1080, usage: [HwTexture], stream_type: Output, use_case: Default, data_space: DataSpace(Color)::(Standard: BT709, Transfer: RGB, Range: Full), is_framework_physical_stream: 0, dynamic_range_profile: Standard, intended_for_max_resolution_mode: 0, group_id: -1, is_tunable: 1}
10-15 17:57:03.632  1447  9585 I Lyric   : graph_configuration.cc:374: {type: Streaminfo, stream_id: 32775, camera_id: RearWide, format: YCBCR_420_888, width: 4032, height: 2268, usage: [], stream_type: Output, use_case: Default, data_space: DataSpace(Custom)::Arbitrary, is_framework_physical_stream: 0, dynamic_range_profile: Standard, intended_for_max_resolution_mode: 0, group_id: -1, is_tunable: 1}
10-15 17:57:03.632  1447  9585 I Lyric   : graph_configuration.cc:374: {type: Streaminfo, stream_id: 32772, camera_id: RearWide, format: BLOB, width: 4032, height: 2268, usage: [], stream_type: Output, use_case: Default, data_space: DataSpace(Color)::(Standard: BT601_625, Transfer: SMPTE_170M, Range: Full), is_framework_physical_stream: 0, dynamic_range_profile: Standard, intended_for_max_resolution_mode: 0, group_id: -1, is_tunable: 1}
10-15 17:57:03.632  1447  9585 I Lyric   : graph_configuration.cc:374: {type: Streaminfo, stream_id: 32773, camera_id: Rear, format: BLOB, width: 4032, height: 2268, usage: [], stream_type: Output, use_case: Default, data_space: DataSpace(Color)::(Standard: BT601_625, Transfer: SMPTE_170M, Range: Full), is_framework_physical_stream: 0, dynamic_range_profile: Standard, intended_for_max_resolution_mode: 0, group_id: -1, is_tunable: 1}
10-15 17:57:03.632  1447  9585 I Lyric   : graph_configuration.cc:374: {type: Streaminfo, stream_id: 32776, camera_id: Rear, format: YCBCR_420_888, width: 4032, height: 2268, usage: [], stream_type: Output, use_case: Default, data_space: DataSpace(Custom)::Arbitrary, is_framework_physical_stream: 0, dynamic_range_profile: Standard, intended_for_max_resolution_mode: 0, group_id: -1, is_tunable: 1}
10-15 17:57:03.632  1447  9585 I Lyric   : graph_configuration.cc:374: {type: Streaminfo, stream_id: 32770, camera_id: Rear, format: YCBCR_420_888, width: 1920, height: 1080, usage: [HwTexture], stream_type: Output, use_case: Default, data_space: DataSpace(Color)::(Standard: BT709, Transfer: RGB, Range: Full), is_framework_physical_stream: 0, dynamic_range_profile: Standard, intended_for_max_resolution_mode: 0, group_id: -1, is_tunable: 1}
10-15 17:57:03.632  1447  9585 I Lyric   : graph_configuration.cc:374: {type: Streaminfo, stream_id: 32768, camera_id: RearVirtual, format: YCBCR_420_888, width: 1920, height: 1080, usage: [HwTexture], stream_type: Output, use_case: Default, data_space: DataSpace(Color)::(Standard: BT709, Transfer: RGB, Range: Full), is_framework_physical_stream: 0, dynamic_range_profile: Standard, intended_for_max_resolution_mode: 0, group_id: -1, is_tunable: 1}
10-15 17:57:03.632  1447  9585 I Lyric   : graph_configuration.cc:374: {type: Streaminfo, stream_id: 32771, camera_id: RearVirtual, format: BLOB, width: 4032, height: 2268, usage: [], stream_type: Output, use_case: Default, data_space: DataSpace(Color)::(Standard: BT601_625, Transfer: SMPTE_170M, Range: Full), is_framework_physical_stream: 0, dynamic_range_profile: Standard, intended_for_max_resolution_mode: 0, group_id: -1, is_tunable: 1}
10-15 17:57:03.632  1447  9585 I Lyric   : graph_configuration.cc:374: {type: Streaminfo, stream_id: 32774, camera_id: RearVirtual, format: YCBCR_420_888, width: 4032, height: 2268, usage: [], stream_type: Output, use_case: Default, data_space: DataSpace(Custom)::Arbitrary, is_framework_physical_stream: 0, dynamic_range_profile: Standard, intended_for_max_resolution_mode: 0, group_id: -1, is_tunable: 1}
10-15 17:57:03.672  1447  1909 I G3ACoordinator: ae_session_config_parser_lyric.cc:201: ispfe_raw_input_resolution [width:4080, height:3072]
10-15 17:57:03.695  1447  1910 I G3ACoordinator: ae_session_config_parser_lyric.cc:201: ispfe_raw_input_resolution [width:4032, height:2272]
10-15 17:57:03.701  1447  1911 I G3ACoordinator: ae_session_config_parser_lyric.cc:201: ispfe_raw_input_resolution [width:4080, height:3072]
10-15 17:57:03.776  1447  2493 I Lyric   : scaler_node.cc:1017: The 0th output HalPixelFormat for cam2_preview_scaler YCBCR_420_888 resolution: 1920x1080
10-15 17:57:03.776  1447  2493 I Lyric   : scaler_node.cc:1017: The 1th output HalPixelFormat for cam2_preview_scaler YCBCR_420_888 resolution: 4032x2268
10-15 17:57:04.669  1447 12525 I Lyric   : camera_powerhal_impl.cc:202: CancelPowerBoost CAMERA_VIDEO_RECORDING
10-15 17:57:04.773  1447 13531 W Lyric   : stream_info_parser.cc:372: Camera Front unknown stream: {type: Streaminfo, stream_id: 32773, camera_id: Front, format: YCBCR_420_888, width: 3264, height: 1836, usage: [], stream_type: Output, use_case: Default, data_space: DataSpace(Custom)::Arbitrary, is_framework_physical_stream: 0, dynamic_range_profile: Standard, intended_for_max_resolution_mode: 0, group_id: -1, is_tunable: 1} does not fall in any known use case
10-15 17:57:04.773  1447 13531 I Lyric   : stream_info_parser.cc:364: Camera Front Preview stream: {type: Streaminfo, stream_id: 32769, camera_id: Front, format: YCBCR_420_888, width: 1920, height: 1080, usage: [HwTexture], stream_type: Output, use_case: Default, data_space: DataSpace(Color)::(Standard: BT709, Transfer: RGB, Range: Full), is_framework_physical_stream: 0, dynamic_range_profile: Standard, intended_for_max_resolution_mode: 0, group_id: -1, is_tunable: 1}
10-15 17:57:04.773  1447 13531 I Lyric   : stream_info_parser.cc:364: Camera FrontVirtual Preview stream: {type: Streaminfo, stream_id: 32768, camera_id: FrontVirtual, format: YCBCR_420_888, width: 1920, height: 1080, usage: [HwTexture], stream_type: Output, use_case: Default, data_space: DataSpace(Color)::(Standard: BT709, Transfer: RGB, Range: Full), is_framework_physical_stream: 0, dynamic_range_profile: Standard, intended_for_max_resolution_mode: 0, group_id: -1, is_tunable: 1}
10-15 17:57:04.773  1447 13531 W Lyric   : stream_info_parser.cc:372: Camera FrontVirtual unknown stream: {type: Streaminfo, stream_id: 32772, camera_id: FrontVirtual, format: YCBCR_420_888, width: 3264, height: 1836, usage: [], stream_type: Output, use_case: Default, data_space: DataSpace(Custom)::Arbitrary, is_framework_physical_stream: 0, dynamic_range_profile: Standard, intended_for_max_resolution_mode: 0, group_id: -1, is_tunable: 1} does not fall in any known use case
10-15 17:57:04.774  1447  2498 I Lyric   : sensor_generic_driver.cc:1959: DOKKAEBI GetModeIndex requirement {size = {width: 3264, height: 1836}, frame_rate_range = [15, 30], request_binning_mode = false, request_pd_stream = false, only_config_logical_cam_stream = true, camera_id = [<recursive>], require_full_fov = false, is_high_frame_rate = false, crop_margin = 0, is_sibling_camera_participating = true, sub_image_count = 1, is_face_auth = false, is_video_mode = false, is_high_resolution_mode = false, is_arkaroo_enabled = false, is_roshi_enabled = false, is_specific_aspect_ratio_video = false, require_exact_size = false, force_sensor_mode_index = -1, is_multi_cam_usecase = true, raw_stream_usecase = 0, is_high_resolution_standalone_mode = false} required aspect ratio 1.77778 pick_transition_mode 1 require exact size 0
10-15 17:57:04.775  1447  2500 I Lyric   : sensor_generic_driver.cc:1959: DOKKAEBIVIRTUAL GetModeIndex requirement {size = {width: 3264, height: 1836}, frame_rate_range = [15, 30], request_binning_mode = false, request_pd_stream = false, only_config_logical_cam_stream = true, camera_id = [<recursive>], require_full_fov = false, is_high_frame_rate = false, crop_margin = 0, is_sibling_camera_participating = true, sub_image_count = 1, is_face_auth = false, is_video_mode = false, is_high_resolution_mode = false, is_arkaroo_enabled = false, is_roshi_enabled = false, is_specific_aspect_ratio_video = false, require_exact_size = false, force_sensor_mode_index = -1, is_multi_cam_usecase = true, raw_stream_usecase = 0, is_high_resolution_standalone_mode = false} required aspect ratio 1.77778 pick_transition_mode 0 require exact size 0
10-15 17:57:04.775  1447  2500 I Lyric   : eaf_node.cc:80: cam6_eaf: stream_id 32768, res 1920x1080, pipeline_id 0, is_video_stream false
10-15 17:57:04.775  1447  2498 I Lyric   : eaf_node.cc:80: cam5_eaf: stream_id 32769, res 1920x1080, pipeline_id 0, is_video_stream false
10-15 17:57:04.775  1447  2500 I Lyric   : zuma_isp_subgraph.cc:532: raw_to_yuv_for_snapshot_exceeding_video: Pipeline (ID: (instance_id: 22589), IPs: [ RawToYuv ], Max Outputs: 1, IPConnections: [ ], Usecase: Snapshot)
10-15 17:57:04.775  1447  2500 I Lyric   : zuma_isp_subgraph.cc:539: video_mesh_warp: Pipeline (ID: (instance_id: 22592), IPs: [ MeshWarp ], Max Outputs: 1, IPConnections: [ ], Usecase: Video)
10-15 17:57:04.775  1447  2500 I Lyric   : zuma_isp_subgraph.cc:541: mesh_warp_for_snapshot_exceeding_video: Pipeline (ID: (instance_id: 22593), IPs: [ MeshWarp ], Max Outputs: 1, IPConnections: [ ], Usecase: Snapshot)
10-15 17:57:04.775  1447  2498 I Lyric   : zuma_isp_subgraph.cc:532: raw_to_yuv_for_snapshot_exceeding_video: Pipeline (ID: (instance_id: 22607), IPs: [ RawToYuv ], Max Outputs: 1, IPConnections: [ ], Usecase: Snapshot)
10-15 17:57:04.775  1447  2500 I Lyric   : zuma_isp_subgraph.cc:551: video_scaler: Pipeline (ID: (instance_id: 22597), IPs: [ Scaler ], Max Outputs: 0, IPConnections: [ ], Usecase: Video)
10-15 17:57:04.775  1447  2500 I Lyric   : zuma_isp_subgraph.cc:553: scaler_for_snapshot_exceeding_video: Pipeline (ID: (instance_id: 22598), IPs: [ Scaler ], Max Outputs: 2, IPConnections: [ ], Usecase: Snapshot)
10-15 17:57:04.775  1447  2498 I Lyric   : zuma_isp_subgraph.cc:539: video_mesh_warp: Pipeline (ID: (instance_id: 22610), IPs: [ MeshWarp ], Max Outputs: 1, IPConnections: [ ], Usecase: Video)
10-15 17:57:04.775  1447  2498 I Lyric   : zuma_isp_subgraph.cc:541: mesh_warp_for_snapshot_exceeding_video: Pipeline (ID: (instance_id: 22611), IPs: [ MeshWarp ], Max Outputs: 1, IPConnections: [ ], Usecase: Snapshot)
10-15 17:57:04.775  1447  2498 I Lyric   : zuma_isp_subgraph.cc:551: video_scaler: Pipeline (ID: (instance_id: 22615), IPs: [ Scaler ], Max Outputs: 0, IPConnections: [ ], Usecase: Video)
10-15 17:57:04.775  1447  2498 I Lyric   : zuma_isp_subgraph.cc:553: scaler_for_snapshot_exceeding_video: Pipeline (ID: (instance_id: 22616), IPs: [ Scaler ], Max Outputs: 2, IPConnections: [ ], Usecase: Snapshot)
10-15 17:57:04.775  1447  2500 I Lyric   : whi_like_isp_back_end_core_subgraph.cc:933: RawToYuvNode for snapshot exceeding video is configured to output consumer type 2 fmt: HalImageFormat{ pixel_format = YCBCR_420_SPN_10B, stride_alignment = 64, num_buffers = 1 } for FrontVirtual
10-15 17:57:04.776  1447  2498 I Lyric   : whi_like_isp_back_end_core_subgraph.cc:933: RawToYuvNode for snapshot exceeding video is configured to output consumer type 2 fmt: HalImageFormat{ pixel_format = YCBCR_420_SPN_10B, stride_alignment = 64, num_buffers = 1 } for Front
10-15 17:57:04.776  1447  2500 I Lyric   : generic_subgraph.cc:3459: camera_id = 6; is_front_camera = 1; is_1p_camera_app = 0; video_call = 0
10-15 17:57:04.776  1447  2498 I Lyric   : generic_subgraph.cc:3459: camera_id = 5; is_front_camera = 1; is_1p_camera_app = 0; video_call = 0
10-15 17:57:04.779  1447 13531 I Lyric   : multicam_graph.cc:1366: number of video bokeh nodes connected to multicam routing node = 0
10-15 17:57:04.781  1447 13531 I Lyric   : graph_configuration.cc:374: {type: Streaminfo, stream_id: 32771, camera_id: Front, format: BLOB, width: 3264, height: 1836, usage: [], stream_type: Output, use_case: Default, data_space: DataSpace(Color)::(Standard: BT601_625, Transfer: SMPTE_170M, Range: Full), is_framework_physical_stream: 0, dynamic_range_profile: Standard, intended_for_max_resolution_mode: 0, group_id: -1, is_tunable: 1}
10-15 17:57:04.781  1447 13531 I Lyric   : graph_configuration.cc:374: {type: Streaminfo, stream_id: 32769, camera_id: Front, format: YCBCR_420_888, width: 1920, height: 1080, usage: [HwTexture], stream_type: Output, use_case: Default, data_space: DataSpace(Color)::(Standard: BT709, Transfer: RGB, Range: Full), is_framework_physical_stream: 0, dynamic_range_profile: Standard, intended_for_max_resolution_mode: 0, group_id: -1, is_tunable: 1}
10-15 17:57:04.781  1447 13531 I Lyric   : graph_configuration.cc:374: {type: Streaminfo, stream_id: 32768, camera_id: FrontVirtual, format: YCBCR_420_888, width: 1920, height: 1080, usage: [HwTexture], stream_type: Output, use_case: Default, data_space: DataSpace(Color)::(Standard: BT709, Transfer: RGB, Range: Full), is_framework_physical_stream: 0, dynamic_range_profile: Standard, intended_for_max_resolution_mode: 0, group_id: -1, is_tunable: 1}
10-15 17:57:04.781  1447 13531 I Lyric   : graph_configuration.cc:374: {type: Streaminfo, stream_id: 32770, camera_id: FrontVirtual, format: BLOB, width: 3264, height: 1836, usage: [], stream_type: Output, use_case: Default, data_space: DataSpace(Color)::(Standard: BT601_625, Transfer: SMPTE_170M, Range: Full), is_framework_physical_stream: 0, dynamic_range_profile: Standard, intended_for_max_resolution_mode: 0, group_id: -1, is_tunable: 1}
10-15 17:57:04.781  1447 13531 I Lyric   : graph_configuration.cc:374: {type: Streaminfo, stream_id: 32772, camera_id: FrontVirtual, format: YCBCR_420_888, width: 3264, height: 1836, usage: [], stream_type: Output, use_case: Default, data_space: DataSpace(Custom)::Arbitrary, is_framework_physical_stream: 0, dynamic_range_profile: Standard, intended_for_max_resolution_mode: 0, group_id: -1, is_tunable: 1}
10-15 17:57:04.781  1447 13531 I Lyric   : graph_configuration.cc:374: {type: Streaminfo, stream_id: 32773, camera_id: Front, format: YCBCR_420_888, width: 3264, height: 1836, usage: [], stream_type: Output, use_case: Default, data_space: DataSpace(Custom)::Arbitrary, is_framework_physical_stream: 0, dynamic_range_profile: Standard, intended_for_max_resolution_mode: 0, group_id: -1, is_tunable: 1}
10-15 17:57:04.798  1447  1910 I G3ACoordinator: ae_session_config_parser_lyric.cc:201: ispfe_raw_input_resolution [width:3440, height:2000]
10-15 17:57:04.804  1447  1909 I G3ACoordinator: ae_session_config_parser_lyric.cc:201: ispfe_raw_input_resolution [width:3840, height:2236]
10-15 17:57:04.901  1447 13536 I Lyric   : scaler_node.cc:1017: The 0th output HalPixelFormat for cam6_preview_scaler YCBCR_420_888 resolution: 1920x1080
10-15 17:57:04.901  1447 13536 I Lyric   : scaler_node.cc:1017: The 1th output HalPixelFormat for cam6_preview_scaler YCBCR_420_888 resolution: 3264x1836
10-15 17:57:09.386  1447  1906 I Lyric   : camera_powerhal_impl.cc:202: CancelPowerBoost CAMERA_VIDEO_RECORDING
10-15 17:57:09.477  1447  9579 W Lyric   : stream_info_parser.cc:372: Camera Rear unknown stream: {type: Streaminfo, stream_id: 32774, camera_id: Rear, format: YCBCR_420_888, width: 4032, height: 2268, usage: [], stream_type: Output, use_case: Default, data_space: DataSpace(Custom)::Arbitrary, is_framework_physical_stream: 0, dynamic_range_profile: Standard, intended_for_max_resolution_mode: 0, group_id: -1, is_tunable: 1} does not fall in any known use case
10-15 17:57:09.477  1447  9579 I Lyric   : stream_info_parser.cc:364: Camera Rear Preview stream: {type: Streaminfo, stream_id: 32768, camera_id: Rear, format: YCBCR_420_888, width: 1920, height: 1080, usage: [HwTexture], stream_type: Output, use_case: Default, data_space: DataSpace(Color)::(Standard: BT709, Transfer: RGB, Range: Full), is_framework_physical_stream: 0, dynamic_range_profile: Standard, intended_for_max_resolution_mode: 0, group_id: -1, is_tunable: 1}
10-15 17:57:09.477  1447  9579 I Lyric   : stream_info_parser.cc:364: Camera RearWide Preview stream: {type: Streaminfo, stream_id: 32769, camera_id: RearWide, format: YCBCR_420_888, width: 1920, height: 1080, usage: [HwTexture], stream_type: Output, use_case: Default, data_space: DataSpace(Color)::(Standard: BT709, Transfer: RGB, Range: Full), is_framework_physical_stream: 0, dynamic_range_profile: Standard, intended_for_max_resolution_mode: 0, group_id: -1, is_tunable: 1}
10-15 17:57:09.478  1447  9579 W Lyric   : stream_info_parser.cc:372: Camera RearWide unknown stream: {type: Streaminfo, stream_id: 32775, camera_id: RearWide, format: YCBCR_420_888, width: 4032, height: 2268, usage: [], stream_type: Output, use_case: Default, data_space: DataSpace(Custom)::Arbitrary, is_framework_physical_stream: 0, dynamic_range_profile: Standard, intended_for_max_resolution_mode: 0, group_id: -1, is_tunable: 1} does not fall in any known use case
10-15 17:57:09.478  1447  9579 W Lyric   : stream_info_parser.cc:372: Camera RearVirtual unknown stream: {type: Streaminfo, stream_id: 32776, camera_id: RearVirtual, format: YCBCR_420_888, width: 4032, height: 2268, usage: [], stream_type: Output, use_case: Default, data_space: DataSpace(Custom)::Arbitrary, is_framework_physical_stream: 0, dynamic_range_profile: Standard, intended_for_max_resolution_mode: 0, group_id: -1, is_tunable: 1} does not fall in any known use case
10-15 17:57:09.478  1447  9579 I Lyric   : stream_info_parser.cc:364: Camera RearVirtual Preview stream: {type: Streaminfo, stream_id: 32770, camera_id: RearVirtual, format: YCBCR_420_888, width: 1920, height: 1080, usage: [HwTexture], stream_type: Output, use_case: Default, data_space: DataSpace(Color)::(Standard: BT709, Transfer: RGB, Range: Full), is_framework_physical_stream: 0, dynamic_range_profile: Standard, intended_for_max_resolution_mode: 0, group_id: -1, is_tunable: 1}
10-15 17:57:09.479  1447  2493 I Lyric   : sensor_generic_driver.cc:1959: BOITATA GetModeIndex requirement {size = {width: 4032, height: 2268}, frame_rate_range = [15, 30], request_binning_mode = false, request_pd_stream = false, only_config_logical_cam_stream = true, camera_id = [<recursive>], require_full_fov = false, is_high_frame_rate = false, crop_margin = 0, is_sibling_camera_participating = true, sub_image_count = 1, is_face_auth = false, is_video_mode = false, is_high_resolution_mode = false, is_arkaroo_enabled = false, is_roshi_enabled = false, is_specific_aspect_ratio_video = false, require_exact_size = false, force_sensor_mode_index = -1, is_multi_cam_usecase = true, raw_stream_usecase = 0, is_high_resolution_standalone_mode = false} required aspect ratio 1.77778 pick_transition_mode 1 require exact size 0
10-15 17:57:09.479  1447  9582 I Lyric   : sensor_generic_driver.cc:1959: SANDWORM GetModeIndex requirement {size = {width: 4032, height: 2268}, frame_rate_range = [15, 30], request_binning_mode = false, request_pd_stream = false, only_config_logical_cam_stream = true, camera_id = [<recursive>], require_full_fov = false, is_high_frame_rate = false, crop_margin = 0, is_sibling_camera_participating = false, sub_image_count = 1, is_face_auth = false, is_video_mode = false, is_high_resolution_mode = false, is_arkaroo_enabled = false, is_roshi_enabled = false, is_specific_aspect_ratio_video = false, require_exact_size = false, force_sensor_mode_index = -1, is_multi_cam_usecase = true, raw_stream_usecase = 0, is_high_resolution_standalone_mode = false} required aspect ratio 1.77778 pick_transition_mode 0 require exact size 0
10-15 17:57:09.479  1447  2491 I Lyric   : sensor_generic_driver.cc:1959: BOITATARM GetModeIndex requirement {size = {width: 4032, height: 2268}, frame_rate_range = [15, 30], request_binning_mode = false, request_pd_stream = false, only_config_logical_cam_stream = true, camera_id = [<recursive>], require_full_fov = false, is_high_frame_rate = false, crop_margin = 0, is_sibling_camera_participating = true, sub_image_count = 1, is_face_auth = false, is_video_mode = false, is_high_resolution_mode = false, is_arkaroo_enabled = false, is_roshi_enabled = false, is_specific_aspect_ratio_video = false, require_exact_size = false, force_sensor_mode_index = -1, is_multi_cam_usecase = true, raw_stream_usecase = 0, is_high_resolution_standalone_mode = false} required aspect ratio 1.77778 pick_transition_mode 0 require exact size 0
10-15 17:57:09.480  1447  9582 I Lyric   : eaf_node.cc:80: cam3_eaf: stream_id 32769, res 1920x1080, pipeline_id 0, is_video_stream false
10-15 17:57:09.480  1447  2491 I Lyric   : eaf_node.cc:80: cam4_eaf: stream_id 32770, res 1920x1080, pipeline_id 0, is_video_stream false
10-15 17:57:09.480  1447  2493 I Lyric   : eaf_node.cc:80: cam2_eaf: stream_id 32768, res 1920x1080, pipeline_id 0, is_video_stream false
10-15 17:57:09.480  1447  9582 I Lyric   : zuma_isp_subgraph.cc:532: raw_to_yuv_for_snapshot_exceeding_video: Pipeline (ID: (instance_id: 23285), IPs: [ RawToYuv ], Max Outputs: 1, IPConnections: [ ], Usecase: Snapshot)
10-15 17:57:09.480  1447  9582 I Lyric   : zuma_isp_subgraph.cc:539: video_mesh_warp: Pipeline (ID: (instance_id: 23288), IPs: [ MeshWarp ], Max Outputs: 1, IPConnections: [ ], Usecase: Video)
10-15 17:57:09.480  1447  9582 I Lyric   : zuma_isp_subgraph.cc:541: mesh_warp_for_snapshot_exceeding_video: Pipeline (ID: (instance_id: 23289), IPs: [ MeshWarp ], Max Outputs: 1, IPConnections: [ ], Usecase: Snapshot)
10-15 17:57:09.480  1447  9582 I Lyric   : zuma_isp_subgraph.cc:551: video_scaler: Pipeline (ID: (instance_id: 23293), IPs: [ Scaler ], Max Outputs: 0, IPConnections: [ ], Usecase: Video)
10-15 17:57:09.480  1447  9582 I Lyric   : zuma_isp_subgraph.cc:553: scaler_for_snapshot_exceeding_video: Pipeline (ID: (instance_id: 23294), IPs: [ Scaler ], Max Outputs: 2, IPConnections: [ ], Usecase: Snapshot)
10-15 17:57:09.480  1447  2491 I Lyric   : zuma_isp_subgraph.cc:532: raw_to_yuv_for_snapshot_exceeding_video: Pipeline (ID: (instance_id: 23303), IPs: [ RawToYuv ], Max Outputs: 1, IPConnections: [ ], Usecase: Snapshot)
10-15 17:57:09.480  1447  2491 I Lyric   : zuma_isp_subgraph.cc:539: video_mesh_warp: Pipeline (ID: (instance_id: 23306), IPs: [ MeshWarp ], Max Outputs: 1, IPConnections: [ ], Usecase: Video)
10-15 17:57:09.480  1447  2493 I Lyric   : zuma_isp_subgraph.cc:532: raw_to_yuv_for_snapshot_exceeding_video: Pipeline (ID: (instance_id: 23321), IPs: [ RawToYuv ], Max Outputs: 1, IPConnections: [ ], Usecase: Snapshot)
10-15 17:57:09.480  1447  2491 I Lyric   : zuma_isp_subgraph.cc:541: mesh_warp_for_snapshot_exceeding_video: Pipeline (ID: (instance_id: 23307), IPs: [ MeshWarp ], Max Outputs: 1, IPConnections: [ ], Usecase: Snapshot)
10-15 17:57:09.481  1447  2493 I Lyric   : zuma_isp_subgraph.cc:539: video_mesh_warp: Pipeline (ID: (instance_id: 23324), IPs: [ MeshWarp ], Max Outputs: 1, IPConnections: [ ], Usecase: Video)
10-15 17:57:09.481  1447  2493 I Lyric   : zuma_isp_subgraph.cc:541: mesh_warp_for_snapshot_exceeding_video: Pipeline (ID: (instance_id: 23325), IPs: [ MeshWarp ], Max Outputs: 1, IPConnections: [ ], Usecase: Snapshot)
10-15 17:57:09.481  1447  2491 I Lyric   : zuma_isp_subgraph.cc:551: video_scaler: Pipeline (ID: (instance_id: 23311), IPs: [ Scaler ], Max Outputs: 0, IPConnections: [ ], Usecase: Video)
10-15 17:57:09.481  1447  2491 I Lyric   : zuma_isp_subgraph.cc:553: scaler_for_snapshot_exceeding_video: Pipeline (ID: (instance_id: 23312), IPs: [ Scaler ], Max Outputs: 2, IPConnections: [ ], Usecase: Snapshot)
10-15 17:57:09.481  1447  2493 I Lyric   : zuma_isp_subgraph.cc:551: video_scaler: Pipeline (ID: (instance_id: 23329), IPs: [ Scaler ], Max Outputs: 0, IPConnections: [ ], Usecase: Video)
10-15 17:57:09.481  1447  2493 I Lyric   : zuma_isp_subgraph.cc:553: scaler_for_snapshot_exceeding_video: Pipeline (ID: (instance_id: 23330), IPs: [ Scaler ], Max Outputs: 2, IPConnections: [ ], Usecase: Snapshot)
10-15 17:57:09.481  1447  9582 I Lyric   : whi_like_isp_back_end_core_subgraph.cc:933: RawToYuvNode for snapshot exceeding video is configured to output consumer type 2 fmt: HalImageFormat{ pixel_format = YCBCR_420_SPN_10B, stride_alignment = 64, num_buffers = 1 } for RearWide
10-15 17:57:09.481  1447  2493 I Lyric   : whi_like_isp_back_end_core_subgraph.cc:933: RawToYuvNode for snapshot exceeding video is configured to output consumer type 2 fmt: HalImageFormat{ pixel_format = YCBCR_420_SPN_10B, stride_alignment = 64, num_buffers = 1 } for Rear
10-15 17:57:09.482  1447  2491 I Lyric   : whi_like_isp_back_end_core_subgraph.cc:933: RawToYuvNode for snapshot exceeding video is configured to output consumer type 2 fmt: HalImageFormat{ pixel_format = YCBCR_420_SPN_10B, stride_alignment = 64, num_buffers = 1 } for RearVirtual
10-15 17:57:09.482  1447  9582 I Lyric   : generic_subgraph.cc:3459: camera_id = 3; is_front_camera = 0; is_1p_camera_app = 0; video_call = 0
10-15 17:57:09.482  1447  2493 I Lyric   : generic_subgraph.cc:3459: camera_id = 2; is_front_camera = 0; is_1p_camera_app = 0; video_call = 0
10-15 17:57:09.482  1447  2491 I Lyric   : generic_subgraph.cc:3459: camera_id = 4; is_front_camera = 0; is_1p_camera_app = 0; video_call = 0
10-15 17:57:09.493  1447  9579 I Lyric   : multicam_graph.cc:1366: number of video bokeh nodes connected to multicam routing node = 0
10-15 17:57:09.496  1447  9579 I Lyric   : graph_configuration.cc:374: {type: Streaminfo, stream_id: 32773, camera_id: RearVirtual, format: BLOB, width: 4032, height: 2268, usage: [], stream_type: Output, use_case: Default, data_space: DataSpace(Color)::(Standard: BT601_625, Transfer: SMPTE_170M, Range: Full), is_framework_physical_stream: 0, dynamic_range_profile: Standard, intended_for_max_resolution_mode: 0, group_id: -1, is_tunable: 1}
10-15 17:57:09.496  1447  9579 I Lyric   : graph_configuration.cc:374: {type: Streaminfo, stream_id: 32776, camera_id: RearVirtual, format: YCBCR_420_888, width: 4032, height: 2268, usage: [], stream_type: Output, use_case: Default, data_space: DataSpace(Custom)::Arbitrary, is_framework_physical_stream: 0, dynamic_range_profile: Standard, intended_for_max_resolution_mode: 0, group_id: -1, is_tunable: 1}
10-15 17:57:09.496  1447  9579 I Lyric   : graph_configuration.cc:374: {type: Streaminfo, stream_id: 32772, camera_id: RearWide, format: BLOB, width: 4032, height: 2268, usage: [], stream_type: Output, use_case: Default, data_space: DataSpace(Color)::(Standard: BT601_625, Transfer: SMPTE_170M, Range: Full), is_framework_physical_stream: 0, dynamic_range_profile: Standard, intended_for_max_resolution_mode: 0, group_id: -1, is_tunable: 1}
10-15 17:57:09.496  1447  9579 I Lyric   : graph_configuration.cc:374: {type: Streaminfo, stream_id: 32769, camera_id: RearWide, format: YCBCR_420_888, width: 1920, height: 1080, usage: [HwTexture], stream_type: Output, use_case: Default, data_space: DataSpace(Color)::(Standard: BT709, Transfer: RGB, Range: Full), is_framework_physical_stream: 0, dynamic_range_profile: Standard, intended_for_max_resolution_mode: 0, group_id: -1, is_tunable: 1}
10-15 17:57:09.496  1447  9579 I Lyric   : graph_configuration.cc:374: {type: Streaminfo, stream_id: 32775, camera_id: RearWide, format: YCBCR_420_888, width: 4032, height: 2268, usage: [], stream_type: Output, use_case: Default, data_space: DataSpace(Custom)::Arbitrary, is_framework_physical_stream: 0, dynamic_range_profile: Standard, intended_for_max_resolution_mode: 0, group_id: -1, is_tunable: 1}
10-15 17:57:09.496  1447  9579 I Lyric   : graph_configuration.cc:374: {type: Streaminfo, stream_id: 32771, camera_id: Rear, format: BLOB, width: 4032, height: 2268, usage: [], stream_type: Output, use_case: Default, data_space: DataSpace(Color)::(Standard: BT601_625, Transfer: SMPTE_170M, Range: Full), is_framework_physical_stream: 0, dynamic_range_profile: Standard, intended_for_max_resolution_mode: 0, group_id: -1, is_tunable: 1}
10-15 17:57:09.496  1447  9579 I Lyric   : graph_configuration.cc:374: {type: Streaminfo, stream_id: 32774, camera_id: Rear, format: YCBCR_420_888, width: 4032, height: 2268, usage: [], stream_type: Output, use_case: Default, data_space: DataSpace(Custom)::Arbitrary, is_framework_physical_stream: 0, dynamic_range_profile: Standard, intended_for_max_resolution_mode: 0, group_id: -1, is_tunable: 1}
10-15 17:57:09.496  1447  9579 I Lyric   : graph_configuration.cc:374: {type: Streaminfo, stream_id: 32768, camera_id: Rear, format: YCBCR_420_888, width: 1920, height: 1080, usage: [HwTexture], stream_type: Output, use_case: Default, data_space: DataSpace(Color)::(Standard: BT709, Transfer: RGB, Range: Full), is_framework_physical_stream: 0, dynamic_range_profile: Standard, intended_for_max_resolution_mode: 0, group_id: -1, is_tunable: 1}
10-15 17:57:09.496  1447  9579 I Lyric   : graph_configuration.cc:374: {type: Streaminfo, stream_id: 32770, camera_id: RearVirtual, format: YCBCR_420_888, width: 1920, height: 1080, usage: [HwTexture], stream_type: Output, use_case: Default, data_space: DataSpace(Color)::(Standard: BT709, Transfer: RGB, Range: Full), is_framework_physical_stream: 0, dynamic_range_profile: Standard, intended_for_max_resolution_mode: 0, group_id: -1, is_tunable: 1}
10-15 17:57:09.531  1447  1909 I G3ACoordinator: ae_session_config_parser_lyric.cc:201: ispfe_raw_input_resolution [width:4080, height:3072]
10-15 17:57:09.550  1447  1909 I G3ACoordinator: ae_session_config_parser_lyric.cc:201: ispfe_raw_input_resolution [width:4032, height:2272]
10-15 17:57:09.561  1447  1910 I G3ACoordinator: ae_session_config_parser_lyric.cc:201: ispfe_raw_input_resolution [width:4080, height:3072]
10-15 17:57:09.632  1447  2490 I Lyric   : scaler_node.cc:1017: The 0th output HalPixelFormat for cam2_preview_scaler YCBCR_420_888 resolution: 1920x1080
10-15 17:57:09.632  1447  2490 I Lyric   : scaler_node.cc:1017: The 1th output HalPixelFormat for cam2_preview_scaler YCBCR_420_888 resolution: 4032x2268
10-15 17:57:30.006  3785 22223 I DeviceHardwareStateManager: New device state brokenCamera: false, brokenSpeaker: false, brokenMicrophone: false, brokenNotificationLed: false, brokenImu: false, brokenDsp: false, brokenMcu: false, hingeState: OPEN, waterDetectState: UNKNOWN, isTampered: false, thermalState: NORMAL, mediaPeakPowerState: NORMAL, videoCallingPeakPowerState: NORMAL, battery: Battery(stateOfCharge=100, isCharging=false, temperature=223, voltage=4376, displayMode=PERCENTAGE, incompatibleChargerDetected=false), caseBattery: Battery(stateOfCharge=20, isCharging=false, temperature=0, voltage=0, displayMode=DOTS, incompatibleChargerDetected=false), caseSystemInfo: CaseSystemInfo(serialNumber=2R5SB0BF9F060P, firmwareVersion=12.14.5, isPresent=true), audioActive: false, cameraState: CAPTURE_PHOTO_STARTED, storageState: STABLE, isStreamingActive: false, inDeepSleep: false, isMounted: true, hotCarEventOccurred: false, registeredSNApps: [ASSISTANT]isSessionVerified: falseDeviceLockState: NO_LOCKPeakPowerUserExperienceThrottlingInfo: []
10-15 17:57:30.007  3785 23968 I SupernovaDeviceStateServiceImpl: Device DeviceRecord(identifier=57:63:06:3F:BD:EA, name=RB Meta 000X, type=3, userData=null, pairedStateData=null, observingPresence=true, customName=null, customDeviceInfo=null, productRegistry=258) emitting state DeviceState(connectedState=CONNECTED, peerConnectedState=Disconnected, deviceBatteryDetails=Battery(stateOfCharge=100, isCharging=false, temperature=223, voltage=4376, displayMode=PERCENTAGE, incompatibleChargerDetected=false), caseBatteryDetails=Battery(stateOfCharge=20, isCharging=false, temperature=0, voltage=0, displayMode=DOTS, incompatibleChargerDetected=false), remedies=[], hardwareState=brokenCamera: false, brokenSpeaker: false, brokenMicrophone: false, brokenNotificationLed: false, brokenImu: false, brokenDsp: false, brokenMcu: false, hingeState: OPEN, waterDetectState: UNKNOWN, isTampered: false, thermalState: NORMAL, mediaPeakPowerState: NORMAL, videoCallingPeakPowerState: NORMAL, battery: Battery(stateOfCharge=100, isCharging=false, temperature=223, voltage=4376, displayMode=PERCENTAGE, incompatibleChargerDetected=false), caseBattery: Battery(stateOfCharge=20, isCharging=false, temperature=0, voltage=0, displayMode=DOTS, incompatibleChargerDetected=false), caseSystemInfo: CaseSystemInfo(serialNumber=2R5SB0BF9F060P, firmwareVersion=12.14.5, isPresent=true), audioActive: false, cameraState: CAPTURE_PHOTO_STARTED, storageState: STABLE, isStreamingActive: false, inDeepSleep: false, isMounted: true, hotCarEventOccurred: false, registeredSNApps: [ASSISTANT]isSessionVerified: falseDeviceLockState: NO_LOCKPeakPowerUserExperienceThrottlingInfo: [])
10-15 17:57:30.008  3785 31516 I lam:LinkedAppFeatureManagerImpl: observeDeviceState GlassesVideoCallingWifiDirectPeakPowerThrottlingLevelUnknown
10-15 17:57:30.008  3785 31516 I lam:AppLinkService: onDeviceStateUpdate state=GlassesVideoCallingWifiDirectPeakPowerThrottlingLevelUnknown com.instagram.android
10-15 17:57:30.038  3785 22223 I DeviceHardwareStateManager: New device state brokenCamera: false, brokenSpeaker: false, brokenMicrophone: false, brokenNotificationLed: false, brokenImu: false, brokenDsp: false, brokenMcu: false, hingeState: OPEN, waterDetectState: UNKNOWN, isTampered: false, thermalState: NORMAL, mediaPeakPowerState: NORMAL, videoCallingPeakPowerState: NORMAL, battery: Battery(stateOfCharge=100, isCharging=false, temperature=223, voltage=4376, displayMode=PERCENTAGE, incompatibleChargerDetected=false), caseBattery: Battery(stateOfCharge=20, isCharging=false, temperature=0, voltage=0, displayMode=DOTS, incompatibleChargerDetected=false), caseSystemInfo: CaseSystemInfo(serialNumber=2R5SB0BF9F060P, firmwareVersion=12.14.5, isPresent=true), audioActive: false, cameraState: CAPTURE_PHOTO_STARTED, storageState: STABLE, isStreamingActive: false, inDeepSleep: false, isMounted: true, hotCarEventOccurred: false, registeredSNApps: [ASSISTANT]isSessionVerified: falseDeviceLockState: NO_LOCKPeakPowerUserExperienceThrottlingInfo: []
10-15 17:57:30.038  3785 24447 I SupernovaDeviceStateServiceImpl: Device DeviceRecord(identifier=57:63:06:3F:BD:EA, name=RB Meta 000X, type=3, userData=null, pairedStateData=null, observingPresence=true, customName=null, customDeviceInfo=null, productRegistry=258) emitting state DeviceState(connectedState=CONNECTED, peerConnectedState=Disconnected, deviceBatteryDetails=Battery(stateOfCharge=100, isCharging=false, temperature=223, voltage=4376, displayMode=PERCENTAGE, incompatibleChargerDetected=false), caseBatteryDetails=Battery(stateOfCharge=20, isCharging=false, temperature=0, voltage=0, displayMode=DOTS, incompatibleChargerDetected=false), remedies=[], hardwareState=brokenCamera: false, brokenSpeaker: false, brokenMicrophone: false, brokenNotificationLed: false, brokenImu: false, brokenDsp: false, brokenMcu: false, hingeState: OPEN, waterDetectState: UNKNOWN, isTampered: false, thermalState: NORMAL, mediaPeakPowerState: NORMAL, videoCallingPeakPowerState: NORMAL, battery: Battery(stateOfCharge=100, isCharging=false, temperature=223, voltage=4376, displayMode=PERCENTAGE, incompatibleChargerDetected=false), caseBattery: Battery(stateOfCharge=20, isCharging=false, temperature=0, voltage=0, displayMode=DOTS, incompatibleChargerDetected=false), caseSystemInfo: CaseSystemInfo(serialNumber=2R5SB0BF9F060P, firmwareVersion=12.14.5, isPresent=true), audioActive: false, cameraState: CAPTURE_PHOTO_STARTED, storageState: STABLE, isStreamingActive: false, inDeepSleep: false, isMounted: true, hotCarEventOccurred: false, registeredSNApps: [ASSISTANT]isSessionVerified: falseDeviceLockState: NO_LOCKPeakPowerUserExperienceThrottlingInfo: [])
10-15 17:57:30.039  3785 24474 I lam:LinkedAppFeatureManagerImpl: observeDeviceState GlassesVideoCallingWifiDirectPeakPowerThrottlingLevelUnknown
10-15 17:57:30.039  3785 24474 I lam:AppLinkService: onDeviceStateUpdate state=GlassesVideoCallingWifiDirectPeakPowerThrottlingLevelUnknown com.instagram.android
10-15 17:57:30.267  3785  3785 I ImportStatusViewModel: Import Status Updated [105081261]: ImportStatus(deviceId=57:63:06:3F:BD:EA, incrementalFetchProgress=true, importing=false, complete=false, blocked=false, anyStarted=false, totalPhotos=0, totalVideos=0, ongoingPhotos=0, ongoingVideos=0, processedPhotos=0, processedVideos=0, fetchedPhotos=0, fetchedVideos=0, corruptedMedia=0, corruptedOrFailedMedia=0, unsatisfiedConditions=ImportConditionsList(conditionsList=[Device Capture In Progress], hashCode=6257641), latestPendingCaptureTimestampMs=0, latestPendingCaptureThumbnailFilePaths=[], importThreshold=1760481681914, firstTimeConnecting=null, processingDurationMap={}, processingProgressMap={}, fetchingProgressMap={}, importTrigger=UNKNOWN, manualRetryCount=0, autoImportFailedInBackground=false, isProcessingOnDevice=false, succeededTimestamp=null)
10-15 17:57:30.428  3785 22223 I DeviceHardwareStateManager: New device state brokenCamera: false, brokenSpeaker: false, brokenMicrophone: false, brokenNotificationLed: false, brokenImu: false, brokenDsp: false, brokenMcu: false, hingeState: OPEN, waterDetectState: UNKNOWN, isTampered: false, thermalState: NORMAL, mediaPeakPowerState: NORMAL, videoCallingPeakPowerState: NORMAL, battery: Battery(stateOfCharge=100, isCharging=false, temperature=223, voltage=4376, displayMode=PERCENTAGE, incompatibleChargerDetected=false), caseBattery: Battery(stateOfCharge=20, isCharging=false, temperature=0, voltage=0, displayMode=DOTS, incompatibleChargerDetected=false), caseSystemInfo: CaseSystemInfo(serialNumber=2R5SB0BF9F060P, firmwareVersion=12.14.5, isPresent=true), audioActive: false, cameraState: CAPTURE_PHOTO_STARTED, storageState: STABLE, isStreamingActive: false, inDeepSleep: false, isMounted: true, hotCarEventOccurred: false, registeredSNApps: [ASSISTANT]isSessionVerified: falseDeviceLockState: NO_LOCKPeakPowerUserExperienceThrottlingInfo: []
10-15 17:57:30.428  3785 24443 I SupernovaDeviceStateServiceImpl: Device DeviceRecord(identifier=57:63:06:3F:BD:EA, name=RB Meta 000X, type=3, userData=null, pairedStateData=null, observingPresence=true, customName=null, customDeviceInfo=null, productRegistry=258) emitting state DeviceState(connectedState=CONNECTED, peerConnectedState=Disconnected, deviceBatteryDetails=Battery(stateOfCharge=100, isCharging=false, temperature=223, voltage=4376, displayMode=PERCENTAGE, incompatibleChargerDetected=false), caseBatteryDetails=Battery(stateOfCharge=20, isCharging=false, temperature=0, voltage=0, displayMode=DOTS, incompatibleChargerDetected=false), remedies=[], hardwareState=brokenCamera: false, brokenSpeaker: false, brokenMicrophone: false, brokenNotificationLed: false, brokenImu: false, brokenDsp: false, brokenMcu: false, hingeState: OPEN, waterDetectState: UNKNOWN, isTampered: false, thermalState: NORMAL, mediaPeakPowerState: NORMAL, videoCallingPeakPowerState: NORMAL, battery: Battery(stateOfCharge=100, isCharging=false, temperature=223, voltage=4376, displayMode=PERCENTAGE, incompatibleChargerDetected=false), caseBattery: Battery(stateOfCharge=20, isCharging=false, temperature=0, voltage=0, displayMode=DOTS, incompatibleChargerDetected=false), caseSystemInfo: CaseSystemInfo(serialNumber=2R5SB0BF9F060P, firmwareVersion=12.14.5, isPresent=true), audioActive: false, cameraState: CAPTURE_PHOTO_STARTED, storageState: STABLE, isStreamingActive: false, inDeepSleep: false, isMounted: true, hotCarEventOccurred: false, registeredSNApps: [ASSISTANT]isSessionVerified: falseDeviceLockState: NO_LOCKPeakPowerUserExperienceThrottlingInfo: [])
10-15 17:57:30.428  3785 23968 I lam:LinkedAppFeatureManagerImpl: observeDeviceState GlassesVideoCallingWifiDirectPeakPowerThrottlingLevelUnknown
