10-19 20:13:09.111  1447 13538 I Lyric   : scaler_node.cc:1017: The 0th output HalPixelFormat for cam6_preview_scaler YCBCR_420_888 resolution: 1920x1080
10-19 20:13:09.111  1447 13538 I Lyric   : scaler_node.cc:1017: The 1th output HalPixelFormat for cam6_preview_scaler YCBCR_420_888 resolution: 3264x1836
10-19 20:13:33.504  1447  1980 I Lyric   : camera_powerhal_impl.cc:202: CancelPowerBoost CAMERA_VIDEO_RECORDING
10-19 20:13:45.823  1447  2502 I Lyric   : stream_info_parser.cc:364: Camera Front Preview stream: {type: Streaminfo, stream_id: 32769, camera_id: Front, format: YCBCR_420_888, width: 3440, height: 2448, usage: [HwTexture], stream_type: Output, use_case: Default, data_space: DataSpace(Color)::(Standard: BT709, Transfer: RGB, Range: Full), is_framework_physical_stream: 0, dynamic_range_profile: Standard, intended_for_max_resolution_mode: 0, group_id: -1, is_tunable: 1}
10-19 20:13:45.823  1447  2502 W Lyric   : stream_info_parser.cc:372: Camera Front unknown stream: {type: Streaminfo, stream_id: 32773, camera_id: Front, format: YCBCR_420_888, width: 3440, height: 2448, usage: [], stream_type: Output, use_case: Default, data_space: DataSpace(Custom)::Arbitrary, is_framework_physical_stream: 0, dynamic_range_profile: Standard, intended_for_max_resolution_mode: 0, group_id: -1, is_tunable: 1} does not fall in any known use case
10-19 20:13:45.823  1447  2502 W Lyric   : stream_info_parser.cc:372: Camera FrontVirtual unknown stream: {type: Streaminfo, stream_id: 32772, camera_id: FrontVirtual, format: YCBCR_420_888, width: 3440, height: 2448, usage: [], stream_type: Output, use_case: Default, data_space: DataSpace(Custom)::Arbitrary, is_framework_physical_stream: 0, dynamic_range_profile: Standard, intended_for_max_resolution_mode: 0, group_id: -1, is_tunable: 1} does not fall in any known use case
10-19 20:13:45.823  1447  2502 I Lyric   : stream_info_parser.cc:364: Camera FrontVirtual Preview stream: {type: Streaminfo, stream_id: 32768, camera_id: FrontVirtual, format: YCBCR_420_888, width: 3440, height: 2448, usage: [HwTexture], stream_type: Output, use_case: Default, data_space: DataSpace(Color)::(Standard: BT709, Transfer: RGB, Range: Full), is_framework_physical_stream: 0, dynamic_range_profile: Standard, intended_for_max_resolution_mode: 0, group_id: -1, is_tunable: 1}
10-19 20:13:45.827  1447 13533 I Lyric   : sensor_generic_driver.cc:1959: DOKKAEBI GetModeIndex requirement {size = {width: 3440, height: 2448}, frame_rate_range = [15, 30], request_binning_mode = false, request_pd_stream = false, only_config_logical_cam_stream = true, camera_id = [<recursive>], require_full_fov = true, is_high_frame_rate = false, crop_margin = 0, is_sibling_camera_participating = true, sub_image_count = 1, is_face_auth = false, is_video_mode = false, is_high_resolution_mode = false, is_arkaroo_enabled = false, is_roshi_enabled = false, is_specific_aspect_ratio_video = false, require_exact_size = false, force_sensor_mode_index = -1, is_multi_cam_usecase = true, raw_stream_usecase = 0, is_high_resolution_standalone_mode = false} required aspect ratio 1.40351 pick_transition_mode 1 require exact size 0
10-19 20:13:45.827  1447 13530 I Lyric   : sensor_generic_driver.cc:1959: DOKKAEBIVIRTUAL GetModeIndex requirement {size = {width: 3440, height: 2448}, frame_rate_range = [15, 30], request_binning_mode = false, request_pd_stream = false, only_config_logical_cam_stream = true, camera_id = [<recursive>], require_full_fov = true, is_high_frame_rate = false, crop_margin = 0, is_sibling_camera_participating = true, sub_image_count = 1, is_face_auth = false, is_video_mode = false, is_high_resolution_mode = false, is_arkaroo_enabled = false, is_roshi_enabled = false, is_specific_aspect_ratio_video = false, require_exact_size = false, force_sensor_mode_index = -1, is_multi_cam_usecase = true, raw_stream_usecase = 0, is_high_resolution_standalone_mode = false} required aspect ratio 1.40523 pick_transition_mode 0 require exact size 0
10-19 20:13:45.828  1447 13530 I Lyric   : zuma_isp_subgraph.cc:532: raw_to_yuv_for_snapshot_exceeding_video: Pipeline (ID: (instance_id: 109575), IPs: [ RawToYuv ], Max Outputs: 1, IPConnections: [ ], Usecase: Snapshot)
10-19 20:13:45.828  1447 13533 I Lyric   : zuma_isp_subgraph.cc:532: raw_to_yuv_for_snapshot_exceeding_video: Pipeline (ID: (instance_id: 109593), IPs: [ RawToYuv ], Max Outputs: 1, IPConnections: [ ], Usecase: Snapshot)
10-19 20:13:45.828  1447 13530 I Lyric   : zuma_isp_subgraph.cc:539: video_mesh_warp: Pipeline (ID: (instance_id: 109578), IPs: [ MeshWarp ], Max Outputs: 1, IPConnections: [ ], Usecase: Video)
10-19 20:13:45.828  1447 13530 I Lyric   : zuma_isp_subgraph.cc:541: mesh_warp_for_snapshot_exceeding_video: Pipeline (ID: (instance_id: 109579), IPs: [ MeshWarp ], Max Outputs: 1, IPConnections: [ ], Usecase: Snapshot)
10-19 20:13:45.828  1447 13533 I Lyric   : zuma_isp_subgraph.cc:539: video_mesh_warp: Pipeline (ID: (instance_id: 109596), IPs: [ MeshWarp ], Max Outputs: 1, IPConnections: [ ], Usecase: Video)
10-19 20:13:45.828  1447 13533 I Lyric   : zuma_isp_subgraph.cc:541: mesh_warp_for_snapshot_exceeding_video: Pipeline (ID: (instance_id: 109597), IPs: [ MeshWarp ], Max Outputs: 1, IPConnections: [ ], Usecase: Snapshot)
10-19 20:13:45.828  1447 13530 I Lyric   : zuma_isp_subgraph.cc:551: video_scaler: Pipeline (ID: (instance_id: 109583), IPs: [ Scaler ], Max Outputs: 0, IPConnections: [ ], Usecase: Video)
10-19 20:13:45.828  1447 13530 I Lyric   : zuma_isp_subgraph.cc:553: scaler_for_snapshot_exceeding_video: Pipeline (ID: (instance_id: 109584), IPs: [ Scaler ], Max Outputs: 2, IPConnections: [ ], Usecase: Snapshot)
10-19 20:13:45.828  1447 13533 I Lyric   : zuma_isp_subgraph.cc:551: video_scaler: Pipeline (ID: (instance_id: 109601), IPs: [ Scaler ], Max Outputs: 0, IPConnections: [ ], Usecase: Video)
10-19 20:13:45.828  1447 13533 I Lyric   : zuma_isp_subgraph.cc:553: scaler_for_snapshot_exceeding_video: Pipeline (ID: (instance_id: 109602), IPs: [ Scaler ], Max Outputs: 2, IPConnections: [ ], Usecase: Snapshot)
10-19 20:13:45.828  1447 13533 I Lyric   : whi_like_isp_back_end_core_subgraph.cc:933: RawToYuvNode for snapshot exceeding video is configured to output consumer type 2 fmt: HalImageFormat{ pixel_format = YCBCR_420_SPN_10B, stride_alignment = 64, num_buffers = 1 } for Front
10-19 20:13:45.828  1447 13530 I Lyric   : whi_like_isp_back_end_core_subgraph.cc:933: RawToYuvNode for snapshot exceeding video is configured to output consumer type 2 fmt: HalImageFormat{ pixel_format = YCBCR_420_SPN_10B, stride_alignment = 64, num_buffers = 1 } for FrontVirtual
10-19 20:13:45.829  1447 13533 I Lyric   : generic_subgraph.cc:3459: camera_id = 5; is_front_camera = 1; is_1p_camera_app = 0; video_call = 0
10-19 20:13:45.829  1447 13530 I Lyric   : generic_subgraph.cc:3459: camera_id = 6; is_front_camera = 1; is_1p_camera_app = 0; video_call = 0
10-19 20:13:45.833  1447  2502 I Lyric   : multicam_graph.cc:1366: number of video bokeh nodes connected to multicam routing node = 0
10-19 20:13:45.834  1447  2502 I Lyric   : graph_configuration.cc:374: {type: Streaminfo, stream_id: 32771, camera_id: Front, format: BLOB, width: 3440, height: 2448, usage: [], stream_type: Output, use_case: Default, data_space: DataSpace(Color)::(Standard: BT601_625, Transfer: SMPTE_170M, Range: Full), is_framework_physical_stream: 0, dynamic_range_profile: Standard, intended_for_max_resolution_mode: 0, group_id: -1, is_tunable: 1}
10-19 20:13:45.834  1447  2502 I Lyric   : graph_configuration.cc:374: {type: Streaminfo, stream_id: 32769, camera_id: Front, format: YCBCR_420_888, width: 3440, height: 2448, usage: [HwTexture], stream_type: Output, use_case: Default, data_space: DataSpace(Color)::(Standard: BT709, Transfer: RGB, Range: Full), is_framework_physical_stream: 0, dynamic_range_profile: Standard, intended_for_max_resolution_mode: 0, group_id: -1, is_tunable: 1}
10-19 20:13:45.834  1447  2502 I Lyric   : graph_configuration.cc:374: {type: Streaminfo, stream_id: 32768, camera_id: FrontVirtual, format: YCBCR_420_888, width: 3440, height: 2448, usage: [HwTexture], stream_type: Output, use_case: Default, data_space: DataSpace(Color)::(Standard: BT709, Transfer: RGB, Range: Full), is_framework_physical_stream: 0, dynamic_range_profile: Standard, intended_for_max_resolution_mode: 0, group_id: -1, is_tunable: 1}
10-19 20:13:45.834  1447  2502 I Lyric   : graph_configuration.cc:374: {type: Streaminfo, stream_id: 32770, camera_id: FrontVirtual, format: BLOB, width: 3440, height: 2448, usage: [], stream_type: Output, use_case: Default, data_space: DataSpace(Color)::(Standard: BT601_625, Transfer: SMPTE_170M, Range: Full), is_framework_physical_stream: 0, dynamic_range_profile: Standard, intended_for_max_resolution_mode: 0, group_id: -1, is_tunable: 1}
10-19 20:13:45.834  1447  2502 I Lyric   : graph_configuration.cc:374: {type: Streaminfo, stream_id: 32772, camera_id: FrontVirtual, format: YCBCR_420_888, width: 3440, height: 2448, usage: [], stream_type: Output, use_case: Default, data_space: DataSpace(Custom)::Arbitrary, is_framework_physical_stream: 0, dynamic_range_profile: Standard, intended_for_max_resolution_mode: 0, group_id: -1, is_tunable: 1}
10-19 20:13:45.834  1447  2502 I Lyric   : graph_configuration.cc:374: {type: Streaminfo, stream_id: 32773, camera_id: Front, format: YCBCR_420_888, width: 3440, height: 2448, usage: [], stream_type: Output, use_case: Default, data_space: DataSpace(Custom)::Arbitrary, is_framework_physical_stream: 0, dynamic_range_profile: Standard, intended_for_max_resolution_mode: 0, group_id: -1, is_tunable: 1}
10-19 20:13:45.855  1447  1910 I G3ACoordinator: ae_session_config_parser_lyric.cc:201: ispfe_raw_input_resolution [width:3440, height:2448]
10-19 20:13:45.861  1447  1909 I G3ACoordinator: ae_session_config_parser_lyric.cc:201: ispfe_raw_input_resolution [width:3840, height:2736]
10-19 20:13:45.996  1447  1980 I Lyric   : camera_powerhal_impl.cc:202: CancelPowerBoost CAMERA_VIDEO_RECORDING
10-19 20:13:48.568  1447 13531 W Lyric   : stream_info_parser.cc:372: Camera Front unknown stream: {type: Streaminfo, stream_id: 32773, camera_id: Front, format: YCBCR_420_888, width: 1920, height: 1080, usage: [], stream_type: Output, use_case: Default, data_space: DataSpace(Custom)::Arbitrary, is_framework_physical_stream: 0, dynamic_range_profile: Standard, intended_for_max_resolution_mode: 0, group_id: -1, is_tunable: 1} does not fall in any known use case
10-19 20:13:48.568  1447 13531 I Lyric   : stream_info_parser.cc:364: Camera Front Preview stream: {type: Streaminfo, stream_id: 32769, camera_id: Front, format: YCBCR_420_888, width: 1280, height: 720, usage: [HwTexture], stream_type: Output, use_case: Default, data_space: DataSpace(Color)::(Standard: BT709, Transfer: RGB, Range: Full), is_framework_physical_stream: 0, dynamic_range_profile: Standard, intended_for_max_resolution_mode: 0, group_id: -1, is_tunable: 1}
10-19 20:13:48.568  1447 13531 I Lyric   : stream_info_parser.cc:364: Camera FrontVirtual Preview stream: {type: Streaminfo, stream_id: 32768, camera_id: FrontVirtual, format: YCBCR_420_888, width: 1280, height: 720, usage: [HwTexture], stream_type: Output, use_case: Default, data_space: DataSpace(Color)::(Standard: BT709, Transfer: RGB, Range: Full), is_framework_physical_stream: 0, dynamic_range_profile: Standard, intended_for_max_resolution_mode: 0, group_id: -1, is_tunable: 1}
10-19 20:13:48.568  1447 13531 W Lyric   : stream_info_parser.cc:372: Camera FrontVirtual unknown stream: {type: Streaminfo, stream_id: 32772, camera_id: FrontVirtual, format: YCBCR_420_888, width: 1920, height: 1080, usage: [], stream_type: Output, use_case: Default, data_space: DataSpace(Custom)::Arbitrary, is_framework_physical_stream: 0, dynamic_range_profile: Standard, intended_for_max_resolution_mode: 0, group_id: -1, is_tunable: 1} does not fall in any known use case
10-19 20:13:48.570  1447  2497 I Lyric   : sensor_generic_driver.cc:1959: DOKKAEBI GetModeIndex requirement {size = {width: 1920, height: 1080}, frame_rate_range = [15, 30], request_binning_mode = false, request_pd_stream = false, only_config_logical_cam_stream = true, camera_id = [<recursive>], require_full_fov = false, is_high_frame_rate = false, crop_margin = 0, is_sibling_camera_participating = true, sub_image_count = 1, is_face_auth = false, is_video_mode = false, is_high_resolution_mode = false, is_arkaroo_enabled = false, is_roshi_enabled = false, is_specific_aspect_ratio_video = false, require_exact_size = false, force_sensor_mode_index = -1, is_multi_cam_usecase = true, raw_stream_usecase = 0, is_high_resolution_standalone_mode = false} required aspect ratio 1.77778 pick_transition_mode 1 require exact size 0
10-19 20:13:48.570  1447  2497 I Lyric   : eaf_node.cc:80: cam5_eaf: stream_id 32769, res 1280x720, pipeline_id 0, is_video_stream false
10-19 20:13:48.571  1447  2497 I Lyric   : zuma_isp_subgraph.cc:532: raw_to_yuv_for_snapshot_exceeding_video: Pipeline (ID: (instance_id: 109617), IPs: [ RawToYuv ], Max Outputs: 1, IPConnections: [ ], Usecase: Snapshot)
10-19 20:13:48.571  1447  2497 I Lyric   : zuma_isp_subgraph.cc:539: video_mesh_warp: Pipeline (ID: (instance_id: 109620), IPs: [ MeshWarp ], Max Outputs: 1, IPConnections: [ ], Usecase: Video)
10-19 20:13:48.571  1447  2497 I Lyric   : zuma_isp_subgraph.cc:541: mesh_warp_for_snapshot_exceeding_video: Pipeline (ID: (instance_id: 109621), IPs: [ MeshWarp ], Max Outputs: 1, IPConnections: [ ], Usecase: Snapshot)
10-19 20:13:48.571  1447  2497 I Lyric   : zuma_isp_subgraph.cc:551: video_scaler: Pipeline (ID: (instance_id: 109625), IPs: [ Scaler ], Max Outputs: 0, IPConnections: [ ], Usecase: Video)
10-19 20:13:48.571  1447  2497 I Lyric   : zuma_isp_subgraph.cc:553: scaler_for_snapshot_exceeding_video: Pipeline (ID: (instance_id: 109626), IPs: [ Scaler ], Max Outputs: 2, IPConnections: [ ], Usecase: Snapshot)
10-19 20:13:48.571  1447  2497 I Lyric   : whi_like_isp_back_end_core_subgraph.cc:933: RawToYuvNode for snapshot exceeding video is configured to output consumer type 2 fmt: HalImageFormat{ pixel_format = YCBCR_420_SPN_10B, stride_alignment = 64, num_buffers = 1 } for Front
10-19 20:13:48.572  1447  2497 I Lyric   : generic_subgraph.cc:3459: camera_id = 5; is_front_camera = 1; is_1p_camera_app = 0; video_call = 1
10-19 20:13:48.574  1447 13541 I Lyric   : sensor_generic_driver.cc:1959: DOKKAEBIVIRTUAL GetModeIndex requirement {size = {width: 1920, height: 1080}, frame_rate_range = [15, 30], request_binning_mode = false, request_pd_stream = false, only_config_logical_cam_stream = true, camera_id = [<recursive>], require_full_fov = false, is_high_frame_rate = false, crop_margin = 0, is_sibling_camera_participating = true, sub_image_count = 1, is_face_auth = false, is_video_mode = false, is_high_resolution_mode = false, is_arkaroo_enabled = false, is_roshi_enabled = false, is_specific_aspect_ratio_video = false, require_exact_size = false, force_sensor_mode_index = -1, is_multi_cam_usecase = true, raw_stream_usecase = 0, is_high_resolution_standalone_mode = false} required aspect ratio 1.77778 pick_transition_mode 0 require exact size 0
10-19 20:13:48.575  1447 13541 I Lyric   : eaf_node.cc:80: cam6_eaf: stream_id 32768, res 1280x720, pipeline_id 0, is_video_stream false
10-19 20:13:48.575  1447 13541 I Lyric   : zuma_isp_subgraph.cc:532: raw_to_yuv_for_snapshot_exceeding_video: Pipeline (ID: (instance_id: 109636), IPs: [ RawToYuv ], Max Outputs: 1, IPConnections: [ ], Usecase: Snapshot)
10-19 20:13:48.575  1447 13541 I Lyric   : zuma_isp_subgraph.cc:539: video_mesh_warp: Pipeline (ID: (instance_id: 109639), IPs: [ MeshWarp ], Max Outputs: 1, IPConnections: [ ], Usecase: Video)
10-19 20:13:48.575  1447 13541 I Lyric   : zuma_isp_subgraph.cc:541: mesh_warp_for_snapshot_exceeding_video: Pipeline (ID: (instance_id: 109640), IPs: [ MeshWarp ], Max Outputs: 1, IPConnections: [ ], Usecase: Snapshot)
10-19 20:13:48.575  1447 13541 I Lyric   : zuma_isp_subgraph.cc:551: video_scaler: Pipeline (ID: (instance_id: 109644), IPs: [ Scaler ], Max Outputs: 0, IPConnections: [ ], Usecase: Video)
10-19 20:13:48.575  1447 13541 I Lyric   : zuma_isp_subgraph.cc:553: scaler_for_snapshot_exceeding_video: Pipeline (ID: (instance_id: 109645), IPs: [ Scaler ], Max Outputs: 2, IPConnections: [ ], Usecase: Snapshot)
10-19 20:13:48.575  1447 13541 I Lyric   : whi_like_isp_back_end_core_subgraph.cc:933: RawToYuvNode for snapshot exceeding video is configured to output consumer type 2 fmt: HalImageFormat{ pixel_format = YCBCR_420_SPN_10B, stride_alignment = 64, num_buffers = 1 } for FrontVirtual
10-19 20:13:48.576  1447 13541 I Lyric   : generic_subgraph.cc:3459: camera_id = 6; is_front_camera = 1; is_1p_camera_app = 0; video_call = 1
10-19 20:13:48.578  1447 13531 I Lyric   : multicam_graph.cc:1366: number of video bokeh nodes connected to multicam routing node = 0
10-19 20:13:48.579  1447 13531 I Lyric   : graph_configuration.cc:374: {type: Streaminfo, stream_id: 32769, camera_id: Front, format: YCBCR_420_888, width: 1280, height: 720, usage: [HwTexture], stream_type: Output, use_case: Default, data_space: DataSpace(Color)::(Standard: BT709, Transfer: RGB, Range: Full), is_framework_physical_stream: 0, dynamic_range_profile: Standard, intended_for_max_resolution_mode: 0, group_id: -1, is_tunable: 1}
10-19 20:13:48.579  1447 13531 I Lyric   : graph_configuration.cc:374: {type: Streaminfo, stream_id: 32771, camera_id: Front, format: BLOB, width: 1920, height: 1080, usage: [], stream_type: Output, use_case: Default, data_space: DataSpace(Color)::(Standard: BT601_625, Transfer: SMPTE_170M, Range: Full), is_framework_physical_stream: 0, dynamic_range_profile: Standard, intended_for_max_resolution_mode: 0, group_id: -1, is_tunable: 1}
10-19 20:13:48.579  1447 13531 I Lyric   : graph_configuration.cc:374: {type: Streaminfo, stream_id: 32768, camera_id: FrontVirtual, format: YCBCR_420_888, width: 1280, height: 720, usage: [HwTexture], stream_type: Output, use_case: Default, data_space: DataSpace(Color)::(Standard: BT709, Transfer: RGB, Range: Full), is_framework_physical_stream: 0, dynamic_range_profile: Standard, intended_for_max_resolution_mode: 0, group_id: -1, is_tunable: 1}
10-19 20:13:48.579  1447 13531 I Lyric   : graph_configuration.cc:374: {type: Streaminfo, stream_id: 32773, camera_id: Front, format: YCBCR_420_888, width: 1920, height: 1080, usage: [], stream_type: Output, use_case: Default, data_space: DataSpace(Custom)::Arbitrary, is_framework_physical_stream: 0, dynamic_range_profile: Standard, intended_for_max_resolution_mode: 0, group_id: -1, is_tunable: 1}
10-19 20:13:48.579  1447 13531 I Lyric   : graph_configuration.cc:374: {type: Streaminfo, stream_id: 32770, camera_id: FrontVirtual, format: BLOB, width: 1920, height: 1080, usage: [], stream_type: Output, use_case: Default, data_space: DataSpace(Color)::(Standard: BT601_625, Transfer: SMPTE_170M, Range: Full), is_framework_physical_stream: 0, dynamic_range_profile: Standard, intended_for_max_resolution_mode: 0, group_id: -1, is_tunable: 1}
10-19 20:13:48.579  1447 13531 I Lyric   : graph_configuration.cc:374: {type: Streaminfo, stream_id: 32772, camera_id: FrontVirtual, format: YCBCR_420_888, width: 1920, height: 1080, usage: [], stream_type: Output, use_case: Default, data_space: DataSpace(Custom)::Arbitrary, is_framework_physical_stream: 0, dynamic_range_profile: Standard, intended_for_max_resolution_mode: 0, group_id: -1, is_tunable: 1}
10-19 20:13:48.594  1447  1909 I G3ACoordinator: ae_session_config_parser_lyric.cc:201: ispfe_raw_input_resolution [width:3440, height:2000]
10-19 20:13:48.613  1447  1909 I G3ACoordinator: ae_session_config_parser_lyric.cc:201: ispfe_raw_input_resolution [width:3840, height:2236]
10-19 20:13:48.686  1447  2504 I Lyric   : scaler_node.cc:1017: The 0th output HalPixelFormat for cam6_preview_scaler YCBCR_420_888 resolution: 1280x720
10-19 20:13:48.686  1447  2504 I Lyric   : scaler_node.cc:1017: The 1th output HalPixelFormat for cam6_preview_scaler YCBCR_420_888 resolution: 1920x1080
10-19 20:13:48.875  1447  2501 W Lyric   : stream_info_parser.cc:372: Camera Front unknown stream: {type: Streaminfo, stream_id: 32773, camera_id: Front, format: YCBCR_420_888, width: 1920, height: 1080, usage: [], stream_type: Output, use_case: Default, data_space: DataSpace(Custom)::Arbitrary, is_framework_physical_stream: 0, dynamic_range_profile: Standard, intended_for_max_resolution_mode: 0, group_id: -1, is_tunable: 1} does not fall in any known use case
10-19 20:13:48.875  1447  2501 I Lyric   : stream_info_parser.cc:364: Camera Front Preview stream: {type: Streaminfo, stream_id: 32769, camera_id: Front, format: YCBCR_420_888, width: 1280, height: 720, usage: [HwTexture], stream_type: Output, use_case: Default, data_space: DataSpace(Color)::(Standard: BT709, Transfer: RGB, Range: Full), is_framework_physical_stream: 0, dynamic_range_profile: Standard, intended_for_max_resolution_mode: 0, group_id: -1, is_tunable: 1}
10-19 20:13:48.875  1447  2501 W Lyric   : stream_info_parser.cc:372: Camera FrontVirtual unknown stream: {type: Streaminfo, stream_id: 32772, camera_id: FrontVirtual, format: YCBCR_420_888, width: 1920, height: 1080, usage: [], stream_type: Output, use_case: Default, data_space: DataSpace(Custom)::Arbitrary, is_framework_physical_stream: 0, dynamic_range_profile: Standard, intended_for_max_resolution_mode: 0, group_id: -1, is_tunable: 1} does not fall in any known use case
10-19 20:13:48.875  1447  2501 I Lyric   : stream_info_parser.cc:364: Camera FrontVirtual Preview stream: {type: Streaminfo, stream_id: 32768, camera_id: FrontVirtual, format: YCBCR_420_888, width: 1280, height: 720, usage: [HwTexture], stream_type: Output, use_case: Default, data_space: DataSpace(Color)::(Standard: BT709, Transfer: RGB, Range: Full), is_framework_physical_stream: 0, dynamic_range_profile: Standard, intended_for_max_resolution_mode: 0, group_id: -1, is_tunable: 1}
10-19 20:13:48.891  1447  2496 I Lyric   : sensor_generic_driver.cc:1959: DOKKAEBI GetModeIndex requirement {size = {width: 1920, height: 1080}, frame_rate_range = [15, 30], request_binning_mode = false, request_pd_stream = false, only_config_logical_cam_stream = true, camera_id = [<recursive>], require_full_fov = false, is_high_frame_rate = false, crop_margin = 0, is_sibling_camera_participating = true, sub_image_count = 1, is_face_auth = false, is_video_mode = false, is_high_resolution_mode = false, is_arkaroo_enabled = false, is_roshi_enabled = false, is_specific_aspect_ratio_video = false, require_exact_size = false, force_sensor_mode_index = -1, is_multi_cam_usecase = true, raw_stream_usecase = 0, is_high_resolution_standalone_mode = false} required aspect ratio 1.77778 pick_transition_mode 1 require exact size 0
10-19 20:13:48.891  1447 13540 I Lyric   : sensor_generic_driver.cc:1959: DOKKAEBIVIRTUAL GetModeIndex requirement {size = {width: 1920, height: 1080}, frame_rate_range = [15, 30], request_binning_mode = false, request_pd_stream = false, only_config_logical_cam_stream = true, camera_id = [<recursive>], require_full_fov = false, is_high_frame_rate = false, crop_margin = 0, is_sibling_camera_participating = true, sub_image_count = 1, is_face_auth = false, is_video_mode = false, is_high_resolution_mode = false, is_arkaroo_enabled = false, is_roshi_enabled = false, is_specific_aspect_ratio_video = false, require_exact_size = false, force_sensor_mode_index = -1, is_multi_cam_usecase = true, raw_stream_usecase = 0, is_high_resolution_standalone_mode = false} required aspect ratio 1.77778 pick_transition_mode 0 require exact size 0
10-19 20:13:48.892  1447 13540 I Lyric   : eaf_node.cc:80: cam6_eaf: stream_id 32768, res 1280x720, pipeline_id 0, is_video_stream false
10-19 20:13:48.892  1447  2496 I Lyric   : eaf_node.cc:80: cam5_eaf: stream_id 32769, res 1280x720, pipeline_id 0, is_video_stream false
10-19 20:13:48.892  1447 13540 I Lyric   : zuma_isp_subgraph.cc:532: raw_to_yuv_for_snapshot_exceeding_video: Pipeline (ID: (instance_id: 109672), IPs: [ RawToYuv ], Max Outputs: 1, IPConnections: [ ], Usecase: Snapshot)
10-19 20:13:48.892  1447 13540 I Lyric   : zuma_isp_subgraph.cc:539: video_mesh_warp: Pipeline (ID: (instance_id: 109675), IPs: [ MeshWarp ], Max Outputs: 1, IPConnections: [ ], Usecase: Video)
10-19 20:13:48.892  1447 13540 I Lyric   : zuma_isp_subgraph.cc:541: mesh_warp_for_snapshot_exceeding_video: Pipeline (ID: (instance_id: 109676), IPs: [ MeshWarp ], Max Outputs: 1, IPConnections: [ ], Usecase: Snapshot)
10-19 20:13:48.892  1447  2496 I Lyric   : zuma_isp_subgraph.cc:532: raw_to_yuv_for_snapshot_exceeding_video: Pipeline (ID: (instance_id: 109690), IPs: [ RawToYuv ], Max Outputs: 1, IPConnections: [ ], Usecase: Snapshot)
10-19 20:13:48.892  1447 13540 I Lyric   : zuma_isp_subgraph.cc:551: video_scaler: Pipeline (ID: (instance_id: 109680), IPs: [ Scaler ], Max Outputs: 0, IPConnections: [ ], Usecase: Video)
10-19 20:13:48.892  1447 13540 I Lyric   : zuma_isp_subgraph.cc:553: scaler_for_snapshot_exceeding_video: Pipeline (ID: (instance_id: 109681), IPs: [ Scaler ], Max Outputs: 2, IPConnections: [ ], Usecase: Snapshot)
10-19 20:13:48.892  1447  2496 I Lyric   : zuma_isp_subgraph.cc:539: video_mesh_warp: Pipeline (ID: (instance_id: 109693), IPs: [ MeshWarp ], Max Outputs: 1, IPConnections: [ ], Usecase: Video)
10-19 20:13:48.892  1447  2496 I Lyric   : zuma_isp_subgraph.cc:541: mesh_warp_for_snapshot_exceeding_video: Pipeline (ID: (instance_id: 109694), IPs: [ MeshWarp ], Max Outputs: 1, IPConnections: [ ], Usecase: Snapshot)
10-19 20:13:48.892  1447  2496 I Lyric   : zuma_isp_subgraph.cc:551: video_scaler: Pipeline (ID: (instance_id: 109698), IPs: [ Scaler ], Max Outputs: 0, IPConnections: [ ], Usecase: Video)
10-19 20:13:48.892  1447  2496 I Lyric   : zuma_isp_subgraph.cc:553: scaler_for_snapshot_exceeding_video: Pipeline (ID: (instance_id: 109699), IPs: [ Scaler ], Max Outputs: 2, IPConnections: [ ], Usecase: Snapshot)
10-19 20:13:48.892  1447 13540 I Lyric   : whi_like_isp_back_end_core_subgraph.cc:933: RawToYuvNode for snapshot exceeding video is configured to output consumer type 2 fmt: HalImageFormat{ pixel_format = YCBCR_420_SPN_10B, stride_alignment = 64, num_buffers = 1 } for FrontVirtual
10-19 20:13:48.892  1447  2496 I Lyric   : whi_like_isp_back_end_core_subgraph.cc:933: RawToYuvNode for snapshot exceeding video is configured to output consumer type 2 fmt: HalImageFormat{ pixel_format = YCBCR_420_SPN_10B, stride_alignment = 64, num_buffers = 1 } for Front
10-19 20:13:48.893  1447 13540 I Lyric   : generic_subgraph.cc:3459: camera_id = 6; is_front_camera = 1; is_1p_camera_app = 0; video_call = 1
10-19 20:13:48.893  1447  2496 I Lyric   : generic_subgraph.cc:3459: camera_id = 5; is_front_camera = 1; is_1p_camera_app = 0; video_call = 1
10-19 20:13:48.896  1447  2501 I Lyric   : multicam_graph.cc:1366: number of video bokeh nodes connected to multicam routing node = 0
10-19 20:13:48.897  1447  2501 I Lyric   : graph_configuration.cc:374: {type: Streaminfo, stream_id: 32772, camera_id: FrontVirtual, format: YCBCR_420_888, width: 1920, height: 1080, usage: [], stream_type: Output, use_case: Default, data_space: DataSpace(Custom)::Arbitrary, is_framework_physical_stream: 0, dynamic_range_profile: Standard, intended_for_max_resolution_mode: 0, group_id: -1, is_tunable: 1}
10-19 20:13:48.897  1447  2501 I Lyric   : graph_configuration.cc:374: {type: Streaminfo, stream_id: 32773, camera_id: Front, format: YCBCR_420_888, width: 1920, height: 1080, usage: [], stream_type: Output, use_case: Default, data_space: DataSpace(Custom)::Arbitrary, is_framework_physical_stream: 0, dynamic_range_profile: Standard, intended_for_max_resolution_mode: 0, group_id: -1, is_tunable: 1}
10-19 20:13:48.897  1447  2501 I Lyric   : graph_configuration.cc:374: {type: Streaminfo, stream_id: 32771, camera_id: Front, format: BLOB, width: 1920, height: 1080, usage: [], stream_type: Output, use_case: Default, data_space: DataSpace(Color)::(Standard: BT601_625, Transfer: SMPTE_170M, Range: Full), is_framework_physical_stream: 0, dynamic_range_profile: Standard, intended_for_max_resolution_mode: 0, group_id: -1, is_tunable: 1}
10-19 20:13:48.897  1447  2501 I Lyric   : graph_configuration.cc:374: {type: Streaminfo, stream_id: 32768, camera_id: FrontVirtual, format: YCBCR_420_888, width: 1280, height: 720, usage: [HwTexture], stream_type: Output, use_case: Default, data_space: DataSpace(Color)::(Standard: BT709, Transfer: RGB, Range: Full), is_framework_physical_stream: 0, dynamic_range_profile: Standard, intended_for_max_resolution_mode: 0, group_id: -1, is_tunable: 1}
10-19 20:13:48.897  1447  2501 I Lyric   : graph_configuration.cc:374: {type: Streaminfo, stream_id: 32769, camera_id: Front, format: YCBCR_420_888, width: 1280, height: 720, usage: [HwTexture], stream_type: Output, use_case: Default, data_space: DataSpace(Color)::(Standard: BT709, Transfer: RGB, Range: Full), is_framework_physical_stream: 0, dynamic_range_profile: Standard, intended_for_max_resolution_mode: 0, group_id: -1, is_tunable: 1}
10-19 20:13:48.897  1447  2501 I Lyric   : graph_configuration.cc:374: {type: Streaminfo, stream_id: 32770, camera_id: FrontVirtual, format: BLOB, width: 1920, height: 1080, usage: [], stream_type: Output, use_case: Default, data_space: DataSpace(Color)::(Standard: BT601_625, Transfer: SMPTE_170M, Range: Full), is_framework_physical_stream: 0, dynamic_range_profile: Standard, intended_for_max_resolution_mode: 0, group_id: -1, is_tunable: 1}
10-19 20:13:48.915  1447  1910 I G3ACoordinator: ae_session_config_parser_lyric.cc:201: ispfe_raw_input_resolution [width:3440, height:2000]
10-19 20:13:48.923  1447  1909 I G3ACoordinator: ae_session_config_parser_lyric.cc:201: ispfe_raw_input_resolution [width:3840, height:2236]
10-19 20:13:49.050  1447 12525 I Lyric   : camera_powerhal_impl.cc:202: CancelPowerBoost CAMERA_VIDEO_RECORDING
10-19 20:13:51.009  1447 13532 W Lyric   : stream_info_parser.cc:372: Camera Front unknown stream: {type: Streaminfo, stream_id: 32773, camera_id: Front, format: YCBCR_420_888, width: 1920, height: 1080, usage: [], stream_type: Output, use_case: Default, data_space: DataSpace(Custom)::Arbitrary, is_framework_physical_stream: 0, dynamic_range_profile: Standard, intended_for_max_resolution_mode: 0, group_id: -1, is_tunable: 1} does not fall in any known use case
10-19 20:13:51.009  1447 13532 I Lyric   : stream_info_parser.cc:364: Camera Front Preview stream: {type: Streaminfo, stream_id: 32769, camera_id: Front, format: YCBCR_420_888, width: 1280, height: 720, usage: [HwTexture], stream_type: Output, use_case: Default, data_space: DataSpace(Color)::(Standard: BT709, Transfer: RGB, Range: Full), is_framework_physical_stream: 0, dynamic_range_profile: Standard, intended_for_max_resolution_mode: 0, group_id: -1, is_tunable: 1}
10-19 20:13:51.009  1447 13532 I Lyric   : stream_info_parser.cc:364: Camera FrontVirtual Preview stream: {type: Streaminfo, stream_id: 32768, camera_id: FrontVirtual, format: YCBCR_420_888, width: 1280, height: 720, usage: [HwTexture], stream_type: Output, use_case: Default, data_space: DataSpace(Color)::(Standard: BT709, Transfer: RGB, Range: Full), is_framework_physical_stream: 0, dynamic_range_profile: Standard, intended_for_max_resolution_mode: 0, group_id: -1, is_tunable: 1}
10-19 20:13:51.009  1447 13532 W Lyric   : stream_info_parser.cc:372: Camera FrontVirtual unknown stream: {type: Streaminfo, stream_id: 32772, camera_id: FrontVirtual, format: YCBCR_420_888, width: 1920, height: 1080, usage: [], stream_type: Output, use_case: Default, data_space: DataSpace(Custom)::Arbitrary, is_framework_physical_stream: 0, dynamic_range_profile: Standard, intended_for_max_resolution_mode: 0, group_id: -1, is_tunable: 1} does not fall in any known use case
10-19 20:13:51.010  1447  2503 I Lyric   : sensor_generic_driver.cc:1959: DOKKAEBIVIRTUAL GetModeIndex requirement {size = {width: 1920, height: 1080}, frame_rate_range = [15, 30], request_binning_mode = false, request_pd_stream = false, only_config_logical_cam_stream = true, camera_id = [<recursive>], require_full_fov = false, is_high_frame_rate = false, crop_margin = 0, is_sibling_camera_participating = true, sub_image_count = 1, is_face_auth = false, is_video_mode = false, is_high_resolution_mode = false, is_arkaroo_enabled = false, is_roshi_enabled = false, is_specific_aspect_ratio_video = false, require_exact_size = false, force_sensor_mode_index = -1, is_multi_cam_usecase = true, raw_stream_usecase = 0, is_high_resolution_standalone_mode = false} required aspect ratio 1.77778 pick_transition_mode 0 require exact size 0
10-19 20:13:51.010  1447  2500 I Lyric   : sensor_generic_driver.cc:1959: DOKKAEBI GetModeIndex requirement {size = {width: 1920, height: 1080}, frame_rate_range = [15, 30], request_binning_mode = false, request_pd_stream = false, only_config_logical_cam_stream = true, camera_id = [<recursive>], require_full_fov = false, is_high_frame_rate = false, crop_margin = 0, is_sibling_camera_participating = true, sub_image_count = 1, is_face_auth = false, is_video_mode = false, is_high_resolution_mode = false, is_arkaroo_enabled = false, is_roshi_enabled = false, is_specific_aspect_ratio_video = false, require_exact_size = false, force_sensor_mode_index = -1, is_multi_cam_usecase = true, raw_stream_usecase = 0, is_high_resolution_standalone_mode = false} required aspect ratio 1.77778 pick_transition_mode 1 require exact size 0
10-19 20:13:51.011  1447  2503 I Lyric   : eaf_node.cc:80: cam6_eaf: stream_id 32768, res 1280x720, pipeline_id 0, is_video_stream false
10-19 20:13:51.011  1447  2503 I Lyric   : zuma_isp_subgraph.cc:532: raw_to_yuv_for_snapshot_exceeding_video: Pipeline (ID: (instance_id: 109714), IPs: [ RawToYuv ], Max Outputs: 1, IPConnections: [ ], Usecase: Snapshot)
10-19 20:13:51.011  1447  2503 I Lyric   : zuma_isp_subgraph.cc:539: video_mesh_warp: Pipeline (ID: (instance_id: 109717), IPs: [ MeshWarp ], Max Outputs: 1, IPConnections: [ ], Usecase: Video)
10-19 20:13:51.011  1447  2503 I Lyric   : zuma_isp_subgraph.cc:541: mesh_warp_for_snapshot_exceeding_video: Pipeline (ID: (instance_id: 109718), IPs: [ MeshWarp ], Max Outputs: 1, IPConnections: [ ], Usecase: Snapshot)
10-19 20:13:51.011  1447  2503 I Lyric   : zuma_isp_subgraph.cc:551: video_scaler: Pipeline (ID: (instance_id: 109722), IPs: [ Scaler ], Max Outputs: 0, IPConnections: [ ], Usecase: Video)
10-19 20:13:51.011  1447  2503 I Lyric   : zuma_isp_subgraph.cc:553: scaler_for_snapshot_exceeding_video: Pipeline (ID: (instance_id: 109723), IPs: [ Scaler ], Max Outputs: 2, IPConnections: [ ], Usecase: Snapshot)
10-19 20:13:51.011  1447  2500 I Lyric   : eaf_node.cc:80: cam5_eaf: stream_id 32769, res 1280x720, pipeline_id 0, is_video_stream false
10-19 20:13:51.011  1447  2500 I Lyric   : zuma_isp_subgraph.cc:532: raw_to_yuv_for_snapshot_exceeding_video: Pipeline (ID: (instance_id: 109732), IPs: [ RawToYuv ], Max Outputs: 1, IPConnections: [ ], Usecase: Snapshot)
10-19 20:13:51.011  1447  2500 I Lyric   : zuma_isp_subgraph.cc:539: video_mesh_warp: Pipeline (ID: (instance_id: 109735), IPs: [ MeshWarp ], Max Outputs: 1, IPConnections: [ ], Usecase: Video)
10-19 20:13:51.011  1447  2500 I Lyric   : zuma_isp_subgraph.cc:541: mesh_warp_for_snapshot_exceeding_video: Pipeline (ID: (instance_id: 109736), IPs: [ MeshWarp ], Max Outputs: 1, IPConnections: [ ], Usecase: Snapshot)
10-19 20:13:51.011  1447  2500 I Lyric   : zuma_isp_subgraph.cc:551: video_scaler: Pipeline (ID: (instance_id: 109740), IPs: [ Scaler ], Max Outputs: 0, IPConnections: [ ], Usecase: Video)
10-19 20:13:51.011  1447  2500 I Lyric   : zuma_isp_subgraph.cc:553: scaler_for_snapshot_exceeding_video: Pipeline (ID: (instance_id: 109741), IPs: [ Scaler ], Max Outputs: 2, IPConnections: [ ], Usecase: Snapshot)
10-19 20:13:51.011  1447  2503 I Lyric   : whi_like_isp_back_end_core_subgraph.cc:933: RawToYuvNode for snapshot exceeding video is configured to output consumer type 2 fmt: HalImageFormat{ pixel_format = YCBCR_420_SPN_10B, stride_alignment = 64, num_buffers = 1 } for FrontVirtual
10-19 20:13:51.012  1447  2500 I Lyric   : whi_like_isp_back_end_core_subgraph.cc:933: RawToYuvNode for snapshot exceeding video is configured to output consumer type 2 fmt: HalImageFormat{ pixel_format = YCBCR_420_SPN_10B, stride_alignment = 64, num_buffers = 1 } for Front
10-19 20:13:51.012  1447  2503 I Lyric   : generic_subgraph.cc:3459: camera_id = 6; is_front_camera = 1; is_1p_camera_app = 0; video_call = 1
10-19 20:13:51.012  1447  2500 I Lyric   : generic_subgraph.cc:3459: camera_id = 5; is_front_camera = 1; is_1p_camera_app = 0; video_call = 1
10-19 20:13:51.016  1447 13532 I Lyric   : multicam_graph.cc:1366: number of video bokeh nodes connected to multicam routing node = 0
10-19 20:13:51.018  1447 13532 I Lyric   : graph_configuration.cc:374: {type: Streaminfo, stream_id: 32770, camera_id: FrontVirtual, format: BLOB, width: 1920, height: 1080, usage: [], stream_type: Output, use_case: Default, data_space: DataSpace(Color)::(Standard: BT601_625, Transfer: SMPTE_170M, Range: Full), is_framework_physical_stream: 0, dynamic_range_profile: Standard, intended_for_max_resolution_mode: 0, group_id: -1, is_tunable: 1}
10-19 20:13:51.018  1447 13532 I Lyric   : graph_configuration.cc:374: {type: Streaminfo, stream_id: 32769, camera_id: Front, format: YCBCR_420_888, width: 1280, height: 720, usage: [HwTexture], stream_type: Output, use_case: Default, data_space: DataSpace(Color)::(Standard: BT709, Transfer: RGB, Range: Full), is_framework_physical_stream: 0, dynamic_range_profile: Standard, intended_for_max_resolution_mode: 0, group_id: -1, is_tunable: 1}
10-19 20:13:51.018  1447 13532 I Lyric   : graph_configuration.cc:374: {type: Streaminfo, stream_id: 32772, camera_id: FrontVirtual, format: YCBCR_420_888, width: 1920, height: 1080, usage: [], stream_type: Output, use_case: Default, data_space: DataSpace(Custom)::Arbitrary, is_framework_physical_stream: 0, dynamic_range_profile: Standard, intended_for_max_resolution_mode: 0, group_id: -1, is_tunable: 1}
10-19 20:13:51.018  1447 13532 I Lyric   : graph_configuration.cc:374: {type: Streaminfo, stream_id: 32771, camera_id: Front, format: BLOB, width: 1920, height: 1080, usage: [], stream_type: Output, use_case: Default, data_space: DataSpace(Color)::(Standard: BT601_625, Transfer: SMPTE_170M, Range: Full), is_framework_physical_stream: 0, dynamic_range_profile: Standard, intended_for_max_resolution_mode: 0, group_id: -1, is_tunable: 1}
10-19 20:13:51.018  1447 13532 I Lyric   : graph_configuration.cc:374: {type: Streaminfo, stream_id: 32768, camera_id: FrontVirtual, format: YCBCR_420_888, width: 1280, height: 720, usage: [HwTexture], stream_type: Output, use_case: Default, data_space: DataSpace(Color)::(Standard: BT709, Transfer: RGB, Range: Full), is_framework_physical_stream: 0, dynamic_range_profile: Standard, intended_for_max_resolution_mode: 0, group_id: -1, is_tunable: 1}
10-19 20:13:51.018  1447 13532 I Lyric   : graph_configuration.cc:374: {type: Streaminfo, stream_id: 32773, camera_id: Front, format: YCBCR_420_888, width: 1920, height: 1080, usage: [], stream_type: Output, use_case: Default, data_space: DataSpace(Custom)::Arbitrary, is_framework_physical_stream: 0, dynamic_range_profile: Standard, intended_for_max_resolution_mode: 0, group_id: -1, is_tunable: 1}
10-19 20:13:51.040  1447  1911 I G3ACoordinator: ae_session_config_parser_lyric.cc:201: ispfe_raw_input_resolution [width:3440, height:2000]
10-19 20:13:51.055  1447  1910 I G3ACoordinator: ae_session_config_parser_lyric.cc:201: ispfe_raw_input_resolution [width:3840, height:2236]
10-19 20:13:51.187  1447 10235 I Lyric   : camera_powerhal_impl.cc:202: CancelPowerBoost CAMERA_VIDEO_RECORDING
10-19 20:13:51.445  7153 21902 D CCodecBufferChannel: [c2.android.hevc.decoder#153] MediaCodec discarded an unknown buffer
10-19 20:13:51.445  7153 21902 D CCodecBufferChannel: [c2.android.hevc.decoder#153] MediaCodec discarded an unknown buffer
10-19 20:13:51.445  7153 21902 D CCodecBufferChannel: [c2.android.hevc.decoder#153] MediaCodec discarded an unknown buffer
10-19 20:13:51.460  7153 21903 D CCodec  : allocate(c2.android.hevc.decoder)
10-19 20:13:51.463  7153 21903 I CCodec  : setting up 'default' as default (vendor) store
10-19 20:13:51.471  7153 21903 I CCodec  : Created component [c2.android.hevc.decoder] for [c2.android.hevc.decoder]
10-19 20:13:51.471  7153 21903 D CCodecConfig: read media type: video/hevc
10-19 20:13:51.486  7153 21903 D CCodecConfig: ignoring local param raw.size (0xd2001800) as it is already supported
10-19 20:13:51.486  7153 21903 D CCodecConfig: ignoring local param default.color (0x5200180b) as it is already supported
10-19 20:13:51.488  7153 21903 I CCodecConfig: query failed after returning 12 values (BAD_INDEX)
10-19 20:13:51.489  7153 21903 D CCodecConfig: c2 config diff is Dict {
10-19 20:13:51.489  7153 21903 D CCodecConfig:   c2::u32 coded.pl.level = 24584
10-19 20:13:51.489  7153 21903 D CCodecConfig:   c2::u32 coded.pl.profile = 24576
10-19 20:13:51.489  7153 21903 D CCodecConfig:   c2::u32 coded.vui.color.matrix = 0
10-19 20:13:51.489  7153 21903 D CCodecConfig:   c2::u32 coded.vui.color.primaries = 0
10-19 20:13:51.489  7153 21903 D CCodecConfig:   c2::u32 coded.vui.color.range = 2
10-19 20:13:51.489  7153 21903 D CCodecConfig:   c2::u32 coded.vui.color.transfer = 0
10-19 20:13:51.489  7153 21903 D CCodecConfig:   c2::u32 default.color.matrix = 0
10-19 20:13:51.489  7153 21903 D CCodecConfig:   c2::u32 default.color.primaries = 0
10-19 20:13:51.489  7153 21903 D CCodecConfig:   c2::u32 default.color.range = 0
10-19 20:13:51.489  7153 21903 D CCodecConfig:   c2::u32 default.color.transfer = 0
10-19 20:13:51.489  7153 21903 D CCodecConfig:   c2::u32 input.buffers.max-size.value = 2097152
10-19 20:13:51.489  7153 21903 D CCodecConfig:   c2::u32 input.delay.value = 0
10-19 20:13:51.489  7153 21903 D CCodecConfig:   string input.media-type.value = "video/hevc"
10-19 20:13:51.489  7153 21903 D CCodecConfig:   c2::u32 output.delay.value = 8
10-19 20:13:51.489  7153 21903 D CCodecConfig:   string output.media-type.value = "video/raw"
10-19 20:13:51.489  7153 21903 D CCodecConfig:   c2::u32 raw.color.matrix = 0
10-19 20:13:51.489  7153 21903 D CCodecConfig:   c2::u32 raw.color.primaries = 0
10-19 20:13:51.489  7153 21903 D CCodecConfig:   c2::u32 raw.color.range = 2
10-19 20:13:51.489  7153 21903 D CCodecConfig:   c2::u32 raw.color.transfer = 0
10-19 20:13:51.489  7153 21903 D CCodecConfig:   c2::u32 raw.max-size.height = 240
10-19 20:13:51.489  7153 21903 D CCodecConfig:   c2::u32 raw.max-size.width = 320
10-19 20:13:51.489  7153 21903 D CCodecConfig:   c2::u32 raw.pixel-format.value = 35
10-19 20:13:51.489  7153 21903 D CCodecConfig:   c2::i32 raw.rotation.flip = 0
10-19 20:13:51.489  7153 21903 D CCodecConfig:   c2::i32 raw.rotation.value = 0
10-19 20:13:51.489  7153 21903 D CCodecConfig:   c2::u32 raw.sar.height = 1
10-19 20:13:51.489  7153 21903 D CCodecConfig:   c2::u32 raw.sar.width = 1
10-19 20:13:51.489  7153 21903 D CCodecConfig:   c2::u32 raw.size.height = 240
10-19 20:13:51.489  7153 21903 D CCodecConfig:   c2::u32 raw.size.width = 320
10-19 20:13:51.489  7153 21903 D CCodecConfig:   c2
10-19 20:13:51.494  7153 21895 I MediaCodec: media_quality service unavailable, skipping updatePictureProfile
10-19 20:13:51.495  7153 21902 I MediaCodec: [c2.android.hevc.decoder] setting surface generation to 7324812
10-19 20:13:51.495  7153 21903 D CCodec  : [c2.android.hevc.decoder] buffers are bound to CCodec for this session
10-19 20:13:51.496  7153 21903 D CCodecConfig: no c2 equivalents for color-format
10-19 20:13:51.496  7153 21903 D CCodecConfig: no c2 equivalents for native-window
10-19 20:13:51.496  7153 21903 D CCodecConfig: no c2 equivalents for native-window-generation
10-19 20:13:51.496  7153 21903 D CCodecConfig: no c2 equivalents for flags
10-19 20:13:51.498  7153 21903 D CCodecConfig: c2 config diff is   c2::u32 raw.size.height = 1280
10-19 20:13:51.498  7153 21903 D CCodecConfig:   c2::u32 raw.size.width = 720
10-19 20:13:51.499  7153 21903 D CCodec  : encoding statistics level = 0
10-19 20:13:51.500  7153 21903 D CCodec  : setup formats input: AMessage(what = 0x00000000) = {
10-19 20:13:51.500  7153 21903 D CCodec  :   int32_t height = 1280
10-19 20:13:51.500  7153 21903 D CCodec  :   int32_t level = 65536
10-19 20:13:51.500  7153 21903 D CCodec  :   int32_t max-input-size = 2097152
10-19 20:13:51.500  7153 21903 D CCodec  :   string mime = "video/hevc"
10-19 20:13:51.500  7153 21903 D CCodec  :   int32_t profile = 1
10-19 20:13:51.500  7153 21903 D CCodec  :   int32_t width = 720
10-19 20:13:51.500  7153 21903 D CCodec  :   Rect crop(0, 0, 719, 1279)
10-19 20:13:51.500  7153 21903 D CCodec  : }
10-19 20:13:51.500  7153 21903 D CCodec  : setup formats output: AMessage(what = 0x00000000) = {
10-19 20:13:51.500  7153 21903 D CCodec  :   int32_t android._color-format = 2135033992
10-19 20:13:51.500  7153 21903 D CCodec  :   int32_t android._video-scaling = 1
10-19 20:13:51.500  7153 21903 D CCodec  :   int32_t rotation-degrees = 0
10-19 20:13:51.500  7153 21903 D CCodec  :   int32_t color-standard = 1
10-19 20:13:51.500  7153 21903 D CCodec  :   int32_t color-range = 2
10-19 20:13:51.500  7153 21903 D CCodec  :   int32_t color-transfer = 3
10-19 20:13:51.500  7153 21903 D CCodec  :   int32_t sar-height = 1
10-19 20:13:51.500  7153 21903 D CCodec  :   int32_t sar-width = 1
10-19 20:13:51.500  7153 21903 D CCodec  :   Rect crop(0, 0, 719, 1279)
10-19 20:13:51.500  7153 21903 D CCodec  :   int32_t width = 720
10-19 20:13:51.500  7153 21903 D CCodec  :   int32_t height = 1280
10-19 20:13:51.500  7153 21903 D CCodec  :   int32_t max-height = 240
10-19 20:13:51.500  7153 21903 D CCodec  :   int32_t max-width = 320
10-19 20:13:51.500  7153 21903 D CCodec  :   string mime = "video/raw"
10-19 20:13:51.500  7153 21903 D CCodec  :   int32_t android._dataspace = 260
10-19 20:13:51.500  7153 21903 D CCodec  :   int32_t color-format = 2135033992
10-19 20:13:51.500  7153 21903 D CCodec  : }
10-19 20:13:51.500  7153 21903 I CCodecConfig: query failed after returning 12 values (BAD_INDEX)
10-19 20:13:51.501  7153 21903 D CCodecConfig: c2 config diff is   c2::u32 raw.max-size.height = 1280
10-19 20:13:51.501  7153 21903 D CCodecConfig:   c2::u32 raw.max-size.width = 720
10-19 20:13:51.504  7153 21902 I MediaCodec: MediaCodec will operate in async mode
10-19 20:13:51.505  7153 21895 D MediaCodec: keep callback message for reclaim
10-19 20:13:51.522  7153 21903 D CCodecBufferChannel: [c2.android.hevc.decoder#459] Created input block pool with allocatorID 16 => poolID 196 - OK (0)
10-19 20:13:51.523  7153 21903 D CCodecBufferChannel: [c2.android.hevc.decoder#459] Query output surface allocator returned 0 params => BAD_INDEX (6)
10-19 20:13:51.524  7153 21903 D Codec2Client: GraphicBufferAllocator created
10-19 20:13:51.526  7153 21903 I CCodecBufferChannel: [c2.android.hevc.decoder#459] Created output block pool with allocatorID 18 => poolID 806 - OK
10-19 20:13:51.526  7153 21903 D CCodecBufferChannel: [c2.android.hevc.decoder#459] Configured output block pool ids 806 => OK
10-19 20:13:51.527  7153 21903 D Codec2Client: setOutputSurface -- failed to set consumer usage (6/BAD_INDEX)
10-19 20:13:51.527  7153 21903 D Codec2Client: setOutputSurface -- generation=7324812 consumer usage=0x900
10-19 20:13:51.534 14154 25906 I DeviceHardwareStateManager: New device state brokenCamera: false, brokenSpeaker: false, brokenMicrophone: false, brokenNotificationLed: false, brokenImu: true, brokenDsp: false, brokenMcu: false, hingeState: OPEN, waterDetectState: UNKNOWN, isTampered: false, thermalState: NORMAL, mediaPeakPowerState: NORMAL, videoCallingPeakPowerState: NORMAL, battery: Battery(stateOfCharge=99, isCharging=false, temperature=234, voltage=3988, displayMode=PERCENTAGE, incompatibleChargerDetected=false), caseBattery: Battery(stateOfCharge=0, isCharging=false, temperature=0, voltage=0, displayMode=DOTS, incompatibleChargerDetected=false), caseSystemInfo: CaseSystemInfo(serialNumber=2R5SB0BF9F060P, firmwareVersion=12.14.5, isPresent=false), audioActive: false, cameraState: CAPTURE_VIDEO_STARTED, storageState: STABLE, isStreamingActive: true, inDeepSleep: false, isMounted: true, hotCarEventOccurred: false, registeredSNApps: [ASSISTANT]isSessionVerified: falseDeviceLockState: NO_LOCKPeakPowerUserExperienceThrottlingInfo: []
