10-28 14:54:53.062  1447  1447 I Lyric   : camera_powerhal_impl.cc:202: CancelPowerBoost CAMERA_VIDEO_RECORDING
10-28 14:54:57.670  1447  2497 W Lyric   : stream_info_parser.cc:372: Camera Front unknown stream: {type: Streaminfo, stream_id: 32773, camera_id: Front, format: YCBCR_420_888, width: 3264, height: 1836, usage: [], stream_type: Output, use_case: Default, data_space: DataSpace(Custom)::Arbitrary, is_framework_physical_stream: 0, dynamic_range_profile: Standard, intended_for_max_resolution_mode: 0, group_id: -1, is_tunable: 1} does not fall in any known use case
10-28 14:54:57.670  1447  2497 I Lyric   : stream_info_parser.cc:364: Camera Front Preview stream: {type: Streaminfo, stream_id: 32769, camera_id: Front, format: YCBCR_420_888, width: 1920, height: 1080, usage: [HwTexture], stream_type: Output, use_case: Default, data_space: DataSpace(Color)::(Standard: BT709, Transfer: RGB, Range: Full), is_framework_physical_stream: 0, dynamic_range_profile: Standard, intended_for_max_resolution_mode: 0, group_id: -1, is_tunable: 1}
10-28 14:54:57.671  1447  2497 W Lyric   : stream_info_parser.cc:372: Camera FrontVirtual unknown stream: {type: Streaminfo, stream_id: 32772, camera_id: FrontVirtual, format: YCBCR_420_888, width: 3264, height: 1836, usage: [], stream_type: Output, use_case: Default, data_space: DataSpace(Custom)::Arbitrary, is_framework_physical_stream: 0, dynamic_range_profile: Standard, intended_for_max_resolution_mode: 0, group_id: -1, is_tunable: 1} does not fall in any known use case
10-28 14:54:57.671  1447  2497 I Lyric   : stream_info_parser.cc:364: Camera FrontVirtual Preview stream: {type: Streaminfo, stream_id: 32768, camera_id: FrontVirtual, format: YCBCR_420_888, width: 1920, height: 1080, usage: [HwTexture], stream_type: Output, use_case: Default, data_space: DataSpace(Color)::(Standard: BT709, Transfer: RGB, Range: Full), is_framework_physical_stream: 0, dynamic_range_profile: Standard, intended_for_max_resolution_mode: 0, group_id: -1, is_tunable: 1}
10-28 14:54:57.672  1447  2506 I Lyric   : sensor_generic_driver.cc:1959: DOKKAEBI GetModeIndex requirement {size = {width: 3264, height: 1836}, frame_rate_range = [15, 30], request_binning_mode = false, request_pd_stream = false, only_config_logical_cam_stream = true, camera_id = [<recursive>], require_full_fov = false, is_high_frame_rate = false, crop_margin = 0, is_sibling_camera_participating = true, sub_image_count = 1, is_face_auth = false, is_video_mode = false, is_high_resolution_mode = false, is_arkaroo_enabled = false, is_roshi_enabled = false, is_specific_aspect_ratio_video = false, require_exact_size = false, force_sensor_mode_index = -1, is_multi_cam_usecase = true, raw_stream_usecase = 0, is_high_resolution_standalone_mode = false} required aspect ratio 1.77778 pick_transition_mode 1 require exact size 0
10-28 14:54:57.672  1447  2505 I Lyric   : sensor_generic_driver.cc:1959: DOKKAEBIVIRTUAL GetModeIndex requirement {size = {width: 3264, height: 1836}, frame_rate_range = [15, 30], request_binning_mode = false, request_pd_stream = false, only_config_logical_cam_stream = true, camera_id = [<recursive>], require_full_fov = false, is_high_frame_rate = false, crop_margin = 0, is_sibling_camera_participating = true, sub_image_count = 1, is_face_auth = false, is_video_mode = false, is_high_resolution_mode = false, is_arkaroo_enabled = false, is_roshi_enabled = false, is_specific_aspect_ratio_video = false, require_exact_size = false, force_sensor_mode_index = -1, is_multi_cam_usecase = true, raw_stream_usecase = 0, is_high_resolution_standalone_mode = false} required aspect ratio 1.77778 pick_transition_mode 0 require exact size 0
10-28 14:54:57.672  1447  2505 I Lyric   : eaf_node.cc:80: cam6_eaf: stream_id 32768, res 1920x1080, pipeline_id 0, is_video_stream false
10-28 14:54:57.672  1447  2506 I Lyric   : eaf_node.cc:80: cam5_eaf: stream_id 32769, res 1920x1080, pipeline_id 0, is_video_stream false
10-28 14:54:57.672  1447  2505 I Lyric   : zuma_isp_subgraph.cc:532: raw_to_yuv_for_snapshot_exceeding_video: Pipeline (ID: (instance_id: 453424), IPs: [ RawToYuv ], Max Outputs: 1, IPConnections: [ ], Usecase: Snapshot)
10-28 14:54:57.672  1447  2506 I Lyric   : zuma_isp_subgraph.cc:532: raw_to_yuv_for_snapshot_exceeding_video: Pipeline (ID: (instance_id: 453406), IPs: [ RawToYuv ], Max Outputs: 1, IPConnections: [ ], Usecase: Snapshot)
10-28 14:54:57.672  1447  2505 I Lyric   : zuma_isp_subgraph.cc:539: video_mesh_warp: Pipeline (ID: (instance_id: 453427), IPs: [ MeshWarp ], Max Outputs: 1, IPConnections: [ ], Usecase: Video)
10-28 14:54:57.672  1447  2506 I Lyric   : zuma_isp_subgraph.cc:539: video_mesh_warp: Pipeline (ID: (instance_id: 453409), IPs: [ MeshWarp ], Max Outputs: 1, IPConnections: [ ], Usecase: Video)
10-28 14:54:57.672  1447  2505 I Lyric   : zuma_isp_subgraph.cc:541: mesh_warp_for_snapshot_exceeding_video: Pipeline (ID: (instance_id: 453428), IPs: [ MeshWarp ], Max Outputs: 1, IPConnections: [ ], Usecase: Snapshot)
10-28 14:54:57.672  1447  2506 I Lyric   : zuma_isp_subgraph.cc:541: mesh_warp_for_snapshot_exceeding_video: Pipeline (ID: (instance_id: 453410), IPs: [ MeshWarp ], Max Outputs: 1, IPConnections: [ ], Usecase: Snapshot)
10-28 14:54:57.672  1447  2505 I Lyric   : zuma_isp_subgraph.cc:551: video_scaler: Pipeline (ID: (instance_id: 453432), IPs: [ Scaler ], Max Outputs: 0, IPConnections: [ ], Usecase: Video)
10-28 14:54:57.672  1447  2506 I Lyric   : zuma_isp_subgraph.cc:551: video_scaler: Pipeline (ID: (instance_id: 453414), IPs: [ Scaler ], Max Outputs: 0, IPConnections: [ ], Usecase: Video)
10-28 14:54:57.672  1447  2505 I Lyric   : zuma_isp_subgraph.cc:553: scaler_for_snapshot_exceeding_video: Pipeline (ID: (instance_id: 453433), IPs: [ Scaler ], Max Outputs: 2, IPConnections: [ ], Usecase: Snapshot)
10-28 14:54:57.672  1447  2506 I Lyric   : zuma_isp_subgraph.cc:553: scaler_for_snapshot_exceeding_video: Pipeline (ID: (instance_id: 453415), IPs: [ Scaler ], Max Outputs: 2, IPConnections: [ ], Usecase: Snapshot)
10-28 14:54:57.673  1447  2506 I Lyric   : whi_like_isp_back_end_core_subgraph.cc:933: RawToYuvNode for snapshot exceeding video is configured to output consumer type 2 fmt: HalImageFormat{ pixel_format = YCBCR_420_SPN_10B, stride_alignment = 64, num_buffers = 1 } for Front
10-28 14:54:57.673  1447  2505 I Lyric   : whi_like_isp_back_end_core_subgraph.cc:933: RawToYuvNode for snapshot exceeding video is configured to output consumer type 2 fmt: HalImageFormat{ pixel_format = YCBCR_420_SPN_10B, stride_alignment = 64, num_buffers = 1 } for FrontVirtual
10-28 14:54:57.674  1447  2505 I Lyric   : generic_subgraph.cc:3459: camera_id = 6; is_front_camera = 1; is_1p_camera_app = 0; video_call = 0
10-28 14:54:57.674  1447  2506 I Lyric   : generic_subgraph.cc:3459: camera_id = 5; is_front_camera = 1; is_1p_camera_app = 0; video_call = 0
10-28 14:54:57.678  1447  2497 I Lyric   : multicam_graph.cc:1366: number of video bokeh nodes connected to multicam routing node = 0
10-28 14:54:57.679  1447  2497 I Lyric   : graph_configuration.cc:374: {type: Streaminfo, stream_id: 32769, camera_id: Front, format: YCBCR_420_888, width: 1920, height: 1080, usage: [HwTexture], stream_type: Output, use_case: Default, data_space: DataSpace(Color)::(Standard: BT709, Transfer: RGB, Range: Full), is_framework_physical_stream: 0, dynamic_range_profile: Standard, intended_for_max_resolution_mode: 0, group_id: -1, is_tunable: 1}
10-28 14:54:57.679  1447  2497 I Lyric   : graph_configuration.cc:374: {type: Streaminfo, stream_id: 32771, camera_id: Front, format: BLOB, width: 3264, height: 1836, usage: [], stream_type: Output, use_case: Default, data_space: DataSpace(Color)::(Standard: BT601_625, Transfer: SMPTE_170M, Range: Full), is_framework_physical_stream: 0, dynamic_range_profile: Standard, intended_for_max_resolution_mode: 0, group_id: -1, is_tunable: 1}
10-28 14:54:57.679  1447  2497 I Lyric   : graph_configuration.cc:374: {type: Streaminfo, stream_id: 32768, camera_id: FrontVirtual, format: YCBCR_420_888, width: 1920, height: 1080, usage: [HwTexture], stream_type: Output, use_case: Default, data_space: DataSpace(Color)::(Standard: BT709, Transfer: RGB, Range: Full), is_framework_physical_stream: 0, dynamic_range_profile: Standard, intended_for_max_resolution_mode: 0, group_id: -1, is_tunable: 1}
10-28 14:54:57.679  1447  2497 I Lyric   : graph_configuration.cc:374: {type: Streaminfo, stream_id: 32773, camera_id: Front, format: YCBCR_420_888, width: 3264, height: 1836, usage: [], stream_type: Output, use_case: Default, data_space: DataSpace(Custom)::Arbitrary, is_framework_physical_stream: 0, dynamic_range_profile: Standard, intended_for_max_resolution_mode: 0, group_id: -1, is_tunable: 1}
10-28 14:54:57.679  1447  2497 I Lyric   : graph_configuration.cc:374: {type: Streaminfo, stream_id: 32770, camera_id: FrontVirtual, format: BLOB, width: 3264, height: 1836, usage: [], stream_type: Output, use_case: Default, data_space: DataSpace(Color)::(Standard: BT601_625, Transfer: SMPTE_170M, Range: Full), is_framework_physical_stream: 0, dynamic_range_profile: Standard, intended_for_max_resolution_mode: 0, group_id: -1, is_tunable: 1}
10-28 14:54:57.679  1447  2497 I Lyric   : graph_configuration.cc:374: {type: Streaminfo, stream_id: 32772, camera_id: FrontVirtual, format: YCBCR_420_888, width: 3264, height: 1836, usage: [], stream_type: Output, use_case: Default, data_space: DataSpace(Custom)::Arbitrary, is_framework_physical_stream: 0, dynamic_range_profile: Standard, intended_for_max_resolution_mode: 0, group_id: -1, is_tunable: 1}
10-28 14:54:57.692  1447  1910 I G3ACoordinator: ae_session_config_parser_lyric.cc:201: ispfe_raw_input_resolution [width:3440, height:2000]
10-28 14:54:57.699  1447  1909 I G3ACoordinator: ae_session_config_parser_lyric.cc:201: ispfe_raw_input_resolution [width:3840, height:2236]
10-28 14:54:57.791  1447  2506 I Lyric   : scaler_node.cc:1017: The 0th output HalPixelFormat for cam6_preview_scaler YCBCR_420_888 resolution: 1920x1080
10-28 14:54:57.791  1447  2506 I Lyric   : scaler_node.cc:1017: The 1th output HalPixelFormat for cam6_preview_scaler YCBCR_420_888 resolution: 3264x1836
10-28 14:54:59.879  1447 10234 I Lyric   : camera_powerhal_impl.cc:202: CancelPowerBoost CAMERA_VIDEO_RECORDING
10-28 14:57:33.029  1897  3640 I Telecom : TelecomServiceImpl$1: registerPhoneAccount: account=[[ ] PhoneAccount: ComponentInfo{com.whatsapp/com.whatsapp.calling.telecom.SelfManagedConnectionService}, ***, UserHandle{0} Capabilities: SelfManaged SuppVideo Video  Audio Routes: BESW Schemes: tel  Extras: Bundle[{android.telecom.extra.LOG_SELF_MANAGED_CALLS=false}] GroupId: *** SC Restrictions: [NONE]]: TSI.rPA(cw)@ke4
10-28 14:57:33.031  1897  3640 I Telecom : CallsManager: handlePhoneAccountChanged: phoneAccount=[[X] PhoneAccount: ComponentInfo{com.whatsapp/com.whatsapp.calling.telecom.SelfManagedConnectionService}, ***, UserHandle{0} Capabilities: SelfManaged SuppVideo Video  Audio Routes: BESW Schemes: tel  Extras: Bundle[{android.telecom.extra.LOG_SELF_MANAGED_CALLS=false}] GroupId: *** SC Restrictions: [NONE]]: TSI.rPA(cw)@ke4
10-28 14:57:33.036  1897  3640 I Telecom : Event: RecordEntry TC@7: VIDEO_STATE_CHANGED, Audio Tx Rx: TSI.pC(cw)@kfA
10-28 14:57:33.066  1897  1897 I Telecom : CallsManager: [Call id=TC@7, state=CONNECTING, tpac=ComponentInfo{com.whatsapp/com.whatsapp.calling.telecom.SelfManagedConnectionService}, ***, UserHandle{0}, cmgr=null, handle=tel:***********, vidst=ATR, childs(0), has_parent(false), cap=[], prop=[ self_mng]], voip=true Starting with speakerphone because its a video call.: TSI.pC->CIP.sNOCI(cw)@kfA
10-28 14:57:33.091  1897  3293 I Telecom : CallAudioRouteController: skipEarpiece for video call?false: TSI.pC->CM.fOCP->CM.sOCPA->CM.dSMCP->CM.mROC->CM.dSPA->CM.pASP->CAMSM.pM_2001->CARC.pM_SWITCH_FOCUS(cw)@kfA
10-28 14:57:33.118 19251 19251 I TelecomFramework: SelfManagedConnectionService: createConnection, callManagerAccount: ComponentInfo{com.whatsapp/com.whatsapp.calling.telecom.SelfManagedConnectionService}, ***, UserHandle{0}, callId: TC@7_1, request: ConnectionRequest xxxxxxxxxxxxxxx Bundle[android.telecom.extra.ADD_SELF_MANAGED_CALLS_TO_INCALLSERVICE=true, android.telecom.extra.START_CALL_WITH_VIDEO_STATE=3, is_rejoin=false, peer_jid=18022625516@s.whatsapp.net, call_id=AC64C54927CFEAE321FB055E7B918507, android.telecom.extra.CALL_TELECOM_ROUTING_END_TIME_MILLIS=1196729712, peer_display_name=Lakshya Shah, android.telecom.extra.CALL_TELECOM_ROUTING_START_TIME_MILLIS=1196729710, is_call_link=false, ] isAdhocConf: N, isIncoming: false, isUnknown: false, isLegacyHandover: false, isHandover: false,  addSelfManaged: true: (SBC.oSC)->CS.crCo->H.CS.crCo->H.CS.crCo.pICR(cw/cast)@E-kfU
10-28 14:57:33.996  1447 10234 I Lyric   : camera_powerhal_impl.cc:263: SetPowerStreamingMode CAMERA_STREAMING_VIDEO_CALL mode
10-28 14:57:33.997  1447  2503 I Lyric   : stream_info_parser.cc:334: Camera Front VideoCall stream: {type: Streaminfo, stream_id: 32771, camera_id: Front, format: YCBCR_420_888, width: 1280, height: 720, usage: [], stream_type: Output, use_case: VideoCall, data_space: DataSpace(Color)::(Standard: BT601_625, Transfer: SMPTE_170M, Range: Full), is_framework_physical_stream: 0, dynamic_range_profile: Standard, intended_for_max_resolution_mode: 0, group_id: -1, is_tunable: 1}
10-28 14:57:33.997  1447  2503 W Lyric   : stream_info_parser.cc:372: Camera Front unknown stream: {type: Streaminfo, stream_id: 32773, camera_id: Front, format: YCBCR_420_888, width: 1280, height: 720, usage: [], stream_type: Output, use_case: Default, data_space: DataSpace(Custom)::Arbitrary, is_framework_physical_stream: 0, dynamic_range_profile: Standard, intended_for_max_resolution_mode: 0, group_id: -1, is_tunable: 1} does not fall in any known use case
10-28 14:57:33.997  1447  2503 I Lyric   : stream_info_parser.cc:364: Camera Front Preview stream: {type: Streaminfo, stream_id: 32769, camera_id: Front, format: YCBCR_420_888, width: 1280, height: 720, usage: [HwTexture], stream_type: Output, use_case: Preview, data_space: DataSpace(Color)::(Standard: BT709, Transfer: RGB, Range: Full), is_framework_physical_stream: 0, dynamic_range_profile: Standard, intended_for_max_resolution_mode: 0, group_id: -1, is_tunable: 1}
10-28 14:57:33.997  1447  2503 I Lyric   : generic_subgraph.cc:1094: Front request sensor binning for resolution 1280x720
10-28 14:57:33.997  1447  2503 W Lyric   : stream_info_parser.cc:372: Camera FrontVirtual unknown stream: {type: Streaminfo, stream_id: 32772, camera_id: FrontVirtual, format: YCBCR_420_888, width: 1280, height: 720, usage: [], stream_type: Output, use_case: Default, data_space: DataSpace(Custom)::Arbitrary, is_framework_physical_stream: 0, dynamic_range_profile: Standard, intended_for_max_resolution_mode: 0, group_id: -1, is_tunable: 1} does not fall in any known use case
10-28 14:57:33.997  1447  2503 I Lyric   : stream_info_parser.cc:334: Camera FrontVirtual VideoCall stream: {type: Streaminfo, stream_id: 32770, camera_id: FrontVirtual, format: YCBCR_420_888, width: 1280, height: 720, usage: [], stream_type: Output, use_case: VideoCall, data_space: DataSpace(Color)::(Standard: BT601_625, Transfer: SMPTE_170M, Range: Full), is_framework_physical_stream: 0, dynamic_range_profile: Standard, intended_for_max_resolution_mode: 0, group_id: -1, is_tunable: 1}
10-28 14:57:33.997  1447  2503 I Lyric   : stream_info_parser.cc:364: Camera FrontVirtual Preview stream: {type: Streaminfo, stream_id: 32768, camera_id: FrontVirtual, format: YCBCR_420_888, width: 1280, height: 720, usage: [HwTexture], stream_type: Output, use_case: Preview, data_space: DataSpace(Color)::(Standard: BT709, Transfer: RGB, Range: Full), is_framework_physical_stream: 0, dynamic_range_profile: Standard, intended_for_max_resolution_mode: 0, group_id: -1, is_tunable: 1}
10-28 14:57:33.997  1447  2503 I Lyric   : generic_subgraph.cc:1094: FrontVirtual request sensor binning for resolution 1280x720
10-28 14:57:33.998  1447  2506 I Lyric   : sensor_generic_driver.cc:1959: DOKKAEBIVIRTUAL GetModeIndex requirement {size = {width: 1280, height: 720}, frame_rate_range = [15, 30], request_binning_mode = true, request_pd_stream = false, only_config_logical_cam_stream = true, camera_id = [<recursive>], require_full_fov = false, is_high_frame_rate = false, crop_margin = 0, is_sibling_camera_participating = true, sub_image_count = 1, is_face_auth = false, is_video_mode = false, is_high_resolution_mode = false, is_arkaroo_enabled = false, is_roshi_enabled = false, is_specific_aspect_ratio_video = false, require_exact_size = false, force_sensor_mode_index = -1, is_multi_cam_usecase = true, raw_stream_usecase = 0, is_high_resolution_standalone_mode = false} required aspect ratio 1.77778 pick_transition_mode 0 require exact size 0
10-28 14:57:33.998  1447  2505 I Lyric   : sensor_generic_driver.cc:1959: DOKKAEBI GetModeIndex requirement {size = {width: 1280, height: 720}, frame_rate_range = [15, 30], request_binning_mode = true, request_pd_stream = false, only_config_logical_cam_stream = true, camera_id = [<recursive>], require_full_fov = false, is_high_frame_rate = false, crop_margin = 0, is_sibling_camera_participating = true, sub_image_count = 1, is_face_auth = false, is_video_mode = false, is_high_resolution_mode = false, is_arkaroo_enabled = false, is_roshi_enabled = false, is_specific_aspect_ratio_video = false, require_exact_size = false, force_sensor_mode_index = -1, is_multi_cam_usecase = true, raw_stream_usecase = 0, is_high_resolution_standalone_mode = false} required aspect ratio 1.77778 pick_transition_mode 1 require exact size 0
10-28 14:57:33.999  1447  2505 I Lyric   : eaf_node.cc:80: cam5_eaf: stream_id 32769, res 1280x720, pipeline_id 0, is_video_stream false
10-28 14:57:33.999  1447  2506 I Lyric   : eaf_node.cc:80: cam6_eaf: stream_id 32768, res 1280x720, pipeline_id 0, is_video_stream false
10-28 14:57:33.999  1447  2505 I Lyric   : zuma_isp_subgraph.cc:532: raw_to_yuv_for_snapshot_exceeding_video: Pipeline (ID: (instance_id: 453743), IPs: [ RawToYuv ], Max Outputs: 1, IPConnections: [ ], Usecase: Snapshot)
10-28 14:57:33.999  1447  2506 I Lyric   : zuma_isp_subgraph.cc:532: raw_to_yuv_for_snapshot_exceeding_video: Pipeline (ID: (instance_id: 453761), IPs: [ RawToYuv ], Max Outputs: 1, IPConnections: [ ], Usecase: Snapshot)
10-28 14:57:33.999  1447  2505 I Lyric   : zuma_isp_subgraph.cc:539: video_mesh_warp: Pipeline (ID: (instance_id: 453746), IPs: [ MeshWarp ], Max Outputs: 1, IPConnections: [ ], Usecase: Video)
10-28 14:57:33.999  1447  2505 I Lyric   : zuma_isp_subgraph.cc:541: mesh_warp_for_snapshot_exceeding_video: Pipeline (ID: (instance_id: 453747), IPs: [ MeshWarp ], Max Outputs: 1, IPConnections: [ ], Usecase: Snapshot)
10-28 14:57:33.999  1447  2506 I Lyric   : zuma_isp_subgraph.cc:539: video_mesh_warp: Pipeline (ID: (instance_id: 453764), IPs: [ MeshWarp ], Max Outputs: 1, IPConnections: [ ], Usecase: Video)
10-28 14:57:33.999  1447  2506 I Lyric   : zuma_isp_subgraph.cc:541: mesh_warp_for_snapshot_exceeding_video: Pipeline (ID: (instance_id: 453765), IPs: [ MeshWarp ], Max Outputs: 1, IPConnections: [ ], Usecase: Snapshot)
10-28 14:57:33.999  1447  2505 I Lyric   : zuma_isp_subgraph.cc:551: video_scaler: Pipeline (ID: (instance_id: 453751), IPs: [ Scaler ], Max Outputs: 0, IPConnections: [ ], Usecase: Video)
10-28 14:57:33.999  1447  2505 I Lyric   : zuma_isp_subgraph.cc:553: scaler_for_snapshot_exceeding_video: Pipeline (ID: (instance_id: 453752), IPs: [ Scaler ], Max Outputs: 0, IPConnections: [ ], Usecase: Snapshot)
10-28 14:57:33.999  1447  2506 I Lyric   : zuma_isp_subgraph.cc:551: video_scaler: Pipeline (ID: (instance_id: 453769), IPs: [ Scaler ], Max Outputs: 0, IPConnections: [ ], Usecase: Video)
10-28 14:57:33.999  1447  2506 I Lyric   : zuma_isp_subgraph.cc:553: scaler_for_snapshot_exceeding_video: Pipeline (ID: (instance_id: 453770), IPs: [ Scaler ], Max Outputs: 0, IPConnections: [ ], Usecase: Snapshot)
10-28 14:57:34.000  1447  2505 I Lyric   : whi_like_isp_back_end_core_subgraph.cc:933: RawToYuvNode for snapshot exceeding video is configured to output consumer type 2 fmt: HalImageFormat{ pixel_format = YCBCR_420_SPN_10B, stride_alignment = 64, num_buffers = 1 } for Front
10-28 14:57:34.000  1447  2506 I Lyric   : whi_like_isp_back_end_core_subgraph.cc:933: RawToYuvNode for snapshot exceeding video is configured to output consumer type 2 fmt: HalImageFormat{ pixel_format = YCBCR_420_SPN_10B, stride_alignment = 64, num_buffers = 1 } for FrontVirtual
10-28 14:57:34.000  1447  2505 I Lyric   : generic_subgraph.cc:3459: camera_id = 5; is_front_camera = 1; is_1p_camera_app = 0; video_call = 1
10-28 14:57:34.000  1447  2506 I Lyric   : generic_subgraph.cc:3459: camera_id = 6; is_front_camera = 1; is_1p_camera_app = 0; video_call = 1
10-28 14:57:34.005  1447  2503 I Lyric   : multicam_graph.cc:1366: number of video bokeh nodes connected to multicam routing node = 0
10-28 14:57:34.006  1447  2503 I Lyric   : graph_configuration.cc:374: {type: Streaminfo, stream_id: 32773, camera_id: Front, format: YCBCR_420_888, width: 1280, height: 720, usage: [], stream_type: Output, use_case: Default, data_space: DataSpace(Custom)::Arbitrary, is_framework_physical_stream: 0, dynamic_range_profile: Standard, intended_for_max_resolution_mode: 0, group_id: -1, is_tunable: 1}
10-28 14:57:34.006  1447  2503 I Lyric   : graph_configuration.cc:374: {type: Streaminfo, stream_id: 32770, camera_id: FrontVirtual, format: YCBCR_420_888, width: 1280, height: 720, usage: [], stream_type: Output, use_case: VideoCall, data_space: DataSpace(Color)::(Standard: BT601_625, Transfer: SMPTE_170M, Range: Full), is_framework_physical_stream: 0, dynamic_range_profile: Standard, intended_for_max_resolution_mode: 0, group_id: -1, is_tunable: 1}
10-28 14:57:34.006  1447  2503 I Lyric   : graph_configuration.cc:374: {type: Streaminfo, stream_id: 32771, camera_id: Front, format: YCBCR_420_888, width: 1280, height: 720, usage: [], stream_type: Output, use_case: VideoCall, data_space: DataSpace(Color)::(Standard: BT601_625, Transfer: SMPTE_170M, Range: Full), is_framework_physical_stream: 0, dynamic_range_profile: Standard, intended_for_max_resolution_mode: 0, group_id: -1, is_tunable: 1}
10-28 14:57:34.006  1447  2503 I Lyric   : graph_configuration.cc:374: {type: Streaminfo, stream_id: 32768, camera_id: FrontVirtual, format: YCBCR_420_888, width: 1280, height: 720, usage: [HwTexture], stream_type: Output, use_case: Preview, data_space: DataSpace(Color)::(Standard: BT709, Transfer: RGB, Range: Full), is_framework_physical_stream: 0, dynamic_range_profile: Standard, intended_for_max_resolution_mode: 0, group_id: -1, is_tunable: 1}
10-28 14:57:34.006  1447  2503 I Lyric   : graph_configuration.cc:374: {type: Streaminfo, stream_id: 32769, camera_id: Front, format: YCBCR_420_888, width: 1280, height: 720, usage: [HwTexture], stream_type: Output, use_case: Preview, data_space: DataSpace(Color)::(Standard: BT709, Transfer: RGB, Range: Full), is_framework_physical_stream: 0, dynamic_range_profile: Standard, intended_for_max_resolution_mode: 0, group_id: -1, is_tunable: 1}
10-28 14:57:34.006  1447  2503 I Lyric   : graph_configuration.cc:374: {type: Streaminfo, stream_id: 32772, camera_id: FrontVirtual, format: YCBCR_420_888, width: 1280, height: 720, usage: [], stream_type: Output, use_case: Default, data_space: DataSpace(Custom)::Arbitrary, is_framework_physical_stream: 0, dynamic_range_profile: Standard, intended_for_max_resolution_mode: 0, group_id: -1, is_tunable: 1}
10-28 14:57:34.021  1447  1911 I G3ACoordinator: ae_session_config_parser_lyric.cc:201: ispfe_raw_input_resolution [width:1720, height:1000]
10-28 14:57:34.029  1447  1911 I G3ACoordinator: ae_session_config_parser_lyric.cc:201: ispfe_raw_input_resolution [width:1920, height:1116]
10-28 14:57:34.038  1447 13538 I Lyric   : centralized_power_throttle_controller.cc:556: camera thermal status: 3A at 15fps for camera 6 at frame 0 matching condition: UseCaseVideoConference temperature: 32.7513 temperature rate: nan
10-28 14:57:34.056  1447  2501 I Lyric   : centralized_power_throttle_controller.cc:556: camera thermal status: face detection at 15fps for camera 6 at frame 1 matching condition: Or(AND(Or(CameraFront,CameraFrontInner,CameraFrontOuter),UseCase720pOrLess),UseCaseVideoConference) temperature: 32.7513 temperature rate: nan
10-28 14:57:34.086  1447  2499 I Lyric   : centralized_power_throttle_controller.cc:556: camera thermal status: Multiclass segmentation bypass for camera 6 at frame 0 matching condition: Or(AND(Or(CameraFront,CameraFrontInner,CameraFrontOuter),UseCase720pOrLess),UseCaseVideoConference) temperature: 32.7513 temperature rate: nan
10-28 14:57:34.099  1447  2506 I Lyric   : scaler_node.cc:1017: The 0th output HalPixelFormat for cam6_preview_scaler YCBCR_420_888 resolution: 1280x720
10-28 14:57:34.099  1447  2506 I Lyric   : scaler_node.cc:1017: The 1th output HalPixelFormat for cam6_preview_scaler YCBCR_420_888 resolution: 1280x720
10-28 14:57:34.099  1447  2506 I Lyric   : scaler_node.cc:1017: The 2th output HalPixelFormat for cam6_preview_scaler YCBCR_420_888 resolution: 1280x720
10-28 14:57:50.749  1447 10234 I Lyric   : camera_powerhal_impl.cc:302: CAMERA_STREAMING_VIDEO_CALL mode unset
10-28 14:57:50.794  1447 10234 I Lyric   : camera_powerhal_impl.cc:202: CancelPowerBoost CAMERA_VIDEO_RECORDING
10-28 14:57:50.823  1897  3293 I Telecom : CallAudioRouteController: skipEarpiece for video call?false: CSW.sDc->CAMSM.pM_1001->CARC.pM_SWITCH_FOCUS(cw)@kik
10-28 14:57:50.837  1897  3293 I Telecom : CallAudioRouteController: skipEarpiece for video call?false: BSR.oR->CARC.pM_SWITCH_BASELINE_ROUTE@kjA
10-28 14:57:55.400  1897  3340 I Telecom : Event: RecordEntry TC@8: VIDEO_STATE_CHANGED, Audio Tx Rx: TSI.pC(cw)@kjc
10-28 14:57:55.460  1897  3293 I Telecom : CallAudioRouteController: skipEarpiece for video call?false: TSI.pC->CM.fOCP->CM.sOCPA->CM.dSMCP->CM.mROC->CM.dSPA->CM.pASP->CAMSM.pM_2001->CARC.pM_SWITCH_FOCUS(cw)@kjc
10-28 14:57:55.476  1897  3293 I Telecom : CallAudioRouteController: skipEarpiece for video call?false: TSI.pC->CM.fOCP->CM.sOCPA->CM.dSMCP->CM.mROC->CM.dSPA->CM.pASP->CAMSM.pM_2001->CARC.pM_SWITCH_FOCUS->CARC.pM_SWITCH_BASELINE_ROUTE(cw)@kjc
10-28 14:57:55.476 19251 19251 I TelecomFramework: SelfManagedConnectionService: createConnection, callManagerAccount: ComponentInfo{com.whatsapp/com.whatsapp.calling.telecom.SelfManagedConnectionService}, ***, UserHandle{0}, callId: TC@8_1, request: ConnectionRequest xxxxxxxxxxxxxxx Bundle[android.telecom.extra.ADD_SELF_MANAGED_CALLS_TO_INCALLSERVICE=true, android.telecom.extra.START_CALL_WITH_VIDEO_STATE=3, is_rejoin=false, peer_jid=18022625516@s.whatsapp.net, call_id=ACF5E27DD9466BAB2F5BFE1E090A7605, android.telecom.extra.CALL_TELECOM_ROUTING_END_TIME_MILLIS=1196752074, peer_display_name=Lakshya Shah, android.telecom.extra.CALL_TELECOM_ROUTING_START_TIME_MILLIS=1196752070, is_call_link=false, ] isAdhocConf: N, isIncoming: false, isUnknown: false, isLegacyHandover: false, isHandover: false,  addSelfManaged: true: (SBC.oSC)->CS.crCo->H.CS.crCo->H.CS.crCo.pICR(cw/cast)@E-kjw
10-28 14:57:55.700  1447 12524 I Lyric   : camera_powerhal_impl.cc:263: SetPowerStreamingMode CAMERA_STREAMING_VIDEO_CALL mode
10-28 14:57:55.703  1447 13535 I Lyric   : stream_info_parser.cc:334: Camera Front VideoCall stream: {type: Streaminfo, stream_id: 32770, camera_id: Front, format: YCBCR_420_888, width: 1280, height: 720, usage: [], stream_type: Output, use_case: VideoCall, data_space: DataSpace(Color)::(Standard: BT601_625, Transfer: SMPTE_170M, Range: Full), is_framework_physical_stream: 0, dynamic_range_profile: Standard, intended_for_max_resolution_mode: 0, group_id: -1, is_tunable: 1}
10-28 14:57:55.703  1447 13535 I Lyric   : stream_info_parser.cc:364: Camera Front Preview stream: {type: Streaminfo, stream_id: 32768, camera_id: Front, format: YCBCR_420_888, width: 1280, height: 720, usage: [HwTexture], stream_type: Output, use_case: Preview, data_space: DataSpace(Color)::(Standard: BT709, Transfer: RGB, Range: Full), is_framework_physical_stream: 0, dynamic_range_profile: Standard, intended_for_max_resolution_mode: 0, group_id: -1, is_tunable: 1}
10-28 14:57:55.703  1447 13535 W Lyric   : stream_info_parser.cc:372: Camera Front unknown stream: {type: Streaminfo, stream_id: 32772, camera_id: Front, format: YCBCR_420_888, width: 1280, height: 720, usage: [], stream_type: Output, use_case: Default, data_space: DataSpace(Custom)::Arbitrary, is_framework_physical_stream: 0, dynamic_range_profile: Standard, intended_for_max_resolution_mode: 0, group_id: -1, is_tunable: 1} does not fall in any known use case
10-28 14:57:55.703  1447 13535 I Lyric   : generic_subgraph.cc:1094: Front request sensor binning for resolution 1280x720
10-28 14:57:55.703  1447 13535 W Lyric   : stream_info_parser.cc:372: Camera FrontVirtual unknown stream: {type: Streaminfo, stream_id: 32773, camera_id: FrontVirtual, format: YCBCR_420_888, width: 1280, height: 720, usage: [], stream_type: Output, use_case: Default, data_space: DataSpace(Custom)::Arbitrary, is_framework_physical_stream: 0, dynamic_range_profile: Standard, intended_for_max_resolution_mode: 0, group_id: -1, is_tunable: 1} does not fall in any known use case
10-28 14:57:55.703  1447 13535 I Lyric   : stream_info_parser.cc:364: Camera FrontVirtual Preview stream: {type: Streaminfo, stream_id: 32769, camera_id: FrontVirtual, format: YCBCR_420_888, width: 1280, height: 720, usage: [HwTexture], stream_type: Output, use_case: Preview, data_space: DataSpace(Color)::(Standard: BT709, Transfer: RGB, Range: Full), is_framework_physical_stream: 0, dynamic_range_profile: Standard, intended_for_max_resolution_mode: 0, group_id: -1, is_tunable: 1}
10-28 14:57:55.703  1447 13535 I Lyric   : stream_info_parser.cc:334: Camera FrontVirtual VideoCall stream: {type: Streaminfo, stream_id: 32771, camera_id: FrontVirtual, format: YCBCR_420_888, width: 1280, height: 720, usage: [], stream_type: Output, use_case: VideoCall, data_space: DataSpace(Color)::(Standard: BT601_625, Transfer: SMPTE_170M, Range: Full), is_framework_physical_stream: 0, dynamic_range_profile: Standard, intended_for_max_resolution_mode: 0, group_id: -1, is_tunable: 1}
10-28 14:57:55.703  1447 13535 I Lyric   : generic_subgraph.cc:1094: FrontVirtual request sensor binning for resolution 1280x720
10-28 14:57:55.707  1447 13532 I Lyric   : sensor_generic_driver.cc:1959: DOKKAEBI GetModeIndex requirement {size = {width: 1280, height: 720}, frame_rate_range = [15, 30], request_binning_mode = true, request_pd_stream = false, only_config_logical_cam_stream = true, camera_id = [<recursive>], require_full_fov = false, is_high_frame_rate = false, crop_margin = 0, is_sibling_camera_participating = true, sub_image_count = 1, is_face_auth = false, is_video_mode = false, is_high_resolution_mode = false, is_arkaroo_enabled = false, is_roshi_enabled = false, is_specific_aspect_ratio_video = false, require_exact_size = false, force_sensor_mode_index = -1, is_multi_cam_usecase = true, raw_stream_usecase = 0, is_high_resolution_standalone_mode = false} required aspect ratio 1.77778 pick_transition_mode 1 require exact size 0
10-28 14:57:55.708  1447 13536 I Lyric   : sensor_generic_driver.cc:1959: DOKKAEBIVIRTUAL GetModeIndex requirement {size = {width: 1280, height: 720}, frame_rate_range = [15, 30], request_binning_mode = true, request_pd_stream = false, only_config_logical_cam_stream = true, camera_id = [<recursive>], require_full_fov = false, is_high_frame_rate = false, crop_margin = 0, is_sibling_camera_participating = true, sub_image_count = 1, is_face_auth = false, is_video_mode = false, is_high_resolution_mode = false, is_arkaroo_enabled = false, is_roshi_enabled = false, is_specific_aspect_ratio_video = false, require_exact_size = false, force_sensor_mode_index = -1, is_multi_cam_usecase = true, raw_stream_usecase = 0, is_high_resolution_standalone_mode = false} required aspect ratio 1.77778 pick_transition_mode 0 require exact size 0
10-28 14:57:55.708  1447 13536 I Lyric   : eaf_node.cc:80: cam6_eaf: stream_id 32769, res 1280x720, pipeline_id 0, is_video_stream false
10-28 14:57:55.708  1447 13532 I Lyric   : eaf_node.cc:80: cam5_eaf: stream_id 32768, res 1280x720, pipeline_id 0, is_video_stream false
10-28 14:57:55.708  1447 13536 I Lyric   : zuma_isp_subgraph.cc:532: raw_to_yuv_for_snapshot_exceeding_video: Pipeline (ID: (instance_id: 456152), IPs: [ RawToYuv ], Max Outputs: 1, IPConnections: [ ], Usecase: Snapshot)
10-28 14:57:55.708  1447 13532 I Lyric   : zuma_isp_subgraph.cc:532: raw_to_yuv_for_snapshot_exceeding_video: Pipeline (ID: (instance_id: 456155), IPs: [ RawToYuv ], Max Outputs: 1, IPConnections: [ ], Usecase: Snapshot)
10-28 14:57:55.708  1447 13536 I Lyric   : zuma_isp_subgraph.cc:539: video_mesh_warp: Pipeline (ID: (instance_id: 456157), IPs: [ MeshWarp ], Max Outputs: 1, IPConnections: [ ], Usecase: Video)
10-28 14:57:55.708  1447 13532 I Lyric   : zuma_isp_subgraph.cc:539: video_mesh_warp: Pipeline (ID: (instance_id: 456162), IPs: [ MeshWarp ], Max Outputs: 1, IPConnections: [ ], Usecase: Video)
10-28 14:57:55.708  1447 13536 I Lyric   : zuma_isp_subgraph.cc:541: mesh_warp_for_snapshot_exceeding_video: Pipeline (ID: (instance_id: 456158), IPs: [ MeshWarp ], Max Outputs: 1, IPConnections: [ ], Usecase: Snapshot)
10-28 14:57:55.708  1447 13532 I Lyric   : zuma_isp_subgraph.cc:541: mesh_warp_for_snapshot_exceeding_video: Pipeline (ID: (instance_id: 456164), IPs: [ MeshWarp ], Max Outputs: 1, IPConnections: [ ], Usecase: Snapshot)
10-28 14:57:55.708  1447 13536 I Lyric   : zuma_isp_subgraph.cc:551: video_scaler: Pipeline (ID: (instance_id: 456169), IPs: [ Scaler ], Max Outputs: 0, IPConnections: [ ], Usecase: Video)
10-28 14:57:55.708  1447 13532 I Lyric   : zuma_isp_subgraph.cc:551: video_scaler: Pipeline (ID: (instance_id: 456170), IPs: [ Scaler ], Max Outputs: 0, IPConnections: [ ], Usecase: Video)
10-28 14:57:55.708  1447 13536 I Lyric   : zuma_isp_subgraph.cc:553: scaler_for_snapshot_exceeding_video: Pipeline (ID: (instance_id: 456172), IPs: [ Scaler ], Max Outputs: 0, IPConnections: [ ], Usecase: Snapshot)
10-28 14:57:55.708  1447 13532 I Lyric   : zuma_isp_subgraph.cc:553: scaler_for_snapshot_exceeding_video: Pipeline (ID: (instance_id: 456171), IPs: [ Scaler ], Max Outputs: 0, IPConnections: [ ], Usecase: Snapshot)
10-28 14:57:55.709  1447 13532 I Lyric   : whi_like_isp_back_end_core_subgraph.cc:933: RawToYuvNode for snapshot exceeding video is configured to output consumer type 2 fmt: HalImageFormat{ pixel_format = YCBCR_420_SPN_10B, stride_alignment = 64, num_buffers = 1 } for Front
10-28 14:57:55.709  1447 13536 I Lyric   : whi_like_isp_back_end_core_subgraph.cc:933: RawToYuvNode for snapshot exceeding video is configured to output consumer type 2 fmt: HalImageFormat{ pixel_format = YCBCR_420_SPN_10B, stride_alignment = 64, num_buffers = 1 } for FrontVirtual
10-28 14:57:55.709  1447 13532 I Lyric   : generic_subgraph.cc:3459: camera_id = 5; is_front_camera = 1; is_1p_camera_app = 0; video_call = 1
10-28 14:57:55.709  1447 13536 I Lyric   : generic_subgraph.cc:3459: camera_id = 6; is_front_camera = 1; is_1p_camera_app = 0; video_call = 1
10-28 14:57:55.713  1447 13535 I Lyric   : multicam_graph.cc:1366: number of video bokeh nodes connected to multicam routing node = 0
10-28 14:57:55.714  1447 13535 I Lyric   : graph_configuration.cc:374: {type: Streaminfo, stream_id: 32769, camera_id: FrontVirtual, format: YCBCR_420_888, width: 1280, height: 720, usage: [HwTexture], stream_type: Output, use_case: Preview, data_space: DataSpace(Color)::(Standard: BT709, Transfer: RGB, Range: Full), is_framework_physical_stream: 0, dynamic_range_profile: Standard, intended_for_max_resolution_mode: 0, group_id: -1, is_tunable: 1}
10-28 14:57:55.714  1447 13535 I Lyric   : graph_configuration.cc:374: {type: Streaminfo, stream_id: 32768, camera_id: Front, format: YCBCR_420_888, width: 1280, height: 720, usage: [HwTexture], stream_type: Output, use_case: Preview, data_space: DataSpace(Color)::(Standard: BT709, Transfer: RGB, Range: Full), is_framework_physical_stream: 0, dynamic_range_profile: Standard, intended_for_max_resolution_mode: 0, group_id: -1, is_tunable: 1}
10-28 14:57:55.714  1447 13535 I Lyric   : graph_configuration.cc:374: {type: Streaminfo, stream_id: 32771, camera_id: FrontVirtual, format: YCBCR_420_888, width: 1280, height: 720, usage: [], stream_type: Output, use_case: VideoCall, data_space: DataSpace(Color)::(Standard: BT601_625, Transfer: SMPTE_170M, Range: Full), is_framework_physical_stream: 0, dynamic_range_profile: Standard, intended_for_max_resolution_mode: 0, group_id: -1, is_tunable: 1}
10-28 14:57:55.714  1447 13535 I Lyric   : graph_configuration.cc:374: {type: Streaminfo, stream_id: 32773, camera_id: FrontVirtual, format: YCBCR_420_888, width: 1280, height: 720, usage: [], stream_type: Output, use_case: Default, data_space: DataSpace(Custom)::Arbitrary, is_framework_physical_stream: 0, dynamic_range_profile: Standard, intended_for_max_resolution_mode: 0, group_id: -1, is_tunable: 1}
10-28 14:57:55.714  1447 13535 I Lyric   : graph_configuration.cc:374: {type: Streaminfo, stream_id: 32770, camera_id: Front, format: YCBCR_420_888, width: 1280, height: 720, usage: [], stream_type: Output, use_case: VideoCall, data_space: DataSpace(Color)::(Standard: BT601_625, Transfer: SMPTE_170M, Range: Full), is_framework_physical_stream: 0, dynamic_range_profile: Standard, intended_for_max_resolution_mode: 0, group_id: -1, is_tunable: 1}
10-28 14:57:55.714  1447 13535 I Lyric   : graph_configuration.cc:374: {type: Streaminfo, stream_id: 32772, camera_id: Front, format: YCBCR_420_888, width: 1280, height: 720, usage: [], stream_type: Output, use_case: Default, data_space: DataSpace(Custom)::Arbitrary, is_framework_physical_stream: 0, dynamic_range_profile: Standard, intended_for_max_resolution_mode: 0, group_id: -1, is_tunable: 1}
10-28 14:57:55.731  1447  1910 I G3ACoordinator: ae_session_config_parser_lyric.cc:201: ispfe_raw_input_resolution [width:1720, height:1000]
10-28 14:57:55.738  1447  1909 I G3ACoordinator: ae_session_config_parser_lyric.cc:201: ispfe_raw_input_resolution [width:1920, height:1116]
10-28 14:57:55.799  1447 13537 I Lyric   : scaler_node.cc:1017: The 0th output HalPixelFormat for cam6_preview_scaler YCBCR_420_888 resolution: 1280x720
10-28 14:57:55.799  1447 13537 I Lyric   : scaler_node.cc:1017: The 1th output HalPixelFormat for cam6_preview_scaler YCBCR_420_888 resolution: 1280x720
10-28 14:57:55.799  1447 13537 I Lyric   : scaler_node.cc:1017: The 2th output HalPixelFormat for cam6_preview_scaler YCBCR_420_888 resolution: 1280x720
10-28 14:57:56.441  2987  3356 I bluetooth-a2dp: system/bta/av/bta_av_api.cc:612 BTA_AvSetLatency: Set audio/video stream low latency bta_handle:65, is_low_latency:false
10-28 14:57:56.444  2987  3356 I bluetooth-a2dp: system/bta/av/bta_av_api.cc:612 BTA_AvSetLatency: Set audio/video stream low latency bta_handle:65, is_low_latency:false
10-28 14:57:56.457 19251 20240 D Hera.RawVideoMixer: [Pre] start()
10-28 14:57:56.477 19251 20259 D Hera.RawVideoMixer: [Post] start()
10-28 14:57:56.478 19251 20259 D Hera.RawVideoMixer: [Pre] addFrameInput()
10-28 14:57:56.478 19251 20260 D Hera.RawVideoMixer: [Post] addFrameInput()
10-28 14:57:56.493  2987  3356 I bluetooth-a2dp: system/bta/av/bta_av_api.cc:612 BTA_AvSetLatency: Set audio/video stream low latency bta_handle:65, is_low_latency:false
10-28 14:57:56.718  6930  6930 I DeviceControlCenterRepository: DeviceId: 79:C2:90:5E:BC:2C State: DeviceState(connectedState=CONNECTED, peerConnectedState=Disconnected, deviceBatteryDetails=Battery(stateOfCharge=16, isCharging=false, temperature=298, voltage=3840, displayMode=PERCENTAGE, incompatibleChargerDetected=false), caseBatteryDetails=Battery(stateOfCharge=20, isCharging=false, temperature=0, voltage=0, displayMode=DOTS, incompatibleChargerDetected=false), remedies=[], hardwareState=brokenCamera: false, brokenSpeaker: false, brokenMicrophone: false, brokenNotificationLed: false, brokenImu: false, brokenDsp: false, brokenMcu: false, hingeState: OPEN, waterDetectState: UNKNOWN, isTampered: false, thermalState: NORMAL, mediaPeakPowerState: NORMAL, videoCallingPeakPowerState: NORMAL, battery: Battery(stateOfCharge=16, isCharging=false, temperature=298, voltage=3840, displayMode=PERCENTAGE, incompatibleChargerDetected=false), caseBattery: Battery(stateOfCharge=20, isCharging=false, temperature=0, voltage=0, displayMode=DOTS, incompatibleChargerDetected=false), caseSystemInfo: CaseSystemInfo(serialNumber=2R5SB0BF9F060P, firmwareVersion=12.14.5, isPresent=false), audioActive: true, cameraState: CAPTURE_READY, storageState: STABLE, isStreamingActive: false, inDeepSleep: false, isMounted: true, hotCarEventOccurred: false, registeredSNApps: [ASSISTANT]isSessionVerified: falseDeviceLockState: NO_LOCKPeakPowerUserExperienceThrottlingInfo: [])
10-28 14:57:56.730  2828  2828 D BcSmartspaceCard: Subcard expected but missing type. loggingInfo=instance_id = 1323, feature type = 25, display surface = 2, rank = 0, cardinality = 1, receivedLatencyMillis = 0, uid = -1, subcardInfo = null, dimensionalInfo = null, baseAction=SmartspaceAction{mId='', mIcon=null, mTitle=, mSubtitle=, mContentDescription=, mPendingIntent=null, mIntent=null, mUserHandle=UserHandle{0}, mExtras=Bundle[{explanation_intent=Supplier{VAL_PARCELABLE@48+1436}}]}
10-28 14:57:56.844  2987  3487 D bluetooth: system/bta/le_audio/codec_manager.cc:571 IsUsingCodecExtensibility: Using codec extensibility AIDL: true
10-28 14:57:57.344  6930 12075 I DeviceHardwareStateManager: New device state brokenCamera: false, brokenSpeaker: false, brokenMicrophone: false, brokenNotificationLed: false, brokenImu: false, brokenDsp: false, brokenMcu: false, hingeState: OPEN, waterDetectState: UNKNOWN, isTampered: false, thermalState: NORMAL, mediaPeakPowerState: NORMAL, videoCallingPeakPowerState: NORMAL, battery: Battery(stateOfCharge=16, isCharging=false, temperature=298, voltage=3840, displayMode=PERCENTAGE, incompatibleChargerDetected=false), caseBattery: Battery(stateOfCharge=20, isCharging=false, temperature=0, voltage=0, displayMode=DOTS, incompatibleChargerDetected=false), caseSystemInfo: CaseSystemInfo(serialNumber=2R5SB0BF9F060P, firmwareVersion=12.14.5, isPresent=false), audioActive: true, cameraState: CAPTURE_READY, storageState: STABLE, isStreamingActive: false, inDeepSleep: false, isMounted: true, hotCarEventOccurred: false, registeredSNApps: [ASSISTANT]isSessionVerified: falseDeviceLockState: NO_LOCKPeakPowerUserExperienceThrottlingInfo: []
10-28 14:57:57.345  6930  5818 I SupernovaDeviceStateServiceImpl: Device DeviceRecord(identifier=79:C2:90:5E:BC:2C, name=RB Meta 000X, type=3, userData=null, pairedStateData=null, observingPresence=true, customName=null, customDeviceInfo=null, productRegistry=258) emitting state DeviceState(connectedState=CONNECTED, peerConnectedState=Disconnected, deviceBatteryDetails=Battery(stateOfCharge=16, isCharging=false, temperature=298, voltage=3840, displayMode=PERCENTAGE, incompatibleChargerDetected=false), caseBatteryDetails=Battery(stateOfCharge=20, isCharging=false, temperature=0, voltage=0, displayMode=DOTS, incompatibleChargerDetected=false), remedies=[], hardwareState=brokenCamera: false, brokenSpeaker: false, brokenMicrophone: false, brokenNotificationLed: false, brokenImu: false, brokenDsp: false, brokenMcu: false, hingeState: OPEN, waterDetectState: UNKNOWN, isTampered: false, thermalState: NORMAL, mediaPeakPowerState: NORMAL, videoCallingPeakPowerState: NORMAL, battery: Battery(stateOfCharge=16, isCharging=false, temperature=298, voltage=3840, displayMode=PERCENTAGE, incompatibleChargerDetected=false), caseBattery: Battery(stateOfCharge=20, isCharging=false, temperature=0, voltage=0, displayMode=DOTS, incompatibleChargerDetected=false), caseSystemInfo: CaseSystemInfo(serialNumber=2R5SB0BF9F060P, firmwareVersion=12.14.5, isPresent=false), audioActive: true, cameraState: CAPTURE_READY, storageState: STABLE, isStreamingActive: false, inDeepSleep: false, isMounted: true, hotCarEventOccurred: false, registeredSNApps: [ASSISTANT]isSessionVerified: falseDeviceLockState: NO_LOCKPeakPowerUserExperienceThrottlingInfo: [])
10-28 14:57:57.351  6930 15329 I lam:LinkedAppFeatureManagerImpl: observeDeviceState GlassesVideoCallingWifiDirectPeakPowerThrottlingLevelUnknown
10-28 14:57:57.351  6930 15329 I lam:AppLinkService: onDeviceStateUpdate state=GlassesVideoCallingWifiDirectPeakPowerThrottlingLevelUnknown com.whatsapp
10-28 14:57:57.394  6930 12075 I DeviceHardwareStateManager: New device state brokenCamera: false, brokenSpeaker: false, brokenMicrophone: false, brokenNotificationLed: false, brokenImu: false, brokenDsp: false, brokenMcu: false, hingeState: OPEN, waterDetectState: UNKNOWN, isTampered: false, thermalState: NORMAL, mediaPeakPowerState: NORMAL, videoCallingPeakPowerState: NORMAL, battery: Battery(stateOfCharge=16, isCharging=false, temperature=298, voltage=3840, displayMode=PERCENTAGE, incompatibleChargerDetected=false), caseBattery: Battery(stateOfCharge=20, isCharging=false, temperature=0, voltage=0, displayMode=DOTS, incompatibleChargerDetected=false), caseSystemInfo: CaseSystemInfo(serialNumber=2R5SB0BF9F060P, firmwareVersion=12.14.5, isPresent=false), audioActive: true, cameraState: CAPTURE_READY, storageState: STABLE, isStreamingActive: true, inDeepSleep: false, isMounted: true, hotCarEventOccurred: false, registeredSNApps: [ASSISTANT]isSessionVerified: falseDeviceLockState: NO_LOCKPeakPowerUserExperienceThrottlingInfo: []
10-28 14:57:57.395  6930 15329 I SupernovaDeviceStateServiceImpl: Device DeviceRecord(identifier=79:C2:90:5E:BC:2C, name=RB Meta 000X, type=3, userData=null, pairedStateData=null, observingPresence=true, customName=null, customDeviceInfo=null, productRegistry=258) emitting state DeviceState(connectedState=CONNECTED, peerConnectedState=Disconnected, deviceBatteryDetails=Battery(stateOfCharge=16, isCharging=false, temperature=298, voltage=3840, displayMode=PERCENTAGE, incompatibleChargerDetected=false), caseBatteryDetails=Battery(stateOfCharge=20, isCharging=false, temperature=0, voltage=0, displayMode=DOTS, incompatibleChargerDetected=false), remedies=[], hardwareState=brokenCamera: false, brokenSpeaker: false, brokenMicrophone: false, brokenNotificationLed: false, brokenImu: false, brokenDsp: false, brokenMcu: false, hingeState: OPEN, waterDetectState: UNKNOWN, isTampered: false, thermalState: NORMAL, mediaPeakPowerState: NORMAL, videoCallingPeakPowerState: NORMAL, battery: Battery(stateOfCharge=16, isCharging=false, temperature=298, voltage=3840, displayMode=PERCENTAGE, incompatibleChargerDetected=false), caseBattery: Battery(stateOfCharge=20, isCharging=false, temperature=0, voltage=0, displayMode=DOTS, incompatibleChargerDetected=false), caseSystemInfo: CaseSystemInfo(serialNumber=2R5SB0BF9F060P, firmwareVersion=12.14.5, isPresent=false), audioActive: true, cameraState: CAPTURE_READY, storageState: STABLE, isStreamingActive: true, inDeepSleep: false, isMounted: true, hotCarEventOccurred: false, registeredSNApps: [ASSISTANT]isSessionVerified: falseDeviceLockState: NO_LOCKPeakPowerUserExperienceThrottlingInfo: [])
10-28 14:57:57.401  6930 15331 I lam:LinkedAppFeatureManagerImpl: observeDeviceState GlassesVideoCallingWifiDirectPeakPowerThrottlingLevelUnknown
10-28 14:57:57.401  6930 15331 I lam:AppLinkService: onDeviceStateUpdate state=GlassesVideoCallingWifiDirectPeakPowerThrottlingLevelUnknown com.whatsapp
10-28 14:57:57.521 19251 20239 D Hera.NativeVideoSender: [WhatsApp Worker] Created native video sender.
10-28 14:57:57.522 19251 20239 D Hera.NativeVideoSender: [WhatsApp Worker] Created native video sender.
10-28 14:57:57.522 19251 20239 D Hera.VideoSenderImpl: [WhatsApp Worker] activate()
10-28 14:57:57.522 19251 20239 I Hera.MediaQualityMonitor: [WhatsApp Worker] VideoSender::activate()
10-28 14:57:57.522 19251 20239 I Hera.MediaQualityMonitor: [WhatsApp Worker] VideoSender::refresh()
10-28 14:57:57.523 19251 20352 D Hera.QueueBasedBwe: [Hera.VideoSendStreamImpl] isRttBasedBweEnabled_: 1, isQueueBasedBweEnabled_: 0
10-28 14:57:57.523 19251 20352 D Hera.VideoSendStreamImpl: [Hera.VideoSendStreamImpl] Initialized frameProvider, packetizer, bwe, scaler
10-28 14:57:57.535  6930 15329 I ActionAutoCaptureDeviceServiceImpl: Device State (79:C2:90:5E:BC:2C): Received device app state list: DeviceAppStateList(appStateList=[DeviceAppState(deviceAppId=WARP_LIVE_STREAMING, state=INACTIVE), DeviceAppState(deviceAppId=TAR, state=INACTIVE), DeviceAppState(deviceAppId=CAPTURE_VIDEO, state=INACTIVE), DeviceAppState(deviceAppId=OTA, state=INACTIVE), DeviceAppState(deviceAppId=LIVE_STREAMING, state=INACTIVE), DeviceAppState(deviceAppId=STREAMING_SDK, state=INACTIVE), DeviceAppState(deviceAppId=VIDEO_CALLING, state=INACTIVE), DeviceAppState(deviceAppId=TRANSLATION, state=INACTIVE), DeviceAppState(deviceAppId=ASSISTANT, state=INACTIVE), DeviceAppState(deviceAppId=WARP_STREAMING_SDK, state=INACTIVE), DeviceAppState(deviceAppId=WARP_CALLING, state=ACTIVE), DeviceAppState(deviceAppId=CLOUD_OTA, state=INACTIVE), DeviceAppState(deviceAppId=WARP_MMAI_LIVE, state=INACTIVE), DeviceAppState(deviceAppId=PHONE_CALL, state=ACTIVE), DeviceAppState(deviceAppId=MMAI_LIVE, state=INACTIVE)])
