10-14 18:34:47.879  3785  4122 D UnifiedPrefetchManager: video prefetch: 737153449488353_cover_media_id url: https://scontent-bos5-1.xx.fbcdn.net/o1/v/t2/f2/m412/AQNBfBkeifQNumViQWE3e0enSvjxlLM9MB4PkQreqMugkzGaH5KrorpsV1GVV8OB1TNDjb_FpSawaxOO2a5Yt_jict3TSCiXkKrQ4jazG8Jy9A.mp4?_nc_cat=1&_nc_sid=9ca052&_nc_ht=scontent-bos5-1.xx.fbcdn.net&_nc_ohc=CSwYLKnT_XEQ7kNvwEkDmIK&efg=eyJ2ZW5jb2RlX3RhZyI6ImRhc2hfaDI2NC1iYXNpYy1nZW4yXzcyMHAiLCJ2aWRlb19pZCI6bnVsbCwib2lsX3VybGdlbl9hcHBfaWQiOjgzMDU0NzE2NDAzNjAxMiwiY2xpZW50X25hbWUiOiJ1bmtub3duIiwieHB2X2Fzc2V0X2lkIjoxMTE4Mjg3ODIzMDIwODc2LCJ2aV91c2VjYXNlX2lkIjoxMDk3NCwiZHVyYXRpb25fcyI6OSwidXJsZ2VuX3NvdXJjZSI6Ind3dyJ9&ccb=17-1&_nc_gid=uTH_YGXU6-LFXlKXZj2tIQ&_nc_zt=28&oh=00_AfcLoFcrPsFDfZ0aQLVNx52hf1IBVIi4oxC1zQqI5cFdPw&oe=68F4B0F6 1288585
10-14 18:34:47.880  3785  4122 D UnifiedPrefetchManager: video: 737153449488353_cover_media_id queuing prefetch task, from origin homefeed subOrigin null with tag SilverstoneVideoPrefetcher and module SilverstoneVideoPrefetcher
10-14 18:34:47.880  3785  4122 D SilverstoneVideoPrefetcher: Created request to prefetch videos for post id: xn3nk3o9ZzV video id: 737153449488353_cover_media_id isStartupPrefetch: false
10-14 18:34:47.880  3785  4122 I SilverstoneVideoPrefetcher: Creating video source for prefetching: for videoId: 826040307254263_cover_media_id adaptive : true progressive: false
10-14 18:34:47.880  3785  4122 D HeroService: 	renderMode: AUDIO_VIDEO
10-14 18:34:47.880  3785  4122 W HeroManager: 	renderMode: AUDIO_VIDEO
10-14 18:34:47.880  3785 13186 D FbHttpCacheDataSource: Cache data source open spec(Cached). RequestType: PREFETCH, StreamType:DASH_VIDEO, Offset:1945600, FilePos:0, Length:102400, Vid:778724985328698_cover_media_id, Key:778724985328698_cover_media_id.null.801031572304571v.-1.f7c18099791019937f6d13918afc03f6c301d56f
10-14 18:34:47.883  3785 13186 D FbHttpCacheDataSource: Cache data source open spec(Cached). RequestType: PREFETCH, StreamType:DASH_VIDEO, Offset:2048000, FilePos:0, Length:102400, Vid:778724985328698_cover_media_id, Key:778724985328698_cover_media_id.null.801031572304571v.-1.f7c18099791019937f6d13918afc03f6c301d56f
10-14 18:34:47.884  3785  4122 D UnifiedPrefetchManager: video: 826040307254263_cover_media_id representation id: 814687614523706v, width: 464 from origin homefeed and suborigin null and source(tag) SilverstoneVideoPrefetcher is being prefetched
10-14 18:34:47.884  3785  4122 D UnifiedPrefetchManager: video prefetch: 826040307254263_cover_media_id url: https://scontent-bos5-1.xx.fbcdn.net/o1/v/t2/f2/m412/AQPjqGrMG8HdlViyQQTlFcoEANrrkwg-uwaiaLc5bDboj38FQBz58Tv4iCc9qEVGNkE5B-GepUk1qi0pEQ4clU1lK-ENnhducb5o-x4.mp4?_nc_cat=1&_nc_sid=9ca052&_nc_ht=scontent-bos5-1.xx.fbcdn.net&_nc_ohc=MmsZs93EwccQ7kNvwFuK-ub&efg=eyJ2ZW5jb2RlX3RhZyI6ImRhc2hfaDI2NC1iYXNpYy1nZW4yXzcyMHAiLCJ2aWRlb19pZCI6bnVsbCwib2lsX3VybGdlbl9hcHBfaWQiOjgzMDU0NzE2NDAzNjAxMiwiY2xpZW50X25hbWUiOiJ1bmtub3duIiwieHB2X2Fzc2V0X2lkIjo4MjYwNDA0NjM5MjA5MTQsInZpX3VzZWNhc2VfaWQiOjEwOTg3LCJkdXJhdGlvbl9zIjozNiwidXJsZ2VuX3NvdXJjZSI6Ind3dyJ9&ccb=17-1&_nc_gid=uTH_YGXU6-LFXlKXZj2tIQ&_nc_zt=28&oh=00_Afd4BhWSR53dgXTESiJpOvDyR4iwgx7inM3doamaK6CEbA&oe=68F4A69D 1750855
10-14 18:34:47.884  3785  4122 D UnifiedPrefetchManager: video: 826040307254263_cover_media_id queuing prefetch task, from origin homefeed subOrigin null with tag SilverstoneVideoPrefetcher and module SilverstoneVideoPrefetcher
10-14 18:34:47.885  3785  4122 D UnifiedPrefetchManager: video: 826040307254263_cover_media_id representation id: 1320779383113544a, width: -1 from origin homefeed and suborigin null and source(tag) SilverstoneVideoPrefetcher is being prefetched
10-14 18:34:47.885  3785  4122 D UnifiedPrefetchManager: video prefetch: 826040307254263_cover_media_id url: https://scontent-bos5-1.xx.fbcdn.net/o1/v/t2/f2/m412/AQMfi3c7NDK3Oo5kwTqASA227zJCwIARpbGeXGBNj9rLYd-melPzqEK9mlnfJYZyAjDGedly0xWJGj6xafOj44p1r_S3vm51kQ5YI1Y.mp4?_nc_cat=108&_nc_sid=9ca052&_nc_ht=scontent-bos5-1.xx.fbcdn.net&_nc_ohc=aaWtJg7VP34Q7kNvwGzvDdK&efg=eyJ2ZW5jb2RlX3RhZyI6ImRhc2gtYXVkaW9faDI2NC1iYXNpYy1nZW4yXzM2MHAiLCJ2aWRlb19pZCI6bnVsbCwib2lsX3VybGdlbl9hcHBfaWQiOjgzMDU0NzE2NDAzNjAxMiwiY2xpZW50X25hbWUiOiJ1bmtub3duIiwieHB2X2Fzc2V0X2lkIjo4MjYwNDA0NjM5MjA5MTQsInZpX3VzZWNhc2VfaWQiOjEwOTg3LCJkdXJhdGlvbl9zIjozNiwidXJsZ2VuX3NvdXJjZSI6Ind3dyJ9&ccb=17-1&_nc_gid=uTH_YGXU6-LFXlKXZj2tIQ&_nc_zt=28&oh=00_Afd3O3bAPfWjRaASQLQ9qXHyEGXrY1vOnuCe5szscsH91A&oe=68F48D4D 33043
10-14 18:34:47.885  3785  4122 D UnifiedPrefetchManager: video: 826040307254263_cover_media_id queuing prefetch task, from origin homefeed subOrigin null with tag SilverstoneVideoPrefetcher and module SilverstoneVideoPrefetcher
10-14 18:34:47.886  3785 13186 D FbHttpCacheDataSource: Cache data source open spec(Cached). RequestType: PREFETCH, StreamType:DASH_VIDEO, Offset:2150400, FilePos:0, Length:102400, Vid:778724985328698_cover_media_id, Key:778724985328698_cover_media_id.null.801031572304571v.-1.f7c18099791019937f6d13918afc03f6c301d56f
10-14 18:34:47.886  3785  4122 D SilverstoneVideoPrefetcher: Created request to prefetch videos for post id: su3CI7P6GlQ video id: 826040307254263_cover_media_id isStartupPrefetch: false
10-14 18:34:47.886  3785  4122 I SilverstoneVideoPrefetcher: Creating video source for prefetching: for videoId: 831608816696874_cover_media_id adaptive : true progressive: false
10-14 18:34:47.886  3785  4122 D HeroService: 	renderMode: AUDIO_VIDEO
10-14 18:34:47.886  3785  4122 W HeroManager: 	renderMode: AUDIO_VIDEO
10-14 18:34:47.887  3785 13186 D FbHttpCacheDataSource: Cache data source open spec(Cached). RequestType: PREFETCH, StreamType:DASH_VIDEO, Offset:2252800, FilePos:0, Length:93024, Vid:778724985328698_cover_media_id, Key:778724985328698_cover_media_id.null.801031572304571v.-1.f7c18099791019937f6d13918afc03f6c301d56f
10-14 18:34:47.889  3785  4122 D UnifiedPrefetchManager: video: 831608816696874_cover_media_id representation id: 768033543068666v, width: 464 from origin homefeed and suborigin null and source(tag) SilverstoneVideoPrefetcher is being prefetched
10-14 18:34:47.889  3785  4122 D UnifiedPrefetchManager: video prefetch: 831608816696874_cover_media_id url: https://scontent-bos5-1.xx.fbcdn.net/o1/v/t2/f2/m412/AQO74tSLYIdyhkDlBZEYPEBasTXQnwrWMdQVh_C4bHfRO0cQSHYOfeF-1bLiLpW-Vd-Q_jxsOnOXuG5pUXw10ZqTY9xfu7QTYh9nCpA.mp4?_nc_cat=1&_nc_sid=9ca052&_nc_ht=scontent-bos5-1.xx.fbcdn.net&_nc_ohc=B9fVhhybmU8Q7kNvwGULoyf&efg=eyJ2ZW5jb2RlX3RhZyI6ImRhc2hfaDI2NC1iYXNpYy1nZW4yXzcyMHAiLCJ2aWRlb19pZCI6bnVsbCwib2lsX3VybGdlbl9hcHBfaWQiOjgzMDU0NzE2NDAzNjAxMiwiY2xpZW50X25hbWUiOiJ1bmtub3duIiwieHB2X2Fzc2V0X2lkIjoxMzIyMzI1NzM2MTQ2NzUwLCJ2aV91c2VjYXNlX2lkIjoxMDk3NCwiZHVyYXRpb25fcyI6OSwidXJsZ2VuX3NvdXJjZSI6Ind3dyJ9&ccb=17-1&_nc_gid=uTH_YGXU6-LFXlKXZj2tIQ&_nc_zt=28&oh=00_Afe6kVZd-7RcyMokcYbhAHc0lEXVOrGf4IzZX9x1vZRxaQ&oe=68F4BADA 1682631
10-14 18:34:47.889  3785 13186 D CacheManager_default: Prefetched VideoId 778724985328698_cover_media_id, PrefetchLength 2345824, total read 2345824, fetched length from network 0, CacheKey 778724985328698_cover_media_id.null.801031572304571v.-1.f7c18099791019937f6d13918afc03f6c301d56f
10-14 18:34:47.889  3785  4122 D UnifiedPrefetchManager: video: 831608816696874_cover_media_id queuing prefetch task, from origin homefeed subOrigin null with tag SilverstoneVideoPrefetcher and module SilverstoneVideoPrefetcher
10-14 18:34:47.889  3785  4122 D UnifiedPrefetchManager: video: 831608816696874_cover_media_id representation id: 778387951568777a, width: -1 from origin homefeed and suborigin null and source(tag) SilverstoneVideoPrefetcher is being prefetched
10-14 18:34:47.889  3785  4122 D UnifiedPrefetchManager: video prefetch: 831608816696874_cover_media_id url: https://scontent-bos5-1.xx.fbcdn.net/o1/v/t2/f2/m412/AQPY9DDMqZCxs6qlI6zPplyPHJq2QTywGBJAOXFTLR1SH6LqAwlTgf-6DTfWLlpyznFApz_Fq5mTxQsJf8V2Iolb9bOFLBvwxueLkbo.mp4?_nc_cat=1&_nc_sid=9ca052&_nc_ht=scontent-bos5-1.xx.fbcdn.net&_nc_ohc=rrcdFSwHkjgQ7kNvwEXwymE&efg=eyJ2ZW5jb2RlX3RhZyI6ImRhc2gtYXVkaW9faDI2NC1iYXNpYy1nZW4yXzM2MHAiLCJ2aWRlb19pZCI6bnVsbCwib2lsX3VybGdlbl9hcHBfaWQiOjgzMDU0NzE2NDAzNjAxMiwiY2xpZW50X25hbWUiOiJ1bmtub3duIiwieHB2X2Fzc2V0X2lkIjoxMzIyMzI1NzM2MTQ2NzUwLCJ2aV91c2VjYXNlX2lkIjoxMDk3NCwiZHVyYXRpb25fcyI6OSwidXJsZ2VuX3NvdXJjZSI6Ind3dyJ9&ccb=17-1&_nc_gid=uTH_YGXU6-LFXlKXZj2tIQ&_nc_zt=28&oh=00_AffaM72c5lau52DB8lK1h_rlB955Hf2j9EORhgjA3lokDw&oe=68F4BB98 32881
10-14 18:34:47.890  3785 13186 D CacheManager_default: Created Apache Data Source for video 826040307254263_cover_media_id (timeout_ms connect=8000 read=8000)
10-14 18:34:47.890  3785  4122 D UnifiedPrefetchManager: video: 831608816696874_cover_media_id queuing prefetch task, from origin homefeed subOrigin null with tag SilverstoneVideoPrefetcher and module SilverstoneVideoPrefetcher
10-14 18:34:47.890  3785  4122 D SilverstoneVideoPrefetcher: Created request to prefetch videos for post id: ud3yPK0vZx6 video id: 831608816696874_cover_media_id isStartupPrefetch: false
10-14 18:34:47.890  3785  4122 I SilverstoneVideoPrefetcher: Creating video source for prefetching: for videoId: 792952167239780_cover_media_id adaptive : true progressive: false
10-14 18:34:47.890  3785  4122 D HeroService: 	renderMode: AUDIO_VIDEO
10-14 18:34:47.890  3785  4122 W HeroManager: 	renderMode: AUDIO_VIDEO
10-14 18:34:47.893  3785  4122 D UnifiedPrefetchManager: video: 792952167239780_cover_media_id representation id: 2053689008738228v, width: 464 from origin homefeed and suborigin null and source(tag) SilverstoneVideoPrefetcher is being prefetched
10-14 18:34:47.893  3785  4122 D UnifiedPrefetchManager: video prefetch: 792952167239780_cover_media_id url: https://scontent-bos5-1.xx.fbcdn.net/o1/v/t2/f2/m412/AQNsh68kLQ-cHj92OivB8VhXs2dzjP9d4uHmqltJ_Mv0uvqzcZWXS_jyEAz5r0U2WG5StSplYwBPiOgd2X83JRwSJkhLAYXzGIOqNog.mp4?_nc_cat=1&_nc_sid=9ca052&_nc_ht=scontent-bos5-1.xx.fbcdn.net&_nc_ohc=2SUV88K8-B0Q7kNvwGezm2z&efg=eyJ2ZW5jb2RlX3RhZyI6ImRhc2hfaDI2NC1iYXNpYy1nZW4yXzcyMHAiLCJ2aWRlb19pZCI6bnVsbCwib2lsX3VybGdlbl9hcHBfaWQiOjgzMDU0NzE2NDAzNjAxMiwiY2xpZW50X25hbWUiOiJ1bmtub3duIiwieHB2X2Fzc2V0X2lkIjo3OTI5NTIyODM5MDY0MzUsInZpX3VzZWNhc2VfaWQiOjEwOTg3LCJkdXJhdGlvbl9zIjo5LCJ1cmxnZW5fc291cmNlIjoid3d3In0%3D&ccb=17-1&_nc_gid=uTH_YGXU6-LFXlKXZj2tIQ&_nc_zt=28&oh=00_AffcfLFa8bpmYwZV6zJeCXgj7iHtx_ZYWC_nLqXI75yTfA&oe=68F496CD 1611985
10-14 18:34:47.894  3785  4122 D UnifiedPrefetchManager: video: 792952167239780_cover_media_id queuing prefetch task, from origin homefeed subOrigin null with tag SilverstoneVideoPrefetcher and module SilverstoneVideoPrefetcher
10-14 18:34:47.894  3785  4122 D UnifiedPrefetchManager: video: 792952167239780_cover_media_id representation id: 1721984191848942a, width: -1 from origin homefeed and suborigin null and source(tag) SilverstoneVideoPrefetcher is being prefetched
10-14 18:34:47.894  3785  4122 D UnifiedPrefetchManager: video prefetch: 792952167239780_cover_media_id url: https://scontent-bos5-1.xx.fbcdn.net/o1/v/t2/f2/m412/AQPxb0Dv0kWgK5TXAug6ItPVOppi6eR_TnFm_BkDY8am0tRHjYbMklpSWBids56TN4St_r4Gl_uAbOqv4s-4qPZeWTw9YTjwJki3ZZA.mp4?_nc_cat=1&_nc_sid=9ca052&_nc_ht=scontent-bos5-1.xx.fbcdn.net&_nc_ohc=7wPwZwTPu64Q7kNvwGnJk1i&efg=eyJ2ZW5jb2RlX3RhZyI6ImRhc2gtYXVkaW9faDI2NC1iYXNpYy1nZW4yXzM2MHAiLCJ2aWRlb19pZCI6bnVsbCwib2lsX3VybGdlbl9hcHBfaWQiOjgzMDU0NzE2NDAzNjAxMiwiY2xpZW50X25hbWUiOiJ1bmtub3duIiwieHB2X2Fzc2V0X2lkIjo3OTI5NTIyODM5MDY0MzUsInZpX3VzZWNhc2VfaWQiOjEwOTg3LCJkdXJhdGlvbl9zIjo5LCJ1cmxnZW5fc291cmNlIjoid3d3In0%3D&ccb=17-1&_nc_gid=uTH_YGXU6-LFXlKXZj2tIQ&_nc_zt=28&oh=00_Aff7xi4cck4A2zueSAh8CnJ4BH-vPv6cC9A6N5vZA6Xkqw&oe=68F4A5E8 32952
10-14 18:34:47.895  3785  4122 D UnifiedPrefetchManager: video: 792952167239780_cover_media_id queuing prefetch task, from origin homefeed subOrigin null with tag SilverstoneVideoPrefetcher and module SilverstoneVideoPrefetcher
10-14 18:34:47.895  3785  4122 D SilverstoneVideoPrefetcher: Created request to prefetch videos for post id: qy6NNKozEKU video id: 792952167239780_cover_media_id isStartupPrefetch: false
10-14 18:34:47.895  3785  4122 I SilverstoneVideoPrefetcher: Creating video source for prefetching: for videoId: 823405894188890_cover_media_id adaptive : true progressive: false
10-14 18:34:47.895  3785  4122 D HeroService: 	renderMode: AUDIO_VIDEO
10-14 18:34:47.895  3785  4122 W HeroManager: 	renderMode: AUDIO_VIDEO
10-14 18:34:47.898  3785  4122 D UnifiedPrefetchManager: video: 823405894188890_cover_media_id representation id: 1329183515277422v, width: 464 from origin homefeed and suborigin null and source(tag) SilverstoneVideoPrefetcher is being prefetched
10-14 18:34:47.898  3785  4122 D UnifiedPrefetchManager: video prefetch: 823405894188890_cover_media_id url: https://scontent-bos5-1.xx.fbcdn.net/o1/v/t2/f2/m412/AQNSRpEHMrPrPrrU6CsXiMAJfQn-U1Er-fjxT1j9xnEbE1qI5fA9Ec67ZYD7O_ecjLSEgY9goh8iEZ7OJzHa3VcwMgCcCgwTsTqth54.mp4?_nc_cat=111&_nc_sid=9ca052&_nc_ht=scontent-bos5-1.xx.fbcdn.net&_nc_ohc=BE43lOjO4N0Q7kNvwGQqntB&efg=eyJ2ZW5jb2RlX3RhZyI6ImRhc2hfaDI2NC1iYXNpYy1nZW4yXzcyMHAiLCJ2aWRlb19pZCI6bnVsbCwib2lsX3VybGdlbl9hcHBfaWQiOjgzMDU0NzE2NDAzNjAxMiwiY2xpZW50X25hbWUiOiJ1bmtub3duIiwieHB2X2Fzc2V0X2lkIjo4MjM0MDU5ODA4NTU1NDgsInZpX3VzZWNhc2VfaWQiOjEwOTg3LCJkdXJhdGlvbl9zIjo1LCJ1cmxnZW5fc291cmNlIjoid3d3In0%3D&ccb=17-1&_nc_gid=uTH_YGXU6-LFXlKXZj2tIQ&_nc_zt=28&oh=00_Afc5xINaaC3FjY0L2NjXuBWhHROqvntXJaXVfM4J0cy-CA&oe=68F48AE8 1633208
10-14 18:34:47.899  3785  4122 D UnifiedPrefetchManager: video: 823405894188890_cover_media_id queuing prefetch task, from origin homefeed subOrigin null with tag SilverstoneVideoPrefetcher and module SilverstoneVideoPrefetcher
10-14 18:34:47.899  3785  4122 D UnifiedPrefetchManager: video: 823405894188890_cover_media_id representation id: 1045816450839079a, width: -1 from origin homefeed and suborigin null and source(tag) SilverstoneVideoPrefetcher is being prefetched
10-14 18:34:47.899  3785  4122 D UnifiedPrefetchManager: video prefetch: 823405894188890_cover_media_id url: https://scontent-bos5-1.xx.fbcdn.net/o1/v/t2/f2/m412/AQM8B4oKAcQan5q3d6PFzFfNviL6Lnyt7jAlj2I2aX-h2oCZCDx8jZjtLeBgFsQlPiEy7Ah-DT9JhHpq7s2K3UkhB3DQOWjs0VS9yDs.mp4?_nc_cat=104&_nc_sid=9ca052&_nc_ht=scontent-bos5-1.xx.fbcdn.net&_nc_ohc=mJCxLHhK4Z4Q7kNvwHfyG8q&efg=eyJ2ZW5jb2RlX3RhZyI6ImRhc2gtYXVkaW9faDI2NC1iYXNpYy1nZW4yXzM2MHAiLCJ2aWRlb19pZCI6bnVsbCwib2lsX3VybGdlbl9hcHBfaWQiOjgzMDU0NzE2NDAzNjAxMiwiY2xpZW50X25hbWUiOiJ1bmtub3duIiwieHB2X2Fzc2V0X2lkIjo4MjM0MDU5ODA4NTU1NDgsInZpX3VzZWNhc2VfaWQiOjEwOTg3LCJkdXJhdGlvbl9zIjo1LCJ1cmxnZW5fc291cmNlIjoid3d3In0%3D&ccb=17-1&_nc_gid=uTH_YGXU6-LFXlKXZj2tIQ&_nc_zt=28&oh=00_AfcFys2ub_99ua5iq0qLvddX1_WVSp__5hrtu2T8LRcFMw&oe=68F4B449 34120
10-14 18:34:47.900  3785  4122 D UnifiedPrefetchManager: video: 823405894188890_cover_media_id queuing prefetch task, from origin homefeed subOrigin null with tag SilverstoneVideoPrefetcher and module SilverstoneVideoPrefetcher
10-14 18:34:47.900  3785  4122 D SilverstoneVideoPrefetcher: Created request to prefetch videos for post id: lv5iikUiXD1 video id: 823405894188890_cover_media_id isStartupPrefetch: false
10-14 18:34:47.900  3785  4122 I SilverstoneVideoPrefetcher: Creating video source for prefetching: for videoId: 689741967565957_cover_media_id adaptive : true progressive: false
10-14 18:34:47.900  3785  4122 D HeroService: 	renderMode: AUDIO_VIDEO
10-14 18:34:47.900  3785  4122 W HeroManager: 	renderMode: AUDIO_VIDEO
10-14 18:34:47.903  3785  4122 D UnifiedPrefetchManager: video: 689741967565957_cover_media_id representation id: 742749565296380v, width: 464 from origin homefeed and suborigin null and source(tag) SilverstoneVideoPrefetcher is being prefetched
10-14 18:34:47.903  3785  4122 D UnifiedPrefetchManager: video prefetch: 689741967565957_cover_media_id url: https://scontent-bos5-1.xx.fbcdn.net/o1/v/t2/f2/m69/AQPZWnhM_337NFVeXVIZy4a9DuO7dqVnzxzwSvMzOTAmfHkoZAZG4Vh4dfq6UVHJKP5luRm0arwD_BqFqSaGePPC.mp4?strext=1&_nc_cat=1&_nc_sid=9ca052&_nc_ht=scontent-bos5-1.xx.fbcdn.net&_nc_ohc=uBxVf7_52fAQ7kNvwGaGXWU&efg=eyJ2ZW5jb2RlX3RhZyI6ImRhc2hfaDI2NC1iYXNpYy1nZW4yXzcyMHAiLCJ2aWRlb19pZCI6bnVsbCwib2lsX3VybGdlbl9hcHBfaWQiOjgzMDU0NzE2NDAzNjAxMiwiY2xpZW50X25hbWUiOiJ1bmtub3duIiwieHB2X2Fzc2V0X2lkIjo3OTA2OTQyOTY4MTE0MjcsInZpX3VzZWNhc2VfaWQiOjEwOTc0LCJkdXJhdGlvbl9zIjo5LCJ1cmxnZW5fc291cmNlIjoid3d3In0%3D&ccb=17-1&_nc_gid=uTH_YGXU6-LFXlKXZj2tIQ&_nc_zt=28&oh=00_Afd1AlYhV_DYm-2wlZr_faJeO2C2OMN1lim4r6Gz7YM4MA&oe=68F48D0F 711474
10-14 18:34:47.903  3785  4122 D UnifiedPrefetchManager: video: 689741967565957_cover_media_id queuing prefetch task, from origin homefeed subOrigin null with tag SilverstoneVideoPrefetcher and module SilverstoneVideoPrefetcher
10-14 18:34:47.904  3785  4122 D UnifiedPrefetchManager: video: 689741967565957_cover_media_id representation id: 777337504655739a, width: -1 from origin homefeed and suborigin null and source(tag) SilverstoneVideoPrefetcher is being prefetched
10-14 18:34:47.904  3785  4122 D UnifiedPrefetchManager: video prefetch: 689741967565957_cover_media_id url: https://scontent-bos5-1.xx.fbcdn.net/o1/v/t2/f2/m69/AQM5GobmIg3W6935sP64SjI-R-kfMyOe-u1gdClEBmCyIjDPIByp07cjupA1iih1Gok7m0Jkc_l4WAjjfUFKtlPd.mp4?strext=1&_nc_cat=1&_nc_sid=9ca052&_nc_ht=scontent-bos5-1.xx.fbcdn.net&_nc_ohc=WA025p05NzkQ7kNvwHxfC7X&efg=eyJ2ZW5jb2RlX3RhZyI6ImRhc2gtYXVkaW9faDI2NC1iYXNpYy1nZW4yXzM2MHAiLCJ2aWRlb19pZCI6bnVsbCwib2lsX3VybGdlbl9hcHBfaWQiOjgzMDU0NzE2NDAzNjAxMiwiY2xpZW50X25hbWUiOiJ1bmtub3duIiwieHB2X2Fzc2V0X2lkIjo3OTA2OTQyOTY4MTE0MjcsInZpX3VzZWNhc2VfaWQiOjEwOTc0LCJkdXJhdGlvbl9zIjo5LCJ1cmxnZW5fc291cmNlIjoid3d3In0%3D&ccb=17-1&_nc_gid=uTH_YGXU6-LFXlKXZj2tIQ&_nc_zt=28&oh=00_AfepRZkq0IyxvP3l1GL27HRX7zFgXMJR8Y9w7-0y_KmUqQ&oe=68F49AAA 32903
10-14 18:34:47.904  3785  4122 D UnifiedPrefetchManager: video: 689741967565957_cover_media_id queuing prefetch task, from origin homefeed subOrigin null with tag SilverstoneVideoPrefetcher and module SilverstoneVideoPrefetcher
10-14 18:34:47.904  3785  4122 D SilverstoneVideoPrefetcher: Created request to prefetch videos for post id: yA39RieqkMM video id: 689741967565957_cover_media_id isStartupPrefetch: false
10-14 18:34:47.910  3785 13186 D X.DeT   : Opening data spec Offset: 0, Length 33043 Open Length 227002 Videoid 826040307254263_cover_media_id Key 826040307254263_cover_media_id.null.1320779383113544a.-1.96b325ac79c9d60b41702323494a0ebc252d9584
10-14 18:34:47.917  3785 13186 D CacheManager_default: Prefetched VideoId 826040307254263_cover_media_id, PrefetchLength 33043, total read 33043, fetched length from network 33043, CacheKey 826040307254263_cover_media_id.null.1320779383113544a.-1.96b325ac79c9d60b41702323494a0ebc252d9584
10-14 18:34:47.917  3785 13186 D CacheManager_default: resourceLength of videoId 826040307254263_cover_media_id is 227002
10-14 18:34:47.917  3785 13186 D CacheManager_default: Created Apache Data Source for video 689741967565957_cover_media_id (timeout_ms connect=8000 read=8000)
10-14 18:34:47.919  3785 13186 D CacheManager_default: Prefetched VideoId 689741967565957_cover_media_id, PrefetchLength 32903, total read 32903, fetched length from network 0, CacheKey 689741967565957_cover_media_id.null.777337504655739a.-1.337a22dffefd8ed3f877e335a6a71d5af32e729f
10-14 18:34:47.920  3785 13186 D CacheManager_default: Created Apache Data Source for video 689741967565957_cover_media_id (timeout_ms connect=8000 read=8000)
10-14 18:34:47.920  3785 13186 D FbHttpCacheDataSource: Cache data source open spec(Cached). RequestType: PREFETCH, StreamType:DASH_VIDEO, Offset:0, FilePos:0, Length:102400, Vid:689741967565957_cover_media_id, Key:689741967565957_cover_media_id.null.742749565296380v.-1.0192f6a5d9a9c26c3d06edfb3f8e979ba791935f
10-14 18:34:47.921  3785 13186 D FbHttpCacheDataSource: Cache data source open spec. RequestType: PREFETCH, StreamType:DASH_VIDEO, Position:0/0, Length:711474, Vid:689741967565957_cover_media_id, Key:689741967565957_cover_media_id.null.742749565296380v.-1.0192f6a5d9a9c26c3d06edfb3f8e979ba791935f
10-14 18:34:47.922  3785 13186 D FbHttpCacheDataSource: Cache data source open spec(Cached). RequestType: PREFETCH, StreamType:DASH_VIDEO, Offset:102400, FilePos:0, Length:102400, Vid:689741967565957_cover_media_id, Key:689741967565957_cover_media_id.null.742749565296380v.-1.0192f6a5d9a9c26c3d06edfb3f8e979ba791935f
10-14 18:34:47.923  3785 13186 D FbHttpCacheDataSource: Cache data source open spec(Cached). RequestType: PREFETCH, StreamType:DASH_VIDEO, Offset:204800, FilePos:0, Length:102400, Vid:689741967565957_cover_media_id, Key:689741967565957_cover_media_id.null.742749565296380v.-1.0192f6a5d9a9c26c3d06edfb3f8e979ba791935f
10-14 18:34:47.925  3785 13186 D FbHttpCacheDataSource: Cache data source open spec(Cached). RequestType: PREFETCH, StreamType:DASH_VIDEO, Offset:307200, FilePos:0, Length:102400, Vid:689741967565957_cover_media_id, Key:689741967565957_cover_media_id.null.742749565296380v.-1.0192f6a5d9a9c26c3d06edfb3f8e979ba791935f
10-14 18:34:47.926  3785 13186 D FbHttpCacheDataSource: Cache data source open spec(Cached). RequestType: PREFETCH, StreamType:DASH_VIDEO, Offset:409600, FilePos:0, Length:102400, Vid:689741967565957_cover_media_id, Key:689741967565957_cover_media_id.null.742749565296380v.-1.0192f6a5d9a9c26c3d06edfb3f8e979ba791935f
10-14 18:34:47.928  3785 13186 D FbHttpCacheDataSource: Cache data source open spec(Cached). RequestType: PREFETCH, StreamType:DASH_VIDEO, Offset:512000, FilePos:0, Length:102400, Vid:689741967565957_cover_media_id, Key:689741967565957_cover_media_id.null.742749565296380v.-1.0192f6a5d9a9c26c3d06edfb3f8e979ba791935f
10-14 18:34:47.930  3785 13186 D FbHttpCacheDataSource: Cache data source open spec(Cached). RequestType: PREFETCH, StreamType:DASH_VIDEO, Offset:614400, FilePos:0, Length:97074, Vid:689741967565957_cover_media_id, Key:689741967565957_cover_media_id.null.742749565296380v.-1.0192f6a5d9a9c26c3d06edfb3f8e979ba791935f
10-14 18:34:47.931  3785 13186 D CacheManager_default: Prefetched VideoId 689741967565957_cover_media_id, PrefetchLength 711474, total read 711474, fetched length from network 0, CacheKey 689741967565957_cover_media_id.null.742749565296380v.-1.0192f6a5d9a9c26c3d06edfb3f8e979ba791935f
10-14 18:34:47.931  3785 13186 D CacheManager_default: Created Apache Data Source for video 823405894188890_cover_media_id (timeout_ms connect=8000 read=8000)
10-14 18:34:47.932  3785 13186 D CacheManager_default: Prefetched VideoId 823405894188890_cover_media_id, PrefetchLength 34120, total read 34120, fetched length from network 0, CacheKey 823405894188890_cover_media_id.null.1045816450839079a.-1.6d3b0ca0cd4ee4a9ac52ba5a0d391335f72fce37
10-14 18:34:47.932  3785 13186 D CacheManager_default: Created Apache Data Source for video 823405894188890_cover_media_id (timeout_ms connect=8000 read=8000)
10-14 18:34:47.933  3785 13186 D FbHttpCacheDataSource: Cache data source open spec(Cached). RequestType: PREFETCH, StreamType:DASH_VIDEO, Offset:0, FilePos:0, Length:102400, Vid:823405894188890_cover_media_id, Key:823405894188890_cover_media_id.null.1329183515277422v.-1.d1e54df6b08ffbc98e9b9917d3a9aeb94f22d007
10-14 18:34:47.933  3785 13186 D FbHttpCacheDataSource: Cache data source open spec. RequestType: PREFETCH, StreamType:DASH_VIDEO, Position:0/0, Length:1633208, Vid:823405894188890_cover_media_id, Key:823405894188890_cover_media_id.null.1329183515277422v.-1.d1e54df6b08ffbc98e9b9917d3a9aeb94f22d007
10-14 18:34:47.934  3785 13186 D FbHttpCacheDataSource: Cache data source open spec(Cached). RequestType: PREFETCH, StreamType:DASH_VIDEO, Offset:102400, FilePos:0, Length:102400, Vid:823405894188890_cover_media_id, Key:823405894188890_cover_media_id.null.1329183515277422v.-1.d1e54df6b08ffbc98e9b9917d3a9aeb94f22d007
10-14 18:34:47.934  3785 13186 D FbHttpCacheDataSource: Cache data source open spec(Cached). RequestType: PREFETCH, StreamType:DASH_VIDEO, Offset:204800, FilePos:0, Length:102400, Vid:823405894188890_cover_media_id, Key:823405894188890_cover_media_id.null.1329183515277422v.-1.d1e54df6b08ffbc98e9b9917d3a9aeb94f22d007
10-14 18:34:47.935  3785 13186 D FbHttpCacheDataSource: Cache data source open spec(Cached). RequestType: PREFETCH, StreamType:DASH_VIDEO, Offset:307200, FilePos:0, Length:102400, Vid:823405894188890_cover_media_id, Key:823405894188890_cover_media_id.null.1329183515277422v.-1.d1e54df6b08ffbc98e9b9917d3a9aeb94f22d007
10-14 18:34:47.936  3785 13186 D FbHttpCacheDataSource: Cache data source open spec(Cached). RequestType: PREFETCH, StreamType:DASH_VIDEO, Offset:409600, FilePos:0, Length:102400, Vid:823405894188890_cover_media_id, Key:823405894188890_cover_media_id.null.1329183515277422v.-1.d1e54df6b08ffbc98e9b9917d3a9aeb94f22d007
10-14 18:34:47.937  3785 13186 D FbHttpCacheDataSource: Cache data source open spec(Cached). RequestType: PREFETCH, StreamType:DASH_VIDEO, Offset:512000, FilePos:0, Length:102400, Vid:823405894188890_cover_media_id, Key:823405894188890_cover_media_id.null.1329183515277422v.-1.d1e54df6b08ffbc98e9b9917d3a9aeb94f22d007
10-14 18:34:47.937  3785 13186 D FbHttpCacheDataSource: Cache data source open spec(Cached). RequestType: PREFETCH, StreamType:DASH_VIDEO, Offset:614400, FilePos:0, Length:102400, Vid:823405894188890_cover_media_id, Key:823405894188890_cover_media_id.null.1329183515277422v.-1.d1e54df6b08ffbc98e9b9917d3a9aeb94f22d007
10-14 18:34:47.938  3785 13186 D FbHttpCacheDataSource: Cache data source open spec(Cached). RequestType: PREFETCH, StreamType:DASH_VIDEO, Offset:716800, FilePos:0, Length:102400, Vid:823405894188890_cover_media_id, Key:823405894188890_cover_media_id.null.1329183515277422v.-1.d1e54df6b08ffbc98e9b9917d3a9aeb94f22d007
10-14 18:34:47.939  3785 13186 D FbHttpCacheDataSource: Cache data source open spec(Cached). RequestType: PREFETCH, StreamType:DASH_VIDEO, Offset:819200, FilePos:0, Length:102400, Vid:823405894188890_cover_media_id, Key:823405894188890_cover_media_id.null.1329183515277422v.-1.d1e54df6b08ffbc98e9b9917d3a9aeb94f22d007
10-14 18:34:47.940  3785 13186 D FbHttpCacheDataSource: Cache data source open spec(Cached). RequestType: PREFETCH, StreamType:DASH_VIDEO, Offset:921600, FilePos:0, Length:102400, Vid:823405894188890_cover_media_id, Key:823405894188890_cover_media_id.null.1329183515277422v.-1.d1e54df6b08ffbc98e9b9917d3a9aeb94f22d007
10-14 18:34:47.941  3785 13186 D FbHttpCacheDataSource: Cache data source open spec(Cached). RequestType: PREFETCH, StreamType:DASH_VIDEO, Offset:1024000, FilePos:0, Length:102400, Vid:823405894188890_cover_media_id, Key:823405894188890_cover_media_id.null.1329183515277422v.-1.d1e54df6b08ffbc98e9b9917d3a9aeb94f22d007
10-14 18:34:47.941  3785 13186 D FbHttpCacheDataSource: Cache data source open spec(Cached). RequestType: PREFETCH, StreamType:DASH_VIDEO, Offset:1126400, FilePos:0, Length:102400, Vid:823405894188890_cover_media_id, Key:823405894188890_cover_media_id.null.1329183515277422v.-1.d1e54df6b08ffbc98e9b9917d3a9aeb94f22d007
10-14 18:34:47.942  3785 13186 D FbHttpCacheDataSource: Cache data source open spec(Cached). RequestType: PREFETCH, StreamType:DASH_VIDEO, Offset:1228800, FilePos:0, Length:102400, Vid:823405894188890_cover_media_id, Key:823405894188890_cover_media_id.null.1329183515277422v.-1.d1e54df6b08ffbc98e9b9917d3a9aeb94f22d007
10-14 18:34:47.943  3785 13186 D FbHttpCacheDataSource: Cache data source open spec(Cached). RequestType: PREFETCH, StreamType:DASH_VIDEO, Offset:1331200, FilePos:0, Length:102400, Vid:823405894188890_cover_media_id, Key:823405894188890_cover_media_id.null.1329183515277422v.-1.d1e54df6b08ffbc98e9b9917d3a9aeb94f22d007
10-14 18:34:47.943  3785 13186 D FbHttpCacheDataSource: Cache data source open spec(Cached). RequestType: PREFETCH, StreamType:DASH_VIDEO, Offset:1433600, FilePos:0, Length:102400, Vid:823405894188890_cover_media_id, Key:823405894188890_cover_media_id.null.1329183515277422v.-1.d1e54df6b08ffbc98e9b9917d3a9aeb94f22d007
10-14 18:34:47.944  3785 13186 D FbHttpCacheDataSource: Cache data source open spec(Cached). RequestType: PREFETCH, StreamType:DASH_VIDEO, Offset:1536000, FilePos:0, Length:97208, Vid:823405894188890_cover_media_id, Key:823405894188890_cover_media_id.null.1329183515277422v.-1.d1e54df6b08ffbc98e9b9917d3a9aeb94f22d007
10-14 18:34:47.945  3785 13186 D CacheManager_default: Prefetched VideoId 823405894188890_cover_media_id, PrefetchLength 1633208, total read 1633208, fetched length from network 0, CacheKey 823405894188890_cover_media_id.null.1329183515277422v.-1.d1e54df6b08ffbc98e9b9917d3a9aeb94f22d007
10-14 18:34:47.945  3785 13186 D CacheManager_default: Created Apache Data Source for video 792952167239780_cover_media_id (timeout_ms connect=8000 read=8000)
10-14 18:34:47.954  3785 13186 D X.DeT   : Opening data spec Offset: 0, Length 32952 Open Length 57708 Videoid 792952167239780_cover_media_id Key 792952167239780_cover_media_id.null.1721984191848942a.-1.d633e1f9cdc67e861edffb971194e331cf4eb38e
10-14 18:34:47.959  3785 13186 D CacheManager_default: Prefetched VideoId 792952167239780_cover_media_id, PrefetchLength 32952, total read 32952, fetched length from network 32952, CacheKey 792952167239780_cover_media_id.null.1721984191848942a.-1.d633e1f9cdc67e861edffb971194e331cf4eb38e
10-14 18:34:47.959  3785 13186 D CacheManager_default: resourceLength of videoId 792952167239780_cover_media_id is 57708
10-14 18:34:47.960  3785 13186 D CacheManager_default: Created Apache Data Source for video 792952167239780_cover_media_id (timeout_ms connect=8000 read=8000)
10-14 18:34:47.965  3785 13186 D X.DeT   : Opening data spec Offset: 0, Length 1611985 Open Length 2617096 Videoid 792952167239780_cover_media_id Key 792952167239780_cover_media_id.null.2053689008738228v.-1.cf0d4ff7f094e201777e66716557b2f0f6da75a9
10-14 18:34:47.965  3785 13186 D FbHttpCacheDataSource: Cache data source open spec(HTTP). RequestType: PREFETCH, StreamType:DASH_VIDEO, Offset:0, Length:1611985, OpenLength:1611985, Vid:792952167239780_cover_media_id, Key:792952167239780_cover_media_id.null.2053689008738228v.-1.cf0d4ff7f094e201777e66716557b2f0f6da75a9, seq:0
10-14 18:34:47.966  3785 13186 D FbHttpCacheDataSource: Cache data sink open spec. Type:DASH_VIDEO, Offset:0, Length:1611985, OpenLength:1611985 Vid:792952167239780_cover_media_id, Key:792952167239780_cover_media_id.null.2053689008738228v.-1.cf0d4ff7f094e201777e66716557b2f0f6da75a9
10-14 18:34:47.966  3785 13186 D FbHttpCacheDataSource: Cache data source open spec. RequestType: PREFETCH, StreamType:DASH_VIDEO, Position:0/0, Length:1611985, Vid:792952167239780_cover_media_id, Key:792952167239780_cover_media_id.null.2053689008738228v.-1.cf0d4ff7f094e201777e66716557b2f0f6da75a9
10-14 18:34:48.070  3785  6084 I DeviceHardwareStateManager: New device state brokenCamera: false, brokenSpeaker: false, brokenMicrophone: false, brokenNotificationLed: false, brokenImu: false, brokenDsp: false, brokenMcu: false, hingeState: OPEN, waterDetectState: UNKNOWN, isTampered: false, thermalState: NORMAL, mediaPeakPowerState: NORMAL, videoCallingPeakPowerState: NORMAL, battery: Battery(stateOfCharge=100, isCharging=false, temperature=239, voltage=4027, displayMode=PERCENTAGE, incompatibleChargerDetected=false), caseBattery: Battery(stateOfCharge=255, isCharging=false, temperature=0, voltage=0, displayMode=DOTS, incompatibleChargerDetected=false), caseSystemInfo: CaseSystemInfo(serialNumber=null, firmwareVersion=null, isPresent=null), audioActive: false, cameraState: CAPTURE_READY, storageState: STABLE, isStreamingActive: false, inDeepSleep: false, isMounted: false, hotCarEventOccurred: false, registeredSNApps: [ASSISTANT]isSessionVerified: falseDeviceLockState: NO_LOCKPeakPowerUserExperienceThrottlingInfo: []
10-14 18:34:48.071  3785  6084 I DeviceHardwareStateManager: New device state brokenCamera: false, brokenSpeaker: false, brokenMicrophone: false, brokenNotificationLed: false, brokenImu: false, brokenDsp: false, brokenMcu: false, hingeState: OPEN, waterDetectState: UNKNOWN, isTampered: false, thermalState: NORMAL, mediaPeakPowerState: NORMAL, videoCallingPeakPowerState: NORMAL, battery: Battery(stateOfCharge=100, isCharging=false, temperature=239, voltage=4027, displayMode=PERCENTAGE, incompatibleChargerDetected=false), caseBattery: Battery(stateOfCharge=255, isCharging=false, temperature=0, voltage=0, displayMode=DOTS, incompatibleChargerDetected=false), caseSystemInfo: CaseSystemInfo(serialNumber=null, firmwareVersion=null, isPresent=null), audioActive: false, cameraState: CAPTURE_READY, storageState: STABLE, isStreamingActive: false, inDeepSleep: false, isMounted: false, hotCarEventOccurred: false, registeredSNApps: [ASSISTANT]isSessionVerified: falseDeviceLockState: NO_LOCKPeakPowerUserExperienceThrottlingInfo: []
10-14 18:34:48.071  3785 13162 I SupernovaDeviceStateServiceImpl: Device DeviceRecord(identifier=57:63:06:3F:BD:EA, name=RB Meta 000X, type=3, userData=null, pairedStateData=null, observingPresence=true, customName=null, customDeviceInfo=null, productRegistry=258) emitting state DeviceState(connectedState=CONNECTED, peerConnectedState=Disconnected, deviceBatteryDetails=Battery(stateOfCharge=100, isCharging=false, temperature=239, voltage=4027, displayMode=PERCENTAGE, incompatibleChargerDetected=false), caseBatteryDetails=Battery(stateOfCharge=255, isCharging=false, temperature=0, voltage=0, displayMode=DOTS, incompatibleChargerDetected=false), remedies=[], hardwareState=brokenCamera: false, brokenSpeaker: false, brokenMicrophone: false, brokenNotificationLed: false, brokenImu: false, brokenDsp: false, brokenMcu: false, hingeState: OPEN, waterDetectState: UNKNOWN, isTampered: false, thermalState: NORMAL, mediaPeakPowerState: NORMAL, videoCallingPeakPowerState: NORMAL, battery: Battery(stateOfCharge=100, isCharging=false, temperature=239, voltage=4027, displayMode=PERCENTAGE, incompatibleChargerDetected=false), caseBattery: Battery(stateOfCharge=255, isCharging=false, temperature=0, voltage=0, displayMode=DOTS, incompatibleChargerDetected=false), caseSystemInfo: CaseSystemInfo(serialNumber=null, firmwareVersion=null, isPresent=null), audioActive: false, cameraState: CAPTURE_READY, storageState: STABLE, isStreamingActive: false, inDeepSleep: false, isMounted: false, hotCarEventOccurred: false, registeredSNApps: [ASSISTANT]isSessionVerified: falseDeviceLockState: NO_LOCKPeakPowerUserExperienceThrottlingInfo: [])
10-14 18:34:48.072  3785 13154 I lam:LinkedAppFeatureManagerImpl: observeDeviceState GlassesVideoCallingWifiDirectPeakPowerThrottlingLevelUnknown
10-14 18:34:48.072  3785 13154 I lam:AppLinkService: onDeviceStateUpdate state=GlassesVideoCallingWifiDirectPeakPowerThrottlingLevelUnknown com.instagram.android
10-14 18:34:48.077  3785 13162 I SupernovaDeviceStateServiceImpl: Device DeviceRecord(identifier=57:63:06:3F:BD:EA, name=RB Meta 000X, type=3, userData=null, pairedStateData=null, observingPresence=true, customName=null, customDeviceInfo=null, productRegistry=258) emitting state DeviceState(connectedState=CONNECTED, peerConnectedState=Disconnected, deviceBatteryDetails=Battery(stateOfCharge=100, isCharging=false, temperature=239, voltage=4027, displayMode=PERCENTAGE, incompatibleChargerDetected=false), caseBatteryDetails=Battery(stateOfCharge=255, isCharging=false, temperature=0, voltage=0, displayMode=DOTS, incompatibleChargerDetected=false), remedies=[], hardwareState=brokenCamera: false, brokenSpeaker: false, brokenMicrophone: false, brokenNotificationLed: false, brokenImu: false, brokenDsp: false, brokenMcu: false, hingeState: OPEN, waterDetectState: UNKNOWN, isTampered: false, thermalState: NORMAL, mediaPeakPowerState: NORMAL, videoCallingPeakPowerState: NORMAL, battery: Battery(stateOfCharge=100, isCharging=false, temperature=239, voltage=4027, displayMode=PERCENTAGE, incompatibleChargerDetected=false), caseBattery: Battery(stateOfCharge=255, isCharging=false, temperature=0, voltage=0, displayMode=DOTS, incompatibleChargerDetected=false), caseSystemInfo: CaseSystemInfo(serialNumber=null, firmwareVersion=null, isPresent=null), audioActive: false, cameraState: CAPTURE_READY, storageState: STABLE, isStreamingActive: false, inDeepSleep: false, isMounted: false, hotCarEventOccurred: false, registeredSNApps: [ASSISTANT]isSessionVerified: falseDeviceLockState: NO_LOCKPeakPowerUserExperienceThrottlingInfo: [])
10-14 18:34:48.078  3785 13153 I lam:LinkedAppFeatureManagerImpl: observeDeviceState GlassesVideoCallingWifiDirectPeakPowerThrottlingLevelUnknown
10-14 18:34:48.078  3785 13153 I lam:AppLinkService: onDeviceStateUpdate state=GlassesVideoCallingWifiDirectPeakPowerThrottlingLevelUnknown com.instagram.android
10-14 18:34:48.298  1897  2472 D ActivityManager: freezing 10836 com.google.android.videos
10-14 18:34:48.376  3785 13186 D FbHttpCacheDataSource: Cache data sink close stream. Type:DASH_VIDEO, Offset:0, FileSize:-1, Vid:792952167239780_cover_media_id, Key:792952167239780_cover_media_id.null.2053689008738228v.-1.cf0d4ff7f094e201777e66716557b2f0f6da75a9
10-14 18:34:48.377  3785 13186 D CacheManager_default: Prefetched VideoId 792952167239780_cover_media_id, PrefetchLength 1611985, total read 1611985, fetched length from network 1611985, CacheKey 792952167239780_cover_media_id.null.2053689008738228v.-1.cf0d4ff7f094e201777e66716557b2f0f6da75a9
10-14 18:34:48.377  3785 13186 D CacheManager_default: resourceLength of videoId 792952167239780_cover_media_id is 2617096
10-14 18:34:48.379  3785 13186 D CacheManager_default: Created Apache Data Source for video 831608816696874_cover_media_id (timeout_ms connect=8000 read=8000)
10-14 18:34:48.384  3785 13186 D CacheManager_default: Prefetched VideoId 831608816696874_cover_media_id, PrefetchLength 32881, total read 32881, fetched length from network 0, CacheKey 831608816696874_cover_media_id.null.778387951568777a.-1.c4b3b8b44bfaadca60809480048c96594e1f97f9
10-14 18:34:48.385  3785 13186 D CacheManager_default: Created Apache Data Source for video 831608816696874_cover_media_id (timeout_ms connect=8000 read=8000)
10-14 18:34:48.388  3785 13186 D FbHttpCacheDataSource: Cache data source open spec(Cached). RequestType: PREFETCH, StreamType:DASH_VIDEO, Offset:0, FilePos:0, Length:102400, Vid:831608816696874_cover_media_id, Key:831608816696874_cover_media_id.null.768033543068666v.-1.56f0aed3a17d4c849f5845dbd00847b0e8ed0a63
10-14 18:34:48.388  3785 13186 D FbHttpCacheDataSource: Cache data source open spec. RequestType: PREFETCH, StreamType:DASH_VIDEO, Position:0/0, Length:1682631, Vid:831608816696874_cover_media_id, Key:831608816696874_cover_media_id.null.768033543068666v.-1.56f0aed3a17d4c849f5845dbd00847b0e8ed0a63
10-14 18:34:48.391  3785 13186 D FbHttpCacheDataSource: Cache data source open spec(Cached). RequestType: PREFETCH, StreamType:DASH_VIDEO, Offset:102400, FilePos:0, Length:102400, Vid:831608816696874_cover_media_id, Key:831608816696874_cover_media_id.null.768033543068666v.-1.56f0aed3a17d4c849f5845dbd00847b0e8ed0a63
10-14 18:34:48.392  3785 13186 D FbHttpCacheDataSource: Cache data source open spec(Cached). RequestType: PREFETCH, StreamType:DASH_VIDEO, Offset:204800, FilePos:0, Length:102400, Vid:831608816696874_cover_media_id, Key:831608816696874_cover_media_id.null.768033543068666v.-1.56f0aed3a17d4c849f5845dbd00847b0e8ed0a63
10-14 18:34:48.394  3785 13186 D FbHttpCacheDataSource: Cache data source open spec(Cached). RequestType: PREFETCH, StreamType:DASH_VIDEO, Offset:307200, FilePos:0, Length:102400, Vid:831608816696874_cover_media_id, Key:831608816696874_cover_media_id.null.768033543068666v.-1.56f0aed3a17d4c849f5845dbd00847b0e8ed0a63
10-14 18:34:48.395  3785 13186 D FbHttpCacheDataSource: Cache data source open spec(Cached). RequestType: PREFETCH, StreamType:DASH_VIDEO, Offset:409600, FilePos:0, Length:102400, Vid:831608816696874_cover_media_id, Key:831608816696874_cover_media_id.null.768033543068666v.-1.56f0aed3a17d4c849f5845dbd00847b0e8ed0a63
10-14 18:34:48.396  3785 13186 D FbHttpCacheDataSource: Cache data source open spec(Cached). RequestType: PREFETCH, StreamType:DASH_VIDEO, Offset:512000, FilePos:0, Length:102400, Vid:831608816696874_cover_media_id, Key:831608816696874_cover_media_id.null.768033543068666v.-1.56f0aed3a17d4c849f5845dbd00847b0e8ed0a63
10-14 18:34:48.397  3785 13186 D FbHttpCacheDataSource: Cache data source open spec(Cached). RequestType: PREFETCH, StreamType:DASH_VIDEO, Offset:614400, FilePos:0, Length:102400, Vid:831608816696874_cover_media_id, Key:831608816696874_cover_media_id.null.768033543068666v.-1.56f0aed3a17d4c849f5845dbd00847b0e8ed0a63
10-14 18:34:48.399  3785 13186 D FbHttpCacheDataSource: Cache data source open spec(Cached). RequestType: PREFETCH, StreamType:DASH_VIDEO, Offset:716800, FilePos:0, Length:102400, Vid:831608816696874_cover_media_id, Key:831608816696874_cover_media_id.null.768033543068666v.-1.56f0aed3a17d4c849f5845dbd00847b0e8ed0a63
10-14 18:34:48.400  3785 13186 D FbHttpCacheDataSource: Cache data source open spec(Cached). RequestType: PREFETCH, StreamType:DASH_VIDEO, Offset:819200, FilePos:0, Length:102400, Vid:831608816696874_cover_media_id, Key:831608816696874_cover_media_id.null.768033543068666v.-1.56f0aed3a17d4c849f5845dbd00847b0e8ed0a63
10-14 18:34:48.401  3785 13186 D FbHttpCacheDataSource: Cache data source open spec(Cached). RequestType: PREFETCH, StreamType:DASH_VIDEO, Offset:921600, FilePos:0, Length:102400, Vid:831608816696874_cover_media_id, Key:831608816696874_cover_media_id.null.768033543068666v.-1.56f0aed3a17d4c849f5845dbd00847b0e8ed0a63
10-14 18:34:48.403  3785 13186 D FbHttpCacheDataSource: Cache data source open spec(Cached). RequestType: PREFETCH, StreamType:DASH_VIDEO, Offset:1024000, FilePos:0, Length:102400, Vid:831608816696874_cover_media_id, Key:831608816696874_cover_media_id.null.768033543068666v.-1.56f0aed3a17d4c849f5845dbd00847b0e8ed0a63
10-14 18:34:48.405  3785 13186 D FbHttpCacheDataSource: Cache data source open spec(Cached). RequestType: PREFETCH, StreamType:DASH_VIDEO, Offset:1126400, FilePos:0, Length:102400, Vid:831608816696874_cover_media_id, Key:831608816696874_cover_media_id.null.768033543068666v.-1.56f0aed3a17d4c849f5845dbd00847b0e8ed0a63
10-14 18:34:48.408  3785 13186 D FbHttpCacheDataSource: Cache data source open spec(Cached). RequestType: PREFETCH, StreamType:DASH_VIDEO, Offset:1228800, FilePos:0, Length:102400, Vid:831608816696874_cover_media_id, Key:831608816696874_cover_media_id.null.768033543068666v.-1.56f0aed3a17d4c849f5845dbd00847b0e8ed0a63
10-14 18:34:48.409  3785 13186 D FbHttpCacheDataSource: Cache data source open spec(Cached). RequestType: PREFETCH, StreamType:DASH_VIDEO, Offset:1331200, FilePos:0, Length:102400, Vid:831608816696874_cover_media_id, Key:831608816696874_cover_media_id.null.768033543068666v.-1.56f0aed3a17d4c849f5845dbd00847b0e8ed0a63
10-14 18:34:48.411  3785 13186 D FbHttpCacheDataSource: Cache data source open spec(Cached). RequestType: PREFETCH, StreamType:DASH_VIDEO, Offset:1433600, FilePos:0, Length:102400, Vid:831608816696874_cover_media_id, Key:831608816696874_cover_media_id.null.768033543068666v.-1.56f0aed3a17d4c849f5845dbd00847b0e8ed0a63
10-14 18:34:48.413  3785 13186 D FbHttpCacheDataSource: Cache data source open spec(Cached). RequestType: PREFETCH, StreamType:DASH_VIDEO, Offset:1536000, FilePos:0, Length:102400, Vid:831608816696874_cover_media_id, Key:831608816696874_cover_media_id.null.768033543068666v.-1.56f0aed3a17d4c849f5845dbd00847b0e8ed0a63
10-14 18:34:48.414  3785 13186 D FbHttpCacheDataSource: Cache data source open spec(Cached). RequestType: PREFETCH, StreamType:DASH_VIDEO, Offset:1638400, FilePos:0, Length:44231, Vid:831608816696874_cover_media_id, Key:831608816696874_cover_media_id.null.768033543068666v.-1.56f0aed3a17d4c849f5845dbd00847b0e8ed0a63
10-14 18:34:48.415  3785 13186 D CacheManager_default: Prefetched VideoId 831608816696874_cover_media_id, PrefetchLength 1682631, total read 1682631, fetched length from network 0, CacheKey 831608816696874_cover_media_id.null.768033543068666v.-1.56f0aed3a17d4c849f5845dbd00847b0e8ed0a63
10-14 18:34:48.415  3785 13186 D CacheManager_default: Created Apache Data Source for video 826040307254263_cover_media_id (timeout_ms connect=8000 read=8000)
10-14 18:34:48.433  3785 13186 D X.DeT   : Opening data spec Offset: 0, Length 1750855 Open Length 13549997 Videoid 826040307254263_cover_media_id Key 826040307254263_cover_media_id.null.814687614523706v.-1.f6b9be7d7f903797305d86fc250b7fe8a642d28b
10-14 18:34:48.433  3785 13186 D FbHttpCacheDataSource: Cache data source open spec(HTTP). RequestType: PREFETCH, StreamType:DASH_VIDEO, Offset:0, Length:1750855, OpenLength:1750855, Vid:826040307254263_cover_media_id, Key:826040307254263_cover_media_id.null.814687614523706v.-1.f6b9be7d7f903797305d86fc250b7fe8a642d28b, seq:0
10-14 18:34:48.434  3785 13186 D FbHttpCacheDataSource: Cache data sink open spec. Type:DASH_VIDEO, Offset:0, Length:1750855, OpenLength:1750855 Vid:826040307254263_cover_media_id, Key:826040307254263_cover_media_id.null.814687614523706v.-1.f6b9be7d7f903797305d86fc250b7fe8a642d28b
10-14 18:34:48.434  3785 13186 D FbHttpCacheDataSource: Cache data source open spec. RequestType: PREFETCH, StreamType:DASH_VIDEO, Position:0/0, Length:1750855, Vid:826040307254263_cover_media_id, Key:826040307254263_cover_media_id.null.814687614523706v.-1.f6b9be7d7f903797305d86fc250b7fe8a642d28b
10-14 18:34:48.584  3785  3785 I DeviceControlCenterRepository: DeviceId: 57:63:06:3F:BD:EA State: DeviceState(connectedState=CONNECTED, peerConnectedState=Disconnected, deviceBatteryDetails=Battery(stateOfCharge=100, isCharging=false, temperature=239, voltage=4027, displayMode=PERCENTAGE, incompatibleChargerDetected=false), caseBatteryDetails=Battery(stateOfCharge=255, isCharging=false, temperature=0, voltage=0, displayMode=DOTS, incompatibleChargerDetected=false), remedies=[], hardwareState=brokenCamera: false, brokenSpeaker: false, brokenMicrophone: false, brokenNotificationLed: false, brokenImu: false, brokenDsp: false, brokenMcu: false, hingeState: OPEN, waterDetectState: UNKNOWN, isTampered: false, thermalState: NORMAL, mediaPeakPowerState: NORMAL, videoCallingPeakPowerState: NORMAL, battery: Battery(stateOfCharge=100, isCharging=false, temperature=239, voltage=4027, displayMode=PERCENTAGE, incompatibleChargerDetected=false), caseBattery: Battery(stateOfCharge=255, isCharging=false, temperature=0, voltage=0, displayMode=DOTS, incompatibleChargerDetected=false), caseSystemInfo: CaseSystemInfo(serialNumber=null, firmwareVersion=null, isPresent=null), audioActive: false, cameraState: CAPTURE_READY, storageState: STABLE, isStreamingActive: false, inDeepSleep: false, isMounted: false, hotCarEventOccurred: false, registeredSNApps: [ASSISTANT]isSessionVerified: falseDeviceLockState: NO_LOCKPeakPowerUserExperienceThrottlingInfo: [])
10-14 18:34:48.586  3785  3785 I DeviceControlCenterRepository: DeviceId: 57:63:06:3F:BD:EA State: DeviceState(connectedState=CONNECTED, peerConnectedState=Disconnected, deviceBatteryDetails=Battery(stateOfCharge=100, isCharging=false, temperature=239, voltage=4027, displayMode=PERCENTAGE, incompatibleChargerDetected=false), caseBatteryDetails=Battery(stateOfCharge=255, isCharging=false, temperature=0, voltage=0, displayMode=DOTS, incompatibleChargerDetected=false), remedies=[], hardwareState=brokenCamera: false, brokenSpeaker: false, brokenMicrophone: false, brokenNotificationLed: false, brokenImu: false, brokenDsp: false, brokenMcu: false, hingeState: OPEN, waterDetectState: UNKNOWN, isTampered: false, thermalState: NORMAL, mediaPeakPowerState: NORMAL, videoCallingPeakPowerState: NORMAL, battery: Battery(stateOfCharge=100, isCharging=false, temperature=239, voltage=4027, displayMode=PERCENTAGE, incompatibleChargerDetected=false), caseBattery: Battery(stateOfCharge=255, isCharging=false, temperature=0, voltage=0, displayMode=DOTS, incompatibleChargerDetected=false), caseSystemInfo: CaseSystemInfo(serialNumber=null, firmwareVersion=null, isPresent=null), audioActive: false, cameraState: CAPTURE_READY, storageState: STABLE, isStreamingActive: false, inDeepSleep: false, isMounted: false, hotCarEventOccurred: false, registeredSNApps: [ASSISTANT]isSessionVerified: falseDeviceLockState: NO_LOCKPeakPowerUserExperienceThrottlingInfo: [])
10-14 18:34:48.586  3785  3785 I DeviceIndicatorViewModel: Device states: [DeviceStateWithId(deviceIdentifier=57:63:06:3F:BD:EA, deviceState=DeviceState(connectedState=CONNECTED, peerConnectedState=Disconnected, deviceBatteryDetails=Battery(stateOfCharge=100, isCharging=false, temperature=239, voltage=4027, displayMode=PERCENTAGE, incompatibleChargerDetected=false), caseBatteryDetails=Battery(stateOfCharge=255, isCharging=false, temperature=0, voltage=0, displayMode=DOTS, incompatibleChargerDetected=false), remedies=[], hardwareState=brokenCamera: false, brokenSpeaker: false, brokenMicrophone: false, brokenNotificationLed: false, brokenImu: false, brokenDsp: false, brokenMcu: false, hingeState: OPEN, waterDetectState: UNKNOWN, isTampered: false, thermalState: NORMAL, mediaPeakPowerState: NORMAL, videoCallingPeakPowerState: NORMAL, battery: Battery(stateOfCharge=100, isCharging=false, temperature=239, voltage=4027, displayMode=PERCENTAGE, incompatibleChargerDetected=false), caseBattery: Battery(stateOfCharge=255, isCharging=false, temperature=0, voltage=0, displayMode=DOTS, incompatibleChargerDetected=false), caseSystemInfo: CaseSystemInfo(serialNumber=null, firmwareVersion=null, isPresent=null), audioActive: false, cameraState: CAPTURE_READY, storageState: STABLE, isStreamingActive: false, inDeepSleep: false, isMounted: false, hotCarEventOccurred: false, registeredSNApps: [ASSISTANT]isSessionVerified: falseDeviceLockState: NO_LOCKPeakPowerUserExperienceThrottlingInfo: []))]
