10-28 15:17:38.246  2042 29112 D CCodecConfig:   c2::float coding.drc.reference-level.value = -16
10-28 15:17:38.246  2042 29112 D CCodecConfig:   c2::u32 input.buffers.max-size.value = 8192
10-28 15:17:38.246  2042 29112 D CCodecConfig:   c2::u32 input.delay.value = 0
10-28 15:17:38.246  2042 29112 D CCodecConfig:   string input.media-type.value = "audio/mp4a-latm"
10-28 15:17:38.246  2042 29112 D CCodecConfig:   c2::u32 output.delay.value = 2
10-28 15:17:38.246  2042 29112 D CCodecConfig:   c2::float output.drc.output-loudness.value = 0.25
10-28 15:17:38.246  2042 29112 D CCodecConfig:   c2::u32 output.large-frame.max-size = 0
10-28 15:17:38.246  2042 29112 D CCodecConfig:   c2::u32 output.large-frame.threshold-size = 0
10-28 15:17:38.246  2042 29112 D CCodecConfig:   string output.media-type.value = "audio/raw"
10-28 15:17:38.246  2042 29112 D CCodecConfig:   c2::u32 raw.channel-count.value = 1
10-28 15:17:38.246  2042 29112 D CCodecConfig:   c2::u32 raw.channel-mask.value = 0
10-28 15:17:38.246  2042 29112 D CCodecConfig:   c2::u32 raw.max-channel-count.value = 8
10-28 15:17:38.246  2042 29112 D CCodecConfig:   c2::u32 raw.sample-rate.value = 44100
10-28 15:17:38.246  2042 29112 D CCodecConfig: }
10-28 15:17:38.246  1484 29110 D libexynosv4l2: try node: /dev/video6
10-28 15:17:38.247  1484 29110 I libexynosv4l2: node found for device s5p-mfc-dec: /dev/video6
10-28 15:17:38.248  2042 29083 I MediaCodec: media_quality service unavailable, skipping updatePictureProfile
10-28 15:17:38.248  2042 29112 D CCodec  : [c2.android.aac.decoder] buffers are bound to CCodec for this session
10-28 15:17:38.248  2042 29112 D CCodecConfig: no c2 equivalents for flags
10-28 15:17:38.249  2042 29112 D CCodecConfig: c2 config diff is   c2::float coding.drc.reference-level.value = -14
10-28 15:17:38.249  2042 29112 D CCodecConfig:   c2::u32 raw.channel-count.value = 2
10-28 15:17:38.249  1484 29110 I libexynosv4l2: open video device /dev/video6
10-28 15:17:38.251  2042 29112 D CCodec  : encoding statistics level = 0
10-28 15:17:38.251  2042 29112 D CCodec  : setup formats input: AMessage(what = 0x00000000) = {
10-28 15:17:38.251  2042 29112 D CCodec  :   int32_t aac-drc-album-mode = 0
10-28 15:17:38.251  2042 29112 D CCodec  :   int32_t aac-drc-boost-level = 127
10-28 15:17:38.251  2042 29112 D CCodec  :   int32_t aac-drc-cut-level = 127
10-28 15:17:38.251  2042 29112 D CCodec  :   int32_t aac-drc-effect-type = 3
10-28 15:17:38.251  2042 29112 D CCodec  :   int32_t aac-encoded-target-level = -1
10-28 15:17:38.251  2042 29112 D CCodec  :   int32_t aac-max-output-channel_count = 8
10-28 15:17:38.251  2042 29112 D CCodec  :   int32_t aac-target-ref-level = 56
10-28 15:17:38.251  2042 29112 D CCodec  :   int32_t bitrate = 64000
10-28 15:17:38.251  2042 29112 D CCodec  :   int32_t channel-count = 2
10-28 15:17:38.251  2042 29112 D CCodec  :   int32_t channel-mask = 0
10-28 15:17:38.251  2042 29112 D CCodec  :   int32_t level = 0
10-28 15:17:38.251  2042 29112 D CCodec  :   int32_t max-input-size = 8192
10-28 15:17:38.251  2042 29112 D CCodec  :   int32_t max-output-channel-count = 8
10-28 15:17:38.251  2042 29112 D CCodec  :   string mime = "audio/mp4a-latm"
10-28 15:17:38.251  2042 29112 D CCodec  :   int32_t profile = 2
10-28 15:17:38.251  2042 29112 D CCodec  :   int32_t sample-rate = 44100
10-28 15:17:38.251  2042 29112 D CCodec  : }
10-28 15:17:38.251  2042 29112 D CCodec  : setup formats output: AMessage(what = 0x00000000) = {
10-28 15:17:38.251  2042 29112 D CCodec  :   int32_t aac-drc-album-mode = 0
10-28 15:17:38.251  2042 29112 D CCodec  :   int32_t aac-drc-boost-level = 127
10-28 15:17:38.251  2042 29112 D CCodec  :   int32_t aac-drc-cut-level = 127
10-28 15:17:38.251  2042 29112 D CCodec  :   int32_t aac-drc-effect-type = 3
10-28 15:17:38.251  2042 29112 D CCodec  :   int32_t aac-drc-output-loudness = -1
10-28 15:17:38.251  2042 29112 D CCodec  :   int32_t aac-encoded-target-level = -1
10-28 15:17:38.251  2042 29112 D CCodec  :   int32_t aac-max-output-channel_count = 8
10-28 15:17:38.251  2042 29112 D CCodec  :   int32_t aac-target-ref-level = 56
10-28 15:17:38.251  2042 29112 D CCodec  :   int32_t buffer-batch-max-output-size = 0
10-28 15:17:38.251  2042 29112 D CCodec  :   int32_t buffer-batch-threshold-output-size = 0
10-28 15:17:38.251  2042 29112 D CCodec  :   int32_t channel-count = 2
10-28 15:17:38.251  2042 29112 D CCodec  :   int32_t channel-mask = 0
10-28 15:17:38.251  2042 29112 D CCodec  :   int32_t max-output-channel-count = 8
10-28 15:17:38.251  2042 29112 D CCodec  :   string mime = "audio/raw"
10-28 15:17:38.251  2042 29112 D CCodec  :   int32_t sample-rate = 44100
10-28 15:17:38.251  2042 29112 D CCodec  :   int32_t android._config-pcm-encoding = 2
10-28 15:17:38.251  2042 29112 D CCodec  : }
10-28 15:17:38.251  2042 29112 I CCodecConfig: query failed after returning 21 values (BAD_INDEX)
10-28 15:17:38.253  2042 29108 D CCodecBufferChannel: [c2.exynos.vp9.decoder#770] Created input block pool with allocatorID 16 => poolID 92 - OK (0)
10-28 15:17:38.253  2042 29108 D Codec2Client: GraphicBufferAllocator created
10-28 15:17:38.256  2042 29108 I CCodecBufferChannel: [c2.exynos.vp9.decoder#770] Created output block pool with allocatorID 18 => poolID 589 - OK
10-28 15:17:38.256  2042 29108 D CCodecBufferChannel: [c2.exynos.vp9.decoder#770] Configured output block pool ids 589 => OK
10-28 15:17:38.256  2042 29108 D Codec2Client: setOutputSurface -- failed to set consumer usage (6/BAD_INDEX)
10-28 15:17:38.256  2042 29108 D Codec2Client: setOutputSurface -- generation=2091031 consumer usage=0x900
10-28 15:17:38.258  2042 29112 D CCodecBufferChannel: [c2.android.aac.decoder#464] Created input block pool with allocatorID 16 => poolID 93 - OK (0)
10-28 15:17:38.260  2042 29112 I CCodecBufferChannel: [c2.android.aac.decoder#464] Created output block pool with allocatorID 16 => poolID 2112 - OK
10-28 15:17:38.260  2042 29112 D CCodecBufferChannel: [c2.android.aac.decoder#464] Configured output block pool ids 2112 => OK
10-28 15:17:38.260  1664  2624 E Codec2-ComponentInterface: We have a failed config
10-28 15:17:38.268  2042 29107 I MediaCodec: [c2.exynos.vp9.decoder] setting surface generation to 2091032
10-28 15:17:38.270  2042 29107 D Codec2Client: setOutputSurface -- failed to set consumer usage (6/BAD_INDEX)
10-28 15:17:38.270  2042 29107 D Codec2Client: setOutputSurface -- generation=2091032 consumer usage=0x900
10-28 15:17:38.273  1484 29110 I ExynosVideoCodecDec-Vp9Dec: [updateResolution] resolution info : 1080 x 1920 (0, 0, 1080, 1920)
10-28 15:17:38.274  2042 29108 D CCodecConfig: c2 config diff is   c2::u32 output.delay.value = 12
10-28 15:17:38.274  2042 29121 D MediaCodec: MediaCodec::reclaim(0xb400007cf96e2350) c2.exynos.vp9.decoder
10-28 15:17:38.275  1664 29113 W mediaswcodec: AIBinder_linkToDeath is being called with a non-null cookie and no onUnlink callback set. This might not be intended. AIBinder_DeathRecipient_setOnUnlinked should be called first.
10-28 15:17:38.275  2042 29112 D CCodecConfig: c2 config diff is   c2::float output.drc.output-loudness.value = -14
10-28 15:17:38.275  2042 29112 D CCodecConfig:   c2::u32 raw.channel-mask.value = 12
10-28 15:17:38.276  2042 29112 D CCodecBuffers: [c2.android.aac.decoder#464:Output[N]] popFromStashAndRegister: at 1000000000000us, output format changed to AMessage(what = 0x00000000) = {
10-28 15:17:38.276  2042 29112 D CCodecBuffers:   int32_t aac-drc-album-mode = 0
10-28 15:17:38.276  2042 29112 D CCodecBuffers:   int32_t aac-drc-boost-level = 127
10-28 15:17:38.276  2042 29112 D CCodecBuffers:   int32_t aac-drc-cut-level = 127
10-28 15:17:38.276  2042 29112 D CCodecBuffers:   int32_t aac-drc-effect-type = 3
10-28 15:17:38.276  2042 29112 D CCodecBuffers:   int32_t aac-drc-output-loudness = 56
10-28 15:17:38.276  2042 29112 D CCodecBuffers:   int32_t aac-encoded-target-level = -1
10-28 15:17:38.276  2042 29112 D CCodecBuffers:   int32_t aac-max-output-channel_count = 8
10-28 15:17:38.276  2042 29112 D CCodecBuffers:   int32_t aac-target-ref-level = 56
10-28 15:17:38.276  2042 29112 D CCodecBuffers:   int32_t buffer-batch-max-output-size = 0
10-28 15:17:38.276  2042 29112 D CCodecBuffers:   int32_t buffer-batch-threshold-output-size = 0
10-28 15:17:38.276  2042 29112 D CCodecBuffers:   int32_t channel-count = 2
10-28 15:17:38.276  2042 29112 D CCodecBuffers:   int32_t channel-mask = 12
10-28 15:17:38.276  2042 29112 D CCodecBuffers:   int32_t max-output-channel-count = 8
10-28 15:17:38.276  2042 29112 D CCodecBuffers:   string mime = "audio/raw"
10-28 15:17:38.276  2042 29112 D CCodecBuffers:   int32_t sample-rate = 44100
10-28 15:17:38.276  2042 29112 D CCodecBuffers:   int32_t android._config-pcm-encoding = 2
10-28 15:17:38.276  2042 29112 D CCodecBuffers: }
10-28 15:17:38.287  2042  7731 D CCodecBufferChannel: [c2.exynos.vp9.decoder#770] Ignoring stale input buffer done callback: last flush index = 0, frameIndex = 0
10-28 15:17:38.294  2042 29121 D MediaCodec: MediaCodec looper is gone, skip reclaim
10-28 15:17:38.295  2042 29129 D CCodec  : allocate(c2.exynos.vp9.decoder)
10-28 15:17:38.296  2042 29129 I CCodec  : setting up 'default' as default (vendor) store
10-28 15:17:38.299  2042 29129 I CCodec  : Created component [c2.exynos.vp9.decoder] for [c2.exynos.vp9.decoder]
10-28 15:17:38.300  2042 29129 D CCodecConfig: read media type: video/x-vnd.on2.vp9
10-28 15:17:38.307  2042 29129 D CCodecConfig: ignoring local param raw.size (0xd2001800) as it is already supported
10-28 15:17:38.307  2042 29129 D CCodecConfig: ignoring local param default.color (0x5200180b) as it is already supported
10-28 15:17:38.307  2042 29129 D CCodecConfig: ignoring local param raw.hdr-static-info (0xd200180a) as it is already supported
10-28 15:17:38.308  2042 29129 I CCodecConfig: query failed after returning 17 values (BAD_INDEX)
10-28 15:17:38.308  2042 29129 D CCodecConfig: c2 config diff is Dict {
10-28 15:17:38.308  2042 29129 D CCodecConfig:   c2::u32 algo.low-latency.value = 0
10-28 15:17:38.308  2042 29129 D CCodecConfig:   c2::i32 algo.priority.value = 0
10-28 15:17:38.308  2042 29129 D CCodecConfig:   c2::float algo.rate.value = 0
10-28 15:17:38.308  2042 29129 D CCodecConfig:   c2::u32 coded.pl.level = 28680
10-28 15:17:38.308  2042 29129 D CCodecConfig:   c2::u32 coded.pl.profile = 28672
10-28 15:17:38.308  2042 29129 D CCodecConfig:   c2::u32 coded.vui.color.matrix = 0
10-28 15:17:38.308  2042 29129 D CCodecConfig:   c2::u32 coded.vui.color.primaries = 0
10-28 15:17:38.308  2042 29129 D CCodecConfig:   c2::u32 coded.vui.color.range = 0
10-28 15:17:38.308  2042 29129 D CCodecConfig:   c2::u32 coded.vui.color.transfer = 0
10-28 15:17:38.308  2042 29129 D CCodecConfig:   c2::u32 default.color.matrix = 0
10-28 15:17:38.308  2042 29129 D CCodecConfig:   c2::u32 default.color.primaries = 0
10-28 15:17:38.308  2042 29129 D CCodecConfig:   c2::u32 default.color.range = 0
10-28 15:17:38.308  2042 29129 D CCodecConfig:   c2::u32 default.color.transfer = 0
10-28 15:17:38.308  2042 29129 D CCodecConfig:   c2::u32 input.buffers.max-size.value = 7340032
10-28 15:17:38.308  2042 29129 D CCodecConfig:   Buffer input.hdr-dynamic-info.data = {
10-28 15:17:38.308  2042 29129 D CCodecConfig:   }
10-28 15:17:38.308  2042 29129 D CCodecConfig:   c2::u32 input.hdr-dynamic-info.type = 1
10-28 15:17:38.308  2042 29129 D CCodecConfig:   string input.media-type.value = "video/x-vnd.on2.vp9"
10-28 15:17:38.308  2042 29129 D CCodecConfig:   c2::u32 output.delay.value = 3
10-28 15:17:38.308  2042 29129 D CCodecConfig:   Buffer output.hdr-dynamic-info.data = {
10-28 15:17:38.308  2042 29129 D CCodecConfig:   }
10-28 15:17:38.308  2042 29129 D CCodecConfig:   c2::u32 output.hdr-dynamic-info.type = 1
10-28 15:17:38.308  2042 29129 D CCodecConfig:   string output.media-type.value = "video/raw"
10-28 15:17:38.308  2042 29129 D CCodecConfig:   c2::u32 raw.color.matrix = 0
10-28 15:17:38.308  2042 29129 D CCodecConfig:   c2::u32 raw.color.primaries = 0
10-28 15:17:38.308  2042 29129 D CCodecConfig:   c2::u32 raw.color.range = 0
10-28 15:17:38.308  2042 29129 D CCodecConfig:   c2::u32 raw.color.transfer = 0
10-28 15:17:38.308  2042 29129 D CCodecConfig:   c2::float raw.hdr-static-info.mastering.
10-28 15:17:38.310  2042 29121 I MediaCodec: media_quality service unavailable, skipping updatePictureProfile
10-28 15:17:38.310  2042 29127 I MediaCodec: [c2.exynos.vp9.decoder] setting surface generation to 2091033
10-28 15:17:38.310  2042 29129 D CCodec  : [c2.exynos.vp9.decoder] buffers are bound to CCodec for this session
10-28 15:17:38.310  2042 29129 D CCodecConfig: no c2 equivalents for color-standard
10-28 15:17:38.310  2042 29129 D CCodecConfig: no c2 equivalents for native-window
10-28 15:17:38.310  2042 29129 D CCodecConfig: no c2 equivalents for native-window-generation
10-28 15:17:38.310  2042 29129 D CCodecConfig: no c2 equivalents for flags
10-28 15:17:38.311  2042 29129 D CCodecConfig: c2 config diff is   c2::u32 default.color.matrix = 1
10-28 15:17:38.311  2042 29129 D CCodecConfig:   c2::u32 default.color.primaries = 1
10-28 15:17:38.311  2042 29129 D CCodecConfig:   c2::u32 default.color.range = 2
10-28 15:17:38.311  2042 29129 D CCodecConfig:   c2::u32 default.color.transfer = 3
10-28 15:17:38.311  2042 29129 D CCodecConfig:   c2::u32 raw.max-size.height = 1920
10-28 15:17:38.311  2042 29129 D CCodecConfig:   c2::u32 raw.max-size.width = 1080
10-28 15:17:38.311  2042 29129 D CCodecConfig:   c2::u32 raw.size.height = 1920
10-28 15:17:38.311  2042 29129 D CCodecConfig:   c2::u32 raw.size.width = 1080
10-28 15:17:38.311  2042 29129 D CCodec  : client requested max input size 777600, which is smaller than what component recommended (7340032); overriding with component recommendation.
10-28 15:17:38.311  2042 29129 W CCodec  : This behavior is subject to change. It is recommended that app developers double check whether the requested max input size is in reasonable range.
10-28 15:17:38.311  2042 29129 D CCodec  : encoding statistics level = 0
10-28 15:17:38.311  2042 29129 D CCodec  : setup formats input: AMessage(what = 0x00000000) = {
10-28 15:17:38.311  2042 29129 D CCodec  :   int32_t height = 1920
10-28 15:17:38.311  2042 29129 D CCodec  :   int32_t level = 256
10-28 15:17:38.311  2042 29129 D CCodec  :   int32_t max-input-size = 7340032
10-28 15:17:38.311  2042 29129 D CCodec  :   string mime = "video/x-vnd.on2.vp9"
10-28 15:17:38.311  2042 29129 D CCodec  :   int32_t priority = 0
10-28 15:17:38.311  2042 29129 D CCodec  :   int32_t profile = 1
10-28 15:17:38.311  2042 29129 D CCodec  :   int32_t width = 1080
10-28 15:17:38.311  2042 29129 D CCodec  :   Rect crop(0, 0, 1079, 1919)
10-28 15:17:38.311  2042 29129 D CCodec  : }
10-28 15:17:38.311  2042 29129 D CCodec  : setup formats output: AMessage(what = 0x00000000) = {
10-28 15:17:38.311  2042 29129 D CCodec  :   int32_t android._color-format = 2130708361
10-28 15:17:38.311  2042 29129 D CCodec  :   int32_t android._video-scaling = 1
10-28 15:17:38.311  2042 29129 D CCodec  :   int32_t android._dataspace = 260
10-28 15:17:38.311  2042 29129 D CCodec  :   int32_t color-standard = 1
10-28 15:17:38.311  2042 29129 D CCodec  :   int32_t color-range = 2
10-28 15:17:38.311  2042 29129 D CCodec  :   int32_t color-transfer = 3
10-28 15:17:38.311  2042 29129 D CCodec  :   int32_t sar-height = 1
10-28 15:17:38.311  2042 29129 D CCodec  :   int32_t rotation-degrees = 0
10-28 15:17:38.311  2042 29129 D CCodec  :   Buffer hdr-static-info = {
10-28 15:17:38.311  2042 29129 D CCodec  :     00000000:  00 00 00 00 00 00 00 00  00 00 00 00 00 00 00 00  ................
10-28 15:17:38.311  2042 29129 D CCodec  :     00000010:  00 00 00 00 00 00 00 00  00                       .........
10-28 15:17:38.311  2042 29129 D CCodec  :   }
10-28 15:17:38.311  2042 29129 D CCodec  :   int32_t sar-width = 1
10-28 15:17:38.311  2042 29129 D CCodec  :   Rect crop(0, 0, 1079, 1919)
10-28 15:17:38.311  2042 29129 D CCodec  :   int32_t width = 1080
10-28 15:17:38.311  2042 29129 D CCodec  :   int32_t height = 1920
10-28 15:17:38.311  2042 29129 D CCodec  :   int32_t max-height = 1920
10-28 15:17:38.311  2042 29129 D CCodec  :   int32_t max-width = 1080
10-28 15:17:38.311  2042 29129 D CCodec  :   string mime = "video/raw"
10-28 15:17:38.311  2042 29129 D CCodec  :   int32_t priority = 0
10-28 15:17:38.311  2042 29129 D CCodec  :   Buffer hdr10-plus-info = {
10-28 15:17:38.311  2042 29129 D CCodec  :   }
10-28 15:17:38.311  2042 29129 D CCodec  :   int32_t color-format = 2130708361
10-28 15:17:38.311  2042 29129 D CCodec  : }
10-28 15:17:38.312  2042 29129 I CCodecConfig: query failed after returning 17 values (BAD_INDEX)
10-28 15:17:38.312  2042 29129 D CCodecConfig: c2 config diff is   c2::u32 raw.color.matrix = 1
10-28 15:17:38.312  2042 29129 D CCodecConfig:   c2::u32 raw.color.primaries = 1
10-28 15:17:38.312  2042 29129 D CCodecConfig:   c2::u32 raw.color.range = 2
10-28 15:17:38.312  2042 29129 D CCodecConfig:   c2::u32 raw.color.transfer = 3
10-28 15:17:38.313  1484 29131 D libexynosv4l2: try node: /dev/video6
10-28 15:17:38.313  1484 29131 I libexynosv4l2: node found for device s5p-mfc-dec: /dev/video6
10-28 15:17:38.313  1484 29131 I libexynosv4l2: open video device /dev/video6
10-28 15:17:38.316  2042 29129 D CCodecBufferChannel: [c2.exynos.vp9.decoder#182] Created input block pool with allocatorID 16 => poolID 94 - OK (0)
10-28 15:17:38.316  2042 29129 D Codec2Client: GraphicBufferAllocator created
10-28 15:17:38.317  2042 29129 I CCodecBufferChannel: [c2.exynos.vp9.decoder#182] Created output block pool with allocatorID 18 => poolID 590 - OK
10-28 15:17:38.317  2042 29129 D CCodecBufferChannel: [c2.exynos.vp9.decoder#182] Configured output block pool ids 590 => OK
10-28 15:17:38.317  2042 29129 D Codec2Client: setOutputSurface -- failed to set consumer usage (6/BAD_INDEX)
10-28 15:17:38.317  2042 29129 D Codec2Client: setOutputSurface -- generation=2091033 consumer usage=0x900
10-28 15:17:38.327  1484 29131 I ExynosVideoCodecDec-Vp9Dec: [updateResolution] resolution info : 1080 x 1920 (0, 0, 1080, 1920)
10-28 15:17:38.329  2042 29129 D CCodecConfig: c2 config diff is   c2::u32 output.delay.value = 12
10-28 15:17:38.336  2042  7731 D CCodecBufferChannel: [c2.exynos.vp9.decoder#182] Ignoring stale input buffer done callback: last flush index = 0, frameIndex = 0
10-28 15:17:38.338  2042 29129 D CCodecConfig: c2 config diff is   c2::u32 raw.crop.height = 1920
10-28 15:17:38.338  2042 29129 D CCodecConfig:   c2::u32 raw.crop.left = 0
10-28 15:17:38.338  2042 29129 D CCodecConfig:   c2::u32 raw.crop.top = 0
10-28 15:17:38.338  2042 29129 D CCodecConfig:   c2::u32 raw.crop.width = 1080
10-28 15:17:38.338  2042 29129 D CCodecConfig:   c2::float raw.hdr-static-info.mastering.blue.x = 0.131
10-28 15:17:38.338  2042 29129 D CCodecConfig:   c2::float raw.hdr-static-info.mastering.blue.y = 0.046
10-28 15:17:38.338  2042 29129 D CCodecConfig:   c2::float raw.hdr-static-info.mastering.green.x = 0.17
10-28 15:17:38.338  2042 29129 D CCodecConfig:   c2::float raw.hdr-static-info.mastering.green.y = 0.797
10-28 15:17:38.338  2042 29129 D CCodecConfig:   c2::float raw.hdr-static-info.mastering.max-luminance = 1000
10-28 15:17:38.338  2042 29129 D CCodecConfig:   c2::float raw.hdr-static-info.mastering.red.x = 0.708
10-28 15:17:38.338  2042 29129 D CCodecConfig:   c2::float raw.hdr-static-info.mastering.red.y = 0.292
10-28 15:17:38.338  2042 29129 D CCodecConfig:   c2::float raw.hdr-static-info.mastering.white.x = 0.3127
10-28 15:17:38.338  2042 29129 D CCodecConfig:   c2::float raw.hdr-static-info.mastering.white.y = 0.329
10-28 15:17:38.338  2042 29129 D CCodecConfig:   c2::float raw.hdr-static-info.max-fall = 65536
10-28 15:17:38.338  2042 29129 D CCodecConfig: found invalid HDR static metadata AMessage(what = 0x00000000) = {
10-28 15:17:38.338  2042 29129 D CCodecConfig:           int32_t android._color-format = 2130708361
10-28 15:17:38.338  2042 29129 D CCodecConfig:           int32_t android._video-scaling = 1
10-28 15:17:38.338  2042 29129 D CCodecConfig:           float smpte2086.green.y = 0.797000
10-28 15:17:38.338  2042 29129 D CCodecConfig:           int32_t color-standard = 1
10-28 15:17:38.338  2042 29129 D CCodecConfig:           int32_t color-range = 2
10-28 15:17:38.338  2042 29129 D CCodecConfig:           int32_t color-transfer = 3
10-28 15:17:38.338  2042 29129 D CCodecConfig:           float smpte2086.red.y = 0.292000
10-28 15:17:38.338  2042 29129 D CCodecConfig:           int32_t width = 1080
10-28 15:17:38.338  2042 29129 D CCodecConfig:           float smpte2086.white.y = 0.329000
10-28 15:17:38.338  2042 29129 D CCodecConfig:           float smpte2086.white.x = 0.312700
10-28 15:17:38.338  2042 29129 D CCodecConfig:           float cta861.max-cll = 0.000000
10-28 15:17:38.338  2042 29129 D CCodecConfig:           float cta861.max-fall = 65536.000000
10-28 15:17:38.338  2042 29129 D CCodecConfig:           float smpte2086.max-luminance = 1000.000000
10-28 15:17:38.338  2042 29129 D CCodecConfig:           float smpte2086.min-luminance = 0.000000
10-28 15:17:38.338  2042 29129 D CCodecConfig:           Rect crop(0, 0, 1079, 1919)
10-28 15:17:38.338  2042 29129 D CCodecConfig:           float smpte2086.red.x = 0.708000
10-28 15:17:38.338  2042 29129 D CCodecConfig:           int32_t height = 1920
10-28 15:17:38.338  2042 29129 D CCodecConfig:           int32_t max-height = 1920
10-28 15:17:38.338  2042 29129 D CCodecConfig:           int32_t max-width = 1080
10-28 15:17:38.338  2042 29129 D CCodecConfig:           string mime = "video/raw"
10-28 15:17:38.338  2042 29129 D CCodecConfig:           Buffer output.hdr-dynamic-info.data = {
10-28 15:17:38.338  2042 29129 D CCodecConfig:           }
10-28 15:17:38.338  2042 29129 D CCodecConfig:           int32_t output.hdr-dynamic-info.type = 1
10-28 15:17:38.338  2042 29129 D CCodecConfig:           int32
10-28 15:17:38.394  2042 29090 I MediaCodec: [c2.exynos.vp9.decoder] setting surface generation to 2091034
10-28 15:17:38.394  2042 29090 D Codec2Client: setOutputSurface -- failed to set consumer usage (6/BAD_INDEX)
10-28 15:17:38.394  2042 29090 D Codec2Client: setOutputSurface -- generation=2091034 consumer usage=0x900
10-28 15:17:38.395  2042 29090 D CCodecBufferChannel: [c2.exynos.vp9.decoder#380] MediaCodec discarded an unknown buffer
10-28 15:17:38.395  2042 29090 D CCodecBufferChannel: [c2.exynos.vp9.decoder#380] MediaCodec discarded an unknown buffer
10-28 15:17:38.395  2042 29090 D CCodecBufferChannel: [c2.exynos.vp9.decoder#380] MediaCodec discarded an unknown buffer
10-28 15:17:38.395  2042 29090 D CCodecBufferChannel: [c2.exynos.vp9.decoder#380] MediaCodec discarded an unknown buffer
10-28 15:17:38.395  2042 29090 D CCodecBufferChannel: [c2.exynos.vp9.decoder#380] MediaCodec discarded an unknown buffer
10-28 15:17:38.396  2042 29090 D CCodecBufferChannel: [c2.exynos.vp9.decoder#380] MediaCodec discarded an unknown buffer
10-28 15:17:38.396  2042 29090 D CCodecBufferChannel: [c2.exynos.vp9.decoder#380] MediaCodec discarded an unknown buffer
10-28 15:17:38.396  2042 29090 D CCodecBufferChannel: [c2.exynos.vp9.decoder#380] MediaCodec discarded an unknown buffer
10-28 15:17:38.396  2042 29090 D CCodecBufferChannel: [c2.exynos.vp9.decoder#380] MediaCodec discarded an unknown buffer
10-28 15:17:38.396  2042 29090 D CCodecBufferChannel: [c2.exynos.vp9.decoder#380] MediaCodec discarded an unknown buffer
10-28 15:17:38.397  2042 29090 D CCodecBufferChannel: [c2.exynos.vp9.decoder#380] MediaCodec discarded an unknown buffer
10-28 15:17:38.416  2042 29097 D CCodecBufferChannel: [c2.android.aac.decoder#83] MediaCodec discarded an unknown buffer
10-28 15:17:38.416  2042 29097 D CCodecBufferChannel: [c2.android.aac.decoder#83] MediaCodec discarded an unknown buffer
10-28 15:17:38.416  2042 29097 D CCodecBufferChannel: [c2.android.aac.decoder#83] MediaCodec discarded an unknown buffer
10-28 15:17:38.416  2042 29097 D CCodecBufferChannel: [c2.android.aac.decoder#83] MediaCodec discarded an unknown buffer
10-28 15:17:38.416  2042 29097 D CCodecBufferChannel: [c2.android.aac.decoder#83] MediaCodec discarded an unknown buffer
10-28 15:17:38.416  2042 29097 D CCodecBufferChannel: [c2.android.aac.decoder#83] MediaCodec discarded an unknown buffer
10-28 15:17:38.417  2042 29112 D CCodecBufferChannel: [c2.android.aac.decoder#464] MediaCodec discarded an unknown buffer
10-28 15:17:38.417  2042 29112 D CCodecBufferChannel: [c2.android.aac.decoder#464] MediaCodec discarded an unknown buffer
10-28 15:17:38.417  2042 29112 D CCodecBufferChannel: [c2.android.aac.decoder#464] MediaCodec discarded an unknown buffer
10-28 15:17:38.662  2987  3356 I bluetooth-a2dp: system/bta/av/bta_av_api.cc:612 BTA_AvSetLatency: Set audio/video stream low latency bta_handle:65, is_low_latency:false
10-28 15:17:39.017  8971  9296 E msys    : E[N mns]_OnDiskCacheGetData(632)=>Start post callback cache refresh DNS resolution
10-28 15:17:39.217  8971  9296 E msys    : E[N mns]_OnDiskCacheGetData(632)=>Start post callback cache refresh DNS resolution
10-28 15:17:39.746  2987  2995 D bluetooth: system/bta/le_audio/codec_manager.cc:571 IsUsingCodecExtensibility: Using codec extensibility AIDL: true
10-28 15:17:41.433  2042 29127 I CCodecConfig: query failed after returning 18 values (BAD_INDEX)
10-28 15:17:41.467  2042 10177 D CCodecBufferChannel: [c2.exynos.vp9.decoder#182] Ignoring stale input buffer done callback: last flush index = 113, frameIndex = 113
10-28 15:17:41.770  2987  3356 I bluetooth-a2dp: system/bta/av/bta_av_api.cc:612 BTA_AvSetLatency: Set audio/video stream low latency bta_handle:65, is_low_latency:false
10-28 15:17:41.774  2987  3356 I bluetooth-a2dp: system/bta/av/bta_av_api.cc:612 BTA_AvSetLatency: Set audio/video stream low latency bta_handle:65, is_low_latency:false
10-28 15:17:41.779  2987  3356 I bluetooth-a2dp: system/bta/av/bta_av_api.cc:238 BTA_AvStart: Starting audio/video stream data transfer bta_handle:65, use_latency_mode:false
10-28 15:17:41.780  1683  1683 D AOC     : F1:  Codec Type: AAC (0x2)
10-28 15:17:41.784  1683  1683 D AOC     : F1:  Codec Configuration:
10-28 15:17:41.866  2987  3356 I bluetooth-a2dp: system/bta/av/bta_av_aact.cc:3082 bta_av_vendor_offload_start: codec: 0x2, sample rate: 0x1, bit depth: 0x1, channel: 0x2, bitrate: 0x4e200, ACL: 0xb, L2CAP: 0x4b, MTU: 0x3d2
10-28 15:17:41.907  2987 27236 D bluetooth: system/bta/le_audio/codec_manager.cc:571 IsUsingCodecExtensibility: Using codec extensibility AIDL: true
10-28 15:17:42.059  2987  3356 I bluetooth-a2dp: system/bta/av/bta_av_api.cc:612 BTA_AvSetLatency: Set audio/video stream low latency bta_handle:65, is_low_latency:false
10-28 15:17:44.155  2987 27236 D bluetooth: system/bta/le_audio/codec_manager.cc:571 IsUsingCodecExtensibility: Using codec extensibility AIDL: true
10-28 15:17:44.527  2042 29127 I CCodecConfig: query failed after returning 18 values (BAD_INDEX)
10-28 15:17:44.566  2042 17487 D CCodecBufferChannel: [c2.exynos.vp9.decoder#182] Ignoring stale input buffer done callback: last flush index = 225, frameIndex = 225
10-28 15:17:44.824  2042 29127 I MediaCodec: [c2.exynos.vp9.decoder] setting surface generation to 2091035
10-28 15:17:44.824  2042 29127 D Codec2Client: setOutputSurface -- failed to set consumer usage (6/BAD_INDEX)
10-28 15:17:44.824  2042 29127 D Codec2Client: setOutputSurface -- generation=2091035 consumer usage=0x900
10-28 15:17:44.825  2042 29127 D CCodecBufferChannel: [c2.exynos.vp9.decoder#182] MediaCodec discarded an unknown buffer
10-28 15:17:44.825  2042 29127 D CCodecBufferChannel: [c2.exynos.vp9.decoder#182] MediaCodec discarded an unknown buffer
10-28 15:17:44.825  2042 29127 D CCodecBufferChannel: [c2.exynos.vp9.decoder#182] MediaCodec discarded an unknown buffer
10-28 15:17:44.825  2042 29127 D CCodecBufferChannel: [c2.exynos.vp9.decoder#182] MediaCodec discarded an unknown buffer
10-28 15:17:44.825  2042 29127 D CCodecBufferChannel: [c2.exynos.vp9.decoder#182] MediaCodec discarded an unknown buffer
10-28 15:17:44.825  2042 29127 D CCodecBufferChannel: [c2.exynos.vp9.decoder#182] MediaCodec discarded an unknown buffer
10-28 15:17:44.825  2042 29127 D CCodecBufferChannel: [c2.exynos.vp9.decoder#182] MediaCodec discarded an unknown buffer
10-28 15:17:44.825  2042 29127 D CCodecBufferChannel: [c2.exynos.vp9.decoder#182] MediaCodec discarded an unknown buffer
10-28 15:17:44.825  2042 29127 D CCodecBufferChannel: [c2.exynos.vp9.decoder#182] MediaCodec discarded an unknown buffer
10-28 15:17:44.825  2042 29127 D CCodecBufferChannel: [c2.exynos.vp9.decoder#182] MediaCodec discarded an unknown buffer
10-28 15:17:44.846  2987  3356 I bluetooth-a2dp: system/bta/av/bta_av_api.cc:612 BTA_AvSetLatency: Set audio/video stream low latency bta_handle:65, is_low_latency:false
10-28 15:17:44.865  2987  3356 I bluetooth-a2dp: system/bta/av/bta_av_api.cc:612 BTA_AvSetLatency: Set audio/video stream low latency bta_handle:65, is_low_latency:false
10-28 15:17:44.966  1447  1447 I GCH_ZslSnapshotCaptureSession: Initialize: video sw denoise is enabled in GCH
10-28 15:17:44.970  1447  2485 W Lyric   : stream_info_parser.cc:372: Camera Rear unknown stream: {type: Streaminfo, stream_id: 32775, camera_id: Rear, format: YCBCR_420_888, width: 1920, height: 1080, usage: [], stream_type: Output, use_case: Default, data_space: DataSpace(Custom)::Arbitrary, is_framework_physical_stream: 0, dynamic_range_profile: Standard, intended_for_max_resolution_mode: 0, group_id: -1, is_tunable: 1} does not fall in any known use case
10-28 15:17:44.970  1447  2485 I Lyric   : stream_info_parser.cc:364: Camera Rear Preview stream: {type: Streaminfo, stream_id: 32769, camera_id: Rear, format: YCBCR_420_888, width: 1280, height: 720, usage: [HwTexture], stream_type: Output, use_case: Default, data_space: DataSpace(Color)::(Standard: BT709, Transfer: RGB, Range: Full), is_framework_physical_stream: 0, dynamic_range_profile: Standard, intended_for_max_resolution_mode: 0, group_id: -1, is_tunable: 1}
10-28 15:17:44.971  1447  2485 W Lyric   : stream_info_parser.cc:372: Camera RearWide unknown stream: {type: Streaminfo, stream_id: 32776, camera_id: RearWide, format: YCBCR_420_888, width: 1920, height: 1080, usage: [], stream_type: Output, use_case: Default, data_space: DataSpace(Custom)::Arbitrary, is_framework_physical_stream: 0, dynamic_range_profile: Standard, intended_for_max_resolution_mode: 0, group_id: -1, is_tunable: 1} does not fall in any known use case
10-28 15:17:44.971  1447  2485 I Lyric   : stream_info_parser.cc:364: Camera RearWide Preview stream: {type: Streaminfo, stream_id: 32770, camera_id: RearWide, format: YCBCR_420_888, width: 1280, height: 720, usage: [HwTexture], stream_type: Output, use_case: Default, data_space: DataSpace(Color)::(Standard: BT709, Transfer: RGB, Range: Full), is_framework_physical_stream: 0, dynamic_range_profile: Standard, intended_for_max_resolution_mode: 0, group_id: -1, is_tunable: 1}
10-28 15:17:44.971  1447  2485 I Lyric   : stream_info_parser.cc:364: Camera RearVirtual Preview stream: {type: Streaminfo, stream_id: 32768, camera_id: RearVirtual, format: YCBCR_420_888, width: 1280, height: 720, usage: [HwTexture], stream_type: Output, use_case: Default, data_space: DataSpace(Color)::(Standard: BT709, Transfer: RGB, Range: Full), is_framework_physical_stream: 0, dynamic_range_profile: Standard, intended_for_max_resolution_mode: 0, group_id: -1, is_tunable: 1}
10-28 15:17:44.971  1447  2485 W Lyric   : stream_info_parser.cc:372: Camera RearVirtual unknown stream: {type: Streaminfo, stream_id: 32774, camera_id: RearVirtual, format: YCBCR_420_888, width: 1920, height: 1080, usage: [], stream_type: Output, use_case: Default, data_space: DataSpace(Custom)::Arbitrary, is_framework_physical_stream: 0, dynamic_range_profile: Standard, intended_for_max_resolution_mode: 0, group_id: -1, is_tunable: 1} does not fall in any known use case
10-28 15:17:44.976  1447  2491 I Lyric   : sensor_generic_driver.cc:1959: SANDWORM GetModeIndex requirement {size = {width: 1920, height: 1080}, frame_rate_range = [15, 30], request_binning_mode = false, request_pd_stream = false, only_config_logical_cam_stream = true, camera_id = [<recursive>], require_full_fov = false, is_high_frame_rate = false, crop_margin = 0, is_sibling_camera_participating = false, sub_image_count = 1, is_face_auth = false, is_video_mode = false, is_high_resolution_mode = false, is_arkaroo_enabled = false, is_roshi_enabled = false, is_specific_aspect_ratio_video = false, require_exact_size = false, force_sensor_mode_index = -1, is_multi_cam_usecase = true, raw_stream_usecase = 0, is_high_resolution_standalone_mode = false} required aspect ratio 1.77778 pick_transition_mode 0 require exact size 0
10-28 15:17:44.976  1447  2493 I Lyric   : sensor_generic_driver.cc:1959: BOITATA GetModeIndex requirement {size = {width: 1920, height: 1080}, frame_rate_range = [15, 30], request_binning_mode = false, request_pd_stream = false, only_config_logical_cam_stream = true, camera_id = [<recursive>], require_full_fov = false, is_high_frame_rate = false, crop_margin = 0, is_sibling_camera_participating = true, sub_image_count = 1, is_face_auth = false, is_video_mode = false, is_high_resolution_mode = false, is_arkaroo_enabled = false, is_roshi_enabled = false, is_specific_aspect_ratio_video = false, require_exact_size = false, force_sensor_mode_index = -1, is_multi_cam_usecase = true, raw_stream_usecase = 0, is_high_resolution_standalone_mode = false} required aspect ratio 1.77778 pick_transition_mode 1 require exact size 0
10-28 15:17:44.977  1447  2487 I Lyric   : sensor_generic_driver.cc:1959: BOITATARM GetModeIndex requirement {size = {width: 1920, height: 1080}, frame_rate_range = [15, 30], request_binning_mode = false, request_pd_stream = false, only_config_logical_cam_stream = true, camera_id = [<recursive>], require_full_fov = false, is_high_frame_rate = false, crop_margin = 0, is_sibling_camera_participating = true, sub_image_count = 1, is_face_auth = false, is_video_mode = false, is_high_resolution_mode = false, is_arkaroo_enabled = false, is_roshi_enabled = false, is_specific_aspect_ratio_video = false, require_exact_size = false, force_sensor_mode_index = -1, is_multi_cam_usecase = true, raw_stream_usecase = 0, is_high_resolution_standalone_mode = false} required aspect ratio 1.77778 pick_transition_mode 0 require exact size 0
10-28 15:17:44.977  1447  2491 I Lyric   : eaf_node.cc:80: cam3_eaf: stream_id 32770, res 1280x720, pipeline_id 0, is_video_stream false
10-28 15:17:44.977  1447  2491 I Lyric   : zuma_isp_subgraph.cc:532: raw_to_yuv_for_snapshot_exceeding_video: Pipeline (ID: (instance_id: 489890), IPs: [ RawToYuv ], Max Outputs: 1, IPConnections: [ ], Usecase: Snapshot)
10-28 15:17:44.977  1447  2491 I Lyric   : zuma_isp_subgraph.cc:539: video_mesh_warp: Pipeline (ID: (instance_id: 489893), IPs: [ MeshWarp ], Max Outputs: 1, IPConnections: [ ], Usecase: Video)
10-28 15:17:44.977  1447  2491 I Lyric   : zuma_isp_subgraph.cc:541: mesh_warp_for_snapshot_exceeding_video: Pipeline (ID: (instance_id: 489894), IPs: [ MeshWarp ], Max Outputs: 1, IPConnections: [ ], Usecase: Snapshot)
10-28 15:17:44.977  1447  2491 I Lyric   : zuma_isp_subgraph.cc:551: video_scaler: Pipeline (ID: (instance_id: 489898), IPs: [ Scaler ], Max Outputs: 0, IPConnections: [ ], Usecase: Video)
10-28 15:17:44.977  1447  2491 I Lyric   : zuma_isp_subgraph.cc:553: scaler_for_snapshot_exceeding_video: Pipeline (ID: (instance_id: 489899), IPs: [ Scaler ], Max Outputs: 2, IPConnections: [ ], Usecase: Snapshot)
10-28 15:17:44.977  1447  2493 I Lyric   : eaf_node.cc:80: cam2_eaf: stream_id 32769, res 1280x720, pipeline_id 0, is_video_stream false
10-28 15:17:44.977  1447  2487 I Lyric   : eaf_node.cc:80: cam4_eaf: stream_id 32768, res 1280x720, pipeline_id 0, is_video_stream false
10-28 15:17:44.977  1447  2491 I Lyric   : whi_like_isp_back_end_core_subgraph.cc:933: RawToYuvNode for snapshot exceeding video is configured to output consumer type 2 fmt: HalImageFormat{ pixel_format = YCBCR_420_SPN_10B, stride_alignment = 64, num_buffers = 1 } for RearWide
10-28 15:17:44.977  1447  2493 I Lyric   : zuma_isp_subgraph.cc:532: raw_to_yuv_for_snapshot_exceeding_video: Pipeline (ID: (instance_id: 489917), IPs: [ RawToYuv ], Max Outputs: 1, IPConnections: [ ], Usecase: Snapshot)
10-28 15:17:44.977  1447  2487 I Lyric   : zuma_isp_subgraph.cc:532: raw_to_yuv_for_snapshot_exceeding_video: Pipeline (ID: (instance_id: 489909), IPs: [ RawToYuv ], Max Outputs: 1, IPConnections: [ ], Usecase: Snapshot)
10-28 15:17:44.977  1447  2487 I Lyric   : zuma_isp_subgraph.cc:539: video_mesh_warp: Pipeline (ID: (instance_id: 489912), IPs: [ MeshWarp ], Max Outputs: 1, IPConnections: [ ], Usecase: Video)
10-28 15:17:44.977  1447  2493 I Lyric   : zuma_isp_subgraph.cc:539: video_mesh_warp: Pipeline (ID: (instance_id: 489923), IPs: [ MeshWarp ], Max Outputs: 1, IPConnections: [ ], Usecase: Video)
10-28 15:17:44.977  1447  2487 I Lyric   : zuma_isp_subgraph.cc:541: mesh_warp_for_snapshot_exceeding_video: Pipeline (ID: (instance_id: 489913), IPs: [ MeshWarp ], Max Outputs: 1, IPConnections: [ ], Usecase: Snapshot)
10-28 15:17:44.977  1447  2493 I Lyric   : zuma_isp_subgraph.cc:541: mesh_warp_for_snapshot_exceeding_video: Pipeline (ID: (instance_id: 489924), IPs: [ MeshWarp ], Max Outputs: 1, IPConnections: [ ], Usecase: Snapshot)
10-28 15:17:44.977  1447  2487 I Lyric   : zuma_isp_subgraph.cc:551: video_scaler: Pipeline (ID: (instance_id: 489921), IPs: [ Scaler ], Max Outputs: 0, IPConnections: [ ], Usecase: Video)
10-28 15:17:44.977  1447  2493 I Lyric   : zuma_isp_subgraph.cc:551: video_scaler: Pipeline (ID: (instance_id: 489932), IPs: [ Scaler ], Max Outputs: 0, IPConnections: [ ], Usecase: Video)
10-28 15:17:44.977  1447  2487 I Lyric   : zuma_isp_subgraph.cc:553: scaler_for_snapshot_exceeding_video: Pipeline (ID: (instance_id: 489922), IPs: [ Scaler ], Max Outputs: 2, IPConnections: [ ], Usecase: Snapshot)
10-28 15:17:44.977  1447  2493 I Lyric   : zuma_isp_subgraph.cc:553: scaler_for_snapshot_exceeding_video: Pipeline (ID: (instance_id: 489935), IPs: [ Scaler ], Max Outputs: 2, IPConnections: [ ], Usecase: Snapshot)
10-28 15:17:44.978  1447  2493 I Lyric   : whi_like_isp_back_end_core_subgraph.cc:933: RawToYuvNode for snapshot exceeding video is configured to output consumer type 2 fmt: HalImageFormat{ pixel_format = YCBCR_420_SPN_10B, stride_alignment = 64, num_buffers = 1 } for Rear
10-28 15:17:44.978  1447  2487 I Lyric   : whi_like_isp_back_end_core_subgraph.cc:933: RawToYuvNode for snapshot exceeding video is configured to output consumer type 2 fmt: HalImageFormat{ pixel_format = YCBCR_420_SPN_10B, stride_alignment = 64, num_buffers = 1 } for RearVirtual
10-28 15:17:44.978  1447  2491 I Lyric   : generic_subgraph.cc:3459: camera_id = 3; is_front_camera = 0; is_1p_camera_app = 0; video_call = 0
10-28 15:17:44.978  1447  2493 I Lyric   : generic_subgraph.cc:3459: camera_id = 2; is_front_camera = 0; is_1p_camera_app = 0; video_call = 0
10-28 15:17:44.979  1447  2487 I Lyric   : generic_subgraph.cc:3459: camera_id = 4; is_front_camera = 0; is_1p_camera_app = 0; video_call = 0
10-28 15:17:44.996  1447  2485 I Lyric   : multicam_graph.cc:1366: number of video bokeh nodes connected to multicam routing node = 0
10-28 15:17:44.998  1447  2485 I Lyric   : graph_configuration.cc:374: {type: Streaminfo, stream_id: 32770, camera_id: RearWide, format: YCBCR_420_888, width: 1280, height: 720, usage: [HwTexture], stream_type: Output, use_case: Default, data_space: DataSpace(Color)::(Standard: BT709, Transfer: RGB, Range: Full), is_framework_physical_stream: 0, dynamic_range_profile: Standard, intended_for_max_resolution_mode: 0, group_id: -1, is_tunable: 1}
10-28 15:17:44.998  1447  2485 I Lyric   : graph_configuration.cc:374: {type: Streaminfo, stream_id: 32773, camera_id: RearWide, format: BLOB, width: 1920, height: 1080, usage: [], stream_type: Output, use_case: Default, data_space: DataSpace(Color)::(Standard: BT601_625, Transfer: SMPTE_170M, Range: Full), is_framework_physical_stream: 0, dynamic_range_profile: Standard, intended_for_max_resolution_mode: 0, group_id: -1, is_tunable: 1}
10-28 15:17:44.998  1447  2485 I Lyric   : graph_configuration.cc:374: {type: Streaminfo, stream_id: 32776, camera_id: RearWide, format: YCBCR_420_888, width: 1920, height: 1080, usage: [], stream_type: Output, use_case: Default, data_space: DataSpace(Custom)::Arbitrary, is_framework_physical_stream: 0, dynamic_range_profile: Standard, intended_for_max_resolution_mode: 0, group_id: -1, is_tunable: 1}
10-28 15:17:44.998  1447  2485 I Lyric   : graph_configuration.cc:374: {type: Streaminfo, stream_id: 32769, camera_id: Rear, format: YCBCR_420_888, width: 1280, height: 720, usage: [HwTexture], stream_type: Output, use_case: Default, data_space: DataSpace(Color)::(Standard: BT709, Transfer: RGB, Range: Full), is_framework_physical_stream: 0, dynamic_range_profile: Standard, intended_for_max_resolution_mode: 0, group_id: -1, is_tunable: 1}
10-28 15:17:44.998  1447  2485 I Lyric   : graph_configuration.cc:374: {type: Streaminfo, stream_id: 32772, camera_id: Rear, format: BLOB, width: 1920, height: 1080, usage: [], stream_type: Output, use_case: Default, data_space: DataSpace(Color)::(Standard: BT601_625, Transfer: SMPTE_170M, Range: Full), is_framework_physical_stream: 0, dynamic_range_profile: Standard, intended_for_max_resolution_mode: 0, group_id: -1, is_tunable: 1}
10-28 15:17:44.998  1447  2485 I Lyric   : graph_configuration.cc:374: {type: Streaminfo, stream_id: 32775, camera_id: Rear, format: YCBCR_420_888, width: 1920, height: 1080, usage: [], stream_type: Output, use_case: Default, data_space: DataSpace(Custom)::Arbitrary, is_framework_physical_stream: 0, dynamic_range_profile: Standard, intended_for_max_resolution_mode: 0, group_id: -1, is_tunable: 1}
10-28 15:17:44.998  1447  2485 I Lyric   : graph_configuration.cc:374: {type: Streaminfo, stream_id: 32768, camera_id: RearVirtual, format: YCBCR_420_888, width: 1280, height: 720, usage: [HwTexture], stream_type: Output, use_case: Default, data_space: DataSpace(Color)::(Standard: BT709, Transfer: RGB, Range: Full), is_framework_physical_stream: 0, dynamic_range_profile: Standard, intended_for_max_resolution_mode: 0, group_id: -1, is_tunable: 1}
10-28 15:17:44.998  1447  2485 I Lyric   : graph_configuration.cc:374: {type: Streaminfo, stream_id: 32771, camera_id: RearVirtual, format: BLOB, width: 1920, height: 1080, usage: [], stream_type: Output, use_case: Default, data_space: DataSpace(Color)::(Standard: BT601_625, Transfer: SMPTE_170M, Range: Full), is_framework_physical_stream: 0, dynamic_range_profile: Standard, intended_for_max_resolution_mode: 0, group_id: -1, is_tunable: 1}
10-28 15:17:44.998  1447  2485 I Lyric   : graph_configuration.cc:374: {type: Streaminfo, stream_id: 32774, camera_id: RearVirtual, format: YCBCR_420_888, width: 1920, height: 1080, usage: [], stream_type: Output, use_case: Default, data_space: DataSpace(Custom)::Arbitrary, is_framework_physical_stream: 0, dynamic_range_profile: Standard, intended_for_max_resolution_mode: 0, group_id: -1, is_tunable: 1}
10-28 15:17:45.001  1447  1447 I native  : I0000 00:00:1761679065.001596    1447 node_export.cc:193] CatNodeCreate(EspVideoNode) took 0.025676 ms
10-28 15:17:45.012  1447 29193 I native  : I0000 00:00:1761679065.011989   29193 llv_manager.cc:193] LLV DIMENSION: 1280x720
10-28 15:17:45.013  1447 29190 I native  : I0000 00:00:1761679065.013096   29190 brute_force_feature_matching.cc:49] Number of bins each image dimension is divided into: 5
10-28 15:17:45.014  1447 29190 I native  : I0000 00:00:1761679065.014441   29190 brute_force_feature_matching.cc:49] Number of bins each image dimension is divided into: 5
10-28 15:17:45.019  1447 29193 I native  : I0000 00:00:1761679065.018996   29193 noise_model.cc:372] Profile resolution 80 x 45
10-28 15:17:45.033  1447  1911 I G3ACoordinator: ae_session_config_parser_lyric.cc:201: ispfe_raw_input_resolution [width:4080, height:3072]
10-28 15:17:45.060  1447  1909 I G3ACoordinator: ae_session_config_parser_lyric.cc:201: ispfe_raw_input_resolution [width:4032, height:2272]
10-28 15:17:45.069  1447  1910 I G3ACoordinator: ae_session_config_parser_lyric.cc:201: ispfe_raw_input_resolution [width:4080, height:3072]
10-28 15:17:45.231  1447  2495 I Lyric   : scaler_node.cc:1017: The 0th output HalPixelFormat for cam2_preview_scaler YCBCR_420_888 resolution: 1280x720
10-28 15:17:45.231  1447  2495 I Lyric   : scaler_node.cc:1017: The 1th output HalPixelFormat for cam2_preview_scaler YCBCR_420_888 resolution: 1920x1080
10-28 15:17:45.235  1447  2495 E native  : E0000 00:00:1761679065.235322    2495 llv_node.cc:1311] Dimension is not expected! width = 1280, height = 720, stride_pixels = 1280, stride_bytes = 1280, width_uv = 640, height_uv = 360, stride_uv_pixels = 640, stride_uv_bytes = 1280
10-28 15:17:45.356  2987  3356 I bluetooth-a2dp: system/bta/av/bta_av_api.cc:612 BTA_AvSetLatency: Set audio/video stream low latency bta_handle:65, is_low_latency:false
10-28 15:17:45.523  2042  2042 E fb4a.NAVDBX FbChromeFragment: onFragmentCreate currentTab: com.facebook.video.videohome.tab.WatchTab@1a5a6edb
10-28 15:17:45.672  1447  1447 I Lyric   : camera_powerhal_impl.cc:202: CancelPowerBoost CAMERA_VIDEO_RECORDING
10-28 15:17:46.330  2987 27236 D bluetooth: system/bta/le_audio/codec_manager.cc:571 IsUsingCodecExtensibility: Using codec extensibility AIDL: true
10-28 15:17:46.500  2042  2042 W fb4a.BloksPrivacySelectorFetchQpl: markerPoint is called unexpectedly with render location: LIVE_VIDEO_BROADCAST
10-28 15:17:46.506  2042 29245 W VideoProtocolFactoryWarehouse.cpp: VideoProtocol ProxyEnabled=0
10-28 15:17:46.631  2042  7370 W VideoProtocolClientImpl.cpp: VideoProtocol transport connected
10-28 15:17:46.769  2987  3356 I bluetooth-a2dp: system/bta/av/bta_av_api.cc:612 BTA_AvSetLatency: Set audio/video stream low latency bta_handle:65, is_low_latency:false
10-28 15:17:46.775  2987  3356 I bluetooth-a2dp: system/bta/av/bta_av_api.cc:612 BTA_AvSetLatency: Set audio/video stream low latency bta_handle:65, is_low_latency:false
10-28 15:17:46.779  1447 12524 I GCH_ZslSnapshotCaptureSession: Initialize: video sw denoise is enabled in GCH
10-28 15:17:46.781  1447  2492 I Lyric   : stream_info_parser.cc:364: Camera Rear Preview stream: {type: Streaminfo, stream_id: 32769, camera_id: Rear, format: YCBCR_420_888, width: 1280, height: 720, usage: [HwTexture], stream_type: Output, use_case: Default, data_space: DataSpace(Color)::(Standard: BT709, Transfer: RGB, Range: Full), is_framework_physical_stream: 0, dynamic_range_profile: Standard, intended_for_max_resolution_mode: 0, group_id: -1, is_tunable: 1}
10-28 15:17:46.781  1447  2492 W Lyric   : stream_info_parser.cc:372: Camera Rear unknown stream: {type: Streaminfo, stream_id: 32775, camera_id: Rear, format: YCBCR_420_888, width: 1920, height: 1080, usage: [], stream_type: Output, use_case: Default, data_space: DataSpace(Custom)::Arbitrary, is_framework_physical_stream: 0, dynamic_range_profile: Standard, intended_for_max_resolution_mode: 0, group_id: -1, is_tunable: 1} does not fall in any known use case
10-28 15:17:46.782  1447  2492 W Lyric   : stream_info_parser.cc:372: Camera RearWide unknown stream: {type: Streaminfo, stream_id: 32776, camera_id: RearWide, format: YCBCR_420_888, width: 1920, height: 1080, usage: [], stream_type: Output, use_case: Default, data_space: DataSpace(Custom)::Arbitrary, is_framework_physical_stream: 0, dynamic_range_profile: Standard, intended_for_max_resolution_mode: 0, group_id: -1, is_tunable: 1} does not fall in any known use case
10-28 15:17:46.782  1447  2492 I Lyric   : stream_info_parser.cc:364: Camera RearWide Preview stream: {type: Streaminfo, stream_id: 32770, camera_id: RearWide, format: YCBCR_420_888, width: 1280, height: 720, usage: [HwTexture], stream_type: Output, use_case: Default, data_space: DataSpace(Color)::(Standard: BT709, Transfer: RGB, Range: Full), is_framework_physical_stream: 0, dynamic_range_profile: Standard, intended_for_max_resolution_mode: 0, group_id: -1, is_tunable: 1}
10-28 15:17:46.782  1447  2492 I Lyric   : stream_info_parser.cc:364: Camera RearVirtual Preview stream: {type: Streaminfo, stream_id: 32768, camera_id: RearVirtual, format: YCBCR_420_888, width: 1280, height: 720, usage: [HwTexture], stream_type: Output, use_case: Default, data_space: DataSpace(Color)::(Standard: BT709, Transfer: RGB, Range: Full), is_framework_physical_stream: 0, dynamic_range_profile: Standard, intended_for_max_resolution_mode: 0, group_id: -1, is_tunable: 1}
10-28 15:17:46.782  1447  2492 W Lyric   : stream_info_parser.cc:372: Camera RearVirtual unknown stream: {type: Streaminfo, stream_id: 32774, camera_id: RearVirtual, format: YCBCR_420_888, width: 1920, height: 1080, usage: [], stream_type: Output, use_case: Default, data_space: DataSpace(Custom)::Arbitrary, is_framework_physical_stream: 0, dynamic_range_profile: Standard, intended_for_max_resolution_mode: 0, group_id: -1, is_tunable: 1} does not fall in any known use case
