10-14 18:35:17.942  6475 13579 D CodecSeeding: Seed: codec c2.exynos.h264.encoder, mediatype video/avc, overrideable 1
10-14 18:35:17.942  6475 13579 D CodecProperties: setTuningValue(vq-target-bpp,0)
10-14 18:35:17.942  6475 13579 D CodecProperties: setTuningValue(vq-target-bpp-1080p,1.90)
10-14 18:35:17.942  6475 13579 D CodecProperties: setTuningValue(vq-target-bpp-720p,2.25)
10-14 18:35:17.942  6475 13579 D CodecProperties: setTuningValue(vq-target-bpp-540p,2.65)
10-14 18:35:17.942  6475 13579 D CodecProperties: setTuningValue(vq-target-bpp-480p,3.00)
10-14 18:35:17.942  6475 13579 D CodecProperties: setTuningValue(vq-target-bpp-320x240,0)
10-14 18:35:17.942  6475 13579 D CodecProperties: setTuningValue(vq-target-qpmax,-1)
10-14 18:35:17.942  6475 13579 D CodecProperties: setTuningValue(vq-target-qpmax-1080p,45)
10-14 18:35:17.942  6475 13579 D CodecProperties: setTuningValue(vq-target-qpmax-720p,43)
10-14 18:35:17.942  6475 13579 D CodecProperties: setTuningValue(vq-target-qpmax-540p,42)
10-14 18:35:17.942  6475 13579 D CodecProperties: setTuningValue(vq-target-qpmax-480p,38)
10-14 18:35:17.942  6475 13579 D CodecProperties: setTuningValue(vq-bitrate-phaseout,1.75)
10-14 18:35:17.942  6475 13579 D CodecProperties: setTuningValue(vq-boost-missing-qp,0.20)
10-14 18:35:17.942  6475 13579 D CodecProperties: setFeatureValue(can-swap-width-height,1)
10-14 18:35:17.942  6475 13579 D CodecProperties: setFeatureValue(encoding-statistics,0)
10-14 18:35:17.942  6475 13579 D CodecProperties: setFeatureValue(qp-bounds,0)
10-14 18:35:17.942  6475 13579 D CodecProperties: setFeatureValue(vq-minimum-quality,0)
10-14 18:35:17.942  6475 13579 D CodecProperties: setFeatureValue(_vq_eligible.device,1)
10-14 18:35:17.942  6475 13579 D CodecProperties: setFeatureValue(_quality.target,1)
10-14 18:35:17.942  6475 13579 D CodecSeeding: Seed: codec c2.exynos.h264.encoder, mediatype video/avc, overrideable 0
10-14 18:35:17.943  6475 13579 D VQApply : minquality: codec claims to implement minquality=1
10-14 18:35:17.943  6475 13579 D MediaCodec: shapeMediaFormat: deltas(1): AMessage(what = 0x00000000) = {
10-14 18:35:17.943  6475 13579 D MediaCodec:     int32_t android._encoding-quality-level = 1
10-14 18:35:17.943  6475 13579 D MediaCodec:   }
10-14 18:35:17.944  6475 13604 D CCodec  : [c2.exynos.h264.encoder] buffers are bound to CCodec for this session
10-14 18:35:17.944  6475 13604 D CCodecConfig: no c2 equivalents for max-fps-to-encoder
10-14 18:35:17.944  6475 13604 D CCodecConfig: no c2 equivalents for color-format
10-14 18:35:17.944  6475 13604 D CCodecConfig: no c2 equivalents for flags
10-14 18:35:17.944  6475 13604 D CCodecConfig: no c2 equivalents for encoder
10-14 18:35:17.945  6475 13604 D CCodecConfig: c2 config diff is   c2::u32 algo.encoding-quality-level.value = 1
10-14 18:35:17.945  6475 13604 D CCodecConfig:   c2::u32 coded.bitrate.value = 1500000
10-14 18:35:17.945  6475 13604 D CCodecConfig:   c2::float coded.frame-rate.value = 30
10-14 18:35:17.945  6475 13604 D CCodecConfig:   c2::u32 coded.hdr-format.value = 1
10-14 18:35:17.945  6475 13604 D CCodecConfig:   c2::u32 coded.pl.level = 20489
10-14 18:35:17.945  6475 13604 D CCodecConfig:   c2::i64 coding.sync-frame-interval.value = 60000000
10-14 18:35:17.945  6475 13604 D CCodecConfig:   c2::u32 raw.size.height = 896
10-14 18:35:17.945  6475 13604 D CCodecConfig:   c2::u32 raw.size.width = 512
10-14 18:35:17.945  6475 13604 D CCodec  : encoding statistics level = 0
10-14 18:35:17.945  6475 13604 D CCodec  : setup formats input: AMessage(what = 0x00000000) = {
10-14 18:35:17.945  6475 13604 D CCodec  :   int32_t android._color-format = 2130708361
10-14 18:35:17.945  6475 13604 D CCodec  :   int32_t android._dataspace = 0
10-14 18:35:17.945  6475 13604 D CCodec  :   int32_t bitrate-mode = 1
10-14 18:35:17.945  6475 13604 D CCodec  :   int32_t frame-rate = 30
10-14 18:35:17.945  6475 13604 D CCodec  :   int32_t height = 896
10-14 18:35:17.945  6475 13604 D CCodec  :   int32_t intra-refresh-period = 0
10-14 18:35:17.945  6475 13604 D CCodec  :   string mime = "video/raw"
10-14 18:35:17.945  6475 13604 D CCodec  :   int32_t prepend-sps-pps-to-idr-frames = 0
10-14 18:35:17.945  6475 13604 D CCodec  :   int32_t priority = 0
10-14 18:35:17.945  6475 13604 D CCodec  :   int32_t video-qp-average = 0
10-14 18:35:17.945  6475 13604 D CCodec  :   int32_t width = 512
10-14 18:35:17.945  6475 13604 D CCodec  :   Rect crop(0, 0, 511, 895)
10-14 18:35:17.945  6475 13604 D CCodec  :   int64_t android._C2MemoryUsage = 1125899906908160
10-14 18:35:17.945  6475 13604 D CCodec  :   int32_t color-format = 2130708361
10-14 18:35:17.945  6475 13604 D CCodec  : }
10-14 18:35:17.946  6475 13604 D CCodec  : setup formats output: AMessage(what = 0x00000000) = {
10-14 18:35:17.946  6475 13604 D CCodec  :   int32_t bitrate = 1500000
10-14 18:35:17.946  6475 13604 D CCodec  :   int32_t bitrate-mode = 1
10-14 18:35:17.946  6475 13604 D CCodec  :   Rect crop(0, 0, 511, 895)
10-14 18:35:17.946  6475 13604 D CCodec  :   int32_t width = 512
10-14 18:35:17.946  6475 13604 D CCodec  :   int32_t color-standard = 0
10-14 18:35:17.946  6475 13604 D CCodec  :   int32_t color-range = 0
10-14 18:35:17.946  6475 13604 D CCodec  :   int32_t color-transfer = 0
10-14 18:35:17.946  6475 13604 D CCodec  :   int32_t frame-rate = 30
10-14 18:35:17.946  6475 13604 D CCodec  :   int32_t height = 896
10-14 18:35:17.946  6475 13604 D CCodec  :   int32_t intra-refresh-period = 0
10-14 18:35:17.946  6475 13604 D CCodec  :   int32_t level = 512
10-14 18:35:17.946  6475 13604 D CCodec  :   int32_t max-bitrate = 1500000
10-14 18:35:17.946  6475 13604 D CCodec  :   string mime = "video/avc"
10-14 18:35:17.946  6475 13604 D CCodec  :   int32_t prepend-sps-pps-to-idr-frames = 0
10-14 18:35:17.946  6475 13604 D CCodec  :   int32_t priority = 0
10-14 18:35:17.946  6475 13604 D CCodec  :   int32_t profile = 8
10-14 18:35:17.946  6475 13604 D CCodec  :   int32_t video-qp-average = 0
10-14 18:35:17.946  6475 13604 D CCodec  : }
10-14 18:35:17.946  6475 13604 I CCodecConfig: query failed after returning 22 values (BAD_INDEX)
10-14 18:35:17.949  6475 13604 D CCodec  : aidl based PersistentSurface created
10-14 18:35:17.950  6475 13604 D CCodec  : input format changed to AMessage(what = 0x00000000) = {
10-14 18:35:17.950  6475 13604 D CCodec  :   int32_t android._color-format = 2130708361
10-14 18:35:17.950  6475 13604 D CCodec  :   int32_t android._dataspace = 260
10-14 18:35:17.950  6475 13604 D CCodec  :   int32_t bitrate-mode = 1
10-14 18:35:17.950  6475 13604 D CCodec  :   int32_t frame-rate = 30
10-14 18:35:17.950  6475 13604 D CCodec  :   int32_t height = 896
10-14 18:35:17.950  6475 13604 D CCodec  :   int32_t intra-refresh-period = 0
10-14 18:35:17.950  6475 13604 D CCodec  :   string mime = "video/raw"
10-14 18:35:17.950  6475 13604 D CCodec  :   int32_t prepend-sps-pps-to-idr-frames = 0
10-14 18:35:17.950  6475 13604 D CCodec  :   int32_t priority = 0
10-14 18:35:17.950  6475 13604 D CCodec  :   int32_t video-qp-average = 0
10-14 18:35:17.950  6475 13604 D CCodec  :   int32_t width = 512
10-14 18:35:17.950  6475 13604 D CCodec  :   Rect crop(0, 0, 511, 895)
10-14 18:35:17.950  6475 13604 D CCodec  :   int64_t android._C2MemoryUsage = 1125899906908160
10-14 18:35:17.950  6475 13604 D CCodec  :   int32_t color-format = 2130708361
10-14 18:35:17.950  6475 13604 D CCodec  :   int32_t color-range = 2
10-14 18:35:17.950  6475 13604 D CCodec  :   int32_t color-standard = 1
10-14 18:35:17.950  6475 13604 D CCodec  :   int32_t color-transfer = 3
10-14 18:35:17.950  6475 13604 D CCodec  : }
10-14 18:35:17.950  6475 13604 D CCodec  : ISConfig maxFps=30
10-14 18:35:17.952  1484 13605 I ExynosC2H264EncComponent: Creating ECOServiceStatsProvider c2.exynos.h264.encoder video/avc
10-14 18:35:17.955  1484 13607 D libexynosv4l2: try node: /dev/video6
10-14 18:35:17.955  1484 13607 D libexynosv4l2: try node: /dev/video7
10-14 18:35:17.955  1484 13607 I libexynosv4l2: node found for device s5p-mfc-enc: /dev/video7
10-14 18:35:17.963  1484 13607 I libexynosv4l2: open video device /dev/video7
10-14 18:35:17.968  6475 13604 D CCodecBufferChannel: [c2.exynos.h264.encoder#367] Created input block pool with allocatorID 17 => poolID 21 - OK (0)
10-14 18:35:17.969  1441 13610 I AHal::GsCapture: UpdateMicrophoneFieldDimension: with zoom 0
10-14 18:35:17.969  1441 13610 I AHal::AocRecordTuning: WriteMicrophoneFieldDimension: 0 to value 0
10-14 18:35:17.972  6475 13604 I CCodecBufferChannel: [c2.exynos.h264.encoder#367] Created output block pool with allocatorID 16 => poolID 19 - OK
10-14 18:35:17.972  6475 13604 D CCodecBufferChannel: [c2.exynos.h264.encoder#367] Configured output block pool ids 19 => OK
10-14 18:35:17.976  6475 13579 D MediaCodecList: codecHandlesFormat: no format, so no extra checks
10-14 18:35:17.977  6475 13619 D CCodec  : allocate(c2.android.aac.encoder)
10-14 18:35:17.978  6475 13619 I CCodec  : setting up 'default' as default (vendor) store
10-14 18:35:17.986  6475 13619 I CCodec  : Created component [c2.android.aac.encoder] for [c2.android.aac.encoder]
10-14 18:35:17.987  6475 13619 D CCodecConfig: read media type: audio/mp4a-latm
10-14 18:35:17.991  6475 13619 I CCodecConfig: query failed after returning 10 values (BAD_INDEX)
10-14 18:35:17.991  6475 13619 D CCodecConfig: c2 config diff is Dict {
10-14 18:35:17.991  6475 13619 D CCodecConfig:   c2::u32 coded.bitrate.value = 64000
10-14 18:35:17.991  6475 13619 D CCodecConfig:   c2::u32 coded.pl.level = 0
10-14 18:35:17.991  6475 13619 D CCodecConfig:   c2::u32 coded.pl.profile = 8192
10-14 18:35:17.991  6475 13619 D CCodecConfig:   c2::u32 coding.aac-sbr-mode.value = 3
10-14 18:35:17.991  6475 13619 D CCodecConfig:   c2::u32 input.buffers.max-size.value = 2048
10-14 18:35:17.991  6475 13619 D CCodecConfig:   c2::u32 input.delay.value = 0
10-14 18:35:17.991  6475 13619 D CCodecConfig:   string input.media-type.value = "audio/raw"
10-14 18:35:17.991  6475 13619 D CCodecConfig:   c2::u32 output.large-frame.max-size = 0
10-14 18:35:17.991  6475 13619 D CCodecConfig:   c2::u32 output.large-frame.threshold-size = 0
10-14 18:35:17.991  6475 13619 D CCodecConfig:   string output.media-type.value = "audio/mp4a-latm"
10-14 18:35:17.991  6475 13619 D CCodecConfig:   c2::u32 raw.channel-count.value = 1
10-14 18:35:17.991  6475 13619 D CCodecConfig:   c2::u32 raw.sample-rate.value = 44100
10-14 18:35:17.991  6475 13619 D CCodecConfig: }
10-14 18:35:17.993  6475 13579 I MediaCodec: media_quality service unavailable, skipping updatePictureProfile
10-14 18:35:17.993  6475 13579 D CodecSeeding: Seed: codec c2.android.aac.encoder, mediatype audio/mp4a-latm, overrideable 1
10-14 18:35:17.993  6475 13579 D CodecProperties: setFeatureValue(multiple-frames,0)
10-14 18:35:17.993  6475 13579 D CodecProperties: setFeatureValue(_vq_eligible.device,1)
10-14 18:35:17.993  6475 13579 D CodecProperties: setFeatureValue(_quality.target,1)
10-14 18:35:17.993  6475 13579 D CodecSeeding: Seed: codec c2.android.aac.encoder, mediatype audio/mp4a-latm, overrideable 0
10-14 18:35:17.993  6475 13579 D MediaCodec: shapeMediaFormat: deltas(0): AMessage(what = 0x00000000) = {
10-14 18:35:17.993  6475 13579 D MediaCodec:   }
10-14 18:35:17.993  6475 13619 D CCodec  : [c2.android.aac.encoder] buffers are bound to CCodec for this session
10-14 18:35:17.993  6475 13619 D CCodecConfig: no c2 equivalents for flags
10-14 18:35:17.993  6475 13619 D CCodecConfig: no c2 equivalents for encoder
10-14 18:35:17.993  6475 13619 D CCodecConfig: c2 config diff is   c2::u32 coded.bitrate.value = 48000
10-14 18:35:17.993  6475 13619 D CCodecConfig:   c2::u32 coded.pl.profile = 8196
10-14 18:35:17.994  6475 13619 D CCodec  : encoding statistics level = 0
10-14 18:35:17.994  6475 13619 D CCodec  : setup formats input: AMessage(what = 0x00000000) = {
10-14 18:35:17.994  6475 13619 D CCodec  :   int32_t sample-rate = 44100
10-14 18:35:17.994  6475 13619 D CCodec  :   int32_t channel-count = 1
10-14 18:35:17.994  6475 13619 D CCodec  :   int32_t max-input-size = 2048
10-14 18:35:17.994  6475 13619 D CCodec  :   string mime = "audio/raw"
10-14 18:35:17.994  6475 13619 D CCodec  :   int32_t android._config-pcm-encoding = 2
10-14 18:35:17.994  6475 13619 D CCodec  : }
10-14 18:35:17.994  6475 13619 D CCodec  : setup formats output: AMessage(what = 0x00000000) = {
10-14 18:35:17.994  6475 13619 D CCodec  :   int32_t sample-rate = 44100
10-14 18:35:17.994  6475 13619 D CCodec  :   int32_t bitrate = 48000
10-14 18:35:17.994  6475 13619 D CCodec  :   int32_t buffer-batch-max-output-size = 0
10-14 18:35:17.994  6475 13619 D CCodec  :   int32_t buffer-batch-threshold-output-size = 0
10-14 18:35:17.994  6475 13619 D CCodec  :   int32_t channel-count = 1
10-14 18:35:17.994  6475 13619 D CCodec  :   int32_t level = 0
10-14 18:35:17.994  6475 13619 D CCodec  :   int32_t max-bitrate = 48000
10-14 18:35:17.994  6475 13619 D CCodec  :   string mime = "audio/mp4a-latm"
10-14 18:35:17.994  6475 13619 D CCodec  :   int32_t profile = 5
10-14 18:35:17.994  6475 13619 D CCodec  : }
10-14 18:35:17.994  6475 13619 I CCodecConfig: query failed after returning 10 values (BAD_INDEX)
10-14 18:35:18.027  6475 13619 D CCodecBufferChannel: [c2.android.aac.encoder#584] Created input block pool with allocatorID 16 => poolID 22 - OK (0)
10-14 18:35:18.028  6475 13619 I CCodecBufferChannel: [c2.android.aac.encoder#584] Created output block pool with allocatorID 16 => poolID 46 - OK
10-14 18:35:18.028  6475 13619 D CCodecBufferChannel: [c2.android.aac.encoder#584] Configured output block pool ids 46 => OK
10-14 18:35:18.028  1664  2625 E Codec2-ComponentInterface: We have a failed config
10-14 18:35:18.067  6475 12306 I CCodecBufferChannel: [c2.android.hevc.decoder#121] queueBuffer failed: 13
10-14 18:35:18.067  6475 12306 I MediaCodec: rendring output error 13
10-14 18:35:18.068  6475 12307 D CCodecBufferChannel: [c2.android.hevc.decoder#121] work failed to complete: 14
10-14 18:35:18.068  6475 12306 E MediaCodec: Codec reported err 0xe/14 (Unknown error -14), actionCode 0, while in state 6/STARTED
10-14 18:35:18.086  1447 10235 I GCH_ZslSnapshotCaptureSession: Initialize: video sw denoise is enabled in GCH
10-14 18:35:18.089  1447  2486 I Lyric   : stream_info_parser.cc:364: Camera Rear Preview stream: {type: Streaminfo, stream_id: 32770, camera_id: Rear, format: YCBCR_420_888, width: 1280, height: 720, usage: [HwTexture], stream_type: Output, use_case: Default, data_space: DataSpace(Color)::(Standard: BT709, Transfer: RGB, Range: Full), is_framework_physical_stream: 0, dynamic_range_profile: Standard, intended_for_max_resolution_mode: 0, group_id: -1, is_tunable: 1}
10-14 18:35:18.089  1447  2486 W Lyric   : stream_info_parser.cc:372: Camera Rear unknown stream: {type: Streaminfo, stream_id: 32776, camera_id: Rear, format: YCBCR_420_888, width: 1920, height: 1080, usage: [], stream_type: Output, use_case: Default, data_space: DataSpace(Custom)::Arbitrary, is_framework_physical_stream: 0, dynamic_range_profile: Standard, intended_for_max_resolution_mode: 0, group_id: -1, is_tunable: 1} does not fall in any known use case
10-14 18:35:18.089  1447  2486 I Lyric   : stream_info_parser.cc:364: Camera RearWide Preview stream: {type: Streaminfo, stream_id: 32769, camera_id: RearWide, format: YCBCR_420_888, width: 1280, height: 720, usage: [HwTexture], stream_type: Output, use_case: Default, data_space: DataSpace(Color)::(Standard: BT709, Transfer: RGB, Range: Full), is_framework_physical_stream: 0, dynamic_range_profile: Standard, intended_for_max_resolution_mode: 0, group_id: -1, is_tunable: 1}
10-14 18:35:18.089  1447  2486 W Lyric   : stream_info_parser.cc:372: Camera RearWide unknown stream: {type: Streaminfo, stream_id: 32775, camera_id: RearWide, format: YCBCR_420_888, width: 1920, height: 1080, usage: [], stream_type: Output, use_case: Default, data_space: DataSpace(Custom)::Arbitrary, is_framework_physical_stream: 0, dynamic_range_profile: Standard, intended_for_max_resolution_mode: 0, group_id: -1, is_tunable: 1} does not fall in any known use case
10-14 18:35:18.089  1447  2486 W Lyric   : stream_info_parser.cc:372: Camera RearVirtual unknown stream: {type: Streaminfo, stream_id: 32774, camera_id: RearVirtual, format: YCBCR_420_888, width: 1920, height: 1080, usage: [], stream_type: Output, use_case: Default, data_space: DataSpace(Custom)::Arbitrary, is_framework_physical_stream: 0, dynamic_range_profile: Standard, intended_for_max_resolution_mode: 0, group_id: -1, is_tunable: 1} does not fall in any known use case
10-14 18:35:18.089  1447  2486 I Lyric   : stream_info_parser.cc:364: Camera RearVirtual Preview stream: {type: Streaminfo, stream_id: 32768, camera_id: RearVirtual, format: YCBCR_420_888, width: 1280, height: 720, usage: [HwTexture], stream_type: Output, use_case: Default, data_space: DataSpace(Color)::(Standard: BT709, Transfer: RGB, Range: Full), is_framework_physical_stream: 0, dynamic_range_profile: Standard, intended_for_max_resolution_mode: 0, group_id: -1, is_tunable: 1}
10-14 18:35:18.091  1447  2491 I Lyric   : sensor_generic_driver.cc:1959: BOITATA GetModeIndex requirement {size = {width: 1920, height: 1080}, frame_rate_range = [15, 30], request_binning_mode = false, request_pd_stream = false, only_config_logical_cam_stream = true, camera_id = [<recursive>], require_full_fov = false, is_high_frame_rate = false, crop_margin = 0, is_sibling_camera_participating = true, sub_image_count = 1, is_face_auth = false, is_video_mode = false, is_high_resolution_mode = false, is_arkaroo_enabled = false, is_roshi_enabled = false, is_specific_aspect_ratio_video = false, require_exact_size = false, force_sensor_mode_index = -1, is_multi_cam_usecase = true, raw_stream_usecase = 0, is_high_resolution_standalone_mode = false} required aspect ratio 1.77778 pick_transition_mode 1 require exact size 0
10-14 18:35:18.091  1447  9586 I Lyric   : sensor_generic_driver.cc:1959: SANDWORM GetModeIndex requirement {size = {width: 1920, height: 1080}, frame_rate_range = [15, 30], request_binning_mode = false, request_pd_stream = false, only_config_logical_cam_stream = true, camera_id = [<recursive>], require_full_fov = false, is_high_frame_rate = false, crop_margin = 0, is_sibling_camera_participating = false, sub_image_count = 1, is_face_auth = false, is_video_mode = false, is_high_resolution_mode = false, is_arkaroo_enabled = false, is_roshi_enabled = false, is_specific_aspect_ratio_video = false, require_exact_size = false, force_sensor_mode_index = -1, is_multi_cam_usecase = true, raw_stream_usecase = 0, is_high_resolution_standalone_mode = false} required aspect ratio 1.77778 pick_transition_mode 0 require exact size 0
10-14 18:35:18.091  1447  2491 I Lyric   : eaf_node.cc:80: cam2_eaf: stream_id 32770, res 1280x720, pipeline_id 0, is_video_stream false
10-14 18:35:18.091  1447  2491 I Lyric   : zuma_isp_subgraph.cc:532: raw_to_yuv_for_snapshot_exceeding_video: Pipeline (ID: (instance_id: 6182), IPs: [ RawToYuv ], Max Outputs: 1, IPConnections: [ ], Usecase: Snapshot)
10-14 18:35:18.092  1447  2491 I Lyric   : zuma_isp_subgraph.cc:539: video_mesh_warp: Pipeline (ID: (instance_id: 6185), IPs: [ MeshWarp ], Max Outputs: 1, IPConnections: [ ], Usecase: Video)
10-14 18:35:18.092  1447  2491 I Lyric   : zuma_isp_subgraph.cc:541: mesh_warp_for_snapshot_exceeding_video: Pipeline (ID: (instance_id: 6186), IPs: [ MeshWarp ], Max Outputs: 1, IPConnections: [ ], Usecase: Snapshot)
10-14 18:35:18.092  1447  2491 I Lyric   : zuma_isp_subgraph.cc:551: video_scaler: Pipeline (ID: (instance_id: 6190), IPs: [ Scaler ], Max Outputs: 0, IPConnections: [ ], Usecase: Video)
10-14 18:35:18.092  1447  2491 I Lyric   : zuma_isp_subgraph.cc:553: scaler_for_snapshot_exceeding_video: Pipeline (ID: (instance_id: 6191), IPs: [ Scaler ], Max Outputs: 2, IPConnections: [ ], Usecase: Snapshot)
10-14 18:35:18.092  1447  9586 I Lyric   : eaf_node.cc:80: cam3_eaf: stream_id 32769, res 1280x720, pipeline_id 0, is_video_stream false
10-14 18:35:18.092  1447  9586 I Lyric   : zuma_isp_subgraph.cc:532: raw_to_yuv_for_snapshot_exceeding_video: Pipeline (ID: (instance_id: 6200), IPs: [ RawToYuv ], Max Outputs: 1, IPConnections: [ ], Usecase: Snapshot)
10-14 18:35:18.092  1447  9586 I Lyric   : zuma_isp_subgraph.cc:539: video_mesh_warp: Pipeline (ID: (instance_id: 6203), IPs: [ MeshWarp ], Max Outputs: 1, IPConnections: [ ], Usecase: Video)
10-14 18:35:18.092  1447  9586 I Lyric   : zuma_isp_subgraph.cc:541: mesh_warp_for_snapshot_exceeding_video: Pipeline (ID: (instance_id: 6204), IPs: [ MeshWarp ], Max Outputs: 1, IPConnections: [ ], Usecase: Snapshot)
10-14 18:35:18.092  1447  9586 I Lyric   : zuma_isp_subgraph.cc:551: video_scaler: Pipeline (ID: (instance_id: 6208), IPs: [ Scaler ], Max Outputs: 0, IPConnections: [ ], Usecase: Video)
10-14 18:35:18.092  1447  9586 I Lyric   : zuma_isp_subgraph.cc:553: scaler_for_snapshot_exceeding_video: Pipeline (ID: (instance_id: 6209), IPs: [ Scaler ], Max Outputs: 2, IPConnections: [ ], Usecase: Snapshot)
10-14 18:35:18.092  1447  2491 I Lyric   : whi_like_isp_back_end_core_subgraph.cc:933: RawToYuvNode for snapshot exceeding video is configured to output consumer type 2 fmt: HalImageFormat{ pixel_format = YCBCR_420_SPN_10B, stride_alignment = 64, num_buffers = 1 } for Rear
10-14 18:35:18.093  1447  2491 I Lyric   : generic_subgraph.cc:3459: camera_id = 2; is_front_camera = 0; is_1p_camera_app = 0; video_call = 0
10-14 18:35:18.093  1447  9586 I Lyric   : whi_like_isp_back_end_core_subgraph.cc:933: RawToYuvNode for snapshot exceeding video is configured to output consumer type 2 fmt: HalImageFormat{ pixel_format = YCBCR_420_SPN_10B, stride_alignment = 64, num_buffers = 1 } for RearWide
10-14 18:35:18.093  1447  9581 I Lyric   : sensor_generic_driver.cc:1959: BOITATARM GetModeIndex requirement {size = {width: 1920, height: 1080}, frame_rate_range = [15, 30], request_binning_mode = false, request_pd_stream = false, only_config_logical_cam_stream = true, camera_id = [<recursive>], require_full_fov = false, is_high_frame_rate = false, crop_margin = 0, is_sibling_camera_participating = true, sub_image_count = 1, is_face_auth = false, is_video_mode = false, is_high_resolution_mode = false, is_arkaroo_enabled = false, is_roshi_enabled = false, is_specific_aspect_ratio_video = false, require_exact_size = false, force_sensor_mode_index = -1, is_multi_cam_usecase = true, raw_stream_usecase = 0, is_high_resolution_standalone_mode = false} required aspect ratio 1.77778 pick_transition_mode 0 require exact size 0
10-14 18:35:18.094  1447  9581 I Lyric   : eaf_node.cc:80: cam4_eaf: stream_id 32768, res 1280x720, pipeline_id 0, is_video_stream false
10-14 18:35:18.094  1447  9581 I Lyric   : zuma_isp_subgraph.cc:532: raw_to_yuv_for_snapshot_exceeding_video: Pipeline (ID: (instance_id: 6220), IPs: [ RawToYuv ], Max Outputs: 1, IPConnections: [ ], Usecase: Snapshot)
10-14 18:35:18.094  1447  9581 I Lyric   : zuma_isp_subgraph.cc:539: video_mesh_warp: Pipeline (ID: (instance_id: 6223), IPs: [ MeshWarp ], Max Outputs: 1, IPConnections: [ ], Usecase: Video)
10-14 18:35:18.094  1447  9581 I Lyric   : zuma_isp_subgraph.cc:541: mesh_warp_for_snapshot_exceeding_video: Pipeline (ID: (instance_id: 6224), IPs: [ MeshWarp ], Max Outputs: 1, IPConnections: [ ], Usecase: Snapshot)
10-14 18:35:18.094  1447  9586 I Lyric   : generic_subgraph.cc:3459: camera_id = 3; is_front_camera = 0; is_1p_camera_app = 0; video_call = 0
10-14 18:35:18.094  1447  9581 I Lyric   : zuma_isp_subgraph.cc:551: video_scaler: Pipeline (ID: (instance_id: 6228), IPs: [ Scaler ], Max Outputs: 0, IPConnections: [ ], Usecase: Video)
10-14 18:35:18.094  1447  9581 I Lyric   : zuma_isp_subgraph.cc:553: scaler_for_snapshot_exceeding_video: Pipeline (ID: (instance_id: 6229), IPs: [ Scaler ], Max Outputs: 2, IPConnections: [ ], Usecase: Snapshot)
10-14 18:35:18.094  1447  9581 I Lyric   : whi_like_isp_back_end_core_subgraph.cc:933: RawToYuvNode for snapshot exceeding video is configured to output consumer type 2 fmt: HalImageFormat{ pixel_format = YCBCR_420_SPN_10B, stride_alignment = 64, num_buffers = 1 } for RearVirtual
10-14 18:35:18.096  1447  9581 I Lyric   : generic_subgraph.cc:3459: camera_id = 4; is_front_camera = 0; is_1p_camera_app = 0; video_call = 0
10-14 18:35:18.099  6475 13563 E MediaCodec: Invalid to call at Released state; only valid in Executing states
10-14 18:35:18.100  6475 13563 E sup:VideoDecoderBufferHandler: Video decoder enqueue video frame exception! Diagnostics 
10-14 18:35:18.100  6475 13563 E sup:VideoDecoderBufferHandler: java.lang.IllegalStateException: Invalid to call at Released state; only valid in Executing states
10-14 18:35:18.100  6475 13563 E sup:VideoDecoderBufferHandler: 
10-14 18:35:18.100  6475 13563 E sup:VideoDecoderBufferHandler: 	at android.media.MediaCodec.getBuffer(Native Method)
10-14 18:35:18.100  6475 13563 E sup:VideoDecoderBufferHandler: 	at android.media.MediaCodec.getInputBuffer(MediaCodec.java:4812)
10-14 18:35:18.100  6475 13563 E sup:VideoDecoderBufferHandler: 	at X.si5.onInputBufferAvailable(:37)
10-14 18:35:18.100  6475 13563 E sup:VideoDecoderBufferHandler: 	at android.media.MediaCodec$EventHandler.handleCallback(MediaCodec.java:1946)
10-14 18:35:18.100  6475 13563 E sup:VideoDecoderBufferHandler: 	at android.media.MediaCodec$EventHandler.handleMessage(MediaCodec.java:1874)
10-14 18:35:18.100  6475 13563 E sup:VideoDecoderBufferHandler: 	at android.os.Handler.dispatchMessage(Handler.java:110)
10-14 18:35:18.100  6475 13563 E sup:VideoDecoderBufferHandler: 	at android.os.Looper.dispatchMessage(Looper.java:315)
10-14 18:35:18.100  6475 13563 E sup:VideoDecoderBufferHandler: 	at android.os.Looper.loopOnce(Looper.java:251)
10-14 18:35:18.100  6475 13563 E sup:VideoDecoderBufferHandler: 	at android.os.Looper.loop(Looper.java:349)
10-14 18:35:18.100  6475 13563 E sup:VideoDecoderBufferHandler: 	at android.os.HandlerThread.run(HandlerThread.java:100)
10-14 18:35:18.100  6475 12306 E MediaCodec: queueInputBuffer() is valid only at Executing states; currently at Released state
10-14 18:35:18.103  1447  2486 I Lyric   : multicam_graph.cc:1366: number of video bokeh nodes connected to multicam routing node = 0
10-14 18:35:18.104  3179  4783 W AsyncOperation: OperationException[Status{statusCode=Operation failed with an execution exception!, resolution=null}]
10-14 18:35:18.106  1447  2486 I Lyric   : graph_configuration.cc:374: {type: Streaminfo, stream_id: 32769, camera_id: RearWide, format: YCBCR_420_888, width: 1280, height: 720, usage: [HwTexture], stream_type: Output, use_case: Default, data_space: DataSpace(Color)::(Standard: BT709, Transfer: RGB, Range: Full), is_framework_physical_stream: 0, dynamic_range_profile: Standard, intended_for_max_resolution_mode: 0, group_id: -1, is_tunable: 1}
10-14 18:35:18.106  1447  2486 I Lyric   : graph_configuration.cc:374: {type: Streaminfo, stream_id: 32775, camera_id: RearWide, format: YCBCR_420_888, width: 1920, height: 1080, usage: [], stream_type: Output, use_case: Default, data_space: DataSpace(Custom)::Arbitrary, is_framework_physical_stream: 0, dynamic_range_profile: Standard, intended_for_max_resolution_mode: 0, group_id: -1, is_tunable: 1}
10-14 18:35:18.106  1447  2486 I Lyric   : graph_configuration.cc:374: {type: Streaminfo, stream_id: 32772, camera_id: RearWide, format: BLOB, width: 1920, height: 1080, usage: [], stream_type: Output, use_case: Default, data_space: DataSpace(Color)::(Standard: BT601_625, Transfer: SMPTE_170M, Range: Full), is_framework_physical_stream: 0, dynamic_range_profile: Standard, intended_for_max_resolution_mode: 0, group_id: -1, is_tunable: 1}
10-14 18:35:18.106  1447  2486 I Lyric   : graph_configuration.cc:374: {type: Streaminfo, stream_id: 32771, camera_id: RearVirtual, format: BLOB, width: 1920, height: 1080, usage: [], stream_type: Output, use_case: Default, data_space: DataSpace(Color)::(Standard: BT601_625, Transfer: SMPTE_170M, Range: Full), is_framework_physical_stream: 0, dynamic_range_profile: Standard, intended_for_max_resolution_mode: 0, group_id: -1, is_tunable: 1}
10-14 18:35:18.106  1447  2486 I Lyric   : graph_configuration.cc:374: {type: Streaminfo, stream_id: 32776, camera_id: Rear, format: YCBCR_420_888, width: 1920, height: 1080, usage: [], stream_type: Output, use_case: Default, data_space: DataSpace(Custom)::Arbitrary, is_framework_physical_stream: 0, dynamic_range_profile: Standard, intended_for_max_resolution_mode: 0, group_id: -1, is_tunable: 1}
10-14 18:35:18.106  1447  2486 I Lyric   : graph_configuration.cc:374: {type: Streaminfo, stream_id: 32773, camera_id: Rear, format: BLOB, width: 1920, height: 1080, usage: [], stream_type: Output, use_case: Default, data_space: DataSpace(Color)::(Standard: BT601_625, Transfer: SMPTE_170M, Range: Full), is_framework_physical_stream: 0, dynamic_range_profile: Standard, intended_for_max_resolution_mode: 0, group_id: -1, is_tunable: 1}
10-14 18:35:18.106  1447  2486 I Lyric   : graph_configuration.cc:374: {type: Streaminfo, stream_id: 32774, camera_id: RearVirtual, format: YCBCR_420_888, width: 1920, height: 1080, usage: [], stream_type: Output, use_case: Default, data_space: DataSpace(Custom)::Arbitrary, is_framework_physical_stream: 0, dynamic_range_profile: Standard, intended_for_max_resolution_mode: 0, group_id: -1, is_tunable: 1}
10-14 18:35:18.106  1447  2486 I Lyric   : graph_configuration.cc:374: {type: Streaminfo, stream_id: 32770, camera_id: Rear, format: YCBCR_420_888, width: 1280, height: 720, usage: [HwTexture], stream_type: Output, use_case: Default, data_space: DataSpace(Color)::(Standard: BT709, Transfer: RGB, Range: Full), is_framework_physical_stream: 0, dynamic_range_profile: Standard, intended_for_max_resolution_mode: 0, group_id: -1, is_tunable: 1}
10-14 18:35:18.106  1447  2486 I Lyric   : graph_configuration.cc:374: {type: Streaminfo, stream_id: 32768, camera_id: RearVirtual, format: YCBCR_420_888, width: 1280, height: 720, usage: [HwTexture], stream_type: Output, use_case: Default, data_space: DataSpace(Color)::(Standard: BT709, Transfer: RGB, Range: Full), is_framework_physical_stream: 0, dynamic_range_profile: Standard, intended_for_max_resolution_mode: 0, group_id: -1, is_tunable: 1}
10-14 18:35:18.109  1447 10235 I native  : I0000 00:00:1760481318.109472   10235 node_export.cc:193] CatNodeCreate(EspVideoNode) took 0.033528 ms
10-14 18:35:18.114  1447 13637 I native  : I0000 00:00:1760481318.114363   13637 llv_manager.cc:193] LLV DIMENSION: 1280x720
10-14 18:35:18.123  1447 13636 I native  : I0000 00:00:1760481318.123037   13636 brute_force_feature_matching.cc:49] Number of bins each image dimension is divided into: 5
10-14 18:35:18.124  1447 13636 I native  : I0000 00:00:1760481318.124836   13636 brute_force_feature_matching.cc:49] Number of bins each image dimension is divided into: 5
10-14 18:35:18.127  1447 13637 I native  : I0000 00:00:1760481318.127489   13637 noise_model.cc:372] Profile resolution 80 x 45
10-14 18:35:18.128  1447  1911 I G3ACoordinator: ae_session_config_parser_lyric.cc:201: ispfe_raw_input_resolution [width:4080, height:3072]
10-14 18:35:18.131  3179  4783 W AsyncOperation: OperationException[Status{statusCode=Operation failed with an execution exception!, resolution=null}]
10-14 18:35:18.134  1664 13620 W mediaswcodec: AIBinder_linkToDeath is being called with a non-null cookie and no onUnlink callback set. This might not be intended. AIBinder_DeathRecipient_setOnUnlinked should be called first.
10-14 18:35:18.153  3179  4783 W AsyncOperation: OperationException[Status{statusCode=Operation failed with an execution exception!, resolution=null}]
10-14 18:35:18.159  1447  1909 I G3ACoordinator: ae_session_config_parser_lyric.cc:201: ispfe_raw_input_resolution [width:4032, height:2272]
10-14 18:35:18.168  1447  1911 I G3ACoordinator: ae_session_config_parser_lyric.cc:201: ispfe_raw_input_resolution [width:4080, height:3072]
10-14 18:35:18.313  1447  1980 I Lyric   : camera_powerhal_impl.cc:202: CancelPowerBoost CAMERA_VIDEO_RECORDING
10-14 18:35:18.376  3179  4783 W AsyncOperation: OperationException[Status{statusCode=Operation failed with an execution exception!, resolution=null}]
10-14 18:35:18.387  3179  4783 W AsyncOperation: OperationException[Status{statusCode=Operation failed with an execution exception!, resolution=null}]
10-14 18:35:18.390  3179  4783 W AsyncOperation: OperationException[Status{statusCode=Operation failed with an execution exception!, resolution=null}]
10-14 18:35:18.776  3785  6084 I DeviceHardwareStateManager: New device state brokenCamera: false, brokenSpeaker: false, brokenMicrophone: false, brokenNotificationLed: false, brokenImu: true, brokenDsp: false, brokenMcu: false, hingeState: OPEN, waterDetectState: UNKNOWN, isTampered: false, thermalState: NORMAL, mediaPeakPowerState: NORMAL, videoCallingPeakPowerState: NORMAL, battery: Battery(stateOfCharge=100, isCharging=false, temperature=255, voltage=3824, displayMode=PERCENTAGE, incompatibleChargerDetected=false), caseBattery: Battery(stateOfCharge=255, isCharging=false, temperature=0, voltage=0, displayMode=DOTS, incompatibleChargerDetected=false), caseSystemInfo: CaseSystemInfo(serialNumber=null, firmwareVersion=null, isPresent=null), audioActive: false, cameraState: CAPTURE_VIDEO_STARTED, storageState: STABLE, isStreamingActive: true, inDeepSleep: false, isMounted: true, hotCarEventOccurred: false, registeredSNApps: [ASSISTANT]isSessionVerified: falseDeviceLockState: NO_LOCKPeakPowerUserExperienceThrottlingInfo: []
10-14 18:35:18.777  3785  4090 I SupernovaDeviceStateServiceImpl: Device DeviceRecord(identifier=57:63:06:3F:BD:EA, name=RB Meta 000X, type=3, userData=null, pairedStateData=null, observingPresence=true, customName=null, customDeviceInfo=null, productRegistry=258) emitting state DeviceState(connectedState=CONNECTED, peerConnectedState=Disconnected, deviceBatteryDetails=Battery(stateOfCharge=100, isCharging=false, temperature=255, voltage=3824, displayMode=PERCENTAGE, incompatibleChargerDetected=false), caseBatteryDetails=Battery(stateOfCharge=255, isCharging=false, temperature=0, voltage=0, displayMode=DOTS, incompatibleChargerDetected=false), remedies=[], hardwareState=brokenCamera: false, brokenSpeaker: false, brokenMicrophone: false, brokenNotificationLed: false, brokenImu: true, brokenDsp: false, brokenMcu: false, hingeState: OPEN, waterDetectState: UNKNOWN, isTampered: false, thermalState: NORMAL, mediaPeakPowerState: NORMAL, videoCallingPeakPowerState: NORMAL, battery: Battery(stateOfCharge=100, isCharging=false, temperature=255, voltage=3824, displayMode=PERCENTAGE, incompatibleChargerDetected=false), caseBattery: Battery(stateOfCharge=255, isCharging=false, temperature=0, voltage=0, displayMode=DOTS, incompatibleChargerDetected=false), caseSystemInfo: CaseSystemInfo(serialNumber=null, firmwareVersion=null, isPresent=null), audioActive: false, cameraState: CAPTURE_VIDEO_STARTED, storageState: STABLE, isStreamingActive: true, inDeepSleep: false, isMounted: true, hotCarEventOccurred: false, registeredSNApps: [ASSISTANT]isSessionVerified: falseDeviceLockState: NO_LOCKPeakPowerUserExperienceThrottlingInfo: [])
10-14 18:35:18.778  3785  4142 I lam:LinkedAppFeatureManagerImpl: observeDeviceState GlassesVideoCallingWifiDirectPeakPowerThrottlingLevelUnknown
10-14 18:35:18.778  3785  4142 I lam:AppLinkService: onDeviceStateUpdate state=GlassesVideoCallingWifiDirectPeakPowerThrottlingLevelUnknown com.instagram.android
10-14 18:35:18.781  3785 13152 I assistant.stella.platform.broker.ActiveAssistantDeviceBroker: Received state update for (3, 57:63:06:3F:BD:EA); btState=AssistantBluetoothStates(a2dpConnected=false, a2dpActive=false, hfpConnected=false, hfpActive=false, primaryBtcConnected=false), assistantDeviceState=AssistantDeviceStates(cameraState=VIDEO_CAPTURE_STARTED, brokenCamera=false, thermalConstraint=false, zeroStorage=false, hingeClosed=false, mountStatusDoff=false)
10-14 18:35:18.785  3785  4178 I AssistantDeviceStateManager: handle new device state AssistantDeviceStates(cameraState=VIDEO_CAPTURE_STARTED, brokenCamera=false, thermalConstraint=false, zeroStorage=false, hingeClosed=false, mountStatusDoff=false)
10-14 18:35:18.855  3785  6084 I DeviceHardwareStateManager: New device state brokenCamera: false, brokenSpeaker: false, brokenMicrophone: false, brokenNotificationLed: false, brokenImu: true, brokenDsp: false, brokenMcu: false, hingeState: OPEN, waterDetectState: UNKNOWN, isTampered: false, thermalState: NORMAL, mediaPeakPowerState: NORMAL, videoCallingPeakPowerState: NORMAL, battery: Battery(stateOfCharge=100, isCharging=false, temperature=255, voltage=3824, displayMode=PERCENTAGE, incompatibleChargerDetected=false), caseBattery: Battery(stateOfCharge=255, isCharging=false, temperature=0, voltage=0, displayMode=DOTS, incompatibleChargerDetected=false), caseSystemInfo: CaseSystemInfo(serialNumber=null, firmwareVersion=null, isPresent=null), audioActive: false, cameraState: CAPTURE_VIDEO_STARTED, storageState: STABLE, isStreamingActive: true, inDeepSleep: false, isMounted: false, hotCarEventOccurred: false, registeredSNApps: [ASSISTANT]isSessionVerified: falseDeviceLockState: NO_LOCKPeakPowerUserExperienceThrottlingInfo: []
10-14 18:35:18.856  3785  4099 I SupernovaDeviceStateServiceImpl: Device DeviceRecord(identifier=57:63:06:3F:BD:EA, name=RB Meta 000X, type=3, userData=null, pairedStateData=null, observingPresence=true, customName=null, customDeviceInfo=null, productRegistry=258) emitting state DeviceState(connectedState=CONNECTED, peerConnectedState=Disconnected, deviceBatteryDetails=Battery(stateOfCharge=100, isCharging=false, temperature=255, voltage=3824, displayMode=PERCENTAGE, incompatibleChargerDetected=false), caseBatteryDetails=Battery(stateOfCharge=255, isCharging=false, temperature=0, voltage=0, displayMode=DOTS, incompatibleChargerDetected=false), remedies=[], hardwareState=brokenCamera: false, brokenSpeaker: false, brokenMicrophone: false, brokenNotificationLed: false, brokenImu: true, brokenDsp: false, brokenMcu: false, hingeState: OPEN, waterDetectState: UNKNOWN, isTampered: false, thermalState: NORMAL, mediaPeakPowerState: NORMAL, videoCallingPeakPowerState: NORMAL, battery: Battery(stateOfCharge=100, isCharging=false, temperature=255, voltage=3824, displayMode=PERCENTAGE, incompatibleChargerDetected=false), caseBattery: Battery(stateOfCharge=255, isCharging=false, temperature=0, voltage=0, displayMode=DOTS, incompatibleChargerDetected=false), caseSystemInfo: CaseSystemInfo(serialNumber=null, firmwareVersion=null, isPresent=null), audioActive: false, cameraState: CAPTURE_VIDEO_STARTED, storageState: STABLE, isStreamingActive: true, inDeepSleep: false, isMounted: false, hotCarEventOccurred: false, registeredSNApps: [ASSISTANT]isSessionVerified: falseDeviceLockState: NO_LOCKPeakPowerUserExperienceThrottlingInfo: [])
10-14 18:35:18.857  3785 13153 I lam:LinkedAppFeatureManagerImpl: observeDeviceState GlassesVideoCallingWifiDirectPeakPowerThrottlingLevelUnknown
10-14 18:35:18.857  3785 13153 I lam:AppLinkService: onDeviceStateUpdate state=GlassesVideoCallingWifiDirectPeakPowerThrottlingLevelUnknown com.instagram.android
10-14 18:35:18.861  3785  3955 I assistant.stella.platform.broker.ActiveAssistantDeviceBroker: Received state update for (3, 57:63:06:3F:BD:EA); btState=AssistantBluetoothStates(a2dpConnected=false, a2dpActive=false, hfpConnected=false, hfpActive=false, primaryBtcConnected=false), assistantDeviceState=AssistantDeviceStates(cameraState=VIDEO_CAPTURE_STARTED, brokenCamera=false, thermalConstraint=false, zeroStorage=false, hingeClosed=false, mountStatusDoff=true)
10-14 18:35:18.864  3785  4178 I AssistantDeviceStateManager: handle new device state AssistantDeviceStates(cameraState=VIDEO_CAPTURE_STARTED, brokenCamera=false, thermalConstraint=false, zeroStorage=false, hingeClosed=false, mountStatusDoff=true)
10-14 18:35:19.153  6475 12306 D CCodecBufferChannel: [c2.android.hevc.decoder#121] MediaCodec discarded an unknown buffer
10-14 18:35:19.153  6475 12306 D CCodecBufferChannel: [c2.android.hevc.decoder#121] MediaCodec discarded an unknown buffer
10-14 18:35:19.153  6475 12306 D CCodecBufferChannel: [c2.android.hevc.decoder#121] MediaCodec discarded an unknown buffer
10-14 18:35:19.174  6475 12307 D CCodec  : allocate(c2.android.hevc.decoder)
10-14 18:35:19.178  6475 12307 I CCodec  : setting up 'default' as default (vendor) store
10-14 18:35:19.187  6475 12307 I CCodec  : Created component [c2.android.hevc.decoder] for [c2.android.hevc.decoder]
10-14 18:35:19.187  6475 12307 D CCodecConfig: read media type: video/hevc
10-14 18:35:19.201  6475 12307 D CCodecConfig: ignoring local param raw.size (0xd2001800) as it is already supported
10-14 18:35:19.201  6475 12307 D CCodecConfig: ignoring local param default.color (0x5200180b) as it is already supported
10-14 18:35:19.203  6475 12307 I CCodecConfig: query failed after returning 12 values (BAD_INDEX)
10-14 18:35:19.203  6475 12307 D CCodecConfig: c2 config diff is Dict {
10-14 18:35:19.203  6475 12307 D CCodecConfig:   c2::u32 coded.pl.level = 24584
10-14 18:35:19.203  6475 12307 D CCodecConfig:   c2::u32 coded.pl.profile = 24576
10-14 18:35:19.203  6475 12307 D CCodecConfig:   c2::u32 coded.vui.color.matrix = 0
10-14 18:35:19.203  6475 12307 D CCodecConfig:   c2::u32 coded.vui.color.primaries = 0
10-14 18:35:19.203  6475 12307 D CCodecConfig:   c2::u32 coded.vui.color.range = 2
10-14 18:35:19.203  6475 12307 D CCodecConfig:   c2::u32 coded.vui.color.transfer = 0
10-14 18:35:19.203  6475 12307 D CCodecConfig:   c2::u32 default.color.matrix = 0
10-14 18:35:19.203  6475 12307 D CCodecConfig:   c2::u32 default.color.primaries = 0
10-14 18:35:19.203  6475 12307 D CCodecConfig:   c2::u32 default.color.range = 0
10-14 18:35:19.203  6475 12307 D CCodecConfig:   c2::u32 default.color.transfer = 0
10-14 18:35:19.203  6475 12307 D CCodecConfig:   c2::u32 input.buffers.max-size.value = 2097152
10-14 18:35:19.203  6475 12307 D CCodecConfig:   c2::u32 input.delay.value = 0
10-14 18:35:19.203  6475 12307 D CCodecConfig:   string input.media-type.value = "video/hevc"
10-14 18:35:19.203  6475 12307 D CCodecConfig:   c2::u32 output.delay.value = 8
10-14 18:35:19.203  6475 12307 D CCodecConfig:   string output.media-type.value = "video/raw"
10-14 18:35:19.203  6475 12307 D CCodecConfig:   c2::u32 raw.color.matrix = 0
10-14 18:35:19.203  6475 12307 D CCodecConfig:   c2::u32 raw.color.primaries = 0
10-14 18:35:19.203  6475 12307 D CCodecConfig:   c2::u32 raw.color.range = 2
10-14 18:35:19.203  6475 12307 D CCodecConfig:   c2::u32 raw.color.transfer = 0
10-14 18:35:19.203  6475 12307 D CCodecConfig:   c2::u32 raw.max-size.height = 240
10-14 18:35:19.203  6475 12307 D CCodecConfig:   c2::u32 raw.max-size.width = 320
10-14 18:35:19.203  6475 12307 D CCodecConfig:   c2::u32 raw.pixel-format.value = 35
10-14 18:35:19.203  6475 12307 D CCodecConfig:   c2::i32 raw.rotation.flip = 0
10-14 18:35:19.203  6475 12307 D CCodecConfig:   c2::i32 raw.rotation.value = 0
10-14 18:35:19.203  6475 12307 D CCodecConfig:   c2::u32 raw.sar.height = 1
10-14 18:35:19.203  6475 12307 D CCodecConfig:   c2::u32 raw.sar.width = 1
10-14 18:35:19.203  6475 12307 D CCodecConfig:   c2::u32 raw.size.height = 240
10-14 18:35:19.203  6475 12307 D CCodecConfig:   c2::u32 raw.size.width = 320
10-14 18:35:19.203  6475 12307 D CCodecConfig:   c2
10-14 18:35:19.212  6475 13409 I MediaCodec: media_quality service unavailable, skipping updatePictureProfile
10-14 18:35:19.212  6475 12306 I MediaCodec: [c2.android.hevc.decoder] setting surface generation to 6630405
10-14 18:35:19.212  6475 12307 D CCodec  : [c2.android.hevc.decoder] buffers are bound to CCodec for this session
10-14 18:35:19.213  6475 12307 D CCodecConfig: no c2 equivalents for color-format
10-14 18:35:19.213  6475 12307 D CCodecConfig: no c2 equivalents for native-window
10-14 18:35:19.213  6475 12307 D CCodecConfig: no c2 equivalents for native-window-generation
10-14 18:35:19.213  6475 12307 D CCodecConfig: no c2 equivalents for flags
10-14 18:35:19.214  6475 12307 D CCodecConfig: c2 config diff is   c2::u32 raw.size.height = 1280
10-14 18:35:19.214  6475 12307 D CCodecConfig:   c2::u32 raw.size.width = 720
10-14 18:35:19.214  6475 12307 D CCodec  : encoding statistics level = 0
10-14 18:35:19.214  6475 12307 D CCodec  : setup formats input: AMessage(what = 0x00000000) = {
10-14 18:35:19.214  6475 12307 D CCodec  :   int32_t height = 1280
10-14 18:35:19.214  6475 12307 D CCodec  :   int32_t level = 65536
10-14 18:35:19.214  6475 12307 D CCodec  :   int32_t max-input-size = 2097152
10-14 18:35:19.214  6475 12307 D CCodec  :   string mime = "video/hevc"
10-14 18:35:19.214  6475 12307 D CCodec  :   int32_t profile = 1
10-14 18:35:19.214  6475 12307 D CCodec  :   int32_t width = 720
10-14 18:35:19.214  6475 12307 D CCodec  :   Rect crop(0, 0, 719, 1279)
10-14 18:35:19.214  6475 12307 D CCodec  : }
10-14 18:35:19.214  6475 12307 D CCodec  : setup formats output: AMessage(what = 0x00000000) = {
10-14 18:35:19.214  6475 12307 D CCodec  :   int32_t android._color-format = 2135033992
10-14 18:35:19.214  6475 12307 D CCodec  :   int32_t android._video-scaling = 1
10-14 18:35:19.214  6475 12307 D CCodec  :   int32_t rotation-degrees = 0
10-14 18:35:19.214  6475 12307 D CCodec  :   int32_t color-standard = 1
10-14 18:35:19.214  6475 12307 D CCodec  :   int32_t color-range = 2
10-14 18:35:19.214  6475 12307 D CCodec  :   int32_t color-transfer = 3
10-14 18:35:19.214  6475 12307 D CCodec  :   int32_t sar-height = 1
10-14 18:35:19.214  6475 12307 D CCodec  :   int32_t sar-width = 1
10-14 18:35:19.214  6475 12307 D CCodec  :   Rect crop(0, 0, 719, 1279)
10-14 18:35:19.214  6475 12307 D CCodec  :   int32_t width = 720
10-14 18:35:19.214  6475 12307 D CCodec  :   int32_t height = 1280
10-14 18:35:19.214  6475 12307 D CCodec  :   int32_t max-height = 240
10-14 18:35:19.214  6475 12307 D CCodec  :   int32_t max-width = 320
10-14 18:35:19.214  6475 12307 D CCodec  :   string mime = "video/raw"
10-14 18:35:19.214  6475 12307 D CCodec  :   int32_t android._dataspace = 260
10-14 18:35:19.214  6475 12307 D CCodec  :   int32_t color-format = 2135033992
10-14 18:35:19.214  6475 12307 D CCodec  : }
10-14 18:35:19.215  6475 12307 I CCodecConfig: query failed after returning 12 values (BAD_INDEX)
10-14 18:35:19.215  6475 12307 D CCodecConfig: c2 config diff is   c2::u32 raw.max-size.height = 1280
10-14 18:35:19.215  6475 12307 D CCodecConfig:   c2::u32 raw.max-size.width = 720
10-14 18:35:19.215  6475 12306 I MediaCodec: MediaCodec will operate in async mode
10-14 18:35:19.216  6475 13409 D MediaCodec: keep callback message for reclaim
10-14 18:35:19.226  6475 12307 D CCodecBufferChannel: [c2.android.hevc.decoder#838] Created input block pool with allocatorID 16 => poolID 23 - OK (0)
10-14 18:35:19.227  6475 12307 D CCodecBufferChannel: [c2.android.hevc.decoder#838] Query output surface allocator returned 0 params => BAD_INDEX (6)
10-14 18:35:19.227  6475 12307 D Codec2Client: GraphicBufferAllocator created
10-14 18:35:19.228  6475 12307 I CCodecBufferChannel: [c2.android.hevc.decoder#838] Created output block pool with allocatorID 18 => poolID 47 - OK
10-14 18:35:19.228  6475 12307 D CCodecBufferChannel: [c2.android.hevc.decoder#838] Configured output block pool ids 47 => OK
10-14 18:35:19.228  6475 12307 D Codec2Client: setOutputSurface -- failed to set consumer usage (6/BAD_INDEX)
10-14 18:35:19.228  6475 12307 D Codec2Client: setOutputSurface -- generation=6630405 consumer usage=0x900
10-14 18:35:19.248  6475 12307 D CCodecConfig: c2 config diff is   c2::u32 output.delay.value = 0
10-14 18:35:19.263  6475 12307 D CCodecConfig: c2 config diff is   c2::u32 raw.color.matrix = 1
10-14 18:35:19.263  6475 12307 D CCodecConfig:   c2::u32 raw.color.primaries = 1
10-14 18:35:19.263  6475 12307 D CCodecConfig:   c2::u32 raw.color.transfer = 3
10-14 18:35:19.263  6475 12307 D CCodecConfig:   c2::u32 raw.crop.height = 1280
10-14 18:35:19.263  6475 12307 D CCodecConfig:   c2::u32 raw.crop.left = 0
10-14 18:35:19.263  6475 12307 D CCodecConfig:   c2::u32 raw.crop.top = 0
10-14 18:35:19.263  6475 12307 D CCodecConfig:   c2::u32 raw.crop.width = 720
10-14 18:35:19.291  1484 13607 V ExynosVideoOSAL: Codec_OSAL_SetControls: QP[0] range (5 / 50)
10-14 18:35:19.291  1484 13607 V ExynosVideoOSAL: Codec_OSAL_SetControls: QP[1] range (5 / 50)
10-14 18:35:19.291  1484 13607 V ExynosVideoOSAL: Codec_OSAL_SetControls: QP[2] range (5 / 50)
10-14 18:35:19.292  1484 13615 V ExynosVideoOSAL: Codec_OSAL_SetControls: QP[0] range (5 / 50)
10-14 18:35:19.292  1484 13615 V ExynosVideoOSAL: Codec_OSAL_SetControls: QP[1] range (5 / 50)
10-14 18:35:19.292  1484 13615 V ExynosVideoOSAL: Codec_OSAL_SetControls: QP[2] range (5 / 50)
10-14 18:35:19.312  6475 13604 D CCodecConfig: c2 config diff is   Buffer coded.init-data.value = {
10-14 18:35:19.312  6475 13604 D CCodecConfig:     00000000:  00 00 00 01 67 64 00 1f  ac b4 04 00 e3 4d 40 40  ....gd.......M@@
10-14 18:35:19.312  6475 13604 D CCodecConfig:     00000010:  40 41 e2 85 54 00 00 00  01 68 ee 0d 8b           @A..T....h...
