10-09 17:01:42.507 30773 30773 I DeviceControlCenterRepository: DeviceId: 7F:D9:1B:FB:E8:ED State: DeviceState(connectedState=CONNECTED, peerConnectedState=Disconnected, deviceBatteryDetails=Battery(stateOfCharge=98, isCharging=false, temperature=250, voltage=4022, displayMode=PERCENTAGE, incompatibleChargerDetected=false), caseBatteryDetails=Battery(stateOfCharge=20, isCharging=false, temperature=0, voltage=0, displayMode=DOTS, incompatibleChargerDetected=false), remedies=[], hardwareState=brokenCamera: false, brokenSpeaker: false, brokenMicrophone: false, brokenNotificationLed: false, brokenImu: true, brokenDsp: false, brokenMcu: false, hingeState: OPEN, isTampered: false, thermalState: NORMAL, mediaPeakPowerState: NORMAL, videoCallingPeakPowerState: NORMAL, battery: Battery(stateOfCharge=98, isCharging=false, temperature=250, voltage=4022, displayMode=PERCENTAGE, incompatibleChargerDetected=false), caseBattery: Battery(stateOfCharge=20, isCharging=false, temperature=0, voltage=0, displayMode=DOTS, incompatibleChargerDetected=false), caseSystemInfo: CaseSystemInfo(serialNumber=2R5SB0BF9F060P, firmwareVersion=12.14.5, isPresent=false), audioActive: false, cameraState: CAPTURE_VIDEO_STARTED, storageState: STABLE, isStreamingActive: true, inDeepSleep: false, isMounted: false, hotCarEventOccurred: false, registeredSNApps: [ASSISTANT]isSessionVerified: falseDeviceLockState: NO_LOCKPeakPowerUserExperienceThrottlingInfo: [])
10-09 17:01:42.690  1054  4801 D Hal2AidlMapper: [default] prepareToOpenStream: handle 0, mixPortHalId 0, device AudioDevice{type: AudioDeviceDescription{type: IN_DEFAULT, connection: }, address: AudioDeviceAddress{id: }}, flags AudioIoFlags{input: 0}, source DEFAULT, config AudioConfig{base: AudioConfigBase{sampleRate: 44100, channelMask: AudioChannelLayout{layoutMask: 1}, format: AudioFormatDescription{type: PCM, pcm: INT_16_BIT, encoding: }}, offloadInfo: AudioOffloadInfo{base: AudioConfigBase{sampleRate: 0, channelMask: AudioChannelLayout{none: 0}, format: AudioFormatDescription{type: DEFAULT, pcm: DEFAULT, encoding: }}, streamType: VOICE_CALL, bitRatePerSecond: 0, durationUs: 0, hasVideo: false, isStreaming: false, bitWidth: 16, offloadBufferSize: 0, usage: UNKNOWN, encapsulationMode: NONE, contentId: 0, syncId: 0}, frameCount: 0}, mixport config AudioPortConfig{id: 0, portId: 0, sampleRate: (null), channelMask: (null), format: (null), gain: (null), flags: (null), ext: AudioPortExt{unspecified: false}}
10-09 17:01:42.694 12436 13311 D MediaCodecList: codecHandlesFormat: no format, so no extra checks
10-09 17:01:42.697  1054  4801 E Hal2AidlMapper: [default] findOrCreateMixPortConfig: mix port for config AudioConfig{base: AudioConfigBase{sampleRate: 44100, channelMask: AudioChannelLayout{layoutMask: 1}, format: AudioFormatDescription{type: PCM, pcm: INT_16_BIT, encoding: }}, offloadInfo: AudioOffloadInfo{base: AudioConfigBase{sampleRate: 0, channelMask: AudioChannelLayout{none: 0}, format: AudioFormatDescription{type: DEFAULT, pcm: DEFAULT, encoding: }}, streamType: VOICE_CALL, bitRatePerSecond: 0, durationUs: 0, hasVideo: false, isStreaming: false, bitWidth: 16, offloadBufferSize: 0, usage: UNKNOWN, encapsulationMode: NONE, contentId: 0, syncId: 0}, frameCount: 0}, flags AudioIoFlags{input: 0} is not found
10-09 17:01:42.697  1054  4801 D Hal2AidlMapper: [default] prepareToOpenStreamHelper: returning suggested config for the stream: AudioConfig{base: AudioConfigBase{sampleRate: 48000, channelMask: AudioChannelLayout{layoutMask: 1}, format: AudioFormatDescription{type: PCM, pcm: INT_16_BIT, encoding: }}, offloadInfo: AudioOffloadInfo{base: AudioConfigBase{sampleRate: 0, channelMask: AudioChannelLayout{none: 0}, format: AudioFormatDescription{type: DEFAULT, pcm: DEFAULT, encoding: }}, streamType: VOICE_CALL, bitRatePerSecond: 0, durationUs: 0, hasVideo: false, isStreaming: false, bitWidth: 16, offloadBufferSize: 0, usage: UNKNOWN, encapsulationMode: NONE, contentId: 0, syncId: 0}, frameCount: 0}
10-09 17:01:42.698  1054  4801 D Hal2AidlMapper: [default] prepareToOpenStream: handle 0, mixPortHalId 0, device AudioDevice{type: AudioDeviceDescription{type: IN_DEFAULT, connection: }, address: AudioDeviceAddress{id: }}, flags AudioIoFlags{input: 0}, source DEFAULT, config AudioConfig{base: AudioConfigBase{sampleRate: 48000, channelMask: AudioChannelLayout{layoutMask: 1}, format: AudioFormatDescription{type: PCM, pcm: INT_16_BIT, encoding: }}, offloadInfo: AudioOffloadInfo{base: AudioConfigBase{sampleRate: 0, channelMask: AudioChannelLayout{none: 0}, format: AudioFormatDescription{type: DEFAULT, pcm: DEFAULT, encoding: }}, streamType: VOICE_CALL, bitRatePerSecond: 0, durationUs: 0, hasVideo: false, isStreaming: false, bitWidth: 16, offloadBufferSize: 0, usage: UNKNOWN, encapsulationMode: NONE, contentId: 0, syncId: 0}, frameCount: 0}, mixport config AudioPortConfig{id: 0, portId: 0, sampleRate: (null), channelMask: (null), format: (null), gain: (null), flags: (null), ext: AudioPortExt{unspecified: false}}
10-09 17:01:42.711  1054  4801 D Hal2AidlMapper: [default] prepareToOpenStream: handle 1230, mixPortHalId 1001, device AudioDevice{type: AudioDeviceDescription{type: IN_MICROPHONE_BACK, connection: }, address: AudioDeviceAddress{id: back}}, flags AudioIoFlags{input: 0}, source CAMCORDER, config AudioConfig{base: AudioConfigBase{sampleRate: 48000, channelMask: AudioChannelLayout{layoutMask: 1}, format: AudioFormatDescription{type: PCM, pcm: INT_16_BIT, encoding: }}, offloadInfo: AudioOffloadInfo{base: AudioConfigBase{sampleRate: 0, channelMask: AudioChannelLayout{none: 0}, format: AudioFormatDescription{type: DEFAULT, pcm: DEFAULT, encoding: }}, streamType: VOICE_CALL, bitRatePerSecond: 0, durationUs: 0, hasVideo: false, isStreaming: false, bitWidth: 16, offloadBufferSize: 0, usage: UNKNOWN, encapsulationMode: NONE, contentId: 0, syncId: 0}, frameCount: 0}, mixport config AudioPortConfig{id: 0, portId: 0, sampleRate: (null), channelMask: (null), format: (null), gain: (null), flags: (null), ext: AudioPortExt{unspecified: false}}
10-09 17:01:42.713 12436 13311 D MediaCodecList: codecHandlesFormat: no format, so no extra checks
10-09 17:01:42.718 12436 13331 D CCodec  : allocate(c2.exynos.h264.encoder)
10-09 17:01:42.719 12436 13331 I CCodec  : setting up 'default' as default (vendor) store
10-09 17:01:42.732 12436 13331 I CCodec  : Created component [c2.exynos.h264.encoder] for [c2.exynos.h264.encoder]
10-09 17:01:42.733 12436 13331 D CCodecConfig: read media type: video/avc
10-09 17:01:42.749 12436 13331 D CCodecConfig: ignoring local param raw.color (0xc2001809) as it is already supported
10-09 17:01:42.750 12436 13331 I CCodecConfig: query failed after returning 21 values (BAD_INDEX)
10-09 17:01:42.751 12436 13331 D CCodecConfig: c2 config diff is Dict {
10-09 17:01:42.751 12436 13331 D CCodecConfig:   c2::u32 algo.bitrate-mode.value = 3
10-09 17:01:42.751 12436 13331 D CCodecConfig:   c2::u32 algo.encoding-quality-level.value = 0
10-09 17:01:42.751 12436 13331 D CCodecConfig:   c2::i32 algo.priority.value = 0
10-09 17:01:42.751 12436 13331 D CCodecConfig:   c2::float algo.rate.value = 0
10-09 17:01:42.751 12436 13331 D CCodecConfig:   c2::i32 coded.average-qp.value = 0
10-09 17:01:42.751 12436 13331 D CCodecConfig:   c2::u32 coded.bitrate-mode.value = 1
10-09 17:01:42.751 12436 13331 D CCodecConfig:   c2::u32 coded.bitrate.value = 64000
10-09 17:01:42.751 12436 13331 D CCodecConfig:   c2::float coded.frame-rate.value = 15
10-09 17:01:42.751 12436 13331 D CCodecConfig:   c2::u32 coded.hdr-format.value = 0
10-09 17:01:42.751 12436 13331 D CCodecConfig:   c2::u32 coded.picture-type.value = 0
10-09 17:01:42.751 12436 13331 D CCodecConfig:   c2::u32 coded.pl.level = 20480
10-09 17:01:42.751 12436 13331 D CCodecConfig:   c2::u32 coded.pl.profile = 20484
10-09 17:01:42.751 12436 13331 D CCodecConfig:   c2::u32 coding.intra-refresh.mode = 0
10-09 17:01:42.751 12436 13331 D CCodecConfig:   c2::float coding.intra-refresh.period = 0
10-09 17:01:42.751 12436 13331 D CCodecConfig:   c2::u32 coding.request-sync-frame.value = 0
10-09 17:01:42.751 12436 13331 D CCodecConfig:   c2::i64 coding.sync-frame-interval.value = 1000000
10-09 17:01:42.751 12436 13331 D CCodecConfig:   Buffer coding.temporal-layering = {
10-09 17:01:42.751 12436 13331 D CCodecConfig:     00000000:  10 00 00 00 07 20 01 52  00 00 00 00 00 00 00 00  ..... .R........
10-09 17:01:42.751 12436 13331 D CCodecConfig:   }
10-09 17:01:42.751 12436 13331 D CCodecConfig:   c2::u32 input.delay.value = 0
10-09 17:01:42.751 12436 13331 D CCodecConfig:   string input.media-type.value = "video/raw"
10-09 17:01:42.751 12436 13331 D CCodecConfig:   c2::u32 output.buffers.prepend-header.value = 0
10-09 17:01:42.751 12436 13331 D CCodecConfig:   string output.media-type.value = "video/avc"
10-09 17:01:42.751 12436 13331 D CCodecConfig:   c2::u32 raw.color.matrix = 0
10-09 17:01:42.751 12436 13331 D CCodecConfig:   c2::u32 raw.color.primaries = 0
10-09 17:01:42.751 12436 13331 D CCodecConfig:  
10-09 17:01:42.755 12436 13311 I MediaCodec: media_quality service unavailable, skipping updatePictureProfile
10-09 17:01:42.758   980  1841 I ASvc::StreamIn: setMicrophoneFieldDimension (primary-capture) : zoom = 0
10-09 17:01:42.791 12436 13311 D CodecSeeding: Seed: codec c2.exynos.h264.encoder, mediatype video/avc, overrideable 1
10-09 17:01:42.791 12436 13311 D CodecProperties: setTuningValue(vq-target-bpp,0)
10-09 17:01:42.791 12436 13311 D CodecProperties: setTuningValue(vq-target-bpp-1080p,1.90)
10-09 17:01:42.791 12436 13311 D CodecProperties: setTuningValue(vq-target-bpp-720p,2.25)
10-09 17:01:42.791 12436 13311 D CodecProperties: setTuningValue(vq-target-bpp-540p,2.65)
10-09 17:01:42.791 12436 13311 D CodecProperties: setTuningValue(vq-target-bpp-480p,3.00)
10-09 17:01:42.791 12436 13311 D CodecProperties: setTuningValue(vq-target-bpp-320x240,0)
10-09 17:01:42.791 12436 13311 D CodecProperties: setTuningValue(vq-target-qpmax,-1)
10-09 17:01:42.791 12436 13311 D CodecProperties: setTuningValue(vq-target-qpmax-1080p,45)
10-09 17:01:42.791 12436 13311 D CodecProperties: setTuningValue(vq-target-qpmax-720p,43)
10-09 17:01:42.791 12436 13311 D CodecProperties: setTuningValue(vq-target-qpmax-540p,42)
10-09 17:01:42.791 12436 13311 D CodecProperties: setTuningValue(vq-target-qpmax-480p,38)
10-09 17:01:42.791 12436 13311 D CodecProperties: setTuningValue(vq-bitrate-phaseout,1.75)
10-09 17:01:42.791 12436 13311 D CodecProperties: setTuningValue(vq-boost-missing-qp,0.20)
10-09 17:01:42.791 12436 13311 D CodecProperties: setFeatureValue(can-swap-width-height,1)
10-09 17:01:42.791 12436 13311 D CodecProperties: setFeatureValue(encoding-statistics,0)
10-09 17:01:42.791 12436 13311 D CodecProperties: setFeatureValue(qp-bounds,0)
10-09 17:01:42.791 12436 13311 D CodecProperties: setFeatureValue(vq-minimum-quality,0)
10-09 17:01:42.791 12436 13311 D CodecProperties: setFeatureValue(_vq_eligible.device,1)
10-09 17:01:42.791 12436 13311 D CodecProperties: setFeatureValue(_quality.target,1)
10-09 17:01:42.791 12436 13311 D CodecSeeding: Seed: codec c2.exynos.h264.encoder, mediatype video/avc, overrideable 0
10-09 17:01:42.791 12436 13311 D VQApply : minquality: codec claims to implement minquality=1
10-09 17:01:42.791 12436 13311 D MediaCodec: shapeMediaFormat: deltas(1): AMessage(what = 0x00000000) = {
10-09 17:01:42.791 12436 13311 D MediaCodec:     int32_t android._encoding-quality-level = 1
10-09 17:01:42.791 12436 13311 D MediaCodec:   }
10-09 17:01:42.792 12436 13331 D CCodec  : [c2.exynos.h264.encoder] buffers are bound to CCodec for this session
10-09 17:01:42.792 12436 13331 D CCodecConfig: no c2 equivalents for max-fps-to-encoder
10-09 17:01:42.792 12436 13331 D CCodecConfig: no c2 equivalents for color-format
10-09 17:01:42.792 12436 13331 D CCodecConfig: no c2 equivalents for flags
10-09 17:01:42.792 12436 13331 D CCodecConfig: no c2 equivalents for encoder
10-09 17:01:42.793 12436 13331 D CCodecConfig: c2 config diff is   c2::u32 algo.encoding-quality-level.value = 1
10-09 17:01:42.793 12436 13331 D CCodecConfig:   c2::u32 coded.bitrate.value = 1500000
10-09 17:01:42.793 12436 13331 D CCodecConfig:   c2::float coded.frame-rate.value = 30
10-09 17:01:42.793 12436 13331 D CCodecConfig:   c2::u32 coded.hdr-format.value = 1
10-09 17:01:42.793 12436 13331 D CCodecConfig:   c2::u32 coded.pl.level = 20489
10-09 17:01:42.793 12436 13331 D CCodecConfig:   c2::i64 coding.sync-frame-interval.value = 60000000
10-09 17:01:42.793 12436 13331 D CCodecConfig:   c2::u32 raw.size.height = 896
10-09 17:01:42.793 12436 13331 D CCodecConfig:   c2::u32 raw.size.width = 512
10-09 17:01:42.794 12436 13331 D CCodec  : encoding statistics level = 0
10-09 17:01:42.794 12436 13331 D CCodec  : setup formats input: AMessage(what = 0x00000000) = {
10-09 17:01:42.794 12436 13331 D CCodec  :   int32_t android._color-format = 2130708361
10-09 17:01:42.794 12436 13331 D CCodec  :   int32_t android._dataspace = 0
10-09 17:01:42.794 12436 13331 D CCodec  :   int32_t bitrate-mode = 1
10-09 17:01:42.794 12436 13331 D CCodec  :   int32_t frame-rate = 30
10-09 17:01:42.794 12436 13331 D CCodec  :   int32_t height = 896
10-09 17:01:42.794 12436 13331 D CCodec  :   int32_t intra-refresh-period = 0
10-09 17:01:42.794 12436 13331 D CCodec  :   string mime = "video/raw"
10-09 17:01:42.794 12436 13331 D CCodec  :   int32_t prepend-sps-pps-to-idr-frames = 0
10-09 17:01:42.794 12436 13331 D CCodec  :   int32_t priority = 0
10-09 17:01:42.794 12436 13331 D CCodec  :   int32_t video-qp-average = 0
10-09 17:01:42.794 12436 13331 D CCodec  :   int32_t width = 512
10-09 17:01:42.794 12436 13331 D CCodec  :   Rect crop(0, 0, 511, 895)
10-09 17:01:42.794 12436 13331 D CCodec  :   int64_t android._C2MemoryUsage = 1125899906908160
10-09 17:01:42.794 12436 13331 D CCodec  :   int32_t color-format = 2130708361
10-09 17:01:42.794 12436 13331 D CCodec  : }
10-09 17:01:42.794 12436 13331 D CCodec  : setup formats output: AMessage(what = 0x00000000) = {
10-09 17:01:42.794 12436 13331 D CCodec  :   int32_t bitrate = 1500000
10-09 17:01:42.794 12436 13331 D CCodec  :   int32_t bitrate-mode = 1
10-09 17:01:42.794 12436 13331 D CCodec  :   Rect crop(0, 0, 511, 895)
10-09 17:01:42.794 12436 13331 D CCodec  :   int32_t width = 512
10-09 17:01:42.794 12436 13331 D CCodec  :   int32_t color-standard = 0
10-09 17:01:42.794 12436 13331 D CCodec  :   int32_t color-range = 0
10-09 17:01:42.794 12436 13331 D CCodec  :   int32_t color-transfer = 0
10-09 17:01:42.794 12436 13331 D CCodec  :   int32_t frame-rate = 30
10-09 17:01:42.794 12436 13331 D CCodec  :   int32_t height = 896
10-09 17:01:42.794 12436 13331 D CCodec  :   int32_t intra-refresh-period = 0
10-09 17:01:42.794 12436 13331 D CCodec  :   int32_t level = 512
10-09 17:01:42.794 12436 13331 D CCodec  :   int32_t max-bitrate = 1500000
10-09 17:01:42.794 12436 13331 D CCodec  :   string mime = "video/avc"
10-09 17:01:42.794 12436 13331 D CCodec  :   int32_t prepend-sps-pps-to-idr-frames = 0
10-09 17:01:42.794 12436 13331 D CCodec  :   int32_t priority = 0
10-09 17:01:42.794 12436 13331 D CCodec  :   int32_t profile = 8
10-09 17:01:42.794 12436 13331 D CCodec  :   int32_t video-qp-average = 0
10-09 17:01:42.794 12436 13331 D CCodec  : }
10-09 17:01:42.794 12436 13331 I CCodecConfig: query failed after returning 22 values (BAD_INDEX)
10-09 17:01:42.795 12436 13331 D CCodec  : aidl based PersistentSurface created
10-09 17:01:42.796 12436 13331 D CCodec  : input format changed to AMessage(what = 0x00000000) = {
10-09 17:01:42.796 12436 13331 D CCodec  :   int32_t android._color-format = 2130708361
10-09 17:01:42.796 12436 13331 D CCodec  :   int32_t android._dataspace = 260
10-09 17:01:42.796 12436 13331 D CCodec  :   int32_t bitrate-mode = 1
10-09 17:01:42.796 12436 13331 D CCodec  :   int32_t frame-rate = 30
10-09 17:01:42.796 12436 13331 D CCodec  :   int32_t height = 896
10-09 17:01:42.796 12436 13331 D CCodec  :   int32_t intra-refresh-period = 0
10-09 17:01:42.796 12436 13331 D CCodec  :   string mime = "video/raw"
10-09 17:01:42.796 12436 13331 D CCodec  :   int32_t prepend-sps-pps-to-idr-frames = 0
10-09 17:01:42.796 12436 13331 D CCodec  :   int32_t priority = 0
10-09 17:01:42.796 12436 13331 D CCodec  :   int32_t video-qp-average = 0
10-09 17:01:42.796 12436 13331 D CCodec  :   int32_t width = 512
10-09 17:01:42.796 12436 13331 D CCodec  :   Rect crop(0, 0, 511, 895)
10-09 17:01:42.796 12436 13331 D CCodec  :   int64_t android._C2MemoryUsage = 1125899906908160
10-09 17:01:42.796 12436 13331 D CCodec  :   int32_t color-format = 2130708361
10-09 17:01:42.796 12436 13331 D CCodec  :   int32_t color-range = 2
10-09 17:01:42.796 12436 13331 D CCodec  :   int32_t color-standard = 1
10-09 17:01:42.796 12436 13331 D CCodec  :   int32_t color-transfer = 3
10-09 17:01:42.796 12436 13331 D CCodec  : }
10-09 17:01:42.796 12436 13331 D CCodec  : ISConfig maxFps=30
10-09 17:01:42.798  1026 13332 I ExynosC2H264EncComponent: Creating ECOServiceStatsProvider c2.exynos.h264.encoder video/avc
10-09 17:01:42.799  1026 13334 D libexynosv4l2: try node: /dev/video6
10-09 17:01:42.800   980 13329 I AHal::GsCapture: UpdateMicrophoneFieldDimension: with zoom 0
10-09 17:01:42.800   980 13329 I AHal::AocRecordTuning: WriteMicrophoneFieldDimension: 0 to value 0
10-09 17:01:42.800  1026 13334 D libexynosv4l2: try node: /dev/video7
10-09 17:01:42.800  1026 13334 I libexynosv4l2: node found for device s5p-mfc-enc: /dev/video7
10-09 17:01:42.809  1026 13334 I libexynosv4l2: open video device /dev/video7
10-09 17:01:42.814 12436 13331 D CCodecBufferChannel: [c2.exynos.h264.encoder#84] Created input block pool with allocatorID 17 => poolID 19 - OK (0)
10-09 17:01:42.816 12436 13331 I CCodecBufferChannel: [c2.exynos.h264.encoder#84] Created output block pool with allocatorID 16 => poolID 263 - OK
10-09 17:01:42.816 12436 13331 D CCodecBufferChannel: [c2.exynos.h264.encoder#84] Configured output block pool ids 263 => OK
10-09 17:01:42.821 12436 13311 D MediaCodecList: codecHandlesFormat: no format, so no extra checks
10-09 17:01:42.823 12436 13371 D CCodec  : allocate(c2.android.aac.encoder)
10-09 17:01:42.825 12436 13371 I CCodec  : setting up 'default' as default (vendor) store
10-09 17:01:42.840 12436 13371 I CCodec  : Created component [c2.android.aac.encoder] for [c2.android.aac.encoder]
10-09 17:01:42.840 12436 13371 D CCodecConfig: read media type: audio/mp4a-latm
10-09 17:01:42.857 12436 13371 I CCodecConfig: query failed after returning 10 values (BAD_INDEX)
10-09 17:01:42.857 12436 13371 D CCodecConfig: c2 config diff is Dict {
10-09 17:01:42.857 12436 13371 D CCodecConfig:   c2::u32 coded.bitrate.value = 64000
10-09 17:01:42.857 12436 13371 D CCodecConfig:   c2::u32 coded.pl.level = 0
10-09 17:01:42.857 12436 13371 D CCodecConfig:   c2::u32 coded.pl.profile = 8192
10-09 17:01:42.857 12436 13371 D CCodecConfig:   c2::u32 coding.aac-sbr-mode.value = 3
10-09 17:01:42.857 12436 13371 D CCodecConfig:   c2::u32 input.buffers.max-size.value = 2048
10-09 17:01:42.857 12436 13371 D CCodecConfig:   c2::u32 input.delay.value = 0
10-09 17:01:42.857 12436 13371 D CCodecConfig:   string input.media-type.value = "audio/raw"
10-09 17:01:42.857 12436 13371 D CCodecConfig:   c2::u32 output.large-frame.max-size = 0
10-09 17:01:42.857 12436 13371 D CCodecConfig:   c2::u32 output.large-frame.threshold-size = 0
10-09 17:01:42.857 12436 13371 D CCodecConfig:   string output.media-type.value = "audio/mp4a-latm"
10-09 17:01:42.857 12436 13371 D CCodecConfig:   c2::u32 raw.channel-count.value = 1
10-09 17:01:42.857 12436 13371 D CCodecConfig:   c2::u32 raw.sample-rate.value = 44100
10-09 17:01:42.857 12436 13371 D CCodecConfig: }
10-09 17:01:42.865 12436 13311 I MediaCodec: media_quality service unavailable, skipping updatePictureProfile
10-09 17:01:42.865 12436 13311 D CodecSeeding: Seed: codec c2.android.aac.encoder, mediatype audio/mp4a-latm, overrideable 1
10-09 17:01:42.866 12436 13311 D CodecProperties: setFeatureValue(multiple-frames,0)
10-09 17:01:42.866 12436 13311 D CodecProperties: setFeatureValue(_vq_eligible.device,1)
10-09 17:01:42.866 12436 13311 D CodecProperties: setFeatureValue(_quality.target,1)
10-09 17:01:42.866 12436 13311 D CodecSeeding: Seed: codec c2.android.aac.encoder, mediatype audio/mp4a-latm, overrideable 0
10-09 17:01:42.866 12436 13311 D MediaCodec: shapeMediaFormat: deltas(0): AMessage(what = 0x00000000) = {
10-09 17:01:42.866 12436 13311 D MediaCodec:   }
10-09 17:01:42.866 12436 13371 D CCodec  : [c2.android.aac.encoder] buffers are bound to CCodec for this session
10-09 17:01:42.866 12436 13371 D CCodecConfig: no c2 equivalents for flags
10-09 17:01:42.866 12436 13371 D CCodecConfig: no c2 equivalents for encoder
10-09 17:01:42.868 12436 13371 D CCodecConfig: c2 config diff is   c2::u32 coded.bitrate.value = 48000
10-09 17:01:42.868 12436 13371 D CCodecConfig:   c2::u32 coded.pl.profile = 8196
10-09 17:01:42.869 12436 13371 D CCodec  : encoding statistics level = 0
10-09 17:01:42.869 12436 13371 D CCodec  : setup formats input: AMessage(what = 0x00000000) = {
10-09 17:01:42.869 12436 13371 D CCodec  :   int32_t sample-rate = 44100
10-09 17:01:42.869 12436 13371 D CCodec  :   int32_t channel-count = 1
10-09 17:01:42.869 12436 13371 D CCodec  :   int32_t max-input-size = 2048
10-09 17:01:42.869 12436 13371 D CCodec  :   string mime = "audio/raw"
10-09 17:01:42.869 12436 13371 D CCodec  :   int32_t android._config-pcm-encoding = 2
10-09 17:01:42.869 12436 13371 D CCodec  : }
10-09 17:01:42.869 12436 13371 D CCodec  : setup formats output: AMessage(what = 0x00000000) = {
10-09 17:01:42.869 12436 13371 D CCodec  :   int32_t sample-rate = 44100
10-09 17:01:42.869 12436 13371 D CCodec  :   int32_t bitrate = 48000
10-09 17:01:42.869 12436 13371 D CCodec  :   int32_t buffer-batch-max-output-size = 0
10-09 17:01:42.869 12436 13371 D CCodec  :   int32_t buffer-batch-threshold-output-size = 0
10-09 17:01:42.869 12436 13371 D CCodec  :   int32_t channel-count = 1
10-09 17:01:42.869 12436 13371 D CCodec  :   int32_t level = 0
10-09 17:01:42.869 12436 13371 D CCodec  :   int32_t max-bitrate = 48000
10-09 17:01:42.869 12436 13371 D CCodec  :   string mime = "audio/mp4a-latm"
10-09 17:01:42.869 12436 13371 D CCodec  :   int32_t profile = 5
10-09 17:01:42.869 12436 13371 D CCodec  : }
10-09 17:01:42.870 12436 13371 I CCodecConfig: query failed after returning 10 values (BAD_INDEX)
10-09 17:01:42.875 12436 13371 D CCodecBufferChannel: [c2.android.aac.encoder#330] Created input block pool with allocatorID 16 => poolID 20 - OK (0)
10-09 17:01:42.877 12436 13371 I CCodecBufferChannel: [c2.android.aac.encoder#330] Created output block pool with allocatorID 16 => poolID 993 - OK
10-09 17:01:42.877 12436 13371 D CCodecBufferChannel: [c2.android.aac.encoder#330] Configured output block pool ids 993 => OK
10-09 17:01:42.878  1274  2515 E Codec2-ComponentInterface: We have a failed config
10-09 17:01:42.938   988  1439 I GCH_ZslSnapshotCaptureSession: Initialize: video sw denoise is enabled in GCH
10-09 17:01:42.942   988  2111 W Lyric   : stream_info_parser.cc:372: Camera Rear unknown stream: {type: Streaminfo, stream_id: 32774, camera_id: Rear, format: YCBCR_420_888, width: 1920, height: 1080, usage: [], stream_type: Output, use_case: Default, data_space: DataSpace(Custom)::Arbitrary, is_framework_physical_stream: 0, dynamic_range_profile: Standard, intended_for_max_resolution_mode: 0, group_id: -1, is_tunable: 1} does not fall in any known use case
10-09 17:01:42.942   988  2111 I Lyric   : stream_info_parser.cc:364: Camera Rear Preview stream: {type: Streaminfo, stream_id: 32768, camera_id: Rear, format: YCBCR_420_888, width: 1280, height: 720, usage: [HwTexture], stream_type: Output, use_case: Default, data_space: DataSpace(Color)::(Standard: BT709, Transfer: RGB, Range: Full), is_framework_physical_stream: 0, dynamic_range_profile: Standard, intended_for_max_resolution_mode: 0, group_id: -1, is_tunable: 1}
10-09 17:01:42.942   988  2111 I Lyric   : stream_info_parser.cc:364: Camera RearWide Preview stream: {type: Streaminfo, stream_id: 32769, camera_id: RearWide, format: YCBCR_420_888, width: 1280, height: 720, usage: [HwTexture], stream_type: Output, use_case: Default, data_space: DataSpace(Color)::(Standard: BT709, Transfer: RGB, Range: Full), is_framework_physical_stream: 0, dynamic_range_profile: Standard, intended_for_max_resolution_mode: 0, group_id: -1, is_tunable: 1}
10-09 17:01:42.942   988  2111 W Lyric   : stream_info_parser.cc:372: Camera RearWide unknown stream: {type: Streaminfo, stream_id: 32775, camera_id: RearWide, format: YCBCR_420_888, width: 1920, height: 1080, usage: [], stream_type: Output, use_case: Default, data_space: DataSpace(Custom)::Arbitrary, is_framework_physical_stream: 0, dynamic_range_profile: Standard, intended_for_max_resolution_mode: 0, group_id: -1, is_tunable: 1} does not fall in any known use case
10-09 17:01:42.942   988  2111 W Lyric   : stream_info_parser.cc:372: Camera RearVirtual unknown stream: {type: Streaminfo, stream_id: 32776, camera_id: RearVirtual, format: YCBCR_420_888, width: 1920, height: 1080, usage: [], stream_type: Output, use_case: Default, data_space: DataSpace(Custom)::Arbitrary, is_framework_physical_stream: 0, dynamic_range_profile: Standard, intended_for_max_resolution_mode: 0, group_id: -1, is_tunable: 1} does not fall in any known use case
10-09 17:01:42.942   988  2111 I Lyric   : stream_info_parser.cc:364: Camera RearVirtual Preview stream: {type: Streaminfo, stream_id: 32770, camera_id: RearVirtual, format: YCBCR_420_888, width: 1280, height: 720, usage: [HwTexture], stream_type: Output, use_case: Default, data_space: DataSpace(Color)::(Standard: BT709, Transfer: RGB, Range: Full), is_framework_physical_stream: 0, dynamic_range_profile: Standard, intended_for_max_resolution_mode: 0, group_id: -1, is_tunable: 1}
10-09 17:01:42.943   988 13137 I Lyric   : sensor_generic_driver.cc:1959: SANDWORM GetModeIndex requirement {size = {width: 1920, height: 1080}, frame_rate_range = [15, 30], request_binning_mode = false, request_pd_stream = false, only_config_logical_cam_stream = true, camera_id = [<recursive>], require_full_fov = false, is_high_frame_rate = false, crop_margin = 0, is_sibling_camera_participating = false, sub_image_count = 1, is_face_auth = false, is_video_mode = false, is_high_resolution_mode = false, is_arkaroo_enabled = false, is_roshi_enabled = false, is_specific_aspect_ratio_video = false, require_exact_size = false, force_sensor_mode_index = -1, is_multi_cam_usecase = true, raw_stream_usecase = 0, is_high_resolution_standalone_mode = false} required aspect ratio 1.77778 pick_transition_mode 0 require exact size 0
10-09 17:01:42.943   988  2115 I Lyric   : sensor_generic_driver.cc:1959: BOITATA GetModeIndex requirement {size = {width: 1920, height: 1080}, frame_rate_range = [15, 30], request_binning_mode = false, request_pd_stream = false, only_config_logical_cam_stream = true, camera_id = [<recursive>], require_full_fov = false, is_high_frame_rate = false, crop_margin = 0, is_sibling_camera_participating = true, sub_image_count = 1, is_face_auth = false, is_video_mode = false, is_high_resolution_mode = false, is_arkaroo_enabled = false, is_roshi_enabled = false, is_specific_aspect_ratio_video = false, require_exact_size = false, force_sensor_mode_index = -1, is_multi_cam_usecase = true, raw_stream_usecase = 0, is_high_resolution_standalone_mode = false} required aspect ratio 1.77778 pick_transition_mode 1 require exact size 0
10-09 17:01:42.944   988 13138 I Lyric   : sensor_generic_driver.cc:1959: BOITATARM GetModeIndex requirement {size = {width: 1920, height: 1080}, frame_rate_range = [15, 30], request_binning_mode = false, request_pd_stream = false, only_config_logical_cam_stream = true, camera_id = [<recursive>], require_full_fov = false, is_high_frame_rate = false, crop_margin = 0, is_sibling_camera_participating = true, sub_image_count = 1, is_face_auth = false, is_video_mode = false, is_high_resolution_mode = false, is_arkaroo_enabled = false, is_roshi_enabled = false, is_specific_aspect_ratio_video = false, require_exact_size = false, force_sensor_mode_index = -1, is_multi_cam_usecase = true, raw_stream_usecase = 0, is_high_resolution_standalone_mode = false} required aspect ratio 1.77778 pick_transition_mode 0 require exact size 0
10-09 17:01:42.944   988  2115 I Lyric   : eaf_node.cc:80: cam2_eaf: stream_id 32768, res 1280x720, pipeline_id 0, is_video_stream false
10-09 17:01:42.944   988 13137 I Lyric   : eaf_node.cc:80: cam3_eaf: stream_id 32769, res 1280x720, pipeline_id 0, is_video_stream false
10-09 17:01:42.944   988  2115 I Lyric   : zuma_isp_subgraph.cc:532: raw_to_yuv_for_snapshot_exceeding_video: Pipeline (ID: (instance_id: 208438), IPs: [ RawToYuv ], Max Outputs: 1, IPConnections: [ ], Usecase: Snapshot)
10-09 17:01:42.944   988  2115 I Lyric   : zuma_isp_subgraph.cc:539: video_mesh_warp: Pipeline (ID: (instance_id: 208441), IPs: [ MeshWarp ], Max Outputs: 1, IPConnections: [ ], Usecase: Video)
10-09 17:01:42.944   988  2115 I Lyric   : zuma_isp_subgraph.cc:541: mesh_warp_for_snapshot_exceeding_video: Pipeline (ID: (instance_id: 208442), IPs: [ MeshWarp ], Max Outputs: 1, IPConnections: [ ], Usecase: Snapshot)
10-09 17:01:42.944   988 13137 I Lyric   : zuma_isp_subgraph.cc:532: raw_to_yuv_for_snapshot_exceeding_video: Pipeline (ID: (instance_id: 208456), IPs: [ RawToYuv ], Max Outputs: 1, IPConnections: [ ], Usecase: Snapshot)
10-09 17:01:42.944   988  2115 I Lyric   : zuma_isp_subgraph.cc:551: video_scaler: Pipeline (ID: (instance_id: 208446), IPs: [ Scaler ], Max Outputs: 0, IPConnections: [ ], Usecase: Video)
10-09 17:01:42.944   988  2115 I Lyric   : zuma_isp_subgraph.cc:553: scaler_for_snapshot_exceeding_video: Pipeline (ID: (instance_id: 208447), IPs: [ Scaler ], Max Outputs: 2, IPConnections: [ ], Usecase: Snapshot)
10-09 17:01:42.944   988 13137 I Lyric   : zuma_isp_subgraph.cc:539: video_mesh_warp: Pipeline (ID: (instance_id: 208459), IPs: [ MeshWarp ], Max Outputs: 1, IPConnections: [ ], Usecase: Video)
10-09 17:01:42.944   988 13138 I Lyric   : eaf_node.cc:80: cam4_eaf: stream_id 32770, res 1280x720, pipeline_id 0, is_video_stream false
10-09 17:01:42.944   988 13137 I Lyric   : zuma_isp_subgraph.cc:541: mesh_warp_for_snapshot_exceeding_video: Pipeline (ID: (instance_id: 208460), IPs: [ MeshWarp ], Max Outputs: 1, IPConnections: [ ], Usecase: Snapshot)
10-09 17:01:42.944   988 13137 I Lyric   : zuma_isp_subgraph.cc:551: video_scaler: Pipeline (ID: (instance_id: 208464), IPs: [ Scaler ], Max Outputs: 0, IPConnections: [ ], Usecase: Video)
10-09 17:01:42.944   988 13137 I Lyric   : zuma_isp_subgraph.cc:553: scaler_for_snapshot_exceeding_video: Pipeline (ID: (instance_id: 208465), IPs: [ Scaler ], Max Outputs: 2, IPConnections: [ ], Usecase: Snapshot)
10-09 17:01:42.944   988 13138 I Lyric   : zuma_isp_subgraph.cc:532: raw_to_yuv_for_snapshot_exceeding_video: Pipeline (ID: (instance_id: 208474), IPs: [ RawToYuv ], Max Outputs: 1, IPConnections: [ ], Usecase: Snapshot)
10-09 17:01:42.944   988 13138 I Lyric   : zuma_isp_subgraph.cc:539: video_mesh_warp: Pipeline (ID: (instance_id: 208477), IPs: [ MeshWarp ], Max Outputs: 1, IPConnections: [ ], Usecase: Video)
10-09 17:01:42.944   988 13138 I Lyric   : zuma_isp_subgraph.cc:541: mesh_warp_for_snapshot_exceeding_video: Pipeline (ID: (instance_id: 208478), IPs: [ MeshWarp ], Max Outputs: 1, IPConnections: [ ], Usecase: Snapshot)
10-09 17:01:42.944   988 13138 I Lyric   : zuma_isp_subgraph.cc:551: video_scaler: Pipeline (ID: (instance_id: 208482), IPs: [ Scaler ], Max Outputs: 0, IPConnections: [ ], Usecase: Video)
10-09 17:01:42.944   988 13138 I Lyric   : zuma_isp_subgraph.cc:553: scaler_for_snapshot_exceeding_video: Pipeline (ID: (instance_id: 208483), IPs: [ Scaler ], Max Outputs: 2, IPConnections: [ ], Usecase: Snapshot)
10-09 17:01:42.945   988  2115 I Lyric   : whi_like_isp_back_end_core_subgraph.cc:933: RawToYuvNode for snapshot exceeding video is configured to output consumer type 2 fmt: HalImageFormat{ pixel_format = YCBCR_420_SPN_10B, stride_alignment = 64, num_buffers = 1 } for Rear
10-09 17:01:42.945   988 13137 I Lyric   : whi_like_isp_back_end_core_subgraph.cc:933: RawToYuvNode for snapshot exceeding video is configured to output consumer type 2 fmt: HalImageFormat{ pixel_format = YCBCR_420_SPN_10B, stride_alignment = 64, num_buffers = 1 } for RearWide
10-09 17:01:42.945   988 13138 I Lyric   : whi_like_isp_back_end_core_subgraph.cc:933: RawToYuvNode for snapshot exceeding video is configured to output consumer type 2 fmt: HalImageFormat{ pixel_format = YCBCR_420_SPN_10B, stride_alignment = 64, num_buffers = 1 } for RearVirtual
10-09 17:01:42.945   988  2115 I Lyric   : generic_subgraph.cc:3459: camera_id = 2; is_front_camera = 0; is_1p_camera_app = 0; video_call = 0
10-09 17:01:42.946   988 13137 I Lyric   : generic_subgraph.cc:3459: camera_id = 3; is_front_camera = 0; is_1p_camera_app = 0; video_call = 0
10-09 17:01:42.946   988 13138 I Lyric   : generic_subgraph.cc:3459: camera_id = 4; is_front_camera = 0; is_1p_camera_app = 0; video_call = 0
10-09 17:01:42.952  1274 13372 W mediaswcodec: AIBinder_linkToDeath is being called with a non-null cookie and no onUnlink callback set. This might not be intended. AIBinder_DeathRecipient_setOnUnlinked should be called first.
10-09 17:01:42.957   988  2111 I Lyric   : multicam_graph.cc:1366: number of video bokeh nodes connected to multicam routing node = 0
10-09 17:01:42.960   988  2111 I Lyric   : graph_configuration.cc:374: {type: Streaminfo, stream_id: 32770, camera_id: RearVirtual, format: YCBCR_420_888, width: 1280, height: 720, usage: [HwTexture], stream_type: Output, use_case: Default, data_space: DataSpace(Color)::(Standard: BT709, Transfer: RGB, Range: Full), is_framework_physical_stream: 0, dynamic_range_profile: Standard, intended_for_max_resolution_mode: 0, group_id: -1, is_tunable: 1}
10-09 17:01:42.960   988  2111 I Lyric   : graph_configuration.cc:374: {type: Streaminfo, stream_id: 32773, camera_id: RearVirtual, format: BLOB, width: 1920, height: 1080, usage: [], stream_type: Output, use_case: Default, data_space: DataSpace(Color)::(Standard: BT601_625, Transfer: SMPTE_170M, Range: Full), is_framework_physical_stream: 0, dynamic_range_profile: Standard, intended_for_max_resolution_mode: 0, group_id: -1, is_tunable: 1}
10-09 17:01:42.960   988  2111 I Lyric   : graph_configuration.cc:374: {type: Streaminfo, stream_id: 32776, camera_id: RearVirtual, format: YCBCR_420_888, width: 1920, height: 1080, usage: [], stream_type: Output, use_case: Default, data_space: DataSpace(Custom)::Arbitrary, is_framework_physical_stream: 0, dynamic_range_profile: Standard, intended_for_max_resolution_mode: 0, group_id: -1, is_tunable: 1}
10-09 17:01:42.960   988  2111 I Lyric   : graph_configuration.cc:374: {type: Streaminfo, stream_id: 32769, camera_id: RearWide, format: YCBCR_420_888, width: 1280, height: 720, usage: [HwTexture], stream_type: Output, use_case: Default, data_space: DataSpace(Color)::(Standard: BT709, Transfer: RGB, Range: Full), is_framework_physical_stream: 0, dynamic_range_profile: Standard, intended_for_max_resolution_mode: 0, group_id: -1, is_tunable: 1}
10-09 17:01:42.960   988  2111 I Lyric   : graph_configuration.cc:374: {type: Streaminfo, stream_id: 32772, camera_id: RearWide, format: BLOB, width: 1920, height: 1080, usage: [], stream_type: Output, use_case: Default, data_space: DataSpace(Color)::(Standard: BT601_625, Transfer: SMPTE_170M, Range: Full), is_framework_physical_stream: 0, dynamic_range_profile: Standard, intended_for_max_resolution_mode: 0, group_id: -1, is_tunable: 1}
10-09 17:01:42.960   988  2111 I Lyric   : graph_configuration.cc:374: {type: Streaminfo, stream_id: 32775, camera_id: RearWide, format: YCBCR_420_888, width: 1920, height: 1080, usage: [], stream_type: Output, use_case: Default, data_space: DataSpace(Custom)::Arbitrary, is_framework_physical_stream: 0, dynamic_range_profile: Standard, intended_for_max_resolution_mode: 0, group_id: -1, is_tunable: 1}
10-09 17:01:42.960   988  2111 I Lyric   : graph_configuration.cc:374: {type: Streaminfo, stream_id: 32771, camera_id: Rear, format: BLOB, width: 1920, height: 1080, usage: [], stream_type: Output, use_case: Default, data_space: DataSpace(Color)::(Standard: BT601_625, Transfer: SMPTE_170M, Range: Full), is_framework_physical_stream: 0, dynamic_range_profile: Standard, intended_for_max_resolution_mode: 0, group_id: -1, is_tunable: 1}
10-09 17:01:42.960   988  2111 I Lyric   : graph_configuration.cc:374: {type: Streaminfo, stream_id: 32774, camera_id: Rear, format: YCBCR_420_888, width: 1920, height: 1080, usage: [], stream_type: Output, use_case: Default, data_space: DataSpace(Custom)::Arbitrary, is_framework_physical_stream: 0, dynamic_range_profile: Standard, intended_for_max_resolution_mode: 0, group_id: -1, is_tunable: 1}
10-09 17:01:42.960   988  2111 I Lyric   : graph_configuration.cc:374: {type: Streaminfo, stream_id: 32768, camera_id: Rear, format: YCBCR_420_888, width: 1280, height: 720, usage: [HwTexture], stream_type: Output, use_case: Default, data_space: DataSpace(Color)::(Standard: BT709, Transfer: RGB, Range: Full), is_framework_physical_stream: 0, dynamic_range_profile: Standard, intended_for_max_resolution_mode: 0, group_id: -1, is_tunable: 1}
10-09 17:01:42.963   988  1439 I native  : I0000 00:00:1760043702.963175    1439 node_export.cc:193] CatNodeCreate(EspVideoNode) took 0.04655 ms
10-09 17:01:42.975   988 13393 I native  : I0000 00:00:1760043702.975679   13393 llv_manager.cc:193] LLV DIMENSION: 1280x720
10-09 17:01:42.976   988 13388 I native  : I0000 00:00:1760043702.976898   13388 brute_force_feature_matching.cc:49] Number of bins each image dimension is divided into: 5
10-09 17:01:42.977   988 13388 I native  : I0000 00:00:1760043702.977920   13388 brute_force_feature_matching.cc:49] Number of bins each image dimension is divided into: 5
10-09 17:01:42.983   988 13393 I native  : I0000 00:00:1760043702.983324   13393 noise_model.cc:372] Profile resolution 80 x 45
10-09 17:01:42.991   988  1443 I G3ACoordinator: ae_session_config_parser_lyric.cc:201: ispfe_raw_input_resolution [width:4080, height:3072]
10-09 17:01:42.999 12436 12902 D CCodecBufferChannel: [c2.android.hevc.decoder#524] MediaCodec discarded an unknown buffer
10-09 17:01:42.999 12436 12902 D CCodecBufferChannel: [c2.android.hevc.decoder#524] MediaCodec discarded an unknown buffer
10-09 17:01:42.999 12436 12902 D CCodecBufferChannel: [c2.android.hevc.decoder#524] MediaCodec discarded an unknown buffer
10-09 17:01:42.999 12436 12902 D CCodecBufferChannel: [c2.android.hevc.decoder#524] MediaCodec discarded an unknown buffer
10-09 17:01:42.999 12436 12902 D CCodecBufferChannel: [c2.android.hevc.decoder#524] MediaCodec discarded an unknown buffer
10-09 17:01:42.999 12436 12902 D CCodecBufferChannel: [c2.android.hevc.decoder#524] MediaCodec discarded an unknown buffer
10-09 17:01:43.000 12436 12902 D CCodecBufferChannel: [c2.android.hevc.decoder#524] MediaCodec discarded an unknown buffer
10-09 17:01:43.004   988  1443 I G3ACoordinator: ae_session_config_parser_lyric.cc:201: ispfe_raw_input_resolution [width:4032, height:2272]
10-09 17:01:43.012 12436 12903 D CCodec  : allocate(c2.android.hevc.decoder)
10-09 17:01:43.014 12436 12903 I CCodec  : setting up 'default' as default (vendor) store
10-09 17:01:43.016   988  1443 I G3ACoordinator: ae_session_config_parser_lyric.cc:201: ispfe_raw_input_resolution [width:4080, height:3072]
10-09 17:01:43.017 12436 12903 I CCodec  : Created component [c2.android.hevc.decoder] for [c2.android.hevc.decoder]
10-09 17:01:43.018 12436 12903 D CCodecConfig: read media type: video/hevc
10-09 17:01:43.022 12436 12903 D CCodecConfig: ignoring local param raw.size (0xd2001800) as it is already supported
10-09 17:01:43.022 12436 12903 D CCodecConfig: ignoring local param default.color (0x5200180b) as it is already supported
10-09 17:01:43.023 12436 12903 I CCodecConfig: query failed after returning 12 values (BAD_INDEX)
10-09 17:01:43.023 12436 12903 D CCodecConfig: c2 config diff is Dict {
10-09 17:01:43.023 12436 12903 D CCodecConfig:   c2::u32 coded.pl.level = 24584
10-09 17:01:43.023 12436 12903 D CCodecConfig:   c2::u32 coded.pl.profile = 24576
10-09 17:01:43.023 12436 12903 D CCodecConfig:   c2::u32 coded.vui.color.matrix = 0
10-09 17:01:43.023 12436 12903 D CCodecConfig:   c2::u32 coded.vui.color.primaries = 0
10-09 17:01:43.023 12436 12903 D CCodecConfig:   c2::u32 coded.vui.color.range = 2
10-09 17:01:43.023 12436 12903 D CCodecConfig:   c2::u32 coded.vui.color.transfer = 0
10-09 17:01:43.023 12436 12903 D CCodecConfig:   c2::u32 default.color.matrix = 0
10-09 17:01:43.023 12436 12903 D CCodecConfig:   c2::u32 default.color.primaries = 0
10-09 17:01:43.023 12436 12903 D CCodecConfig:   c2::u32 default.color.range = 0
10-09 17:01:43.023 12436 12903 D CCodecConfig:   c2::u32 default.color.transfer = 0
10-09 17:01:43.023 12436 12903 D CCodecConfig:   c2::u32 input.buffers.max-size.value = 2097152
10-09 17:01:43.023 12436 12903 D CCodecConfig:   c2::u32 input.delay.value = 0
10-09 17:01:43.023 12436 12903 D CCodecConfig:   string input.media-type.value = "video/hevc"
10-09 17:01:43.023 12436 12903 D CCodecConfig:   c2::u32 output.delay.value = 8
10-09 17:01:43.023 12436 12903 D CCodecConfig:   string output.media-type.value = "video/raw"
10-09 17:01:43.023 12436 12903 D CCodecConfig:   c2::u32 raw.color.matrix = 0
10-09 17:01:43.023 12436 12903 D CCodecConfig:   c2::u32 raw.color.primaries = 0
10-09 17:01:43.023 12436 12903 D CCodecConfig:   c2::u32 raw.color.range = 2
10-09 17:01:43.023 12436 12903 D CCodecConfig:   c2::u32 raw.color.transfer = 0
10-09 17:01:43.023 12436 12903 D CCodecConfig:   c2::u32 raw.max-size.height = 240
10-09 17:01:43.023 12436 12903 D CCodecConfig:   c2::u32 raw.max-size.width = 320
10-09 17:01:43.023 12436 12903 D CCodecConfig:   c2::u32 raw.pixel-format.value = 35
10-09 17:01:43.023 12436 12903 D CCodecConfig:   c2::i32 raw.rotation.flip = 0
10-09 17:01:43.023 12436 12903 D CCodecConfig:   c2::i32 raw.rotation.value = 0
10-09 17:01:43.023 12436 12903 D CCodecConfig:   c2::u32 raw.sar.height = 1
10-09 17:01:43.023 12436 12903 D CCodecConfig:   c2::u32 raw.sar.width = 1
10-09 17:01:43.023 12436 12903 D CCodecConfig:   c2::u32 raw.size.height = 240
10-09 17:01:43.023 12436 12903 D CCodecConfig:   c2::u32 raw.size.width = 320
10-09 17:01:43.023 12436 12903 D CCodecConfig:   c2
10-09 17:01:43.024 12436 13065 I MediaCodec: media_quality service unavailable, skipping updatePictureProfile
10-09 17:01:43.024 12436 12902 I MediaCodec: [c2.android.hevc.decoder] setting surface generation to 12734467
10-09 17:01:43.025 12436 12903 D CCodec  : [c2.android.hevc.decoder] buffers are bound to CCodec for this session
10-09 17:01:43.025 12436 12903 D CCodecConfig: no c2 equivalents for color-format
10-09 17:01:43.025 12436 12903 D CCodecConfig: no c2 equivalents for native-window
10-09 17:01:43.025 12436 12903 D CCodecConfig: no c2 equivalents for native-window-generation
10-09 17:01:43.025 12436 12903 D CCodecConfig: no c2 equivalents for flags
10-09 17:01:43.025 12436 12903 D CCodecConfig: c2 config diff is   c2::u32 raw.size.height = 1280
10-09 17:01:43.025 12436 12903 D CCodecConfig:   c2::u32 raw.size.width = 720
10-09 17:01:43.026 12436 12903 D CCodec  : encoding statistics level = 0
10-09 17:01:43.026 12436 12903 D CCodec  : setup formats input: AMessage(what = 0x00000000) = {
10-09 17:01:43.026 12436 12903 D CCodec  :   int32_t height = 1280
10-09 17:01:43.026 12436 12903 D CCodec  :   int32_t level = 65536
10-09 17:01:43.026 12436 12903 D CCodec  :   int32_t max-input-size = 2097152
10-09 17:01:43.026 12436 12903 D CCodec  :   string mime = "video/hevc"
10-09 17:01:43.026 12436 12903 D CCodec  :   int32_t profile = 1
10-09 17:01:43.026 12436 12903 D CCodec  :   int32_t width = 720
10-09 17:01:43.026 12436 12903 D CCodec  :   Rect crop(0, 0, 719, 1279)
10-09 17:01:43.026 12436 12903 D CCodec  : }
10-09 17:01:43.026 12436 12903 D CCodec  : setup formats output: AMessage(what = 0x00000000) = {
10-09 17:01:43.026 12436 12903 D CCodec  :   int32_t android._color-format = 2135033992
10-09 17:01:43.026 12436 12903 D CCodec  :   int32_t android._video-scaling = 1
10-09 17:01:43.026 12436 12903 D CCodec  :   int32_t rotation-degrees = 0
10-09 17:01:43.026 12436 12903 D CCodec  :   int32_t color-standard = 1
10-09 17:01:43.026 12436 12903 D CCodec  :   int32_t color-range = 2
10-09 17:01:43.026 12436 12903 D CCodec  :   int32_t color-transfer = 3
10-09 17:01:43.026 12436 12903 D CCodec  :   int32_t sar-height = 1
10-09 17:01:43.026 12436 12903 D CCodec  :   int32_t sar-width = 1
10-09 17:01:43.026 12436 12903 D CCodec  :   Rect crop(0, 0, 719, 1279)
10-09 17:01:43.026 12436 12903 D CCodec  :   int32_t width = 720
10-09 17:01:43.026 12436 12903 D CCodec  :   int32_t height = 1280
10-09 17:01:43.026 12436 12903 D CCodec  :   int32_t max-height = 240
10-09 17:01:43.026 12436 12903 D CCodec  :   int32_t max-width = 320
10-09 17:01:43.026 12436 12903 D CCodec  :   string mime = "video/raw"
10-09 17:01:43.026 12436 12903 D CCodec  :   int32_t android._dataspace = 260
10-09 17:01:43.026 12436 12903 D CCodec  :   int32_t color-format = 2135033992
10-09 17:01:43.026 12436 12903 D CCodec  : }
10-09 17:01:43.026 12436 12903 I CCodecConfig: query failed after returning 12 values (BAD_INDEX)
10-09 17:01:43.026 12436 12903 D CCodecConfig: c2 config diff is   c2::u32 raw.max-size.height = 1280
10-09 17:01:43.026 12436 12903 D CCodecConfig:   c2::u32 raw.max-size.width = 720
10-09 17:01:43.026 12436 12902 I MediaCodec: MediaCodec will operate in async mode
10-09 17:01:43.027 12436 13065 D MediaCodec: keep callback message for reclaim
10-09 17:01:43.031 12436 12903 D CCodecBufferChannel: [c2.android.hevc.decoder#574] Created input block pool with allocatorID 16 => poolID 21 - OK (0)
10-09 17:01:43.031 12436 12903 D CCodecBufferChannel: [c2.android.hevc.decoder#574] Query output surface allocator returned 0 params => BAD_INDEX (6)
10-09 17:01:43.031 12436 12903 D Codec2Client: GraphicBufferAllocator created
10-09 17:01:43.032 12436 12903 I CCodecBufferChannel: [c2.android.hevc.decoder#574] Created output block pool with allocatorID 18 => poolID 994 - OK
10-09 17:01:43.032 12436 12903 D CCodecBufferChannel: [c2.android.hevc.decoder#574] Configured output block pool ids 994 => OK
10-09 17:01:43.032 12436 12903 D Codec2Client: setOutputSurface -- failed to set consumer usage (6/BAD_INDEX)
10-09 17:01:43.032 12436 12903 D Codec2Client: setOutputSurface -- generation=12734467 consumer usage=0x900
10-09 17:01:43.035 12436 12902 E MediaCodec: Fatal error: failed to fetch buffer for index 0
10-09 17:01:43.036 12436 13407 E sup:VideoDecoderBufferHandler: Video decoder enqueue video frame exception! Diagnostics android.media.MediaCodec.error_neg_13
10-09 17:01:43.036 12436 13407 E sup:VideoDecoderBufferHandler: android.media.MediaCodec$CodecException: Fatal error: failed to fetch buffer for index 0
10-09 17:01:43.036 12436 13407 E sup:VideoDecoderBufferHandler: 
10-09 17:01:43.036 12436 13407 E sup:VideoDecoderBufferHandler: 	at android.media.MediaCodec.native_queueInputBuffer(Native Method)
10-09 17:01:43.036 12436 13407 E sup:VideoDecoderBufferHandler: 	at android.media.MediaCodec.queueInputBuffer(MediaCodec.java:3171)
10-09 17:01:43.036 12436 13407 E sup:VideoDecoderBufferHandler: 	at X.snV.A05(:37)
10-09 17:01:43.036 12436 13407 E sup:VideoDecoderBufferHandler: 	at X.si5.onInputBufferAvailable(:52)
10-09 17:01:43.036 12436 13407 E sup:VideoDecoderBufferHandler: 	at android.media.MediaCodec$EventHandler.handleCallback(MediaCodec.java:1946)
10-09 17:01:43.036 12436 13407 E sup:VideoDecoderBufferHandler: 	at android.media.MediaCodec$EventHandler.handleMessage(MediaCodec.java:1874)
10-09 17:01:43.036 12436 13407 E sup:VideoDecoderBufferHandler: 	at android.os.Handler.dispatchMessage(Handler.java:110)
10-09 17:01:43.036 12436 13407 E sup:VideoDecoderBufferHandler: 	at android.os.Looper.dispatchMessage(Looper.java:315)
10-09 17:01:43.036 12436 13407 E sup:VideoDecoderBufferHandler: 	at android.os.Looper.loopOnce(Looper.java:251)
10-09 17:01:43.036 12436 13407 E sup:VideoDecoderBufferHandler: 	at android.os.Looper.loop(Looper.java:349)
10-09 17:01:43.036 12436 13407 E sup:VideoDecoderBufferHandler: 	at android.os.HandlerThread.run(HandlerThread.java:100)
10-09 17:01:43.036 12436 12902 E MediaCodec: Fatal error: failed to fetch buffer for index 0
10-09 17:01:43.044 12436 12903 D CCodecConfig: c2 config diff is   c2::u32 output.delay.value = 0
10-09 17:01:43.044 12436 12903 D CCodecConfig:   c2::u32 raw.size.height = 768
10-09 17:01:43.044 12436 12903 D CCodecConfig:   c2::u32 raw.size.width = 432
10-09 17:01:43.044 12436 12902 W MessageQueue: Handler (android.media.MediaCodec$EventHandler) {4fd486b} sending message to a Handler on a dead thread
10-09 17:01:43.044 12436 12902 W MessageQueue: java.lang.IllegalStateException: Handler (android.media.MediaCodec$EventHandler) {4fd486b} sending message to a Handler on a dead thread
10-09 17:01:43.044 12436 12902 W MessageQueue: 	at android.media.MediaCodec.postEventFromNative(MediaCodec.java:6045)
10-09 17:01:43.183   988 27891 I Lyric   : camera_powerhal_impl.cc:202: CancelPowerBoost CAMERA_VIDEO_RECORDING
10-09 17:01:43.845 12436 12902 D CCodecBufferChannel: [c2.android.hevc.decoder#574] MediaCodec discarded an unknown buffer
10-09 17:01:43.846 12436 12902 D CCodecBufferChannel: [c2.android.hevc.decoder#574] MediaCodec discarded an unknown buffer
10-09 17:01:43.846 12436 12902 D CCodecBufferChannel: [c2.android.hevc.decoder#574] MediaCodec discarded an unknown buffer
10-09 17:01:43.846 12436 12902 D CCodecBufferChannel: [c2.android.hevc.decoder#574] MediaCodec discarded an unknown buffer
10-09 17:01:43.861 12436 12903 D CCodec  : allocate(c2.android.hevc.decoder)
