10-09 13:23:17.859 30773 30773 I ImportStatusViewModel: Import Status Updated [75240200]: ImportStatus(deviceId=77:0A:FA:69:00:21, incrementalFetchProgress=true, importing=false, complete=false, blocked=false, anyStarted=false, totalPhotos=1, totalVideos=0, ongoingPhotos=0, ongoingVideos=0, processedPhotos=0, processedVideos=0, fetchedPhotos=0, fetchedVideos=0, corruptedMedia=0, corruptedOrFailedMedia=0, unsatisfiedConditions=ImportConditionsList(conditionsList=[OTA Update Available], hashCode=67317949), latestPendingCaptureTimestampMs=1760030595667, latestPendingCaptureThumbnailFilePaths=[], importThreshold=1759967811940, firstTimeConnecting=null, processingDurationMap={}, processingProgressMap={}, fetchingProgressMap={}, importTrigger=UNKNOWN, manualRetryCount=0, autoImportFailedInBackground=false, isProcessingOnDevice=false, succeededTimestamp=null)
10-09 13:23:18.087  2142  2142 D BcSmartspaceCard: Subcard expected but missing type. loggingInfo=instance_id = 7596, feature type = 25, display surface = 2, rank = 0, cardinality = 1, receivedLatencyMillis = 0, uid = -1, subcardInfo = null, dimensionalInfo = null, baseAction=SmartspaceAction{mId='', mIcon=null, mTitle=, mSubtitle=, mContentDescription=, mPendingIntent=null, mIntent=null, mUserHandle=UserHandle{0}, mExtras=Bundle[{explanation_intent=Supplier{VAL_PARCELABLE@48+1436}}]}
10-09 13:23:18.097  2142  2142 D BcSmartspaceCard: Subcard expected but missing type. loggingInfo=instance_id = 7596, feature type = 25, display surface = 2, rank = 0, cardinality = 1, receivedLatencyMillis = 0, uid = -1, subcardInfo = null, dimensionalInfo = null, baseAction=SmartspaceAction{mId='', mIcon=null, mTitle=, mSubtitle=, mContentDescription=, mPendingIntent=null, mIntent=null, mUserHandle=UserHandle{0}, mExtras=Bundle[{explanation_intent=Supplier{VAL_PARCELABLE@48+1436}}]}
10-09 13:23:18.113  2142  2142 D BcSmartspaceCard: Subcard expected but missing type. loggingInfo=instance_id = 7596, feature type = 25, display surface = 2, rank = 0, cardinality = 1, receivedLatencyMillis = 0, uid = -1, subcardInfo = null, dimensionalInfo = null, baseAction=SmartspaceAction{mId='', mIcon=null, mTitle=, mSubtitle=, mContentDescription=, mPendingIntent=null, mIntent=null, mUserHandle=UserHandle{0}, mExtras=Bundle[{explanation_intent=Supplier{VAL_PARCELABLE@48+1436}}]}
10-09 13:23:18.204 30773 30773 I ImportStatusViewModel: Import Status Updated [75240200]: ImportStatus(deviceId=77:0A:FA:69:00:21, incrementalFetchProgress=true, importing=false, complete=false, blocked=false, anyStarted=false, totalPhotos=1, totalVideos=0, ongoingPhotos=0, ongoingVideos=0, processedPhotos=0, processedVideos=0, fetchedPhotos=0, fetchedVideos=0, corruptedMedia=0, corruptedOrFailedMedia=0, unsatisfiedConditions=ImportConditionsList(conditionsList=[OTA Update Available], hashCode=67317949), latestPendingCaptureTimestampMs=1760030595667, latestPendingCaptureThumbnailFilePaths=[/data/user/0/com.facebook.stella/files/media/16/16_photo_147_0_right_none_raw_thumbnail.jpg], importThreshold=1759967811940, firstTimeConnecting=null, processingDurationMap={}, processingProgressMap={}, fetchingProgressMap={}, importTrigger=UNKNOWN, manualRetryCount=0, autoImportFailedInBackground=false, isProcessingOnDevice=false, succeededTimestamp=null)
10-09 13:23:18.306 30773 30773 I DeviceControlCenterRepository: DeviceId: 77:0A:FA:69:00:21 State: DeviceState(connectedState=CONNECTED, peerConnectedState=Disconnected, deviceBatteryDetails=Battery(stateOfCharge=100, isCharging=false, temperature=233, voltage=4014, displayMode=PERCENTAGE, incompatibleChargerDetected=false), caseBatteryDetails=Battery(stateOfCharge=255, isCharging=false, temperature=0, voltage=0, displayMode=DOTS, incompatibleChargerDetected=false), remedies=[], hardwareState=brokenCamera: false, brokenSpeaker: false, brokenMicrophone: false, brokenNotificationLed: false, brokenImu: false, brokenDsp: false, brokenMcu: false, hingeState: OPEN, isTampered: false, thermalState: NORMAL, mediaPeakPowerState: NORMAL, videoCallingPeakPowerState: NORMAL, battery: Battery(stateOfCharge=100, isCharging=false, temperature=233, voltage=4014, displayMode=PERCENTAGE, incompatibleChargerDetected=false), caseBattery: Battery(stateOfCharge=255, isCharging=false, temperature=0, voltage=0, displayMode=DOTS, incompatibleChargerDetected=false), caseSystemInfo: CaseSystemInfo(serialNumber=null, firmwareVersion=null, isPresent=null), audioActive: false, cameraState: CAPTURE_READY, storageState: STABLE, isStreamingActive: false, inDeepSleep: false, isMounted: false, hotCarEventOccurred: false, registeredSNApps: [ASSISTANT]isSessionVerified: falseDeviceLockState: NO_LOCKPeakPowerUserExperienceThrottlingInfo: [])
10-09 13:23:18.314  2142  2142 D BcSmartspaceCard: Subcard expected but missing type. loggingInfo=instance_id = 7596, feature type = 25, display surface = 2, rank = 0, cardinality = 1, receivedLatencyMillis = 0, uid = -1, subcardInfo = null, dimensionalInfo = null, baseAction=SmartspaceAction{mId='', mIcon=null, mTitle=, mSubtitle=, mContentDescription=, mPendingIntent=null, mIntent=null, mUserHandle=UserHandle{0}, mExtras=Bundle[{explanation_intent=Supplier{VAL_PARCELABLE@48+1436}}]}
10-09 13:23:19.591 29602 29697 E msys    : E[N mns]_OnDiskCacheGetData(632)=>Start post callback cache refresh DNS resolution
10-09 13:23:19.619  2142  2142 D BcSmartspaceCard: Subcard expected but missing type. loggingInfo=instance_id = 7596, feature type = 25, display surface = 2, rank = 0, cardinality = 1, receivedLatencyMillis = 0, uid = -1, subcardInfo = null, dimensionalInfo = null, baseAction=SmartspaceAction{mId='', mIcon=null, mTitle=, mSubtitle=, mContentDescription=, mPendingIntent=null, mIntent=null, mUserHandle=UserHandle{0}, mExtras=Bundle[{explanation_intent=Supplier{VAL_PARCELABLE@48+1436}}]}
10-09 13:23:19.791 29602 29697 E msys    : E[N mns]_OnDiskCacheGetData(632)=>Start post callback cache refresh DNS resolution
10-09 13:23:20.084 30773 29730 I DeviceHardwareStateManager: New device state brokenCamera: false, brokenSpeaker: false, brokenMicrophone: false, brokenNotificationLed: false, brokenImu: false, brokenDsp: false, brokenMcu: false, hingeState: OPEN, isTampered: false, thermalState: NORMAL, mediaPeakPowerState: NORMAL, videoCallingPeakPowerState: NORMAL, battery: Battery(stateOfCharge=100, isCharging=false, temperature=233, voltage=4014, displayMode=PERCENTAGE, incompatibleChargerDetected=false), caseBattery: Battery(stateOfCharge=255, isCharging=false, temperature=0, voltage=0, displayMode=DOTS, incompatibleChargerDetected=false), caseSystemInfo: CaseSystemInfo(serialNumber=null, firmwareVersion=null, isPresent=null), audioActive: false, cameraState: CAPTURE_READY, storageState: STABLE, isStreamingActive: false, inDeepSleep: false, isMounted: false, hotCarEventOccurred: false, registeredSNApps: [ASSISTANT]isSessionVerified: falseDeviceLockState: NO_LOCKPeakPowerUserExperienceThrottlingInfo: []
10-09 13:23:20.085 30773 29730 I DeviceHardwareStateManager: New device state brokenCamera: false, brokenSpeaker: false, brokenMicrophone: false, brokenNotificationLed: false, brokenImu: false, brokenDsp: false, brokenMcu: false, hingeState: OPEN, isTampered: false, thermalState: NORMAL, mediaPeakPowerState: NORMAL, videoCallingPeakPowerState: NORMAL, battery: Battery(stateOfCharge=100, isCharging=false, temperature=233, voltage=4014, displayMode=PERCENTAGE, incompatibleChargerDetected=false), caseBattery: Battery(stateOfCharge=255, isCharging=false, temperature=0, voltage=0, displayMode=DOTS, incompatibleChargerDetected=false), caseSystemInfo: CaseSystemInfo(serialNumber=null, firmwareVersion=null, isPresent=null), audioActive: false, cameraState: CAPTURE_READY, storageState: STABLE, isStreamingActive: false, inDeepSleep: false, isMounted: true, hotCarEventOccurred: false, registeredSNApps: [ASSISTANT]isSessionVerified: falseDeviceLockState: NO_LOCKPeakPowerUserExperienceThrottlingInfo: []
10-09 13:23:20.086 30773 30038 I SupernovaDeviceStateServiceImpl: Device DeviceRecord(identifier=77:0A:FA:69:00:21, name=RB Meta 000X, type=3, userData=null, pairedStateData=null, observingPresence=true, customName=null, customDeviceInfo=null, productRegistry=258) emitting state DeviceState(connectedState=CONNECTED, peerConnectedState=Disconnected, deviceBatteryDetails=Battery(stateOfCharge=100, isCharging=false, temperature=233, voltage=4014, displayMode=PERCENTAGE, incompatibleChargerDetected=false), caseBatteryDetails=Battery(stateOfCharge=255, isCharging=false, temperature=0, voltage=0, displayMode=DOTS, incompatibleChargerDetected=false), remedies=[], hardwareState=brokenCamera: false, brokenSpeaker: false, brokenMicrophone: false, brokenNotificationLed: false, brokenImu: false, brokenDsp: false, brokenMcu: false, hingeState: OPEN, isTampered: false, thermalState: NORMAL, mediaPeakPowerState: NORMAL, videoCallingPeakPowerState: NORMAL, battery: Battery(stateOfCharge=100, isCharging=false, temperature=233, voltage=4014, displayMode=PERCENTAGE, incompatibleChargerDetected=false), caseBattery: Battery(stateOfCharge=255, isCharging=false, temperature=0, voltage=0, displayMode=DOTS, incompatibleChargerDetected=false), caseSystemInfo: CaseSystemInfo(serialNumber=null, firmwareVersion=null, isPresent=null), audioActive: false, cameraState: CAPTURE_READY, storageState: STABLE, isStreamingActive: false, inDeepSleep: false, isMounted: false, hotCarEventOccurred: false, registeredSNApps: [ASSISTANT]isSessionVerified: falseDeviceLockState: NO_LOCKPeakPowerUserExperienceThrottlingInfo: [])
10-09 13:23:20.088 30773 30038 I SupernovaDeviceStateServiceImpl: Device DeviceRecord(identifier=77:0A:FA:69:00:21, name=RB Meta 000X, type=3, userData=null, pairedStateData=null, observingPresence=true, customName=null, customDeviceInfo=null, productRegistry=258) emitting state DeviceState(connectedState=CONNECTED, peerConnectedState=Disconnected, deviceBatteryDetails=Battery(stateOfCharge=100, isCharging=false, temperature=233, voltage=4014, displayMode=PERCENTAGE, incompatibleChargerDetected=false), caseBatteryDetails=Battery(stateOfCharge=255, isCharging=false, temperature=0, voltage=0, displayMode=DOTS, incompatibleChargerDetected=false), remedies=[], hardwareState=brokenCamera: false, brokenSpeaker: false, brokenMicrophone: false, brokenNotificationLed: false, brokenImu: false, brokenDsp: false, brokenMcu: false, hingeState: OPEN, isTampered: false, thermalState: NORMAL, mediaPeakPowerState: NORMAL, videoCallingPeakPowerState: NORMAL, battery: Battery(stateOfCharge=100, isCharging=false, temperature=233, voltage=4014, displayMode=PERCENTAGE, incompatibleChargerDetected=false), caseBattery: Battery(stateOfCharge=255, isCharging=false, temperature=0, voltage=0, displayMode=DOTS, incompatibleChargerDetected=false), caseSystemInfo: CaseSystemInfo(serialNumber=null, firmwareVersion=null, isPresent=null), audioActive: false, cameraState: CAPTURE_READY, storageState: STABLE, isStreamingActive: false, inDeepSleep: false, isMounted: true, hotCarEventOccurred: false, registeredSNApps: [ASSISTANT]isSessionVerified: falseDeviceLockState: NO_LOCKPeakPowerUserExperienceThrottlingInfo: [])
10-09 13:23:20.651 30773 30773 I DeviceControlCenterRepository: DeviceId: 77:0A:FA:69:00:21 State: DeviceState(connectedState=CONNECTED, peerConnectedState=Disconnected, deviceBatteryDetails=Battery(stateOfCharge=100, isCharging=false, temperature=233, voltage=4014, displayMode=PERCENTAGE, incompatibleChargerDetected=false), caseBatteryDetails=Battery(stateOfCharge=255, isCharging=false, temperature=0, voltage=0, displayMode=DOTS, incompatibleChargerDetected=false), remedies=[], hardwareState=brokenCamera: false, brokenSpeaker: false, brokenMicrophone: false, brokenNotificationLed: false, brokenImu: false, brokenDsp: false, brokenMcu: false, hingeState: OPEN, isTampered: false, thermalState: NORMAL, mediaPeakPowerState: NORMAL, videoCallingPeakPowerState: NORMAL, battery: Battery(stateOfCharge=100, isCharging=false, temperature=233, voltage=4014, displayMode=PERCENTAGE, incompatibleChargerDetected=false), caseBattery: Battery(stateOfCharge=255, isCharging=false, temperature=0, voltage=0, displayMode=DOTS, incompatibleChargerDetected=false), caseSystemInfo: CaseSystemInfo(serialNumber=null, firmwareVersion=null, isPresent=null), audioActive: false, cameraState: CAPTURE_READY, storageState: STABLE, isStreamingActive: false, inDeepSleep: false, isMounted: true, hotCarEventOccurred: false, registeredSNApps: [ASSISTANT]isSessionVerified: falseDeviceLockState: NO_LOCKPeakPowerUserExperienceThrottlingInfo: [])
10-09 13:23:21.763 29602 29602 W BasicVideoCaptureStateManager: Current video capture coordinator state changed from Initialized to Uninitialized
10-09 13:23:21.801 29602 29802 W VideoPrefetchScheduler: start prefetching bypassed
10-09 13:23:21.899   988   988 I Lyric   : camera_powerhal_impl.cc:202: CancelPowerBoost CAMERA_VIDEO_RECORDING
10-09 13:23:22.120 29602 29697 E msys    : E[N mns]_OnDiskCacheGetData(632)=>Start post callback cache refresh DNS resolution
10-09 13:23:22.322 29602 29697 E msys    : E[N mns]_OnDiskCacheGetData(632)=>Start post callback cache refresh DNS resolution
10-09 13:23:22.474 29602 29602 W BasicVideoCaptureStateManager: Current video capture coordinator state changed from Uninitialized to Initializing
10-09 13:23:22.475 29602 29602 W BasicVideoCaptureStateManager: Current video capture coordinator state changed from Initializing to Initialized
10-09 13:23:22.484 29602 29697 E msys    : E[N mns]_OnDiskCacheGetData(632)=>Start post callback cache refresh DNS resolution
10-09 13:23:22.568   988   988 I GCH_ZslSnapshotCaptureSession: Initialize: video sw denoise is enabled in GCH
10-09 13:23:22.572   988  2115 W Lyric   : stream_info_parser.cc:372: Camera Rear unknown stream: {type: Streaminfo, stream_id: 32774, camera_id: Rear, format: YCBCR_420_888, width: 4032, height: 2268, usage: [], stream_type: Output, use_case: Default, data_space: DataSpace(Custom)::Arbitrary, is_framework_physical_stream: 0, dynamic_range_profile: Standard, intended_for_max_resolution_mode: 0, group_id: -1, is_tunable: 1} does not fall in any known use case
10-09 13:23:22.572   988  2115 I Lyric   : stream_info_parser.cc:364: Camera Rear Preview stream: {type: Streaminfo, stream_id: 32768, camera_id: Rear, format: YCBCR_420_888, width: 1920, height: 1080, usage: [HwTexture], stream_type: Output, use_case: Default, data_space: DataSpace(Color)::(Standard: BT709, Transfer: RGB, Range: Full), is_framework_physical_stream: 0, dynamic_range_profile: Standard, intended_for_max_resolution_mode: 0, group_id: -1, is_tunable: 1}
10-09 13:23:22.572   988  2115 W Lyric   : stream_info_parser.cc:372: Camera RearWide unknown stream: {type: Streaminfo, stream_id: 32775, camera_id: RearWide, format: YCBCR_420_888, width: 4032, height: 2268, usage: [], stream_type: Output, use_case: Default, data_space: DataSpace(Custom)::Arbitrary, is_framework_physical_stream: 0, dynamic_range_profile: Standard, intended_for_max_resolution_mode: 0, group_id: -1, is_tunable: 1} does not fall in any known use case
10-09 13:23:22.572   988  2115 I Lyric   : stream_info_parser.cc:364: Camera RearWide Preview stream: {type: Streaminfo, stream_id: 32769, camera_id: RearWide, format: YCBCR_420_888, width: 1920, height: 1080, usage: [HwTexture], stream_type: Output, use_case: Default, data_space: DataSpace(Color)::(Standard: BT709, Transfer: RGB, Range: Full), is_framework_physical_stream: 0, dynamic_range_profile: Standard, intended_for_max_resolution_mode: 0, group_id: -1, is_tunable: 1}
10-09 13:23:22.572   988  2115 I Lyric   : stream_info_parser.cc:364: Camera RearVirtual Preview stream: {type: Streaminfo, stream_id: 32770, camera_id: RearVirtual, format: YCBCR_420_888, width: 1920, height: 1080, usage: [HwTexture], stream_type: Output, use_case: Default, data_space: DataSpace(Color)::(Standard: BT709, Transfer: RGB, Range: Full), is_framework_physical_stream: 0, dynamic_range_profile: Standard, intended_for_max_resolution_mode: 0, group_id: -1, is_tunable: 1}
10-09 13:23:22.572   988  2115 W Lyric   : stream_info_parser.cc:372: Camera RearVirtual unknown stream: {type: Streaminfo, stream_id: 32776, camera_id: RearVirtual, format: YCBCR_420_888, width: 4032, height: 2268, usage: [], stream_type: Output, use_case: Default, data_space: DataSpace(Custom)::Arbitrary, is_framework_physical_stream: 0, dynamic_range_profile: Standard, intended_for_max_resolution_mode: 0, group_id: -1, is_tunable: 1} does not fall in any known use case
10-09 13:23:22.573   988  2114 I Lyric   : sensor_generic_driver.cc:1959: SANDWORM GetModeIndex requirement {size = {width: 4032, height: 2268}, frame_rate_range = [15, 30], request_binning_mode = false, request_pd_stream = false, only_config_logical_cam_stream = true, camera_id = [<recursive>], require_full_fov = false, is_high_frame_rate = false, crop_margin = 0, is_sibling_camera_participating = false, sub_image_count = 1, is_face_auth = false, is_video_mode = false, is_high_resolution_mode = false, is_arkaroo_enabled = false, is_roshi_enabled = false, is_specific_aspect_ratio_video = false, require_exact_size = false, force_sensor_mode_index = -1, is_multi_cam_usecase = true, raw_stream_usecase = 0, is_high_resolution_standalone_mode = false} required aspect ratio 1.77778 pick_transition_mode 0 require exact size 0
10-09 13:23:22.573   988  2108 I Lyric   : sensor_generic_driver.cc:1959: BOITATA GetModeIndex requirement {size = {width: 4032, height: 2268}, frame_rate_range = [15, 30], request_binning_mode = false, request_pd_stream = false, only_config_logical_cam_stream = true, camera_id = [<recursive>], require_full_fov = false, is_high_frame_rate = false, crop_margin = 0, is_sibling_camera_participating = true, sub_image_count = 1, is_face_auth = false, is_video_mode = false, is_high_resolution_mode = false, is_arkaroo_enabled = false, is_roshi_enabled = false, is_specific_aspect_ratio_video = false, require_exact_size = false, force_sensor_mode_index = -1, is_multi_cam_usecase = true, raw_stream_usecase = 0, is_high_resolution_standalone_mode = false} required aspect ratio 1.77778 pick_transition_mode 1 require exact size 0
10-09 13:23:22.574   988  2108 I Lyric   : eaf_node.cc:80: cam2_eaf: stream_id 32768, res 1920x1080, pipeline_id 0, is_video_stream false
10-09 13:23:22.574   988  2114 I Lyric   : eaf_node.cc:80: cam3_eaf: stream_id 32769, res 1920x1080, pipeline_id 0, is_video_stream false
10-09 13:23:22.574   988  2108 I Lyric   : zuma_isp_subgraph.cc:532: raw_to_yuv_for_snapshot_exceeding_video: Pipeline (ID: (instance_id: 95816), IPs: [ RawToYuv ], Max Outputs: 1, IPConnections: [ ], Usecase: Snapshot)
10-09 13:23:22.574   988  2108 I Lyric   : zuma_isp_subgraph.cc:539: video_mesh_warp: Pipeline (ID: (instance_id: 95819), IPs: [ MeshWarp ], Max Outputs: 1, IPConnections: [ ], Usecase: Video)
10-09 13:23:22.574   988  2108 I Lyric   : zuma_isp_subgraph.cc:541: mesh_warp_for_snapshot_exceeding_video: Pipeline (ID: (instance_id: 95820), IPs: [ MeshWarp ], Max Outputs: 1, IPConnections: [ ], Usecase: Snapshot)
10-09 13:23:22.574   988  2108 I Lyric   : zuma_isp_subgraph.cc:551: video_scaler: Pipeline (ID: (instance_id: 95824), IPs: [ Scaler ], Max Outputs: 0, IPConnections: [ ], Usecase: Video)
10-09 13:23:22.574   988  2108 I Lyric   : zuma_isp_subgraph.cc:553: scaler_for_snapshot_exceeding_video: Pipeline (ID: (instance_id: 95825), IPs: [ Scaler ], Max Outputs: 2, IPConnections: [ ], Usecase: Snapshot)
10-09 13:23:22.574   988  2114 I Lyric   : zuma_isp_subgraph.cc:532: raw_to_yuv_for_snapshot_exceeding_video: Pipeline (ID: (instance_id: 95834), IPs: [ RawToYuv ], Max Outputs: 1, IPConnections: [ ], Usecase: Snapshot)
10-09 13:23:22.574   988  2114 I Lyric   : zuma_isp_subgraph.cc:539: video_mesh_warp: Pipeline (ID: (instance_id: 95837), IPs: [ MeshWarp ], Max Outputs: 1, IPConnections: [ ], Usecase: Video)
10-09 13:23:22.574   988  2114 I Lyric   : zuma_isp_subgraph.cc:541: mesh_warp_for_snapshot_exceeding_video: Pipeline (ID: (instance_id: 95838), IPs: [ MeshWarp ], Max Outputs: 1, IPConnections: [ ], Usecase: Snapshot)
10-09 13:23:22.574   988  2114 I Lyric   : zuma_isp_subgraph.cc:551: video_scaler: Pipeline (ID: (instance_id: 95842), IPs: [ Scaler ], Max Outputs: 0, IPConnections: [ ], Usecase: Video)
10-09 13:23:22.574   988  2114 I Lyric   : zuma_isp_subgraph.cc:553: scaler_for_snapshot_exceeding_video: Pipeline (ID: (instance_id: 95843), IPs: [ Scaler ], Max Outputs: 2, IPConnections: [ ], Usecase: Snapshot)
10-09 13:23:22.574   988  2108 I Lyric   : whi_like_isp_back_end_core_subgraph.cc:933: RawToYuvNode for snapshot exceeding video is configured to output consumer type 2 fmt: HalImageFormat{ pixel_format = YCBCR_420_SPN_10B, stride_alignment = 64, num_buffers = 1 } for Rear
10-09 13:23:22.574   988  2114 I Lyric   : whi_like_isp_back_end_core_subgraph.cc:933: RawToYuvNode for snapshot exceeding video is configured to output consumer type 2 fmt: HalImageFormat{ pixel_format = YCBCR_420_SPN_10B, stride_alignment = 64, num_buffers = 1 } for RearWide
10-09 13:23:22.575   988  2108 I Lyric   : generic_subgraph.cc:3459: camera_id = 2; is_front_camera = 0; is_1p_camera_app = 0; video_call = 0
10-09 13:23:22.575   988  2114 I Lyric   : generic_subgraph.cc:3459: camera_id = 3; is_front_camera = 0; is_1p_camera_app = 0; video_call = 0
10-09 13:23:22.576   988  2109 I Lyric   : sensor_generic_driver.cc:1959: BOITATARM GetModeIndex requirement {size = {width: 4032, height: 2268}, frame_rate_range = [15, 30], request_binning_mode = false, request_pd_stream = false, only_config_logical_cam_stream = true, camera_id = [<recursive>], require_full_fov = false, is_high_frame_rate = false, crop_margin = 0, is_sibling_camera_participating = true, sub_image_count = 1, is_face_auth = false, is_video_mode = false, is_high_resolution_mode = false, is_arkaroo_enabled = false, is_roshi_enabled = false, is_specific_aspect_ratio_video = false, require_exact_size = false, force_sensor_mode_index = -1, is_multi_cam_usecase = true, raw_stream_usecase = 0, is_high_resolution_standalone_mode = false} required aspect ratio 1.77778 pick_transition_mode 0 require exact size 0
10-09 13:23:22.576   988  2109 I Lyric   : eaf_node.cc:80: cam4_eaf: stream_id 32770, res 1920x1080, pipeline_id 0, is_video_stream false
10-09 13:23:22.577   988  2109 I Lyric   : zuma_isp_subgraph.cc:532: raw_to_yuv_for_snapshot_exceeding_video: Pipeline (ID: (instance_id: 95854), IPs: [ RawToYuv ], Max Outputs: 1, IPConnections: [ ], Usecase: Snapshot)
10-09 13:23:22.577   988  2109 I Lyric   : zuma_isp_subgraph.cc:539: video_mesh_warp: Pipeline (ID: (instance_id: 95857), IPs: [ MeshWarp ], Max Outputs: 1, IPConnections: [ ], Usecase: Video)
10-09 13:23:22.577   988  2109 I Lyric   : zuma_isp_subgraph.cc:541: mesh_warp_for_snapshot_exceeding_video: Pipeline (ID: (instance_id: 95858), IPs: [ MeshWarp ], Max Outputs: 1, IPConnections: [ ], Usecase: Snapshot)
10-09 13:23:22.577   988  2109 I Lyric   : zuma_isp_subgraph.cc:551: video_scaler: Pipeline (ID: (instance_id: 95862), IPs: [ Scaler ], Max Outputs: 0, IPConnections: [ ], Usecase: Video)
10-09 13:23:22.577   988  2109 I Lyric   : zuma_isp_subgraph.cc:553: scaler_for_snapshot_exceeding_video: Pipeline (ID: (instance_id: 95863), IPs: [ Scaler ], Max Outputs: 2, IPConnections: [ ], Usecase: Snapshot)
10-09 13:23:22.577   988  2109 I Lyric   : whi_like_isp_back_end_core_subgraph.cc:933: RawToYuvNode for snapshot exceeding video is configured to output consumer type 2 fmt: HalImageFormat{ pixel_format = YCBCR_420_SPN_10B, stride_alignment = 64, num_buffers = 1 } for RearVirtual
10-09 13:23:22.578   988  2109 I Lyric   : generic_subgraph.cc:3459: camera_id = 4; is_front_camera = 0; is_1p_camera_app = 0; video_call = 0
10-09 13:23:22.583   988  2115 I Lyric   : multicam_graph.cc:1366: number of video bokeh nodes connected to multicam routing node = 0
10-09 13:23:22.585   988  2115 I Lyric   : graph_configuration.cc:374: {type: Streaminfo, stream_id: 32770, camera_id: RearVirtual, format: YCBCR_420_888, width: 1920, height: 1080, usage: [HwTexture], stream_type: Output, use_case: Default, data_space: DataSpace(Color)::(Standard: BT709, Transfer: RGB, Range: Full), is_framework_physical_stream: 0, dynamic_range_profile: Standard, intended_for_max_resolution_mode: 0, group_id: -1, is_tunable: 1}
10-09 13:23:22.585   988  2115 I Lyric   : graph_configuration.cc:374: {type: Streaminfo, stream_id: 32768, camera_id: Rear, format: YCBCR_420_888, width: 1920, height: 1080, usage: [HwTexture], stream_type: Output, use_case: Default, data_space: DataSpace(Color)::(Standard: BT709, Transfer: RGB, Range: Full), is_framework_physical_stream: 0, dynamic_range_profile: Standard, intended_for_max_resolution_mode: 0, group_id: -1, is_tunable: 1}
10-09 13:23:22.585   988  2115 I Lyric   : graph_configuration.cc:374: {type: Streaminfo, stream_id: 32772, camera_id: RearWide, format: BLOB, width: 4032, height: 2268, usage: [], stream_type: Output, use_case: Default, data_space: DataSpace(Color)::(Standard: BT601_625, Transfer: SMPTE_170M, Range: Full), is_framework_physical_stream: 0, dynamic_range_profile: Standard, intended_for_max_resolution_mode: 0, group_id: -1, is_tunable: 1}
10-09 13:23:22.585   988  2115 I Lyric   : graph_configuration.cc:374: {type: Streaminfo, stream_id: 32769, camera_id: RearWide, format: YCBCR_420_888, width: 1920, height: 1080, usage: [HwTexture], stream_type: Output, use_case: Default, data_space: DataSpace(Color)::(Standard: BT709, Transfer: RGB, Range: Full), is_framework_physical_stream: 0, dynamic_range_profile: Standard, intended_for_max_resolution_mode: 0, group_id: -1, is_tunable: 1}
10-09 13:23:22.585   988  2115 I Lyric   : graph_configuration.cc:374: {type: Streaminfo, stream_id: 32775, camera_id: RearWide, format: YCBCR_420_888, width: 4032, height: 2268, usage: [], stream_type: Output, use_case: Default, data_space: DataSpace(Custom)::Arbitrary, is_framework_physical_stream: 0, dynamic_range_profile: Standard, intended_for_max_resolution_mode: 0, group_id: -1, is_tunable: 1}
10-09 13:23:22.585   988  2115 I Lyric   : graph_configuration.cc:374: {type: Streaminfo, stream_id: 32771, camera_id: Rear, format: BLOB, width: 4032, height: 2268, usage: [], stream_type: Output, use_case: Default, data_space: DataSpace(Color)::(Standard: BT601_625, Transfer: SMPTE_170M, Range: Full), is_framework_physical_stream: 0, dynamic_range_profile: Standard, intended_for_max_resolution_mode: 0, group_id: -1, is_tunable: 1}
10-09 13:23:22.585   988  2115 I Lyric   : graph_configuration.cc:374: {type: Streaminfo, stream_id: 32774, camera_id: Rear, format: YCBCR_420_888, width: 4032, height: 2268, usage: [], stream_type: Output, use_case: Default, data_space: DataSpace(Custom)::Arbitrary, is_framework_physical_stream: 0, dynamic_range_profile: Standard, intended_for_max_resolution_mode: 0, group_id: -1, is_tunable: 1}
10-09 13:23:22.585   988  2115 I Lyric   : graph_configuration.cc:374: {type: Streaminfo, stream_id: 32773, camera_id: RearVirtual, format: BLOB, width: 4032, height: 2268, usage: [], stream_type: Output, use_case: Default, data_space: DataSpace(Color)::(Standard: BT601_625, Transfer: SMPTE_170M, Range: Full), is_framework_physical_stream: 0, dynamic_range_profile: Standard, intended_for_max_resolution_mode: 0, group_id: -1, is_tunable: 1}
10-09 13:23:22.585   988  2115 I Lyric   : graph_configuration.cc:374: {type: Streaminfo, stream_id: 32776, camera_id: RearVirtual, format: YCBCR_420_888, width: 4032, height: 2268, usage: [], stream_type: Output, use_case: Default, data_space: DataSpace(Custom)::Arbitrary, is_framework_physical_stream: 0, dynamic_range_profile: Standard, intended_for_max_resolution_mode: 0, group_id: -1, is_tunable: 1}
10-09 13:23:22.587   988   988 I native  : I0000 00:00:1760030602.587812     988 node_export.cc:193] CatNodeCreate(EspVideoNode) took 0.036824 ms
10-09 13:23:22.595   988 30146 I native  : I0000 00:00:1760030602.595727   30146 brute_force_feature_matching.cc:49] Number of bins each image dimension is divided into: 5
10-09 13:23:22.597   988 30146 I native  : I0000 00:00:1760030602.597310   30146 brute_force_feature_matching.cc:49] Number of bins each image dimension is divided into: 5
10-09 13:23:22.599   988 30149 I native  : I0000 00:00:1760030602.599681   30149 llv_manager.cc:193] LLV DIMENSION: 1920x1080
10-09 13:23:22.608   988 30149 I native  : I0000 00:00:1760030602.608664   30149 noise_model.cc:372] Profile resolution 120 x 68
10-09 13:23:22.611   988  1443 I G3ACoordinator: ae_session_config_parser_lyric.cc:201: ispfe_raw_input_resolution [width:4080, height:3072]
10-09 13:23:22.628   988  1444 I G3ACoordinator: ae_session_config_parser_lyric.cc:201: ispfe_raw_input_resolution [width:4080, height:3072]
10-09 13:23:22.638   988  1444 I G3ACoordinator: ae_session_config_parser_lyric.cc:201: ispfe_raw_input_resolution [width:4032, height:2272]
10-09 13:23:22.739 29602 29697 E msys    : E[N mns]_OnDiskCacheGetData(632)=>Start post callback cache refresh DNS resolution
10-09 13:23:22.743 29602 29697 E msys    : E[N mns]_OnDiskCacheGetData(632)=>Start post callback cache refresh DNS resolution
10-09 13:23:22.744 29602 29697 E msys    : E[N mns]_OnDiskCacheGetData(632)=>Start post callback cache refresh DNS resolution
10-09 13:23:22.755   988   988 I Lyric   : camera_powerhal_impl.cc:202: CancelPowerBoost CAMERA_VIDEO_RECORDING
10-09 13:23:22.771 29602 29802 W VideoPrefetchScheduler: start prefetching bypassed
10-09 13:23:23.499   988   988 I GCH_ZslSnapshotCaptureSession: Initialize: video sw denoise is enabled in GCH
10-09 13:23:23.503   988  2114 W Lyric   : stream_info_parser.cc:372: Camera Rear unknown stream: {type: Streaminfo, stream_id: 32774, camera_id: Rear, format: YCBCR_420_888, width: 4032, height: 2268, usage: [], stream_type: Output, use_case: Default, data_space: DataSpace(Custom)::Arbitrary, is_framework_physical_stream: 0, dynamic_range_profile: Standard, intended_for_max_resolution_mode: 0, group_id: -1, is_tunable: 1} does not fall in any known use case
10-09 13:23:23.503   988  2114 I Lyric   : stream_info_parser.cc:364: Camera Rear Preview stream: {type: Streaminfo, stream_id: 32768, camera_id: Rear, format: YCBCR_420_888, width: 1920, height: 1080, usage: [HwTexture], stream_type: Output, use_case: Default, data_space: DataSpace(Color)::(Standard: BT709, Transfer: RGB, Range: Full), is_framework_physical_stream: 0, dynamic_range_profile: Standard, intended_for_max_resolution_mode: 0, group_id: -1, is_tunable: 1}
10-09 13:23:23.503   988  2114 W Lyric   : stream_info_parser.cc:372: Camera RearWide unknown stream: {type: Streaminfo, stream_id: 32775, camera_id: RearWide, format: YCBCR_420_888, width: 4032, height: 2268, usage: [], stream_type: Output, use_case: Default, data_space: DataSpace(Custom)::Arbitrary, is_framework_physical_stream: 0, dynamic_range_profile: Standard, intended_for_max_resolution_mode: 0, group_id: -1, is_tunable: 1} does not fall in any known use case
10-09 13:23:23.503   988  2114 I Lyric   : stream_info_parser.cc:364: Camera RearWide Preview stream: {type: Streaminfo, stream_id: 32769, camera_id: RearWide, format: YCBCR_420_888, width: 1920, height: 1080, usage: [HwTexture], stream_type: Output, use_case: Default, data_space: DataSpace(Color)::(Standard: BT709, Transfer: RGB, Range: Full), is_framework_physical_stream: 0, dynamic_range_profile: Standard, intended_for_max_resolution_mode: 0, group_id: -1, is_tunable: 1}
10-09 13:23:23.503   988  2114 W Lyric   : stream_info_parser.cc:372: Camera RearVirtual unknown stream: {type: Streaminfo, stream_id: 32776, camera_id: RearVirtual, format: YCBCR_420_888, width: 4032, height: 2268, usage: [], stream_type: Output, use_case: Default, data_space: DataSpace(Custom)::Arbitrary, is_framework_physical_stream: 0, dynamic_range_profile: Standard, intended_for_max_resolution_mode: 0, group_id: -1, is_tunable: 1} does not fall in any known use case
10-09 13:23:23.503   988  2114 I Lyric   : stream_info_parser.cc:364: Camera RearVirtual Preview stream: {type: Streaminfo, stream_id: 32770, camera_id: RearVirtual, format: YCBCR_420_888, width: 1920, height: 1080, usage: [HwTexture], stream_type: Output, use_case: Default, data_space: DataSpace(Color)::(Standard: BT709, Transfer: RGB, Range: Full), is_framework_physical_stream: 0, dynamic_range_profile: Standard, intended_for_max_resolution_mode: 0, group_id: -1, is_tunable: 1}
10-09 13:23:23.504   988  2108 I Lyric   : sensor_generic_driver.cc:1959: BOITATA GetModeIndex requirement {size = {width: 4032, height: 2268}, frame_rate_range = [15, 30], request_binning_mode = false, request_pd_stream = false, only_config_logical_cam_stream = true, camera_id = [<recursive>], require_full_fov = false, is_high_frame_rate = false, crop_margin = 0, is_sibling_camera_participating = true, sub_image_count = 1, is_face_auth = false, is_video_mode = false, is_high_resolution_mode = false, is_arkaroo_enabled = false, is_roshi_enabled = false, is_specific_aspect_ratio_video = false, require_exact_size = false, force_sensor_mode_index = -1, is_multi_cam_usecase = true, raw_stream_usecase = 0, is_high_resolution_standalone_mode = false} required aspect ratio 1.77778 pick_transition_mode 1 require exact size 0
10-09 13:23:23.505   988  2119 I Lyric   : sensor_generic_driver.cc:1959: SANDWORM GetModeIndex requirement {size = {width: 4032, height: 2268}, frame_rate_range = [15, 30], request_binning_mode = false, request_pd_stream = false, only_config_logical_cam_stream = true, camera_id = [<recursive>], require_full_fov = false, is_high_frame_rate = false, crop_margin = 0, is_sibling_camera_participating = false, sub_image_count = 1, is_face_auth = false, is_video_mode = false, is_high_resolution_mode = false, is_arkaroo_enabled = false, is_roshi_enabled = false, is_specific_aspect_ratio_video = false, require_exact_size = false, force_sensor_mode_index = -1, is_multi_cam_usecase = true, raw_stream_usecase = 0, is_high_resolution_standalone_mode = false} required aspect ratio 1.77778 pick_transition_mode 0 require exact size 0
10-09 13:23:23.505   988 13133 I Lyric   : sensor_generic_driver.cc:1959: BOITATARM GetModeIndex requirement {size = {width: 4032, height: 2268}, frame_rate_range = [15, 30], request_binning_mode = false, request_pd_stream = false, only_config_logical_cam_stream = true, camera_id = [<recursive>], require_full_fov = false, is_high_frame_rate = false, crop_margin = 0, is_sibling_camera_participating = true, sub_image_count = 1, is_face_auth = false, is_video_mode = false, is_high_resolution_mode = false, is_arkaroo_enabled = false, is_roshi_enabled = false, is_specific_aspect_ratio_video = false, require_exact_size = false, force_sensor_mode_index = -1, is_multi_cam_usecase = true, raw_stream_usecase = 0, is_high_resolution_standalone_mode = false} required aspect ratio 1.77778 pick_transition_mode 0 require exact size 0
10-09 13:23:23.505   988  2119 I Lyric   : eaf_node.cc:80: cam3_eaf: stream_id 32769, res 1920x1080, pipeline_id 0, is_video_stream false
10-09 13:23:23.506   988 13133 I Lyric   : eaf_node.cc:80: cam4_eaf: stream_id 32770, res 1920x1080, pipeline_id 0, is_video_stream false
10-09 13:23:23.506   988  2119 I Lyric   : zuma_isp_subgraph.cc:532: raw_to_yuv_for_snapshot_exceeding_video: Pipeline (ID: (instance_id: 95879), IPs: [ RawToYuv ], Max Outputs: 1, IPConnections: [ ], Usecase: Snapshot)
10-09 13:23:23.506   988  2119 I Lyric   : zuma_isp_subgraph.cc:539: video_mesh_warp: Pipeline (ID: (instance_id: 95882), IPs: [ MeshWarp ], Max Outputs: 1, IPConnections: [ ], Usecase: Video)
10-09 13:23:23.506   988  2119 I Lyric   : zuma_isp_subgraph.cc:541: mesh_warp_for_snapshot_exceeding_video: Pipeline (ID: (instance_id: 95883), IPs: [ MeshWarp ], Max Outputs: 1, IPConnections: [ ], Usecase: Snapshot)
10-09 13:23:23.506   988  2119 I Lyric   : zuma_isp_subgraph.cc:551: video_scaler: Pipeline (ID: (instance_id: 95887), IPs: [ Scaler ], Max Outputs: 0, IPConnections: [ ], Usecase: Video)
10-09 13:23:23.506   988  2119 I Lyric   : zuma_isp_subgraph.cc:553: scaler_for_snapshot_exceeding_video: Pipeline (ID: (instance_id: 95888), IPs: [ Scaler ], Max Outputs: 2, IPConnections: [ ], Usecase: Snapshot)
10-09 13:23:23.506   988  2108 I Lyric   : eaf_node.cc:80: cam2_eaf: stream_id 32768, res 1920x1080, pipeline_id 0, is_video_stream false
10-09 13:23:23.506   988 13133 I Lyric   : zuma_isp_subgraph.cc:532: raw_to_yuv_for_snapshot_exceeding_video: Pipeline (ID: (instance_id: 95897), IPs: [ RawToYuv ], Max Outputs: 1, IPConnections: [ ], Usecase: Snapshot)
10-09 13:23:23.506   988 13133 I Lyric   : zuma_isp_subgraph.cc:539: video_mesh_warp: Pipeline (ID: (instance_id: 95900), IPs: [ MeshWarp ], Max Outputs: 1, IPConnections: [ ], Usecase: Video)
10-09 13:23:23.506   988 13133 I Lyric   : zuma_isp_subgraph.cc:541: mesh_warp_for_snapshot_exceeding_video: Pipeline (ID: (instance_id: 95901), IPs: [ MeshWarp ], Max Outputs: 1, IPConnections: [ ], Usecase: Snapshot)
10-09 13:23:23.506   988 13133 I Lyric   : zuma_isp_subgraph.cc:551: video_scaler: Pipeline (ID: (instance_id: 95905), IPs: [ Scaler ], Max Outputs: 0, IPConnections: [ ], Usecase: Video)
10-09 13:23:23.506   988 13133 I Lyric   : zuma_isp_subgraph.cc:553: scaler_for_snapshot_exceeding_video: Pipeline (ID: (instance_id: 95906), IPs: [ Scaler ], Max Outputs: 2, IPConnections: [ ], Usecase: Snapshot)
10-09 13:23:23.506   988  2108 I Lyric   : zuma_isp_subgraph.cc:532: raw_to_yuv_for_snapshot_exceeding_video: Pipeline (ID: (instance_id: 95915), IPs: [ RawToYuv ], Max Outputs: 1, IPConnections: [ ], Usecase: Snapshot)
10-09 13:23:23.506   988  2108 I Lyric   : zuma_isp_subgraph.cc:539: video_mesh_warp: Pipeline (ID: (instance_id: 95918), IPs: [ MeshWarp ], Max Outputs: 1, IPConnections: [ ], Usecase: Video)
10-09 13:23:23.506   988  2108 I Lyric   : zuma_isp_subgraph.cc:541: mesh_warp_for_snapshot_exceeding_video: Pipeline (ID: (instance_id: 95919), IPs: [ MeshWarp ], Max Outputs: 1, IPConnections: [ ], Usecase: Snapshot)
10-09 13:23:23.506   988  2108 I Lyric   : zuma_isp_subgraph.cc:551: video_scaler: Pipeline (ID: (instance_id: 95923), IPs: [ Scaler ], Max Outputs: 0, IPConnections: [ ], Usecase: Video)
10-09 13:23:23.506   988  2108 I Lyric   : zuma_isp_subgraph.cc:553: scaler_for_snapshot_exceeding_video: Pipeline (ID: (instance_id: 95924), IPs: [ Scaler ], Max Outputs: 2, IPConnections: [ ], Usecase: Snapshot)
10-09 13:23:23.506   988  2119 I Lyric   : whi_like_isp_back_end_core_subgraph.cc:933: RawToYuvNode for snapshot exceeding video is configured to output consumer type 2 fmt: HalImageFormat{ pixel_format = YCBCR_420_SPN_10B, stride_alignment = 64, num_buffers = 1 } for RearWide
10-09 13:23:23.506   988 13133 I Lyric   : whi_like_isp_back_end_core_subgraph.cc:933: RawToYuvNode for snapshot exceeding video is configured to output consumer type 2 fmt: HalImageFormat{ pixel_format = YCBCR_420_SPN_10B, stride_alignment = 64, num_buffers = 1 } for RearVirtual
10-09 13:23:23.507   988  2119 I Lyric   : generic_subgraph.cc:3459: camera_id = 3; is_front_camera = 0; is_1p_camera_app = 0; video_call = 0
10-09 13:23:23.507   988  2108 I Lyric   : whi_like_isp_back_end_core_subgraph.cc:933: RawToYuvNode for snapshot exceeding video is configured to output consumer type 2 fmt: HalImageFormat{ pixel_format = YCBCR_420_SPN_10B, stride_alignment = 64, num_buffers = 1 } for Rear
10-09 13:23:23.507   988 13133 I Lyric   : generic_subgraph.cc:3459: camera_id = 4; is_front_camera = 0; is_1p_camera_app = 0; video_call = 0
10-09 13:23:23.508   988  2108 I Lyric   : generic_subgraph.cc:3459: camera_id = 2; is_front_camera = 0; is_1p_camera_app = 0; video_call = 0
10-09 13:23:23.517   988  2114 I Lyric   : multicam_graph.cc:1366: number of video bokeh nodes connected to multicam routing node = 0
10-09 13:23:23.519   988  2114 I Lyric   : graph_configuration.cc:374: {type: Streaminfo, stream_id: 32769, camera_id: RearWide, format: YCBCR_420_888, width: 1920, height: 1080, usage: [HwTexture], stream_type: Output, use_case: Default, data_space: DataSpace(Color)::(Standard: BT709, Transfer: RGB, Range: Full), is_framework_physical_stream: 0, dynamic_range_profile: Standard, intended_for_max_resolution_mode: 0, group_id: -1, is_tunable: 1}
10-09 13:23:23.519   988  2114 I Lyric   : graph_configuration.cc:374: {type: Streaminfo, stream_id: 32772, camera_id: RearWide, format: BLOB, width: 4032, height: 2268, usage: [], stream_type: Output, use_case: Default, data_space: DataSpace(Color)::(Standard: BT601_625, Transfer: SMPTE_170M, Range: Full), is_framework_physical_stream: 0, dynamic_range_profile: Standard, intended_for_max_resolution_mode: 0, group_id: -1, is_tunable: 1}
10-09 13:23:23.519   988  2114 I Lyric   : graph_configuration.cc:374: {type: Streaminfo, stream_id: 32775, camera_id: RearWide, format: YCBCR_420_888, width: 4032, height: 2268, usage: [], stream_type: Output, use_case: Default, data_space: DataSpace(Custom)::Arbitrary, is_framework_physical_stream: 0, dynamic_range_profile: Standard, intended_for_max_resolution_mode: 0, group_id: -1, is_tunable: 1}
10-09 13:23:23.519   988  2114 I Lyric   : graph_configuration.cc:374: {type: Streaminfo, stream_id: 32773, camera_id: RearVirtual, format: BLOB, width: 4032, height: 2268, usage: [], stream_type: Output, use_case: Default, data_space: DataSpace(Color)::(Standard: BT601_625, Transfer: SMPTE_170M, Range: Full), is_framework_physical_stream: 0, dynamic_range_profile: Standard, intended_for_max_resolution_mode: 0, group_id: -1, is_tunable: 1}
10-09 13:23:23.519   988  2114 I Lyric   : graph_configuration.cc:374: {type: Streaminfo, stream_id: 32776, camera_id: RearVirtual, format: YCBCR_420_888, width: 4032, height: 2268, usage: [], stream_type: Output, use_case: Default, data_space: DataSpace(Custom)::Arbitrary, is_framework_physical_stream: 0, dynamic_range_profile: Standard, intended_for_max_resolution_mode: 0, group_id: -1, is_tunable: 1}
10-09 13:23:23.519   988  2114 I Lyric   : graph_configuration.cc:374: {type: Streaminfo, stream_id: 32770, camera_id: RearVirtual, format: YCBCR_420_888, width: 1920, height: 1080, usage: [HwTexture], stream_type: Output, use_case: Default, data_space: DataSpace(Color)::(Standard: BT709, Transfer: RGB, Range: Full), is_framework_physical_stream: 0, dynamic_range_profile: Standard, intended_for_max_resolution_mode: 0, group_id: -1, is_tunable: 1}
10-09 13:23:23.519   988  2114 I Lyric   : graph_configuration.cc:374: {type: Streaminfo, stream_id: 32774, camera_id: Rear, format: YCBCR_420_888, width: 4032, height: 2268, usage: [], stream_type: Output, use_case: Default, data_space: DataSpace(Custom)::Arbitrary, is_framework_physical_stream: 0, dynamic_range_profile: Standard, intended_for_max_resolution_mode: 0, group_id: -1, is_tunable: 1}
10-09 13:23:23.519   988  2114 I Lyric   : graph_configuration.cc:374: {type: Streaminfo, stream_id: 32768, camera_id: Rear, format: YCBCR_420_888, width: 1920, height: 1080, usage: [HwTexture], stream_type: Output, use_case: Default, data_space: DataSpace(Color)::(Standard: BT709, Transfer: RGB, Range: Full), is_framework_physical_stream: 0, dynamic_range_profile: Standard, intended_for_max_resolution_mode: 0, group_id: -1, is_tunable: 1}
10-09 13:23:23.519   988  2114 I Lyric   : graph_configuration.cc:374: {type: Streaminfo, stream_id: 32771, camera_id: Rear, format: BLOB, width: 4032, height: 2268, usage: [], stream_type: Output, use_case: Default, data_space: DataSpace(Color)::(Standard: BT601_625, Transfer: SMPTE_170M, Range: Full), is_framework_physical_stream: 0, dynamic_range_profile: Standard, intended_for_max_resolution_mode: 0, group_id: -1, is_tunable: 1}
10-09 13:23:23.522   988   988 I native  : I0000 00:00:1760030603.522730     988 node_export.cc:193] CatNodeCreate(EspVideoNode) took 0.054931 ms
10-09 13:23:23.527   988 30248 I native  : I0000 00:00:1760030603.527171   30248 brute_force_feature_matching.cc:49] Number of bins each image dimension is divided into: 5
10-09 13:23:23.531   988 30248 I native  : I0000 00:00:1760030603.531326   30248 brute_force_feature_matching.cc:49] Number of bins each image dimension is divided into: 5
10-09 13:23:23.537   988 30271 I native  : I0000 00:00:1760030603.537227   30271 llv_manager.cc:193] LLV DIMENSION: 1920x1080
10-09 13:23:23.550   988 30271 I native  : I0000 00:00:1760030603.550709   30271 noise_model.cc:372] Profile resolution 120 x 68
10-09 13:23:23.553   988  1444 I G3ACoordinator: ae_session_config_parser_lyric.cc:201: ispfe_raw_input_resolution [width:4080, height:3072]
10-09 13:23:23.570   988  1443 I G3ACoordinator: ae_session_config_parser_lyric.cc:201: ispfe_raw_input_resolution [width:4032, height:2272]
10-09 13:23:23.578   988  1444 I G3ACoordinator: ae_session_config_parser_lyric.cc:201: ispfe_raw_input_resolution [width:4080, height:3072]
10-09 13:23:23.625   988   988 I GCH_Utils: IsSessionParameterCompatible: Ignore fps (15, 30) to (15, 30). video_60_to_30fps_thermal_throttle: 0. video_fps_throttle: 0.
10-09 13:23:23.655   988 13130 I Lyric   : scaler_node.cc:1017: The 0th output HalPixelFormat for cam2_preview_scaler YCBCR_420_888 resolution: 1920x1080
10-09 13:23:23.655   988 13130 I Lyric   : scaler_node.cc:1017: The 1th output HalPixelFormat for cam2_preview_scaler YCBCR_420_888 resolution: 4032x2268
10-09 13:23:23.663   988  2108 E native  : E0000 00:00:1760030603.663088    2108 llv_node.cc:1311] Dimension is not expected! width = 1920, height = 1080, stride_pixels = 1920, stride_bytes = 1920, width_uv = 960, height_uv = 540, stride_uv_pixels = 960, stride_uv_bytes = 1920
10-09 13:23:26.434   988  1439 I Lyric   : camera_powerhal_impl.cc:202: CancelPowerBoost CAMERA_VIDEO_RECORDING
10-09 13:23:26.530   988 28160 I GCH_ZslSnapshotCaptureSession: Initialize: video sw denoise is enabled in GCH
10-09 13:23:26.533   988  2126 W Lyric   : stream_info_parser.cc:372: Camera Front unknown stream: {type: Streaminfo, stream_id: 32772, camera_id: Front, format: YCBCR_420_888, width: 3264, height: 1836, usage: [], stream_type: Output, use_case: Default, data_space: DataSpace(Custom)::Arbitrary, is_framework_physical_stream: 0, dynamic_range_profile: Standard, intended_for_max_resolution_mode: 0, group_id: -1, is_tunable: 1} does not fall in any known use case
10-09 13:23:26.533   988  2126 I Lyric   : stream_info_parser.cc:364: Camera Front Preview stream: {type: Streaminfo, stream_id: 32768, camera_id: Front, format: YCBCR_420_888, width: 1920, height: 1080, usage: [HwTexture], stream_type: Output, use_case: Default, data_space: DataSpace(Color)::(Standard: BT709, Transfer: RGB, Range: Full), is_framework_physical_stream: 0, dynamic_range_profile: Standard, intended_for_max_resolution_mode: 0, group_id: -1, is_tunable: 1}
10-09 13:23:26.533   988  2126 W Lyric   : stream_info_parser.cc:372: Camera FrontVirtual unknown stream: {type: Streaminfo, stream_id: 32773, camera_id: FrontVirtual, format: YCBCR_420_888, width: 3264, height: 1836, usage: [], stream_type: Output, use_case: Default, data_space: DataSpace(Custom)::Arbitrary, is_framework_physical_stream: 0, dynamic_range_profile: Standard, intended_for_max_resolution_mode: 0, group_id: -1, is_tunable: 1} does not fall in any known use case
10-09 13:23:26.533   988  2126 I Lyric   : stream_info_parser.cc:364: Camera FrontVirtual Preview stream: {type: Streaminfo, stream_id: 32769, camera_id: FrontVirtual, format: YCBCR_420_888, width: 1920, height: 1080, usage: [HwTexture], stream_type: Output, use_case: Default, data_space: DataSpace(Color)::(Standard: BT709, Transfer: RGB, Range: Full), is_framework_physical_stream: 0, dynamic_range_profile: Standard, intended_for_max_resolution_mode: 0, group_id: -1, is_tunable: 1}
10-09 13:23:26.535   988 28124 I Lyric   : sensor_generic_driver.cc:1959: DOKKAEBI GetModeIndex requirement {size = {width: 3264, height: 1836}, frame_rate_range = [15, 30], request_binning_mode = false, request_pd_stream = false, only_config_logical_cam_stream = true, camera_id = [<recursive>], require_full_fov = false, is_high_frame_rate = false, crop_margin = 0, is_sibling_camera_participating = true, sub_image_count = 1, is_face_auth = false, is_video_mode = false, is_high_resolution_mode = false, is_arkaroo_enabled = false, is_roshi_enabled = false, is_specific_aspect_ratio_video = false, require_exact_size = false, force_sensor_mode_index = -1, is_multi_cam_usecase = true, raw_stream_usecase = 0, is_high_resolution_standalone_mode = false} required aspect ratio 1.77778 pick_transition_mode 1 require exact size 0
10-09 13:23:26.535   988 28129 I Lyric   : sensor_generic_driver.cc:1959: DOKKAEBIVIRTUAL GetModeIndex requirement {size = {width: 3264, height: 1836}, frame_rate_range = [15, 30], request_binning_mode = false, request_pd_stream = false, only_config_logical_cam_stream = true, camera_id = [<recursive>], require_full_fov = false, is_high_frame_rate = false, crop_margin = 0, is_sibling_camera_participating = true, sub_image_count = 1, is_face_auth = false, is_video_mode = false, is_high_resolution_mode = false, is_arkaroo_enabled = false, is_roshi_enabled = false, is_specific_aspect_ratio_video = false, require_exact_size = false, force_sensor_mode_index = -1, is_multi_cam_usecase = true, raw_stream_usecase = 0, is_high_resolution_standalone_mode = false} required aspect ratio 1.77778 pick_transition_mode 0 require exact size 0
10-09 13:23:26.535   988 28124 I Lyric   : eaf_node.cc:80: cam5_eaf: stream_id 32768, res 1920x1080, pipeline_id 0, is_video_stream false
10-09 13:23:26.535   988 28124 I Lyric   : zuma_isp_subgraph.cc:532: raw_to_yuv_for_snapshot_exceeding_video: Pipeline (ID: (instance_id: 96340), IPs: [ RawToYuv ], Max Outputs: 1, IPConnections: [ ], Usecase: Snapshot)
