10-28 14:40:15.344  2987  3490 D bluetooth: system/bta/le_audio/codec_manager.cc:571 IsUsingCodecExtensibility: Using codec extensibility AIDL: true
10-28 14:40:16.415  1646 14809 D CCodecBufferChannel: [c2.android.aac.decoder#911] buffers after EOS ignored (0 us)
10-28 14:40:16.415  1646 14809 D CCodecBufferChannel: [c2.android.aac.decoder#911] buffers after EOS ignored (0 us)
10-28 14:40:16.416  1646 14809 D CCodecBufferChannel: [c2.android.aac.decoder#911] buffers after EOS ignored (0 us)
10-28 14:40:17.002  2987  3356 I bluetooth-a2dp: system/bta/av/bta_av_api.cc:612 BTA_AvSetLatency: Set audio/video stream low latency bta_handle:65, is_low_latency:false
10-28 14:40:17.058  2987  3356 I bluetooth-a2dp: system/bta/av/bta_av_api.cc:612 BTA_AvSetLatency: Set audio/video stream low latency bta_handle:65, is_low_latency:false
10-28 14:40:17.071  2987  3356 I bluetooth-a2dp: system/bta/av/bta_av_api.cc:612 BTA_AvSetLatency: Set audio/video stream low latency bta_handle:65, is_low_latency:false
10-28 14:40:17.083  1646 14808 D MediaCodec: keep callback message for reclaim
10-28 14:40:17.083  1646 14809 I CCodecConfig: query failed after returning 21 values (BAD_INDEX)
10-28 14:40:17.517  2987  3490 D bluetooth: system/bta/le_audio/codec_manager.cc:571 IsUsingCodecExtensibility: Using codec extensibility AIDL: true
10-28 14:40:19.032 14248 14636 I rtcplatform: WebRTC INFO (7258): webrtc_video_engine.cc: [14636] (line 2577): VideoSendStream stats: 170853637, {input_fps: 0.0, encode_fps: 0, encode_ms: 0, encode_usage_perc: 0, target_bps: 0, media_bps: 0, suspended: false, bw_adapted_res: false, cpu_adapted_res: false, bw_adapted_fps: false, cpu_adapted_fps: false, #cpu_adaptations: 0, #quality_adaptations: 0} {ssrc: 889864442, type: media, width: 0, height: 0, key: 0, delta: 0, total_bps: 0, retransmit_bps: 0, avg_delay_ms: 0, max_delay_ms: 0, nack: 0, fir: 0, pli: 0} {ssrc: 4160848313, type: media, width: 0, height: 0, key: 0, delta: 0, total_bps: 0, retransmit_bps: 0, avg_delay_ms: 0, max_delay_ms: 0, nack: 0, fir: 0, pli: 0}
10-28 14:40:19.032 14248 14636 I rtcplatform: WebRTC INFO (7258): webrtc_video_engine.cc: [14636] (line 1771): Call stats: 170853637, {send_bw_bps: 99000, recv_bw_bps: 0, max_pad_bps: 0, pacer_delay_ms: 0, rtt_ms: -1}
10-28 14:40:19.035 14248 14619 W rtcplatform: WebRTC WARNING (7258): VideoSendStatsProcessor.cpp: [14619] (line 752): Camera capture is stalled.
10-28 14:40:19.510  1646 14809 D CCodecBufferChannel: [c2.android.aac.decoder#911] buffers after EOS ignored (0 us)
10-28 14:40:19.510  1646 14809 D CCodecBufferChannel: [c2.android.aac.decoder#911] buffers after EOS ignored (0 us)
10-28 14:40:19.669  2987  3490 D bluetooth: system/bta/le_audio/codec_manager.cc:571 IsUsingCodecExtensibility: Using codec extensibility AIDL: true
10-28 14:40:20.083 14248 14453 I Hera.MediaQualityMonitor: [Hera.MediaQualityMonitorManager] streamId: 50, remoteNodeId: 50, streamType: VideoSender, duration: 0
10-28 14:40:20.083 14248 14453 I Hera.MediaQualityMonitor: [Hera.MediaQualityMonitorManager] streamId: 50, remoteNodeId: 50, streamType: VideoReceiver, duration: 11786
10-28 14:40:20.083 14248 14453 I Hera.MediaQualityMonitor: [Hera.MediaQualityMonitorManager] recv bitrate: 145377, recv fps: 15, dec fps: 15, dec time ms: 9, frz_dur: 1918, frz_cnt: 2, tp_frz_dur: 1382, tp_frz_cnt: 1, avg_qpx10: -1, avg_vid_tp_delay: 236, video_recv_tp_delay_high_duration: 112, video_recv_tp_delay_extreme_duration: 0, dec key frames: 0
10-28 14:40:20.106  2987  3356 I bluetooth-a2dp: system/bta/av/bta_av_api.cc:612 BTA_AvSetLatency: Set audio/video stream low latency bta_handle:65, is_low_latency:false
10-28 14:40:20.172  2987  3356 I bluetooth-a2dp: system/bta/av/bta_av_api.cc:612 BTA_AvSetLatency: Set audio/video stream low latency bta_handle:65, is_low_latency:false
10-28 14:40:20.174 14248 14453 I Hera.MediaQualityMonitor: [Hera.MediaQualityMonitorManager] streamId: 50, remoteNodeId: 50, streamType: VideoSender, duration: 0
10-28 14:40:20.174 14248 14453 I Hera.MediaQualityMonitor: [Hera.MediaQualityMonitorManager] streamId: 50, remoteNodeId: 50, streamType: VideoReceiver, duration: 11935
10-28 14:40:20.174 14248 14453 I Hera.MediaQualityMonitor: [Hera.MediaQualityMonitorManager] recv bitrate: 145377, recv fps: 15, dec fps: 15, dec time ms: 9, frz_dur: 1918, frz_cnt: 2, tp_frz_dur: 1382, tp_frz_cnt: 1, avg_qpx10: -1, avg_vid_tp_delay: 233, video_recv_tp_delay_high_duration: 112, video_recv_tp_delay_extreme_duration: 0, dec key frames: 0
10-28 14:40:20.181  2987  3356 I bluetooth-a2dp: system/bta/av/bta_av_api.cc:612 BTA_AvSetLatency: Set audio/video stream low latency bta_handle:65, is_low_latency:false
10-28 14:40:20.189  1646 14808 D MediaCodec: keep callback message for reclaim
10-28 14:40:20.190  1646 14809 I CCodecConfig: query failed after returning 21 values (BAD_INDEX)
10-28 14:40:21.850  2987  3490 D bluetooth: system/bta/le_audio/codec_manager.cc:571 IsUsingCodecExtensibility: Using codec extensibility AIDL: true
10-28 14:40:22.406  1646 14809 D CCodecBufferChannel: [c2.android.aac.decoder#911] buffers after EOS ignored (0 us)
10-28 14:40:22.407  1646 14809 D CCodecBufferChannel: [c2.android.aac.decoder#911] buffers after EOS ignored (0 us)
10-28 14:40:23.225  2987  3356 I bluetooth-a2dp: system/bta/av/bta_av_api.cc:612 BTA_AvSetLatency: Set audio/video stream low latency bta_handle:65, is_low_latency:false
10-28 14:40:23.279  2987  3356 I bluetooth-a2dp: system/bta/av/bta_av_api.cc:612 BTA_AvSetLatency: Set audio/video stream low latency bta_handle:65, is_low_latency:false
10-28 14:40:23.293  1646 14808 D MediaCodec: keep callback message for reclaim
10-28 14:40:23.293  2987  3356 I bluetooth-a2dp: system/bta/av/bta_av_api.cc:612 BTA_AvSetLatency: Set audio/video stream low latency bta_handle:65, is_low_latency:false
10-28 14:40:23.294  1646 14809 I CCodecConfig: query failed after returning 21 values (BAD_INDEX)
10-28 14:40:23.993  2987 12580 D bluetooth: system/bta/le_audio/codec_manager.cc:571 IsUsingCodecExtensibility: Using codec extensibility AIDL: true
10-28 14:40:24.036 14248 14636 I rtcplatform: WebRTC INFO (7258): webrtc_video_engine.cc: [14636] (line 4271): VideoReceiveStreamInterface stats: 170858641, {ssrc: 4045238389, total_bps: 0, frameWidth: 0, frameHeight: 0, key: 0, delta: 0, framesAssembledFromMultiplePackets: 0, framesDecoded: 0, framesDropped: 0, network_fps: 0, decode_fps: 0, render_fps: 0, decode_ms: 0, max_decode_ms: 0, first_frame_received_to_decoded_ms: -1, current_delay_ms: 0, target_delay_ms: 0, jitter_delay_ms: 0, totalAssemblyTime: 0, jitterBufferDelay: 0, jitterBufferTargetDelay: 0, jitterBufferEmittedCount: 0, jitterBufferMinimumDelay: 0, totalDecodeTime: 0, totalProcessingDelay: 0, min_playout_delay_ms: 0, sync_offset_ms: 2147483647, cum_loss: 0, nackCount: 0, firCount: 0, pliCount: 0}
10-28 14:40:24.040 14248 14619 W rtcplatform: WebRTC WARNING (7258): VideoSendStatsProcessor.cpp: [14619] (line 752): Camera capture is stalled.
10-28 14:40:25.082 14248 14453 I Hera.MediaQualityMonitor: [Hera.MediaQualityMonitorManager] streamId: 50, remoteNodeId: 50, streamType: VideoSender, duration: 0
10-28 14:40:25.083 14248 14453 I Hera.MediaQualityMonitor: [Hera.MediaQualityMonitorManager] streamId: 50, remoteNodeId: 50, streamType: VideoReceiver, duration: 16870
10-28 14:40:25.083 14248 14453 I Hera.MediaQualityMonitor: [Hera.MediaQualityMonitorManager] recv bitrate: 175143, recv fps: 15, dec fps: 15, dec time ms: 9, frz_dur: 1918, frz_cnt: 2, tp_frz_dur: 1382, tp_frz_cnt: 1, avg_qpx10: -1, avg_vid_tp_delay: 202, video_recv_tp_delay_high_duration: 112, video_recv_tp_delay_extreme_duration: 0, dec key frames: 0
10-28 14:40:25.173 14248 14453 I Hera.MediaQualityMonitor: [Hera.MediaQualityMonitorManager] streamId: 50, remoteNodeId: 50, streamType: VideoSender, duration: 0
10-28 14:40:25.174 14248 14453 I Hera.MediaQualityMonitor: [Hera.MediaQualityMonitorManager] streamId: 50, remoteNodeId: 50, streamType: VideoReceiver, duration: 16916
10-28 14:40:25.174 14248 14453 I Hera.MediaQualityMonitor: [Hera.MediaQualityMonitorManager] recv bitrate: 175143, recv fps: 15, dec fps: 15, dec time ms: 9, frz_dur: 1918, frz_cnt: 2, tp_frz_dur: 1382, tp_frz_cnt: 1, avg_qpx10: -1, avg_vid_tp_delay: 201, video_recv_tp_delay_high_duration: 112, video_recv_tp_delay_extreme_duration: 0, dec key frames: 0
10-28 14:40:25.490  1646 14809 D CCodecBufferChannel: [c2.android.aac.decoder#911] buffers after EOS ignored (0 us)
10-28 14:40:25.490  1646 14809 D CCodecBufferChannel: [c2.android.aac.decoder#911] buffers after EOS ignored (0 us)
10-28 14:40:25.491  1646 14809 D CCodecBufferChannel: [c2.android.aac.decoder#911] buffers after EOS ignored (0 us)
10-28 14:40:26.155  2987 12580 D bluetooth: system/bta/le_audio/codec_manager.cc:571 IsUsingCodecExtensibility: Using codec extensibility AIDL: true
10-28 14:40:26.307  2987  3356 I bluetooth-a2dp: system/bta/av/bta_av_api.cc:612 BTA_AvSetLatency: Set audio/video stream low latency bta_handle:65, is_low_latency:false
10-28 14:40:26.360  2987  3356 I bluetooth-a2dp: system/bta/av/bta_av_api.cc:612 BTA_AvSetLatency: Set audio/video stream low latency bta_handle:65, is_low_latency:false
10-28 14:40:26.374  2987  3356 I bluetooth-a2dp: system/bta/av/bta_av_api.cc:612 BTA_AvSetLatency: Set audio/video stream low latency bta_handle:65, is_low_latency:false
10-28 14:40:26.378  1646 14808 D MediaCodec: keep callback message for reclaim
10-28 14:40:26.379  1646 14809 I CCodecConfig: query failed after returning 21 values (BAD_INDEX)
10-28 14:40:28.272 14248 14756 D Hera.NdkVideoDecoder: [Hera.VidRStrmIm] stopDecoding()
10-28 14:40:28.273 14248 14825 D CCodecBufferChannel: [c2.exynos.hevc.decoder#937] MediaCodec discarded an unknown buffer
10-28 14:40:28.273 14248 14825 D CCodecBufferChannel: [c2.exynos.hevc.decoder#937] MediaCodec discarded an unknown buffer
10-28 14:40:28.273 14248 14825 D CCodecBufferChannel: [c2.exynos.hevc.decoder#937] MediaCodec discarded an unknown buffer
10-28 14:40:28.274 14248 14825 D CCodecBufferChannel: [c2.exynos.hevc.decoder#937] MediaCodec discarded an unknown buffer
10-28 14:40:28.317 14248 14756 D Hera.NdkVideoDecoder: [Hera.VidRStrmIm] stopDecoding()
10-28 14:40:28.317 14248 14756 D Hera.NdkVideoDecoder: [Hera.VidRStrmIm] init() with mimeType = video/hevc, width x height = 144 x 256
10-28 14:40:28.319  2987  3490 D bluetooth: system/bta/le_audio/codec_manager.cc:571 IsUsingCodecExtensibility: Using codec extensibility AIDL: true
10-28 14:40:28.320 14248 14756 D MediaCodecList: codecHandlesFormat: no format, so no extra checks
10-28 14:40:28.322 14248 14756 D MediaCodecList: codecHandlesFormat: no format, so no extra checks
10-28 14:40:28.327 14248 14872 D CCodec  : allocate(c2.exynos.hevc.decoder)
10-28 14:40:28.329 14248 14872 I CCodec  : setting up 'default' as default (vendor) store
10-28 14:40:28.335 14248 14872 I CCodec  : Created component [c2.exynos.hevc.decoder] for [c2.exynos.hevc.decoder]
10-28 14:40:28.335 14248 14872 D CCodecConfig: read media type: video/hevc
10-28 14:40:28.350 14248 14872 D CCodecConfig: ignoring local param raw.size (0xd2001800) as it is already supported
10-28 14:40:28.350 14248 14872 D CCodecConfig: ignoring local param default.color (0x5200180b) as it is already supported
10-28 14:40:28.350 14248 14872 D CCodecConfig: ignoring local param raw.hdr-static-info (0xd200180a) as it is already supported
10-28 14:40:28.352 14248 14872 I CCodecConfig: query failed after returning 16 values (BAD_INDEX)
10-28 14:40:28.352 14248 14872 D CCodecConfig: c2 config diff is Dict {
10-28 14:40:28.352 14248 14872 D CCodecConfig:   c2::u32 algo.low-latency.value = 0
10-28 14:40:28.352 14248 14872 D CCodecConfig:   c2::i32 algo.priority.value = 0
10-28 14:40:28.352 14248 14872 D CCodecConfig:   c2::float algo.rate.value = 0
10-28 14:40:28.352 14248 14872 D CCodecConfig:   c2::u32 coded.pl.level = 24584
10-28 14:40:28.352 14248 14872 D CCodecConfig:   c2::u32 coded.pl.profile = 24576
10-28 14:40:28.352 14248 14872 D CCodecConfig:   c2::u32 coded.vui.color.matrix = 0
10-28 14:40:28.352 14248 14872 D CCodecConfig:   c2::u32 coded.vui.color.primaries = 0
10-28 14:40:28.352 14248 14872 D CCodecConfig:   c2::u32 coded.vui.color.range = 0
10-28 14:40:28.352 14248 14872 D CCodecConfig:   c2::u32 coded.vui.color.transfer = 0
10-28 14:40:28.352 14248 14872 D CCodecConfig:   c2::u32 default.color.matrix = 0
10-28 14:40:28.352 14248 14872 D CCodecConfig:   c2::u32 default.color.primaries = 0
10-28 14:40:28.352 14248 14872 D CCodecConfig:   c2::u32 default.color.range = 0
10-28 14:40:28.352 14248 14872 D CCodecConfig:   c2::u32 default.color.transfer = 0
10-28 14:40:28.352 14248 14872 D CCodecConfig:   c2::u32 input.buffers.max-size.value = 7340032
10-28 14:40:28.352 14248 14872 D CCodecConfig:   string input.media-type.value = "video/hevc"
10-28 14:40:28.352 14248 14872 D CCodecConfig:   c2::u32 output.delay.value = 3
10-28 14:40:28.352 14248 14872 D CCodecConfig:   Buffer output.hdr-dynamic-info.data = {
10-28 14:40:28.352 14248 14872 D CCodecConfig:   }
10-28 14:40:28.352 14248 14872 D CCodecConfig:   c2::u32 output.hdr-dynamic-info.type = 1
10-28 14:40:28.352 14248 14872 D CCodecConfig:   string output.media-type.value = "video/raw"
10-28 14:40:28.352 14248 14872 D CCodecConfig:   c2::u32 raw.color.matrix = 0
10-28 14:40:28.352 14248 14872 D CCodecConfig:   c2::u32 raw.color.primaries = 0
10-28 14:40:28.352 14248 14872 D CCodecConfig:   c2::u32 raw.color.range = 0
10-28 14:40:28.352 14248 14872 D CCodecConfig:   c2::u32 raw.color.transfer = 0
10-28 14:40:28.352 14248 14872 D CCodecConfig:   c2::float raw.hdr-static-info.mastering.blue.x = 0
10-28 14:40:28.352 14248 14872 D CCodecConfig:   c2::float raw.hdr-static-info.mastering.blue.y = 0
10-28 14:40:28.352 14248 14872 D CCodecConfig:   c2::float raw.hdr-static-info.
10-28 14:40:28.355 14248 14756 I MediaCodec: media_quality service unavailable, skipping updatePictureProfile
10-28 14:40:28.356 14248 14871 I MediaCodec: [c2.exynos.hevc.decoder] setting surface generation to 14589957
10-28 14:40:28.357 14248 14872 D CCodec  : [c2.exynos.hevc.decoder] buffers are bound to CCodec for this session
10-28 14:40:28.358 14248 14872 D CCodecConfig: no c2 equivalents for native-window
10-28 14:40:28.358 14248 14872 D CCodecConfig: no c2 equivalents for native-window-generation
10-28 14:40:28.358 14248 14872 D CCodecConfig: no c2 equivalents for flags
10-28 14:40:28.360 14248 14872 D CCodecConfig: c2 config diff is   c2::u32 raw.size.height = 256
10-28 14:40:28.360 14248 14872 D CCodecConfig:   c2::u32 raw.size.width = 144
10-28 14:40:28.361 14248 14872 D CCodec  : encoding statistics level = 0
10-28 14:40:28.361 14248 14872 D CCodec  : setup formats input: AMessage(what = 0x00000000) = {
10-28 14:40:28.361 14248 14872 D CCodec  :   int32_t height = 256
10-28 14:40:28.361 14248 14872 D CCodec  :   int32_t level = 65536
10-28 14:40:28.361 14248 14872 D CCodec  :   int32_t max-input-size = 7340032
10-28 14:40:28.361 14248 14872 D CCodec  :   string mime = "video/hevc"
10-28 14:40:28.361 14248 14872 D CCodec  :   int32_t priority = 0
10-28 14:40:28.361 14248 14872 D CCodec  :   int32_t profile = 1
10-28 14:40:28.361 14248 14872 D CCodec  :   int32_t width = 144
10-28 14:40:28.361 14248 14872 D CCodec  :   Rect crop(0, 0, 143, 255)
10-28 14:40:28.361 14248 14872 D CCodec  : }
10-28 14:40:28.361 14248 14872 D CCodec  : setup formats output: AMessage(what = 0x00000000) = {
10-28 14:40:28.361 14248 14872 D CCodec  :   int32_t android._color-format = 2130708361
10-28 14:40:28.361 14248 14872 D CCodec  :   int32_t android._video-scaling = 1
10-28 14:40:28.361 14248 14872 D CCodec  :   int32_t android._dataspace = 259
10-28 14:40:28.361 14248 14872 D CCodec  :   int32_t color-standard = 4
10-28 14:40:28.361 14248 14872 D CCodec  :   int32_t color-range = 2
10-28 14:40:28.361 14248 14872 D CCodec  :   int32_t color-transfer = 3
10-28 14:40:28.361 14248 14872 D CCodec  :   int32_t sar-height = 1
10-28 14:40:28.361 14248 14872 D CCodec  :   int32_t rotation-degrees = 0
10-28 14:40:28.361 14248 14872 D CCodec  :   Buffer hdr-static-info = {
10-28 14:40:28.361 14248 14872 D CCodec  :     00000000:  00 00 00 00 00 00 00 00  00 00 00 00 00 00 00 00  ................
10-28 14:40:28.361 14248 14872 D CCodec  :     00000010:  00 00 00 00 00 00 00 00  00                       .........
10-28 14:40:28.361 14248 14872 D CCodec  :   }
10-28 14:40:28.361 14248 14872 D CCodec  :   int32_t sar-width = 1
10-28 14:40:28.361 14248 14872 D CCodec  :   Rect crop(0, 0, 143, 255)
10-28 14:40:28.361 14248 14872 D CCodec  :   int32_t width = 144
10-28 14:40:28.361 14248 14872 D CCodec  :   int32_t height = 256
10-28 14:40:28.361 14248 14872 D CCodec  :   int32_t max-height = 240
10-28 14:40:28.361 14248 14872 D CCodec  :   int32_t max-width = 320
10-28 14:40:28.361 14248 14872 D CCodec  :   string mime = "video/raw"
10-28 14:40:28.361 14248 14872 D CCodec  :   int32_t priority = 0
10-28 14:40:28.361 14248 14872 D CCodec  :   Buffer hdr10-plus-info = {
10-28 14:40:28.361 14248 14872 D CCodec  :   }
10-28 14:40:28.361 14248 14872 D CCodec  :   int32_t color-format = 2130708361
10-28 14:40:28.361 14248 14872 D CCodec  : }
10-28 14:40:28.362 14248 14872 I CCodecConfig: query failed after returning 16 values (BAD_INDEX)
10-28 14:40:28.362 14248 14872 D CCodecConfig: c2 config diff is   c2::u32 raw.max-size.height = 256
10-28 14:40:28.364 14248 14756 D Hera.NdkVideoDecoder: [Hera.VidRStrmIm] startDecoding()
10-28 14:40:28.367  1484 14874 D libexynosv4l2: try node: /dev/video6
10-28 14:40:28.368  1484 14874 I libexynosv4l2: node found for device s5p-mfc-dec: /dev/video6
10-28 14:40:28.368  1484 14874 I libexynosv4l2: open video device /dev/video6
10-28 14:40:28.375 14248 14872 D CCodecBufferChannel: [c2.exynos.hevc.decoder#639] Created input block pool with allocatorID 16 => poolID 22 - OK (0)
10-28 14:40:28.375 14248 14872 D Codec2Client: GraphicBufferAllocator created
10-28 14:40:28.377 14248 14872 I CCodecBufferChannel: [c2.exynos.hevc.decoder#639] Created output block pool with allocatorID 18 => poolID 543 - OK
10-28 14:40:28.377 14248 14872 D CCodecBufferChannel: [c2.exynos.hevc.decoder#639] Configured output block pool ids 543 => OK
10-28 14:40:28.377 14248 14872 D Codec2Client: setOutputSurface -- failed to set consumer usage (6/BAD_INDEX)
10-28 14:40:28.378 14248 14872 D Codec2Client: setOutputSurface -- generation=14589957 consumer usage=0x900
10-28 14:40:28.384 14248 14880 D Hera.NdkVideoDecoder: [Hera.VidRStrmIm] decoderLoop()
10-28 14:40:28.395  1484 14874 I ExynosVideoCodecDec-HevcDec: [updateResolution] resolution info : 160 x 256 (0, 0, 144, 256)
10-28 14:40:28.406 14248 14260 D CCodecBufferChannel: [c2.exynos.hevc.decoder#639] Ignoring stale input buffer done callback: last flush index = 0, frameIndex = 0
10-28 14:40:28.409 14248 14872 D CCodecConfig: c2 config diff is   c2::u32 raw.color.matrix = 1
10-28 14:40:28.409 14248 14872 D CCodecConfig:   c2::u32 raw.color.primaries = 1
10-28 14:40:28.409 14248 14872 D CCodecConfig:   c2::u32 raw.color.range = 2
10-28 14:40:28.409 14248 14872 D CCodecConfig:   c2::u32 raw.color.transfer = 3
10-28 14:40:28.409 14248 14872 D CCodecConfig:   c2::u32 raw.crop.height = 256
10-28 14:40:28.409 14248 14872 D CCodecConfig:   c2::u32 raw.crop.left = 0
10-28 14:40:28.409 14248 14872 D CCodecConfig:   c2::u32 raw.crop.top = 0
10-28 14:40:28.409 14248 14872 D CCodecConfig:   c2::u32 raw.crop.width = 144
10-28 14:40:28.409 14248 14872 D CCodecConfig:   c2::float raw.hdr-static-info.mastering.blue.x = 0.131
10-28 14:40:28.409 14248 14872 D CCodecConfig:   c2::float raw.hdr-static-info.mastering.blue.y = 0.046
10-28 14:40:28.409 14248 14872 D CCodecConfig:   c2::float raw.hdr-static-info.mastering.green.x = 0.17
10-28 14:40:28.409 14248 14872 D CCodecConfig:   c2::float raw.hdr-static-info.mastering.green.y = 0.797
10-28 14:40:28.409 14248 14872 D CCodecConfig:   c2::float raw.hdr-static-info.mastering.max-luminance = 1000
10-28 14:40:28.409 14248 14872 D CCodecConfig:   c2::float raw.hdr-static-info.mastering.red.x = 0.708
10-28 14:40:28.409 14248 14872 D CCodecConfig:   c2::float raw.hdr-static-info.mastering.red.y = 0.292
10-28 14:40:28.409 14248 14872 D CCodecConfig:   c2::float raw.hdr-static-info.mastering.white.x = 0.3127
10-28 14:40:28.409 14248 14872 D CCodecConfig:   c2::float raw.hdr-static-info.mastering.white.y = 0.329
10-28 14:40:28.409 14248 14872 D CCodecConfig:   c2::float raw.hdr-static-info.max-fall = 65536
10-28 14:40:28.409 14248 14872 D CCodecConfig:   c2::u32 raw.size.width = 160
10-28 14:40:28.410 14248 14872 D CCodecConfig: found invalid HDR static metadata AMessage(what = 0x00000000) = {
10-28 14:40:28.410 14248 14872 D CCodecConfig:           int32_t android._color-format = 2130708361
10-28 14:40:28.410 14248 14872 D CCodecConfig:           int32_t android._video-scaling = 1
10-28 14:40:28.410 14248 14872 D CCodecConfig:           float smpte2086.green.y = 0.797000
10-28 14:40:28.410 14248 14872 D CCodecConfig:           int32_t color-standard = 1
10-28 14:40:28.410 14248 14872 D CCodecConfig:           int32_t color-range = 2
10-28 14:40:28.410 14248 14872 D CCodecConfig:           int32_t color-transfer = 3
10-28 14:40:28.410 14248 14872 D CCodecConfig:           float smpte2086.red.y = 0.292000
10-28 14:40:28.410 14248 14872 D CCodecConfig:           int32_t width = 160
10-28 14:40:28.410 14248 14872 D CCodecConfig:           float smpte2086.white.y = 0.329000
10-28 14:40:28.410 14248 14872 D CCodecConfig:           float smpte2086.white.x = 0.312700
10-28 14:40:28.410 14248 14872 D CCodecConfig:           float cta861.max-cll = 0.000000
10-28 14:40:28.410 14248 14872 D CCodecConfig:           float cta861.max-fall = 65536.000000
10-28 14:40:28.410 14248 14872 D CCodecConfig:           float smpte2086.max-luminance = 1000.000000
10-28 14:40:28.410 14248 14872 D CCodecConfig:           float smpte2086.min-luminance = 0.000000
10-28 14:40:28.410 14248 14872 D CCodecConfig:           Rect crop(0, 0, 143, 255)
10-28 14:40:28.410 14248 14872 D CCodecConfig:           float smpte2086.red.x = 0.708000
10-28 14:40:28.410 14248 14872 D CCodecConfig:           int32_t height = 256
10-28 14:40:28.410 14248 14872 D CCodecConfig:           int32_t max-height = 256
10-28 14:40:28.410 14248 14872 D CCodecConfig:           int32_t max-width = 320
10-28 14:40:28.410 14248 14872 D CCodecConfig:           string mime = "video/raw"
10-28 14:40:28.410 14248 14872 D CCodecConfig:           Buffer output.hdr-dynamic-info.data = {
10-28 14:40:28.410 14248 14872 D CCodecConfig:           }
10-28 14:40:28.410 14248 14872 D CCodecConfig:           int32_t output.hdr-dynamic-info.type = 1
10-28 14:40:28.410 14248 14872 D CCodecConfig:           int32_t pri
10-28 14:40:28.410 14248 14872 D CCodecBuffers: [c2.exynos.hevc.decoder#639:2D-Output] popFromStashAndRegister: at 2143139777us, output format changed to AMessage(what = 0x00000000) = {
10-28 14:40:28.410 14248 14872 D CCodecBuffers:   int32_t android._color-format = 2130708361
10-28 14:40:28.410 14248 14872 D CCodecBuffers:   int32_t android._video-scaling = 1
10-28 14:40:28.410 14248 14872 D CCodecBuffers:   int32_t android._dataspace = 260
10-28 14:40:28.410 14248 14872 D CCodecBuffers:   int32_t color-standard = 1
10-28 14:40:28.410 14248 14872 D CCodecBuffers:   int32_t color-range = 2
10-28 14:40:28.410 14248 14872 D CCodecBuffers:   int32_t color-transfer = 3
10-28 14:40:28.410 14248 14872 D CCodecBuffers:   int32_t sar-height = 1
10-28 14:40:28.410 14248 14872 D CCodecBuffers:   int32_t rotation-degrees = 0
10-28 14:40:28.410 14248 14872 D CCodecBuffers:   Buffer hdr-static-info = {
10-28 14:40:28.410 14248 14872 D CCodecBuffers:     00000000:  00 00 00 00 00 00 00 00  00 00 00 00 00 00 00 00  ................
10-28 14:40:28.410 14248 14872 D CCodecBuffers:     00000010:  00 00 00 00 00 00 00 00  00                       .........
10-28 14:40:28.410 14248 14872 D CCodecBuffers:   }
10-28 14:40:28.410 14248 14872 D CCodecBuffers:   int32_t sar-width = 1
10-28 14:40:28.410 14248 14872 D CCodecBuffers:   Rect crop(0, 0, 143, 255)
10-28 14:40:28.410 14248 14872 D CCodecBuffers:   int32_t width = 160
10-28 14:40:28.410 14248 14872 D CCodecBuffers:   int32_t height = 256
10-28 14:40:28.410 14248 14872 D CCodecBuffers:   int32_t max-height = 256
10-28 14:40:28.410 14248 14872 D CCodecBuffers:   int32_t max-width = 320
10-28 14:40:28.410 14248 14872 D CCodecBuffers:   string mime = "video/raw"
10-28 14:40:28.410 14248 14872 D CCodecBuffers:   int32_t priority = 0
10-28 14:40:28.410 14248 14872 D CCodecBuffers:   Buffer hdr10-plus-info = {
10-28 14:40:28.410 14248 14872 D CCodecBuffers:   }
10-28 14:40:28.410 14248 14872 D CCodecBuffers:   int32_t color-format = 2130708361
10-28 14:40:28.410 14248 14872 D CCodecBuffers: }
10-28 14:40:28.411 14248 14880 D Hera.NdkVideoDecoder: [Hera.VidRStrmIm] decoderLoop: output format changed to: android._color-format: int32(2130708361), android._video-scaling: int32(1), android._dataspace: int32(260), color-standard: int32(1), color-range: int32(2), color-transfer: int32(3), sar-height: int32(1), rotation-degrees: int32(0), hdr-static-info: data, sar-width: int32(1), crop: Rect(0, 0, 143, 255), width: int32(160), height: int32(256), max-height: int32(256), max-width: int32(320), mime: string(video/raw), priority: int32(0), hdr10-plus-info: data, color-format: int32(2130708361)}
10-28 14:40:28.410 14248 14248 W a.RawVideoMixer: type=1400 audit(0.0:56220): avc:  denied  { getattr } for  name="/" dev="dmabuf" ino=1 scontext=u:r:untrusted_app:s0:c45,c257,c512,c768 tcontext=u:object_r:unlabeled:s0 tclass=filesystem permissive=0 app=com.facebook.orca
10-28 14:40:28.418 14248 14248 W a.RawVideoMixer: type=1400 audit(0.0:56221): avc:  denied  { getattr } for  name="/" dev="dmabuf" ino=1 scontext=u:r:untrusted_app:s0:c45,c257,c512,c768 tcontext=u:object_r:unlabeled:s0 tclass=filesystem permissive=0 app=com.facebook.orca
10-28 14:40:28.498 14248 14248 W a.RawVideoMixer: type=1400 audit(0.0:56222): avc:  denied  { getattr } for  name="/" dev="dmabuf" ino=1 scontext=u:r:untrusted_app:s0:c45,c257,c512,c768 tcontext=u:object_r:unlabeled:s0 tclass=filesystem permissive=0 app=com.facebook.orca
10-28 14:40:28.566  1646 14809 D CCodecBufferChannel: [c2.android.aac.decoder#911] buffers after EOS ignored (0 us)
10-28 14:40:28.682 14248 14248 W a.RawVideoMixer: type=1400 audit(0.0:56223): avc:  denied  { getattr } for  name="/" dev="dmabuf" ino=1 scontext=u:r:untrusted_app:s0:c45,c257,c512,c768 tcontext=u:object_r:unlabeled:s0 tclass=filesystem permissive=0 app=com.facebook.orca
10-28 14:40:28.818 14248 14248 W a.RawVideoMixer: type=1400 audit(0.0:56224): avc:  denied  { getattr } for  name="/" dev="dmabuf" ino=1 scontext=u:r:untrusted_app:s0:c45,c257,c512,c768 tcontext=u:object_r:unlabeled:s0 tclass=filesystem permissive=0 app=com.facebook.orca
10-28 14:40:29.039 14248 14636 I rtcplatform: WebRTC INFO (7258): webrtc_video_engine.cc: [14636] (line 2577): VideoSendStream stats: 170863644, {input_fps: 0.0, encode_fps: 0, encode_ms: 0, encode_usage_perc: 0, target_bps: 0, media_bps: 0, suspended: false, bw_adapted_res: false, cpu_adapted_res: false, bw_adapted_fps: false, cpu_adapted_fps: false, #cpu_adaptations: 0, #quality_adaptations: 0} {ssrc: 889864442, type: media, width: 0, height: 0, key: 0, delta: 0, total_bps: 0, retransmit_bps: 0, avg_delay_ms: 0, max_delay_ms: 0, nack: 0, fir: 0, pli: 0} {ssrc: 4160848313, type: media, width: 0, height: 0, key: 0, delta: 0, total_bps: 0, retransmit_bps: 0, avg_delay_ms: 0, max_delay_ms: 0, nack: 0, fir: 0, pli: 0}
10-28 14:40:29.040 14248 14636 I rtcplatform: WebRTC INFO (7258): webrtc_video_engine.cc: [14636] (line 1771): Call stats: 170863644, {send_bw_bps: 99000, recv_bw_bps: 0, max_pad_bps: 0, pacer_delay_ms: 0, rtt_ms: -1}
10-28 14:40:29.044 14248 14619 W rtcplatform: WebRTC WARNING (7258): VideoSendStatsProcessor.cpp: [14619] (line 752): Camera capture is stalled.
10-28 14:40:29.405  2987  3356 I bluetooth-a2dp: system/bta/av/bta_av_api.cc:612 BTA_AvSetLatency: Set audio/video stream low latency bta_handle:65, is_low_latency:false
10-28 14:40:29.457  2987  3356 I bluetooth-a2dp: system/bta/av/bta_av_api.cc:612 BTA_AvSetLatency: Set audio/video stream low latency bta_handle:65, is_low_latency:false
10-28 14:40:29.473  2987  3356 I bluetooth-a2dp: system/bta/av/bta_av_api.cc:612 BTA_AvSetLatency: Set audio/video stream low latency bta_handle:65, is_low_latency:false
10-28 14:40:29.473  1646 14808 D MediaCodec: keep callback message for reclaim
10-28 14:40:29.474  1646 14809 I CCodecConfig: query failed after returning 21 values (BAD_INDEX)
10-28 14:40:29.518 14248 14248 W a.RawVideoMixer: type=1400 audit(0.0:56229): avc:  denied  { getattr } for  name="/" dev="dmabuf" ino=1 scontext=u:r:untrusted_app:s0:c45,c257,c512,c768 tcontext=u:object_r:unlabeled:s0 tclass=filesystem permissive=0 app=com.facebook.orca
10-28 14:40:30.082 14248 14453 I Hera.MediaQualityMonitor: [Hera.MediaQualityMonitorManager] streamId: 50, remoteNodeId: 50, streamType: VideoSender, duration: 0
10-28 14:40:30.083 14248 14453 I Hera.MediaQualityMonitor: [Hera.MediaQualityMonitorManager] streamId: 50, remoteNodeId: 50, streamType: VideoReceiver, duration: 21749
10-28 14:40:30.083 14248 14453 I Hera.MediaQualityMonitor: [Hera.MediaQualityMonitorManager] recv bitrate: 110731, recv fps: 14, dec fps: 14, dec time ms: 9, frz_dur: 4021, frz_cnt: 3, tp_frz_dur: 3483, tp_frz_cnt: 2, avg_qpx10: -1, avg_vid_tp_delay: 295, video_recv_tp_delay_high_duration: 442, video_recv_tp_delay_extreme_duration: 0, dec key frames: 0
10-28 14:40:30.173 14248 14453 I Hera.MediaQualityMonitor: [Hera.MediaQualityMonitorManager] streamId: 50, remoteNodeId: 50, streamType: VideoSender, duration: 0
10-28 14:40:30.174 14248 14453 I Hera.MediaQualityMonitor: [Hera.MediaQualityMonitorManager] streamId: 50, remoteNodeId: 50, streamType: VideoReceiver, duration: 21749
10-28 14:40:30.174 14248 14453 I Hera.MediaQualityMonitor: [Hera.MediaQualityMonitorManager] recv bitrate: 110731, recv fps: 14, dec fps: 14, dec time ms: 9, frz_dur: 4021, frz_cnt: 3, tp_frz_dur: 3483, tp_frz_cnt: 2, avg_qpx10: -1, avg_vid_tp_delay: 294, video_recv_tp_delay_high_duration: 442, video_recv_tp_delay_extreme_duration: 0, dec key frames: 0
10-28 14:40:30.485  2987  3490 D bluetooth: system/bta/le_audio/codec_manager.cc:571 IsUsingCodecExtensibility: Using codec extensibility AIDL: true
10-28 14:40:31.648  1646 14809 D CCodecBufferChannel: [c2.android.aac.decoder#911] buffers after EOS ignored (0 us)
10-28 14:40:32.501  2987  3356 I bluetooth-a2dp: system/bta/av/bta_av_api.cc:612 BTA_AvSetLatency: Set audio/video stream low latency bta_handle:65, is_low_latency:false
10-28 14:40:32.560  2987  3356 I bluetooth-a2dp: system/bta/av/bta_av_api.cc:612 BTA_AvSetLatency: Set audio/video stream low latency bta_handle:65, is_low_latency:false
10-28 14:40:32.571  2987  3356 I bluetooth-a2dp: system/bta/av/bta_av_api.cc:612 BTA_AvSetLatency: Set audio/video stream low latency bta_handle:65, is_low_latency:false
10-28 14:40:32.577  1646 14808 D MediaCodec: keep callback message for reclaim
10-28 14:40:32.578  1646 14809 I CCodecConfig: query failed after returning 21 values (BAD_INDEX)
10-28 14:40:32.658  2987 12580 D bluetooth: system/bta/le_audio/codec_manager.cc:571 IsUsingCodecExtensibility: Using codec extensibility AIDL: true
10-28 14:40:34.045 14248 14636 I rtcplatform: WebRTC INFO (7258): webrtc_video_engine.cc: [14636] (line 4271): VideoReceiveStreamInterface stats: 170868650, {ssrc: 4045238389, total_bps: 0, frameWidth: 0, frameHeight: 0, key: 0, delta: 0, framesAssembledFromMultiplePackets: 0, framesDecoded: 0, framesDropped: 0, network_fps: 0, decode_fps: 0, render_fps: 0, decode_ms: 0, max_decode_ms: 0, first_frame_received_to_decoded_ms: -1, current_delay_ms: 0, target_delay_ms: 0, jitter_delay_ms: 0, totalAssemblyTime: 0, jitterBufferDelay: 0, jitterBufferTargetDelay: 0, jitterBufferEmittedCount: 0, jitterBufferMinimumDelay: 0, totalDecodeTime: 0, totalProcessingDelay: 0, min_playout_delay_ms: 0, sync_offset_ms: 2147483647, cum_loss: 0, nackCount: 0, firCount: 0, pliCount: 0}
10-28 14:40:34.048 14248 14619 W rtcplatform: WebRTC WARNING (7258): VideoSendStatsProcessor.cpp: [14619] (line 752): Camera capture is stalled.
10-28 14:40:34.840  2987 12580 D bluetooth: system/bta/le_audio/codec_manager.cc:571 IsUsingCodecExtensibility: Using codec extensibility AIDL: true
10-28 14:40:35.002  1646 14809 D CCodecBufferChannel: [c2.android.aac.decoder#911] buffers after EOS ignored (0 us)
10-28 14:40:35.003  1646 14809 D CCodecBufferChannel: [c2.android.aac.decoder#911] buffers after EOS ignored (0 us)
10-28 14:40:35.003  1646 14809 D CCodecBufferChannel: [c2.android.aac.decoder#911] buffers after EOS ignored (0 us)
10-28 14:40:35.083 14248 14453 I Hera.MediaQualityMonitor: [Hera.MediaQualityMonitorManager] streamId: 50, remoteNodeId: 50, streamType: VideoSender, duration: 0
10-28 14:40:35.083 14248 14453 I Hera.MediaQualityMonitor: [Hera.MediaQualityMonitorManager] streamId: 50, remoteNodeId: 50, streamType: VideoReceiver, duration: 26745
10-28 14:40:35.083 14248 14453 I Hera.MediaQualityMonitor: [Hera.MediaQualityMonitorManager] recv bitrate: 77670, recv fps: 8, dec fps: 8, dec time ms: 9, frz_dur: 4021, frz_cnt: 3, tp_frz_dur: 3483, tp_frz_cnt: 2, avg_qpx10: -1, avg_vid_tp_delay: 267, video_recv_tp_delay_high_duration: 442, video_recv_tp_delay_extreme_duration: 0, dec key frames: 0
10-28 14:40:35.157 14248 14756 D Hera.NdkVideoDecoder: [Hera.VidRStrmIm] stopDecoding()
10-28 14:40:35.165 14248 14871 D CCodecBufferChannel: [c2.exynos.hevc.decoder#639] MediaCodec discarded an unknown buffer
10-28 14:40:35.165 14248 14871 D CCodecBufferChannel: [c2.exynos.hevc.decoder#639] MediaCodec discarded an unknown buffer
10-28 14:40:35.165 14248 14871 D CCodecBufferChannel: [c2.exynos.hevc.decoder#639] MediaCodec discarded an unknown buffer
10-28 14:40:35.165 14248 14871 D CCodecBufferChannel: [c2.exynos.hevc.decoder#639] MediaCodec discarded an unknown buffer
10-28 14:40:35.175 14248 14453 I Hera.MediaQualityMonitor: [Hera.MediaQualityMonitorManager] streamId: 50, remoteNodeId: 50, streamType: VideoSender, duration: 0
10-28 14:40:35.175 14248 14453 I Hera.MediaQualityMonitor: [Hera.MediaQualityMonitorManager] streamId: 50, remoteNodeId: 50, streamType: VideoReceiver, duration: 26745
10-28 14:40:35.175 14248 14453 I Hera.MediaQualityMonitor: [Hera.MediaQualityMonitorManager] recv bitrate: 77670, recv fps: 8, dec fps: 8, dec time ms: 9, frz_dur: 4021, frz_cnt: 3, tp_frz_dur: 3483, tp_frz_cnt: 2, avg_qpx10: -1, avg_vid_tp_delay: 266, video_recv_tp_delay_high_duration: 442, video_recv_tp_delay_extreme_duration: 0, dec key frames: 0
10-28 14:40:35.186 14248 14756 D Hera.NdkVideoDecoder: [Hera.VidRStrmIm] stopDecoding()
10-28 14:40:35.186 14248 14756 D Hera.NdkVideoDecoder: [Hera.VidRStrmIm] init() with mimeType = video/hevc, width x height = 216 x 384
10-28 14:40:35.188 14248 14756 D MediaCodecList: codecHandlesFormat: no format, so no extra checks
10-28 14:40:35.190 14248 14756 D MediaCodecList: codecHandlesFormat: no format, so no extra checks
10-28 14:40:35.194 14248 14901 D CCodec  : allocate(c2.exynos.hevc.decoder)
10-28 14:40:35.196 14248 14901 I CCodec  : setting up 'default' as default (vendor) store
10-28 14:40:35.204 14248 14901 I CCodec  : Created component [c2.exynos.hevc.decoder] for [c2.exynos.hevc.decoder]
10-28 14:40:35.205 14248 14901 D CCodecConfig: read media type: video/hevc
10-28 14:40:35.220 14248 14901 D CCodecConfig: ignoring local param raw.size (0xd2001800) as it is already supported
10-28 14:40:35.220 14248 14901 D CCodecConfig: ignoring local param default.color (0x5200180b) as it is already supported
10-28 14:40:35.220 14248 14901 D CCodecConfig: ignoring local param raw.hdr-static-info (0xd200180a) as it is already supported
10-28 14:40:35.221 14248 14901 I CCodecConfig: query failed after returning 16 values (BAD_INDEX)
10-28 14:40:35.222 14248 14901 D CCodecConfig: c2 config diff is Dict {
10-28 14:40:35.222 14248 14901 D CCodecConfig:   c2::u32 algo.low-latency.value = 0
10-28 14:40:35.222 14248 14901 D CCodecConfig:   c2::i32 algo.priority.value = 0
10-28 14:40:35.222 14248 14901 D CCodecConfig:   c2::float algo.rate.value = 0
10-28 14:40:35.222 14248 14901 D CCodecConfig:   c2::u32 coded.pl.level = 24584
10-28 14:40:35.222 14248 14901 D CCodecConfig:   c2::u32 coded.pl.profile = 24576
10-28 14:40:35.222 14248 14901 D CCodecConfig:   c2::u32 coded.vui.color.matrix = 0
10-28 14:40:35.222 14248 14901 D CCodecConfig:   c2::u32 coded.vui.color.primaries = 0
10-28 14:40:35.222 14248 14901 D CCodecConfig:   c2::u32 coded.vui.color.range = 0
10-28 14:40:35.222 14248 14901 D CCodecConfig:   c2::u32 coded.vui.color.transfer = 0
10-28 14:40:35.222 14248 14901 D CCodecConfig:   c2::u32 default.color.matrix = 0
10-28 14:40:35.222 14248 14901 D CCodecConfig:   c2::u32 default.color.primaries = 0
10-28 14:40:35.222 14248 14901 D CCodecConfig:   c2::u32 default.color.range = 0
10-28 14:40:35.222 14248 14901 D CCodecConfig:   c2::u32 default.color.transfer = 0
10-28 14:40:35.222 14248 14901 D CCodecConfig:   c2::u32 input.buffers.max-size.value = 7340032
10-28 14:40:35.222 14248 14901 D CCodecConfig:   string input.media-type.value = "video/hevc"
10-28 14:40:35.222 14248 14901 D CCodecConfig:   c2::u32 output.delay.value = 3
10-28 14:40:35.222 14248 14901 D CCodecConfig:   Buffer output.hdr-dynamic-info.data = {
10-28 14:40:35.222 14248 14901 D CCodecConfig:   }
10-28 14:40:35.222 14248 14901 D CCodecConfig:   c2::u32 output.hdr-dynamic-info.type = 1
10-28 14:40:35.222 14248 14901 D CCodecConfig:   string output.media-type.value = "video/raw"
10-28 14:40:35.222 14248 14901 D CCodecConfig:   c2::u32 raw.color.matrix = 0
10-28 14:40:35.222 14248 14901 D CCodecConfig:   c2::u32 raw.color.primaries = 0
10-28 14:40:35.222 14248 14901 D CCodecConfig:   c2::u32 raw.color.range = 0
10-28 14:40:35.222 14248 14901 D CCodecConfig:   c2::u32 raw.color.transfer = 0
10-28 14:40:35.222 14248 14901 D CCodecConfig:   c2::float raw.hdr-static-info.mastering.blue.x = 0
10-28 14:40:35.222 14248 14901 D CCodecConfig:   c2::float raw.hdr-static-info.mastering.blue.y = 0
10-28 14:40:35.222 14248 14901 D CCodecConfig:   c2::float raw.hdr-static-info.
10-28 14:40:35.224 14248 14756 I MediaCodec: media_quality service unavailable, skipping updatePictureProfile
10-28 14:40:35.225 14248 14900 I MediaCodec: [c2.exynos.hevc.decoder] setting surface generation to 14589958
10-28 14:40:35.225 14248 14901 D CCodec  : [c2.exynos.hevc.decoder] buffers are bound to CCodec for this session
10-28 14:40:35.226 14248 14901 D CCodecConfig: no c2 equivalents for native-window
10-28 14:40:35.226 14248 14901 D CCodecConfig: no c2 equivalents for native-window-generation
10-28 14:40:35.226 14248 14901 D CCodecConfig: no c2 equivalents for flags
10-28 14:40:35.227 14248 14901 D CCodecConfig: c2 config diff is   c2::u32 raw.size.height = 384
10-28 14:40:35.227 14248 14901 D CCodecConfig:   c2::u32 raw.size.width = 216
10-28 14:40:35.228 14248 14901 D CCodec  : encoding statistics level = 0
10-28 14:40:35.228 14248 14901 D CCodec  : setup formats input: AMessage(what = 0x00000000) = {
10-28 14:40:35.228 14248 14901 D CCodec  :   int32_t height = 384
10-28 14:40:35.228 14248 14901 D CCodec  :   int32_t level = 65536
10-28 14:40:35.228 14248 14901 D CCodec  :   int32_t max-input-size = 7340032
10-28 14:40:35.228 14248 14901 D CCodec  :   string mime = "video/hevc"
10-28 14:40:35.228 14248 14901 D CCodec  :   int32_t priority = 0
10-28 14:40:35.228 14248 14901 D CCodec  :   int32_t profile = 1
10-28 14:40:35.228 14248 14901 D CCodec  :   int32_t width = 216
10-28 14:40:35.228 14248 14901 D CCodec  :   Rect crop(0, 0, 215, 383)
10-28 14:40:35.228 14248 14901 D CCodec  : }
10-28 14:40:35.229 14248 14901 D CCodec  : setup formats output: AMessage(what = 0x00000000) = {
10-28 14:40:35.229 14248 14901 D CCodec  :   int32_t android._color-format = 2130708361
10-28 14:40:35.229 14248 14901 D CCodec  :   int32_t android._video-scaling = 1
10-28 14:40:35.229 14248 14901 D CCodec  :   int32_t android._dataspace = 259
10-28 14:40:35.229 14248 14901 D CCodec  :   int32_t color-standard = 4
10-28 14:40:35.229 14248 14901 D CCodec  :   int32_t color-range = 2
10-28 14:40:35.229 14248 14901 D CCodec  :   int32_t color-transfer = 3
10-28 14:40:35.229 14248 14901 D CCodec  :   int32_t sar-height = 1
10-28 14:40:35.229 14248 14901 D CCodec  :   int32_t rotation-degrees = 0
10-28 14:40:35.229 14248 14901 D CCodec  :   Buffer hdr-static-info = {
10-28 14:40:35.229 14248 14901 D CCodec  :     00000000:  00 00 00 00 00 00 00 00  00 00 00 00 00 00 00 00  ................
10-28 14:40:35.229 14248 14901 D CCodec  :     00000010:  00 00 00 00 00 00 00 00  00                       .........
10-28 14:40:35.229 14248 14901 D CCodec  :   }
10-28 14:40:35.229 14248 14901 D CCodec  :   int32_t sar-width = 1
10-28 14:40:35.229 14248 14901 D CCodec  :   Rect crop(0, 0, 215, 383)
10-28 14:40:35.229 14248 14901 D CCodec  :   int32_t width = 216
10-28 14:40:35.229 14248 14901 D CCodec  :   int32_t height = 384
10-28 14:40:35.229 14248 14901 D CCodec  :   int32_t max-height = 240
10-28 14:40:35.229 14248 14901 D CCodec  :   int32_t max-width = 320
10-28 14:40:35.229 14248 14901 D CCodec  :   string mime = "video/raw"
10-28 14:40:35.229 14248 14901 D CCodec  :   int32_t priority = 0
10-28 14:40:35.229 14248 14901 D CCodec  :   Buffer hdr10-plus-info = {
10-28 14:40:35.229 14248 14901 D CCodec  :   }
10-28 14:40:35.229 14248 14901 D CCodec  :   int32_t color-format = 2130708361
10-28 14:40:35.229 14248 14901 D CCodec  : }
10-28 14:40:35.229 14248 14901 I CCodecConfig: query failed after returning 16 values (BAD_INDEX)
10-28 14:40:35.229 14248 14901 D CCodecConfig: c2 config diff is   c2::u32 raw.max-size.height = 384
10-28 14:40:35.230 14248 14756 D Hera.NdkVideoDecoder: [Hera.VidRStrmIm] startDecoding()
10-28 14:40:35.234  1484 14903 D libexynosv4l2: try node: /dev/video6
10-28 14:40:35.234  1484 14903 I libexynosv4l2: node found for device s5p-mfc-dec: /dev/video6
10-28 14:40:35.235  1484 14903 I libexynosv4l2: open video device /dev/video6
10-28 14:40:35.240 14248 14901 D CCodecBufferChannel: [c2.exynos.hevc.decoder#30] Created input block pool with allocatorID 16 => poolID 23 - OK (0)
10-28 14:40:35.241 14248 14901 D Codec2Client: GraphicBufferAllocator created
10-28 14:40:35.242 14248 14901 I CCodecBufferChannel: [c2.exynos.hevc.decoder#30] Created output block pool with allocatorID 18 => poolID 544 - OK
10-28 14:40:35.242 14248 14901 D CCodecBufferChannel: [c2.exynos.hevc.decoder#30] Configured output block pool ids 544 => OK
10-28 14:40:35.242 14248 14901 D Codec2Client: setOutputSurface -- failed to set consumer usage (6/BAD_INDEX)
10-28 14:40:35.243 14248 14901 D Codec2Client: setOutputSurface -- generation=14589958 consumer usage=0x900
10-28 14:40:35.248 14248 14909 D Hera.NdkVideoDecoder: [Hera.VidRStrmIm] decoderLoop()
10-28 14:40:35.261  1484 14903 I ExynosVideoCodecDec-HevcDec: [updateResolution] resolution info : 224 x 384 (0, 0, 216, 384)
10-28 14:40:35.271 14248 14470 D CCodecBufferChannel: [c2.exynos.hevc.decoder#30] Ignoring stale input buffer done callback: last flush index = 0, frameIndex = 0
10-28 14:40:35.274 14248 14901 D CCodecConfig: c2 config diff is   c2::u32 raw.color.matrix = 1
10-28 14:40:35.274 14248 14901 D CCodecConfig:   c2::u32 raw.color.primaries = 1
10-28 14:40:35.274 14248 14901 D CCodecConfig:   c2::u32 raw.color.range = 2
10-28 14:40:35.274 14248 14901 D CCodecConfig:   c2::u32 raw.color.transfer = 3
10-28 14:40:35.274 14248 14901 D CCodecConfig:   c2::u32 raw.crop.height = 384
10-28 14:40:35.274 14248 14901 D CCodecConfig:   c2::u32 raw.crop.left = 0
10-28 14:40:35.274 14248 14901 D CCodecConfig:   c2::u32 raw.crop.top = 0
10-28 14:40:35.274 14248 14901 D CCodecConfig:   c2::u32 raw.crop.width = 216
10-28 14:40:35.274 14248 14901 D CCodecConfig:   c2::float raw.hdr-static-info.mastering.blue.x = 0.131
10-28 14:40:35.274 14248 14901 D CCodecConfig:   c2::float raw.hdr-static-info.mastering.blue.y = 0.046
10-28 14:40:35.274 14248 14901 D CCodecConfig:   c2::float raw.hdr-static-info.mastering.green.x = 0.17
10-28 14:40:35.274 14248 14901 D CCodecConfig:   c2::float raw.hdr-static-info.mastering.green.y = 0.797
10-28 14:40:35.274 14248 14901 D CCodecConfig:   c2::float raw.hdr-static-info.mastering.max-luminance = 1000
10-28 14:40:35.274 14248 14901 D CCodecConfig:   c2::float raw.hdr-static-info.mastering.red.x = 0.708
10-28 14:40:35.274 14248 14901 D CCodecConfig:   c2::float raw.hdr-static-info.mastering.red.y = 0.292
10-28 14:40:35.274 14248 14901 D CCodecConfig:   c2::float raw.hdr-static-info.mastering.white.x = 0.3127
10-28 14:40:35.274 14248 14901 D CCodecConfig:   c2::float raw.hdr-static-info.mastering.white.y = 0.329
10-28 14:40:35.274 14248 14901 D CCodecConfig:   c2::float raw.hdr-static-info.max-fall = 65536
10-28 14:40:35.274 14248 14901 D CCodecConfig:   c2::u32 raw.size.width = 224
10-28 14:40:35.275 14248 14901 D CCodecConfig: found invalid HDR static metadata AMessage(what = 0x00000000) = {
10-28 14:40:35.275 14248 14901 D CCodecConfig:           int32_t android._color-format = 2130708361
10-28 14:40:35.275 14248 14901 D CCodecConfig:           int32_t android._video-scaling = 1
10-28 14:40:35.275 14248 14901 D CCodecConfig:           float smpte2086.green.y = 0.797000
10-28 14:40:35.275 14248 14901 D CCodecConfig:           int32_t color-standard = 1
10-28 14:40:35.275 14248 14901 D CCodecConfig:           int32_t color-range = 2
10-28 14:40:35.275 14248 14901 D CCodecConfig:           int32_t color-transfer = 3
10-28 14:40:35.275 14248 14901 D CCodecConfig:           float smpte2086.red.y = 0.292000
10-28 14:40:35.275 14248 14901 D CCodecConfig:           int32_t width = 224
10-28 14:40:35.275 14248 14901 D CCodecConfig:           float smpte2086.white.y = 0.329000
10-28 14:40:35.275 14248 14901 D CCodecConfig:           float smpte2086.white.x = 0.312700
10-28 14:40:35.275 14248 14901 D CCodecConfig:           float cta861.max-cll = 0.000000
10-28 14:40:35.275 14248 14901 D CCodecConfig:           float cta861.max-fall = 65536.000000
10-28 14:40:35.275 14248 14901 D CCodecConfig:           float smpte2086.max-luminance = 1000.000000
10-28 14:40:35.275 14248 14901 D CCodecConfig:           float smpte2086.min-luminance = 0.000000
10-28 14:40:35.275 14248 14901 D CCodecConfig:           Rect crop(0, 0, 215, 383)
10-28 14:40:35.275 14248 14901 D CCodecConfig:           float smpte2086.red.x = 0.708000
10-28 14:40:35.275 14248 14901 D CCodecConfig:           int32_t height = 384
10-28 14:40:35.275 14248 14901 D CCodecConfig:           int32_t max-height = 384
10-28 14:40:35.275 14248 14901 D CCodecConfig:           int32_t max-width = 320
10-28 14:40:35.275 14248 14901 D CCodecConfig:           string mime = "video/raw"
10-28 14:40:35.275 14248 14901 D CCodecConfig:           Buffer output.hdr-dynamic-info.data = {
10-28 14:40:35.275 14248 14901 D CCodecConfig:           }
10-28 14:40:35.275 14248 14901 D CCodecConfig:           int32_t output.hdr-dynamic-info.type = 1
10-28 14:40:35.275 14248 14901 D CCodecConfig:           int32_t pri
10-28 14:40:35.275 14248 14901 D CCodecBuffers: [c2.exynos.hevc.decoder#30:2D-Output] popFromStashAndRegister: at 2149996255us, output format changed to AMessage(what = 0x00000000) = {
10-28 14:40:35.275 14248 14901 D CCodecBuffers:   int32_t android._color-format = 2130708361
10-28 14:40:35.275 14248 14901 D CCodecBuffers:   int32_t android._video-scaling = 1
10-28 14:40:35.275 14248 14901 D CCodecBuffers:   int32_t android._dataspace = 260
10-28 14:40:35.275 14248 14901 D CCodecBuffers:   int32_t color-standard = 1
10-28 14:40:35.275 14248 14901 D CCodecBuffers:   int32_t color-range = 2
10-28 14:40:35.275 14248 14901 D CCodecBuffers:   int32_t color-transfer = 3
10-28 14:40:35.275 14248 14901 D CCodecBuffers:   int32_t sar-height = 1
10-28 14:40:35.275 14248 14901 D CCodecBuffers:   int32_t rotation-degrees = 0
10-28 14:40:35.275 14248 14901 D CCodecBuffers:   Buffer hdr-static-info = {
10-28 14:40:35.275 14248 14901 D CCodecBuffers:     00000000:  00 00 00 00 00 00 00 00  00 00 00 00 00 00 00 00  ................
10-28 14:40:35.275 14248 14901 D CCodecBuffers:     00000010:  00 00 00 00 00 00 00 00  00                       .........
10-28 14:40:35.275 14248 14901 D CCodecBuffers:   }
10-28 14:40:35.275 14248 14901 D CCodecBuffers:   int32_t sar-width = 1
10-28 14:40:35.275 14248 14901 D CCodecBuffers:   Rect crop(0, 0, 215, 383)
10-28 14:40:35.275 14248 14901 D CCodecBuffers:   int32_t width = 224
10-28 14:40:35.275 14248 14901 D CCodecBuffers:   int32_t height = 384
10-28 14:40:35.275 14248 14901 D CCodecBuffers:   int32_t max-height = 384
10-28 14:40:35.275 14248 14901 D CCodecBuffers:   int32_t max-width = 320
10-28 14:40:35.275 14248 14901 D CCodecBuffers:   string mime = "video/raw"
10-28 14:40:35.275 14248 14901 D CCodecBuffers:   int32_t priority = 0
10-28 14:40:35.275 14248 14901 D CCodecBuffers:   Buffer hdr10-plus-info = {
10-28 14:40:35.275 14248 14901 D CCodecBuffers:   }
10-28 14:40:35.275 14248 14901 D CCodecBuffers:   int32_t color-format = 2130708361
10-28 14:40:35.275 14248 14901 D CCodecBuffers: }
