10-28 15:17:46.783  1447  2491 I Lyric   : sensor_generic_driver.cc:1959: BOITATA GetModeIndex requirement {size = {width: 1920, height: 1080}, frame_rate_range = [15, 30], request_binning_mode = false, request_pd_stream = false, only_config_logical_cam_stream = true, camera_id = [<recursive>], require_full_fov = false, is_high_frame_rate = false, crop_margin = 0, is_sibling_camera_participating = true, sub_image_count = 1, is_face_auth = false, is_video_mode = false, is_high_resolution_mode = false, is_arkaroo_enabled = false, is_roshi_enabled = false, is_specific_aspect_ratio_video = false, require_exact_size = false, force_sensor_mode_index = -1, is_multi_cam_usecase = true, raw_stream_usecase = 0, is_high_resolution_standalone_mode = false} required aspect ratio 1.77778 pick_transition_mode 1 require exact size 0
10-28 15:17:46.783  1447  2495 I Lyric   : sensor_generic_driver.cc:1959: SANDWORM GetModeIndex requirement {size = {width: 1920, height: 1080}, frame_rate_range = [15, 30], request_binning_mode = false, request_pd_stream = false, only_config_logical_cam_stream = true, camera_id = [<recursive>], require_full_fov = false, is_high_frame_rate = false, crop_margin = 0, is_sibling_camera_participating = false, sub_image_count = 1, is_face_auth = false, is_video_mode = false, is_high_resolution_mode = false, is_arkaroo_enabled = false, is_roshi_enabled = false, is_specific_aspect_ratio_video = false, require_exact_size = false, force_sensor_mode_index = -1, is_multi_cam_usecase = true, raw_stream_usecase = 0, is_high_resolution_standalone_mode = false} required aspect ratio 1.77778 pick_transition_mode 0 require exact size 0
10-28 15:17:46.783  1447  2485 I Lyric   : sensor_generic_driver.cc:1959: BOITATARM GetModeIndex requirement {size = {width: 1920, height: 1080}, frame_rate_range = [15, 30], request_binning_mode = false, request_pd_stream = false, only_config_logical_cam_stream = true, camera_id = [<recursive>], require_full_fov = false, is_high_frame_rate = false, crop_margin = 0, is_sibling_camera_participating = true, sub_image_count = 1, is_face_auth = false, is_video_mode = false, is_high_resolution_mode = false, is_arkaroo_enabled = false, is_roshi_enabled = false, is_specific_aspect_ratio_video = false, require_exact_size = false, force_sensor_mode_index = -1, is_multi_cam_usecase = true, raw_stream_usecase = 0, is_high_resolution_standalone_mode = false} required aspect ratio 1.77778 pick_transition_mode 0 require exact size 0
10-28 15:17:46.783  1447  2491 I Lyric   : eaf_node.cc:80: cam2_eaf: stream_id 32769, res 1280x720, pipeline_id 0, is_video_stream false
10-28 15:17:46.784  1447  2495 I Lyric   : eaf_node.cc:80: cam3_eaf: stream_id 32770, res 1280x720, pipeline_id 0, is_video_stream false
10-28 15:17:46.784  1447  2485 I Lyric   : eaf_node.cc:80: cam4_eaf: stream_id 32768, res 1280x720, pipeline_id 0, is_video_stream false
10-28 15:17:46.784  1447  2491 I Lyric   : zuma_isp_subgraph.cc:532: raw_to_yuv_for_snapshot_exceeding_video: Pipeline (ID: (instance_id: 489985), IPs: [ RawToYuv ], Max Outputs: 1, IPConnections: [ ], Usecase: Snapshot)
10-28 15:17:46.784  1447  2491 I Lyric   : zuma_isp_subgraph.cc:539: video_mesh_warp: Pipeline (ID: (instance_id: 489988), IPs: [ MeshWarp ], Max Outputs: 1, IPConnections: [ ], Usecase: Video)
10-28 15:17:46.784  1447  2491 I Lyric   : zuma_isp_subgraph.cc:541: mesh_warp_for_snapshot_exceeding_video: Pipeline (ID: (instance_id: 489989), IPs: [ MeshWarp ], Max Outputs: 1, IPConnections: [ ], Usecase: Snapshot)
10-28 15:17:46.784  1447  2495 I Lyric   : zuma_isp_subgraph.cc:532: raw_to_yuv_for_snapshot_exceeding_video: Pipeline (ID: (instance_id: 490003), IPs: [ RawToYuv ], Max Outputs: 1, IPConnections: [ ], Usecase: Snapshot)
10-28 15:17:46.784  1447  2491 I Lyric   : zuma_isp_subgraph.cc:551: video_scaler: Pipeline (ID: (instance_id: 489993), IPs: [ Scaler ], Max Outputs: 0, IPConnections: [ ], Usecase: Video)
10-28 15:17:46.784  1447  2491 I Lyric   : zuma_isp_subgraph.cc:553: scaler_for_snapshot_exceeding_video: Pipeline (ID: (instance_id: 489994), IPs: [ Scaler ], Max Outputs: 2, IPConnections: [ ], Usecase: Snapshot)
10-28 15:17:46.784  1447  2495 I Lyric   : zuma_isp_subgraph.cc:539: video_mesh_warp: Pipeline (ID: (instance_id: 490006), IPs: [ MeshWarp ], Max Outputs: 1, IPConnections: [ ], Usecase: Video)
10-28 15:17:46.784  1447  2495 I Lyric   : zuma_isp_subgraph.cc:541: mesh_warp_for_snapshot_exceeding_video: Pipeline (ID: (instance_id: 490007), IPs: [ MeshWarp ], Max Outputs: 1, IPConnections: [ ], Usecase: Snapshot)
10-28 15:17:46.784  1447  2485 I Lyric   : zuma_isp_subgraph.cc:532: raw_to_yuv_for_snapshot_exceeding_video: Pipeline (ID: (instance_id: 490021), IPs: [ RawToYuv ], Max Outputs: 1, IPConnections: [ ], Usecase: Snapshot)
10-28 15:17:46.784  1447  2495 I Lyric   : zuma_isp_subgraph.cc:551: video_scaler: Pipeline (ID: (instance_id: 490011), IPs: [ Scaler ], Max Outputs: 0, IPConnections: [ ], Usecase: Video)
10-28 15:17:46.784  1447  2485 I Lyric   : zuma_isp_subgraph.cc:539: video_mesh_warp: Pipeline (ID: (instance_id: 490024), IPs: [ MeshWarp ], Max Outputs: 1, IPConnections: [ ], Usecase: Video)
10-28 15:17:46.784  1447  2485 I Lyric   : zuma_isp_subgraph.cc:541: mesh_warp_for_snapshot_exceeding_video: Pipeline (ID: (instance_id: 490025), IPs: [ MeshWarp ], Max Outputs: 1, IPConnections: [ ], Usecase: Snapshot)
10-28 15:17:46.784  1447  2495 I Lyric   : zuma_isp_subgraph.cc:553: scaler_for_snapshot_exceeding_video: Pipeline (ID: (instance_id: 490012), IPs: [ Scaler ], Max Outputs: 2, IPConnections: [ ], Usecase: Snapshot)
10-28 15:17:46.784  1447  2485 I Lyric   : zuma_isp_subgraph.cc:551: video_scaler: Pipeline (ID: (instance_id: 490029), IPs: [ Scaler ], Max Outputs: 0, IPConnections: [ ], Usecase: Video)
10-28 15:17:46.784  1447  2485 I Lyric   : zuma_isp_subgraph.cc:553: scaler_for_snapshot_exceeding_video: Pipeline (ID: (instance_id: 490030), IPs: [ Scaler ], Max Outputs: 2, IPConnections: [ ], Usecase: Snapshot)
10-28 15:17:46.784  1447  2485 I Lyric   : whi_like_isp_back_end_core_subgraph.cc:933: RawToYuvNode for snapshot exceeding video is configured to output consumer type 2 fmt: HalImageFormat{ pixel_format = YCBCR_420_SPN_10B, stride_alignment = 64, num_buffers = 1 } for RearVirtual
10-28 15:17:46.784  1447  2495 I Lyric   : whi_like_isp_back_end_core_subgraph.cc:933: RawToYuvNode for snapshot exceeding video is configured to output consumer type 2 fmt: HalImageFormat{ pixel_format = YCBCR_420_SPN_10B, stride_alignment = 64, num_buffers = 1 } for RearWide
10-28 15:17:46.784  1447  2491 I Lyric   : whi_like_isp_back_end_core_subgraph.cc:933: RawToYuvNode for snapshot exceeding video is configured to output consumer type 2 fmt: HalImageFormat{ pixel_format = YCBCR_420_SPN_10B, stride_alignment = 64, num_buffers = 1 } for Rear
10-28 15:17:46.785  1447  2495 I Lyric   : generic_subgraph.cc:3459: camera_id = 3; is_front_camera = 0; is_1p_camera_app = 0; video_call = 0
10-28 15:17:46.785  1447  2485 I Lyric   : generic_subgraph.cc:3459: camera_id = 4; is_front_camera = 0; is_1p_camera_app = 0; video_call = 0
10-28 15:17:46.785  1447  2491 I Lyric   : generic_subgraph.cc:3459: camera_id = 2; is_front_camera = 0; is_1p_camera_app = 0; video_call = 0
10-28 15:17:46.796  1447  2492 I Lyric   : multicam_graph.cc:1366: number of video bokeh nodes connected to multicam routing node = 0
10-28 15:17:46.799  1447  2492 I Lyric   : graph_configuration.cc:374: {type: Streaminfo, stream_id: 32770, camera_id: RearWide, format: YCBCR_420_888, width: 1280, height: 720, usage: [HwTexture], stream_type: Output, use_case: Default, data_space: DataSpace(Color)::(Standard: BT709, Transfer: RGB, Range: Full), is_framework_physical_stream: 0, dynamic_range_profile: Standard, intended_for_max_resolution_mode: 0, group_id: -1, is_tunable: 1}
10-28 15:17:46.799  1447  2492 I Lyric   : graph_configuration.cc:374: {type: Streaminfo, stream_id: 32773, camera_id: RearWide, format: BLOB, width: 1920, height: 1080, usage: [], stream_type: Output, use_case: Default, data_space: DataSpace(Color)::(Standard: BT601_625, Transfer: SMPTE_170M, Range: Full), is_framework_physical_stream: 0, dynamic_range_profile: Standard, intended_for_max_resolution_mode: 0, group_id: -1, is_tunable: 1}
10-28 15:17:46.799  1447  2492 I Lyric   : graph_configuration.cc:374: {type: Streaminfo, stream_id: 32776, camera_id: RearWide, format: YCBCR_420_888, width: 1920, height: 1080, usage: [], stream_type: Output, use_case: Default, data_space: DataSpace(Custom)::Arbitrary, is_framework_physical_stream: 0, dynamic_range_profile: Standard, intended_for_max_resolution_mode: 0, group_id: -1, is_tunable: 1}
10-28 15:17:46.799  1447  2492 I Lyric   : graph_configuration.cc:374: {type: Streaminfo, stream_id: 32768, camera_id: RearVirtual, format: YCBCR_420_888, width: 1280, height: 720, usage: [HwTexture], stream_type: Output, use_case: Default, data_space: DataSpace(Color)::(Standard: BT709, Transfer: RGB, Range: Full), is_framework_physical_stream: 0, dynamic_range_profile: Standard, intended_for_max_resolution_mode: 0, group_id: -1, is_tunable: 1}
10-28 15:17:46.799  1447  2492 I Lyric   : graph_configuration.cc:374: {type: Streaminfo, stream_id: 32771, camera_id: RearVirtual, format: BLOB, width: 1920, height: 1080, usage: [], stream_type: Output, use_case: Default, data_space: DataSpace(Color)::(Standard: BT601_625, Transfer: SMPTE_170M, Range: Full), is_framework_physical_stream: 0, dynamic_range_profile: Standard, intended_for_max_resolution_mode: 0, group_id: -1, is_tunable: 1}
10-28 15:17:46.799  1447  2492 I Lyric   : graph_configuration.cc:374: {type: Streaminfo, stream_id: 32774, camera_id: RearVirtual, format: YCBCR_420_888, width: 1920, height: 1080, usage: [], stream_type: Output, use_case: Default, data_space: DataSpace(Custom)::Arbitrary, is_framework_physical_stream: 0, dynamic_range_profile: Standard, intended_for_max_resolution_mode: 0, group_id: -1, is_tunable: 1}
10-28 15:17:46.799  1447  2492 I Lyric   : graph_configuration.cc:374: {type: Streaminfo, stream_id: 32772, camera_id: Rear, format: BLOB, width: 1920, height: 1080, usage: [], stream_type: Output, use_case: Default, data_space: DataSpace(Color)::(Standard: BT601_625, Transfer: SMPTE_170M, Range: Full), is_framework_physical_stream: 0, dynamic_range_profile: Standard, intended_for_max_resolution_mode: 0, group_id: -1, is_tunable: 1}
10-28 15:17:46.799  1447  2492 I Lyric   : graph_configuration.cc:374: {type: Streaminfo, stream_id: 32769, camera_id: Rear, format: YCBCR_420_888, width: 1280, height: 720, usage: [HwTexture], stream_type: Output, use_case: Default, data_space: DataSpace(Color)::(Standard: BT709, Transfer: RGB, Range: Full), is_framework_physical_stream: 0, dynamic_range_profile: Standard, intended_for_max_resolution_mode: 0, group_id: -1, is_tunable: 1}
10-28 15:17:46.799  1447  2492 I Lyric   : graph_configuration.cc:374: {type: Streaminfo, stream_id: 32775, camera_id: Rear, format: YCBCR_420_888, width: 1920, height: 1080, usage: [], stream_type: Output, use_case: Default, data_space: DataSpace(Custom)::Arbitrary, is_framework_physical_stream: 0, dynamic_range_profile: Standard, intended_for_max_resolution_mode: 0, group_id: -1, is_tunable: 1}
10-28 15:17:46.802  1447 12524 I native  : I0000 00:00:1761679066.802523   12524 node_export.cc:193] CatNodeCreate(EspVideoNode) took 0.096029 ms
10-28 15:17:46.804  1447 29293 I native  : I0000 00:00:1761679066.804955   29293 llv_manager.cc:193] LLV DIMENSION: 1280x720
10-28 15:17:46.813  1447 29291 I native  : I0000 00:00:1761679066.813572   29291 brute_force_feature_matching.cc:49] Number of bins each image dimension is divided into: 5
10-28 15:17:46.815  1447 29291 I native  : I0000 00:00:1761679066.815146   29291 brute_force_feature_matching.cc:49] Number of bins each image dimension is divided into: 5
10-28 15:17:46.820  1447 29293 I native  : I0000 00:00:1761679066.820707   29293 noise_model.cc:372] Profile resolution 80 x 45
10-28 15:17:46.821  2042  2042 W fb4a.BloksPrivacySelectorFetchQpl: markerPoint is called unexpectedly with render location: LIVE_VIDEO_BROADCAST
10-28 15:17:46.821  2042  2042 W fb4a.BloksPrivacySelectorFetchQpl: success is called unexpectedly with render location: LIVE_VIDEO_BROADCAST
10-28 15:17:46.830  1447  1909 I G3ACoordinator: ae_session_config_parser_lyric.cc:201: ispfe_raw_input_resolution [width:4080, height:3072]
10-28 15:17:46.839  1447  1911 I G3ACoordinator: ae_session_config_parser_lyric.cc:201: ispfe_raw_input_resolution [width:4080, height:3072]
10-28 15:17:46.849  1447  1911 I G3ACoordinator: ae_session_config_parser_lyric.cc:201: ispfe_raw_input_resolution [width:4032, height:2272]
10-28 15:17:47.036  1447  2491 I Lyric   : scaler_node.cc:1017: The 0th output HalPixelFormat for cam2_preview_scaler YCBCR_420_888 resolution: 1280x720
10-28 15:17:47.036  1447  2491 I Lyric   : scaler_node.cc:1017: The 1th output HalPixelFormat for cam2_preview_scaler YCBCR_420_888 resolution: 1920x1080
10-28 15:17:47.039  1447  2495 E native  : E0000 00:00:1761679067.039881    2495 llv_node.cc:1311] Dimension is not expected! width = 1280, height = 720, stride_pixels = 1280, stride_bytes = 1280, width_uv = 640, height_uv = 360, stride_uv_pixels = 640, stride_uv_bytes = 1280
10-28 15:17:47.257  2987  3356 I bluetooth-a2dp: system/bta/av/bta_av_api.cc:612 BTA_AvSetLatency: Set audio/video stream low latency bta_handle:65, is_low_latency:false
10-28 15:17:47.350  2828  2828 D MediaRouter: onRestoreRoute() : route=RouteInfo{ name=RB Meta 000X, description=Bluetooth audio, status=null, category=RouteCategory{ name=System types=ROUTE_TYPE_LIVE_AUDIO ROUTE_TYPE_LIVE_VIDEO  groupable=false }, supportedTypes=ROUTE_TYPE_LIVE_AUDIO , presentationDisplay=null }
10-28 15:17:47.350  2828  2828 V MediaRouter: Selecting route: RouteInfo{ name=RB Meta 000X, description=Bluetooth audio, status=null, category=RouteCategory{ name=System types=ROUTE_TYPE_LIVE_AUDIO ROUTE_TYPE_LIVE_VIDEO  groupable=false }, supportedTypes=ROUTE_TYPE_LIVE_AUDIO , presentationDisplay=null }
10-28 15:17:47.352  1646 29398 D CCodec  : allocate(c2.android.vorbis.decoder)
10-28 15:17:47.353  1646 29398 I CCodec  : setting up 'default' as default (vendor) store
10-28 15:17:47.359  1646 29398 I CCodec  : Created component [c2.android.vorbis.decoder] for [c2.android.vorbis.decoder]
10-28 15:17:47.360  1646 29398 D CCodecConfig: read media type: audio/vorbis
10-28 15:17:47.366  1646 29398 I CCodecConfig: query failed after returning 8 values (BAD_INDEX)
10-28 15:17:47.366  1646 29398 D CCodecConfig: c2 config diff is Dict {
10-28 15:17:47.366  1646 29398 D CCodecConfig:   c2::u32 coded.bitrate.value = 64000
10-28 15:17:47.366  1646 29398 D CCodecConfig:   c2::u32 input.buffers.max-size.value = 32768
10-28 15:17:47.366  1646 29398 D CCodecConfig:   c2::u32 input.delay.value = 0
10-28 15:17:47.366  1646 29398 D CCodecConfig:   string input.media-type.value = "audio/vorbis"
10-28 15:17:47.366  1646 29398 D CCodecConfig:   c2::u32 output.large-frame.max-size = 0
10-28 15:17:47.366  1646 29398 D CCodecConfig:   c2::u32 output.large-frame.threshold-size = 0
10-28 15:17:47.366  1646 29398 D CCodecConfig:   string output.media-type.value = "audio/raw"
10-28 15:17:47.366  1646 29398 D CCodecConfig:   c2::u32 raw.channel-count.value = 1
10-28 15:17:47.366  1646 29398 D CCodecConfig:   c2::u32 raw.sample-rate.value = 48000
10-28 15:17:47.366  1646 29398 D CCodecConfig: }
10-28 15:17:47.367  1646 29397 I MediaCodec: media_quality service unavailable, skipping updatePictureProfile
10-28 15:17:47.367  1646 29398 D CCodec  : [c2.android.vorbis.decoder] buffers are bound to CCodec for this session
10-28 15:17:47.367  1646 29398 D CCodecConfig: no c2 equivalents for durationUs
10-28 15:17:47.367  1646 29398 D CCodecConfig: no c2 equivalents for csd-1
10-28 15:17:47.367  1646 29398 D CCodecConfig: no c2 equivalents for flags
10-28 15:17:47.368  1646 29398 D CCodecConfig: c2 config diff is   c2::u32 coded.bitrate.value = 120000
10-28 15:17:47.368  1646 29398 D CCodec  : encoding statistics level = 0
10-28 15:17:47.368  1646 29398 D CCodec  : setup formats input: AMessage(what = 0x00000000) = {
10-28 15:17:47.368  1646 29398 D CCodec  :   int32_t bitrate = 120000
10-28 15:17:47.368  1646 29398 D CCodec  :   int32_t channel-count = 1
10-28 15:17:47.368  1646 29398 D CCodec  :   int32_t max-input-size = 32768
10-28 15:17:47.368  1646 29398 D CCodec  :   string mime = "audio/vorbis"
10-28 15:17:47.368  1646 29398 D CCodec  :   int32_t sample-rate = 48000
10-28 15:17:47.368  1646 29398 D CCodec  : }
10-28 15:17:47.368  1646 29398 D CCodec  : setup formats output: AMessage(what = 0x00000000) = {
10-28 15:17:47.368  1646 29398 D CCodec  :   int32_t buffer-batch-max-output-size = 0
10-28 15:17:47.368  1646 29398 D CCodec  :   int32_t buffer-batch-threshold-output-size = 0
10-28 15:17:47.368  1646 29398 D CCodec  :   int32_t channel-count = 1
10-28 15:17:47.368  1646 29398 D CCodec  :   string mime = "audio/raw"
10-28 15:17:47.368  1646 29398 D CCodec  :   int32_t sample-rate = 48000
10-28 15:17:47.368  1646 29398 D CCodec  :   int32_t channel-mask = 1
10-28 15:17:47.368  1646 29398 D CCodec  :   int32_t android._config-pcm-encoding = 2
10-28 15:17:47.368  1646 29398 D CCodec  : }
10-28 15:17:47.368  1646 29398 I CCodecConfig: query failed after returning 8 values (BAD_INDEX)
10-28 15:17:47.369  1646 29398 I MediaCodec: MediaCodec will operate in async mode
10-28 15:17:47.369  1646 29397 D MediaCodec: keep callback message for reclaim
10-28 15:17:47.370  1646 29398 D CCodecBufferChannel: [c2.android.vorbis.decoder#384] Created input block pool with allocatorID 16 => poolID 154 - OK (0)
10-28 15:17:47.371  1646 29398 I CCodecBufferChannel: [c2.android.vorbis.decoder#384] Created output block pool with allocatorID 16 => poolID 2114 - OK
10-28 15:17:47.372  1646 29398 D CCodecBufferChannel: [c2.android.vorbis.decoder#384] Configured output block pool ids 2114 => OK
10-28 15:17:47.372  1664  2624 E Codec2-ComponentInterface: We have a failed config
10-28 15:17:47.380  1664 29399 W mediaswcodec: AIBinder_linkToDeath is being called with a non-null cookie and no onUnlink callback set. This might not be intended. AIBinder_DeathRecipient_setOnUnlinked should be called first.
10-28 15:17:47.436  2987  3356 I bluetooth-a2dp: system/bta/av/bta_av_api.cc:612 BTA_AvSetLatency: Set audio/video stream low latency bta_handle:65, is_low_latency:false
10-28 15:17:47.449  2987  3356 I bluetooth-a2dp: system/bta/av/bta_av_api.cc:612 BTA_AvSetLatency: Set audio/video stream low latency bta_handle:65, is_low_latency:false
10-28 15:17:47.481  2987  3356 I bluetooth-a2dp: system/bta/av/bta_av_api.cc:612 BTA_AvSetLatency: Set audio/video stream low latency bta_handle:65, is_low_latency:false
10-28 15:17:47.733 29257 29338 W VideoFrameReleaseHelper: Vsync sampling disabled due to platform error
10-28 15:17:47.733 29257 29338 W VideoFrameReleaseHelper:   java.lang.IllegalStateException: The current thread must have a looper!
10-28 15:17:47.733 29257 29338 W VideoFrameReleaseHelper:       at android.view.Choreographer$1.initialValue(Choreographer.java:119)
10-28 15:17:47.733 29257 29338 W VideoFrameReleaseHelper:       at android.view.Choreographer$1.initialValue(Choreographer.java:114)
10-28 15:17:47.733 29257 29338 W VideoFrameReleaseHelper:       at java.lang.ThreadLocal.setInitialValue(ThreadLocal.java:195)
10-28 15:17:47.733 29257 29338 W VideoFrameReleaseHelper:       at java.lang.ThreadLocal.get(ThreadLocal.java:172)
10-28 15:17:47.733 29257 29338 W VideoFrameReleaseHelper:       at android.view.Choreographer.getInstance(Choreographer.java:370)
10-28 15:17:47.733 29257 29338 W VideoFrameReleaseHelper:       at dko.<init>(PG:25)
10-28 15:17:47.733 29257 29338 W VideoFrameReleaseHelper:       at dkj.<init>(PG:10)
10-28 15:17:47.733 29257 29338 W VideoFrameReleaseHelper:       at djs.<init>(PG:55)
10-28 15:17:47.733 29257 29338 W VideoFrameReleaseHelper:       at aizc.<init>(PG:64)
10-28 15:17:47.733 29257 29338 W VideoFrameReleaseHelper:       at aiyh.ph(PG:10)
10-28 15:17:47.733 29257 29338 W VideoFrameReleaseHelper:       at cut.<init>(PG:130)
10-28 15:17:47.733 29257 29338 W VideoFrameReleaseHelper:       at cub.a(PG:12)
10-28 15:17:47.733 29257 29338 W VideoFrameReleaseHelper:       at ajhc.a(PG:252)
10-28 15:17:47.733 29257 29338 W VideoFrameReleaseHelper:       at aiyh.<init>(PG:41)
10-28 15:17:47.733 29257 29338 W VideoFrameReleaseHelper:       at aifk.v(PG:11)
10-28 15:17:47.733 29257 29338 W VideoFrameReleaseHelper:       at hdw.i(PG:864)
10-28 15:17:47.733 29257 29338 W VideoFrameReleaseHelper:       at hdw.mb(PG:71)
10-28 15:17:47.733 29257 29338 W VideoFrameReleaseHelper:       at biyu.d(PG:10)
10-28 15:17:47.733 29257 29338 W VideoFrameReleaseHelper:       at biyu.mb(PG:7)
10-28 15:17:47.733 29257 29338 W VideoFrameReleaseHelper:       at hfo.run(PG:116)
10-28 15:17:47.733 29257 29338 W VideoFrameReleaseHelper:       at abir.run(PG:37)
10-28 15:17:47.733 29257 29338 W VideoFrameReleaseHelper:       at aqns.run(PG:21)
10-28 15:17:47.733 29257 29338 W VideoFrameReleaseHelper:       at arrs.run(PG:44)
10-28 15:17:47.733 29257 29338 W VideoFrameReleaseHelper:       at rfb.run(PG:84)
10-28 15:17:47.733 29257 29338 W VideoFrameReleaseHelper:       at java.lang.Thread.run(Thread.java:1119)
10-28 15:17:47.733 29257 29338 W VideoFrameReleaseHelper:       at sey.run(PG:61)
10-28 15:17:47.735 29257 29338 W VideoFrameReleaseHelper: Vsync sampling disabled due to platform error
10-28 15:17:47.735 29257 29338 W VideoFrameReleaseHelper:   java.lang.IllegalStateException: The current thread must have a looper!
10-28 15:17:47.735 29257 29338 W VideoFrameReleaseHelper:       at android.view.Choreographer$1.initialValue(Choreographer.java:119)
10-28 15:17:47.735 29257 29338 W VideoFrameReleaseHelper:       at android.view.Choreographer$1.initialValue(Choreographer.java:114)
10-28 15:17:47.735 29257 29338 W VideoFrameReleaseHelper:       at java.lang.ThreadLocal.setInitialValue(ThreadLocal.java:195)
10-28 15:17:47.735 29257 29338 W VideoFrameReleaseHelper:       at java.lang.ThreadLocal.get(ThreadLocal.java:172)
10-28 15:17:47.735 29257 29338 W VideoFrameReleaseHelper:       at android.view.Choreographer.getInstance(Choreographer.java:370)
10-28 15:17:47.735 29257 29338 W VideoFrameReleaseHelper:       at dko.<init>(PG:25)
10-28 15:17:47.735 29257 29338 W VideoFrameReleaseHelper:       at dkj.<init>(PG:10)
10-28 15:17:47.735 29257 29338 W VideoFrameReleaseHelper:       at pxo.<init>(PG:130)
10-28 15:17:47.735 29257 29338 W VideoFrameReleaseHelper:       at pxp.<init>(PG:86)
10-28 15:17:47.735 29257 29338 W VideoFrameReleaseHelper:       at aiyh.ph(PG:51)
10-28 15:17:47.735 29257 29338 W VideoFrameReleaseHelper:       at cut.<init>(PG:130)
10-28 15:17:47.735 29257 29338 W VideoFrameReleaseHelper:       at cub.a(PG:12)
10-28 15:17:47.735 29257 29338 W VideoFrameReleaseHelper:       at ajhc.a(PG:252)
10-28 15:17:47.735 29257 29338 W VideoFrameReleaseHelper:       at aiyh.<init>(PG:41)
10-28 15:17:47.735 29257 29338 W VideoFrameReleaseHelper:       at aifk.v(PG:11)
10-28 15:17:47.735 29257 29338 W VideoFrameReleaseHelper:       at hdw.i(PG:864)
10-28 15:17:47.735 29257 29338 W VideoFrameReleaseHelper:       at hdw.mb(PG:71)
10-28 15:17:47.735 29257 29338 W VideoFrameReleaseHelper:       at biyu.d(PG:10)
10-28 15:17:47.735 29257 29338 W VideoFrameReleaseHelper:       at biyu.mb(PG:7)
10-28 15:17:47.735 29257 29338 W VideoFrameReleaseHelper:       at hfo.run(PG:116)
10-28 15:17:47.735 29257 29338 W VideoFrameReleaseHelper:       at abir.run(PG:37)
10-28 15:17:47.735 29257 29338 W VideoFrameReleaseHelper:       at aqns.run(PG:21)
10-28 15:17:47.735 29257 29338 W VideoFrameReleaseHelper:       at arrs.run(PG:44)
10-28 15:17:47.735 29257 29338 W VideoFrameReleaseHelper:       at rfb.run(PG:84)
10-28 15:17:47.735 29257 29338 W VideoFrameReleaseHelper:       at java.lang.Thread.run(Thread.java:1119)
10-28 15:17:47.735 29257 29338 W VideoFrameReleaseHelper:       at sey.run(PG:61)
10-28 15:17:48.004  1646 29398 D CCodecBufferChannel: [c2.android.vorbis.decoder#384] buffers after EOS ignored (0 us)
10-28 15:17:48.040  8971  9330 E msys    : E[C mem.context]_LogConnectFailure(4993)=>[Happy Eyeball] Connect failed with source=1, winner stream ip=31.13.71.175, port=5222, dnsResolutionMethod=1, combined_ip_addresses=31.13.71.175
10-28 15:17:48.043  8971  9296 E msys    : E[N mns]_OnDiskCacheGetData(632)=>Start post callback cache refresh DNS resolution
10-28 15:17:48.469  2987 27236 D bluetooth: system/bta/le_audio/codec_manager.cc:571 IsUsingCodecExtensibility: Using codec extensibility AIDL: true
10-28 15:17:48.477  8971  9066 E msys    : E[N mns]_OnDiskCacheGetData(632)=>Start post callback cache refresh DNS resolution
10-28 15:17:48.676  8971  9066 E msys    : E[N mns]_OnDiskCacheGetData(632)=>Start post callback cache refresh DNS resolution
10-28 15:17:49.052  2987  3356 I bluetooth-a2dp: system/bta/av/bta_av_api.cc:612 BTA_AvSetLatency: Set audio/video stream low latency bta_handle:65, is_low_latency:false
10-28 15:17:50.443  2042  7617 D CCodecBufferChannel: [c2.android.hevc.decoder#798] MediaCodec discarded an unknown buffer
10-28 15:17:50.444  2042  7617 D CCodecBufferChannel: [c2.android.hevc.decoder#798] MediaCodec discarded an unknown buffer
10-28 15:17:50.444  2042  7617 D CCodecBufferChannel: [c2.android.hevc.decoder#798] MediaCodec discarded an unknown buffer
10-28 15:17:50.466  2042  7618 D CCodec  : allocate(c2.android.hevc.decoder)
10-28 15:17:50.470  2042  7618 I CCodec  : setting up 'default' as default (vendor) store
10-28 15:17:50.485  2042  7618 I CCodec  : Created component [c2.android.hevc.decoder] for [c2.android.hevc.decoder]
10-28 15:17:50.485  2042  7618 D CCodecConfig: read media type: video/hevc
10-28 15:17:50.497  2042  7618 D CCodecConfig: ignoring local param raw.size (0xd2001800) as it is already supported
10-28 15:17:50.497  2042  7618 D CCodecConfig: ignoring local param default.color (0x5200180b) as it is already supported
10-28 15:17:50.499  2042  7618 I CCodecConfig: query failed after returning 12 values (BAD_INDEX)
10-28 15:17:50.499  2042  7618 D CCodecConfig: c2 config diff is Dict {
10-28 15:17:50.499  2042  7618 D CCodecConfig:   c2::u32 coded.pl.level = 24584
10-28 15:17:50.499  2042  7618 D CCodecConfig:   c2::u32 coded.pl.profile = 24576
10-28 15:17:50.499  2042  7618 D CCodecConfig:   c2::u32 coded.vui.color.matrix = 0
10-28 15:17:50.499  2042  7618 D CCodecConfig:   c2::u32 coded.vui.color.primaries = 0
10-28 15:17:50.499  2042  7618 D CCodecConfig:   c2::u32 coded.vui.color.range = 2
10-28 15:17:50.499  2042  7618 D CCodecConfig:   c2::u32 coded.vui.color.transfer = 0
10-28 15:17:50.499  2042  7618 D CCodecConfig:   c2::u32 default.color.matrix = 0
10-28 15:17:50.499  2042  7618 D CCodecConfig:   c2::u32 default.color.primaries = 0
10-28 15:17:50.499  2042  7618 D CCodecConfig:   c2::u32 default.color.range = 0
10-28 15:17:50.499  2042  7618 D CCodecConfig:   c2::u32 default.color.transfer = 0
10-28 15:17:50.499  2042  7618 D CCodecConfig:   c2::u32 input.buffers.max-size.value = 2097152
10-28 15:17:50.499  2042  7618 D CCodecConfig:   c2::u32 input.delay.value = 0
10-28 15:17:50.499  2042  7618 D CCodecConfig:   string input.media-type.value = "video/hevc"
10-28 15:17:50.499  2042  7618 D CCodecConfig:   c2::u32 output.delay.value = 8
10-28 15:17:50.499  2042  7618 D CCodecConfig:   string output.media-type.value = "video/raw"
10-28 15:17:50.499  2042  7618 D CCodecConfig:   c2::u32 raw.color.matrix = 0
10-28 15:17:50.499  2042  7618 D CCodecConfig:   c2::u32 raw.color.primaries = 0
10-28 15:17:50.499  2042  7618 D CCodecConfig:   c2::u32 raw.color.range = 2
10-28 15:17:50.499  2042  7618 D CCodecConfig:   c2::u32 raw.color.transfer = 0
10-28 15:17:50.499  2042  7618 D CCodecConfig:   c2::u32 raw.max-size.height = 240
10-28 15:17:50.499  2042  7618 D CCodecConfig:   c2::u32 raw.max-size.width = 320
10-28 15:17:50.499  2042  7618 D CCodecConfig:   c2::u32 raw.pixel-format.value = 35
10-28 15:17:50.499  2042  7618 D CCodecConfig:   c2::i32 raw.rotation.flip = 0
10-28 15:17:50.499  2042  7618 D CCodecConfig:   c2::i32 raw.rotation.value = 0
10-28 15:17:50.499  2042  7618 D CCodecConfig:   c2::u32 raw.sar.height = 1
10-28 15:17:50.499  2042  7618 D CCodecConfig:   c2::u32 raw.sar.width = 1
10-28 15:17:50.499  2042  7618 D CCodecConfig:   c2::u32 raw.size.height = 240
10-28 15:17:50.499  2042  7618 D CCodecConfig:   c2::u32 raw.size.width = 320
10-28 15:17:50.499  2042  7618 D CCodecConfig:   c2
10-28 15:17:50.509  2042 29238 I MediaCodec: media_quality service unavailable, skipping updatePictureProfile
10-28 15:17:50.512  2042  7617 I MediaCodec: [c2.android.hevc.decoder] setting surface generation to 2091036
10-28 15:17:50.512  2042  7618 D CCodec  : [c2.android.hevc.decoder] buffers are bound to CCodec for this session
10-28 15:17:50.512  2042  7618 D CCodecConfig: no c2 equivalents for color-format
10-28 15:17:50.512  2042  7618 D CCodecConfig: no c2 equivalents for native-window
10-28 15:17:50.512  2042  7618 D CCodecConfig: no c2 equivalents for native-window-generation
10-28 15:17:50.512  2042  7618 D CCodecConfig: no c2 equivalents for flags
10-28 15:17:50.514  2042  7618 D CCodecConfig: c2 config diff is   c2::u32 raw.size.height = 1280
10-28 15:17:50.514  2042  7618 D CCodecConfig:   c2::u32 raw.size.width = 720
10-28 15:17:50.515  2042  7618 D CCodec  : encoding statistics level = 0
10-28 15:17:50.515  2042  7618 D CCodec  : setup formats input: AMessage(what = 0x00000000) = {
10-28 15:17:50.515  2042  7618 D CCodec  :   int32_t height = 1280
10-28 15:17:50.515  2042  7618 D CCodec  :   int32_t level = 65536
10-28 15:17:50.515  2042  7618 D CCodec  :   int32_t max-input-size = 2097152
10-28 15:17:50.515  2042  7618 D CCodec  :   string mime = "video/hevc"
10-28 15:17:50.515  2042  7618 D CCodec  :   int32_t profile = 1
10-28 15:17:50.515  2042  7618 D CCodec  :   int32_t width = 720
10-28 15:17:50.515  2042  7618 D CCodec  :   Rect crop(0, 0, 719, 1279)
10-28 15:17:50.515  2042  7618 D CCodec  : }
10-28 15:17:50.515  2042  7618 D CCodec  : setup formats output: AMessage(what = 0x00000000) = {
10-28 15:17:50.515  2042  7618 D CCodec  :   int32_t android._color-format = 2135033992
10-28 15:17:50.515  2042  7618 D CCodec  :   int32_t android._video-scaling = 1
10-28 15:17:50.515  2042  7618 D CCodec  :   int32_t rotation-degrees = 0
10-28 15:17:50.515  2042  7618 D CCodec  :   int32_t color-standard = 1
10-28 15:17:50.515  2042  7618 D CCodec  :   int32_t color-range = 2
10-28 15:17:50.515  2042  7618 D CCodec  :   int32_t color-transfer = 3
10-28 15:17:50.515  2042  7618 D CCodec  :   int32_t sar-height = 1
10-28 15:17:50.515  2042  7618 D CCodec  :   int32_t sar-width = 1
10-28 15:17:50.515  2042  7618 D CCodec  :   Rect crop(0, 0, 719, 1279)
10-28 15:17:50.515  2042  7618 D CCodec  :   int32_t width = 720
10-28 15:17:50.515  2042  7618 D CCodec  :   int32_t height = 1280
10-28 15:17:50.515  2042  7618 D CCodec  :   int32_t max-height = 240
10-28 15:17:50.515  2042  7618 D CCodec  :   int32_t max-width = 320
10-28 15:17:50.515  2042  7618 D CCodec  :   string mime = "video/raw"
10-28 15:17:50.515  2042  7618 D CCodec  :   int32_t android._dataspace = 260
10-28 15:17:50.515  2042  7618 D CCodec  :   int32_t color-format = 2135033992
10-28 15:17:50.515  2042  7618 D CCodec  : }
10-28 15:17:50.516  2042  7618 I CCodecConfig: query failed after returning 12 values (BAD_INDEX)
10-28 15:17:50.516  2042  7618 D CCodecConfig: c2 config diff is   c2::u32 raw.max-size.height = 1280
10-28 15:17:50.516  2042  7618 D CCodecConfig:   c2::u32 raw.max-size.width = 720
10-28 15:17:50.518  2042  7617 I MediaCodec: MediaCodec will operate in async mode
10-28 15:17:50.521  2042 29238 D MediaCodec: keep callback message for reclaim
10-28 15:17:50.526  2042  7618 D CCodecBufferChannel: [c2.android.hevc.decoder#798] Created input block pool with allocatorID 16 => poolID 95 - OK (0)
10-28 15:17:50.526  2042  7618 D CCodecBufferChannel: [c2.android.hevc.decoder#798] Query output surface allocator returned 0 params => BAD_INDEX (6)
10-28 15:17:50.526  2042  7618 D Codec2Client: GraphicBufferAllocator created
10-28 15:17:50.528  2042  7618 I CCodecBufferChannel: [c2.android.hevc.decoder#798] Created output block pool with allocatorID 18 => poolID 2115 - OK
10-28 15:17:50.528  2042  7618 D CCodecBufferChannel: [c2.android.hevc.decoder#798] Configured output block pool ids 2115 => OK
10-28 15:17:50.528  2042  7618 D Codec2Client: setOutputSurface -- failed to set consumer usage (6/BAD_INDEX)
10-28 15:17:50.528  2042  7618 D Codec2Client: setOutputSurface -- generation=2091036 consumer usage=0x900
10-28 15:17:50.547  2042  7618 D CCodecConfig: c2 config diff is   c2::u32 output.delay.value = 0
10-28 15:17:50.610  2987 27236 D bluetooth: system/bta/le_audio/codec_manager.cc:571 IsUsingCodecExtensibility: Using codec extensibility AIDL: true
10-28 15:17:50.664  8971  9066 E msys    : E[N mns]_OnDiskCacheGetData(632)=>Start post callback cache refresh DNS resolution
10-28 15:17:50.712  2042  7618 D CCodecConfig: c2 config diff is   c2::u32 raw.color.matrix = 1
10-28 15:17:50.712  2042  7618 D CCodecConfig:   c2::u32 raw.color.primaries = 1
10-28 15:17:50.712  2042  7618 D CCodecConfig:   c2::u32 raw.color.transfer = 3
10-28 15:17:50.712  2042  7618 D CCodecConfig:   c2::u32 raw.crop.height = 1280
10-28 15:17:50.712  2042  7618 D CCodecConfig:   c2::u32 raw.crop.left = 0
10-28 15:17:50.712  2042  7618 D CCodecConfig:   c2::u32 raw.crop.top = 0
10-28 15:17:50.712  2042  7618 D CCodecConfig:   c2::u32 raw.crop.width = 720
10-28 15:17:50.761  8971  9591 W HeroManager: 	Codec: vp09.00.21.08.00.01.01.01.00
10-28 15:17:50.761  8971  9591 W HeroManager: 	renderMode: AUDIO_VIDEO
10-28 15:17:50.763  8971  9591 W HeroManager: 	Codec: vp09.00.21.08.01.02.02.01.00
10-28 15:17:50.763  8971  9591 W HeroManager: 	renderMode: AUDIO_VIDEO
10-28 15:17:50.773  8971  9591 W HeroManager: 	Codec: avc1.64001f
10-28 15:17:50.773  8971  9591 W HeroManager: 	renderMode: AUDIO_VIDEO
10-28 15:17:50.774  8971  9591 W HeroManager: 	Codec: vp09.00.21.08.00.01.01.01.00
10-28 15:17:50.774  8971  9591 W HeroManager: 	renderMode: AUDIO_VIDEO
10-28 15:17:50.864  8971  9066 E msys    : E[N mns]_OnDiskCacheGetData(632)=>Start post callback cache refresh DNS resolution
10-28 15:17:51.026  1447 12524 I Lyric   : camera_powerhal_impl.cc:202: CancelPowerBoost CAMERA_VIDEO_RECORDING
10-28 15:17:52.196  2042  7618 D CCodecConfig: c2 config diff is   c2::u32 raw.size.height = 896
10-28 15:17:52.196  2042  7618 D CCodecConfig:   c2::u32 raw.size.width = 504
10-28 15:17:52.224  2042  7618 D CCodecConfig: c2 config diff is   c2::u32 raw.crop.height = 896
10-28 15:17:52.224  2042  7618 D CCodecConfig:   c2::u32 raw.crop.width = 504
10-28 15:17:52.225  2042  7618 D CCodecBuffers: [c2.android.hevc.decoder#798:2D-Output] popFromStashAndRegister: at 1197948833706us, output format changed to AMessage(what = 0x00000000) = {
10-28 15:17:52.225  2042  7618 D CCodecBuffers:   int32_t android._color-format = 2135033992
10-28 15:17:52.225  2042  7618 D CCodecBuffers:   int32_t android._video-scaling = 1
10-28 15:17:52.225  2042  7618 D CCodecBuffers:   int32_t rotation-degrees = 0
10-28 15:17:52.225  2042  7618 D CCodecBuffers:   int32_t color-standard = 1
10-28 15:17:52.225  2042  7618 D CCodecBuffers:   int32_t color-range = 2
10-28 15:17:52.225  2042  7618 D CCodecBuffers:   int32_t color-transfer = 3
10-28 15:17:52.225  2042  7618 D CCodecBuffers:   int32_t sar-height = 1
10-28 15:17:52.225  2042  7618 D CCodecBuffers:   int32_t sar-width = 1
10-28 15:17:52.225  2042  7618 D CCodecBuffers:   Rect crop(0, 0, 503, 895)
10-28 15:17:52.225  2042  7618 D CCodecBuffers:   int32_t width = 504
10-28 15:17:52.225  2042  7618 D CCodecBuffers:   int32_t height = 896
10-28 15:17:52.225  2042  7618 D CCodecBuffers:   int32_t max-height = 1280
10-28 15:17:52.225  2042  7618 D CCodecBuffers:   int32_t max-width = 720
10-28 15:17:52.225  2042  7618 D CCodecBuffers:   string mime = "video/raw"
10-28 15:17:52.225  2042  7618 D CCodecBuffers:   int32_t android._dataspace = 260
10-28 15:17:52.225  2042  7618 D CCodecBuffers:   int32_t color-format = 2135033992
10-28 15:17:52.225  2042  7618 D CCodecBuffers: }
10-28 15:17:52.783  2987 27236 D bluetooth: system/bta/le_audio/codec_manager.cc:571 IsUsingCodecExtensibility: Using codec extensibility AIDL: true
10-28 15:17:54.971  2987 27236 D bluetooth: system/bta/le_audio/codec_manager.cc:571 IsUsingCodecExtensibility: Using codec extensibility AIDL: true
10-28 15:17:56.192  8971  9330 E msys    : E[C mem.context]_LogConnectFailure(4993)=>[Happy Eyeball] Connect failed with source=1, winner stream ip=157.240.245.175, port=5222, dnsResolutionMethod=1, combined_ip_addresses=157.240.245.175
10-28 15:17:56.198  8971  9296 E msys    : E[N mns]_OnDiskCacheGetData(632)=>Start post callback cache refresh DNS resolution
10-28 15:17:57.109  2987  2995 D bluetooth: system/bta/le_audio/codec_manager.cc:571 IsUsingCodecExtensibility: Using codec extensibility AIDL: true
10-28 15:17:59.247  2987  2995 D bluetooth: system/bta/le_audio/codec_manager.cc:571 IsUsingCodecExtensibility: Using codec extensibility AIDL: true
10-28 15:18:01.435  2987  2995 D bluetooth: system/bta/le_audio/codec_manager.cc:571 IsUsingCodecExtensibility: Using codec extensibility AIDL: true
10-28 15:18:03.627  2987  3488 D bluetooth: system/bta/le_audio/codec_manager.cc:571 IsUsingCodecExtensibility: Using codec extensibility AIDL: true
10-28 15:18:04.725  8971  9296 E msys    : E[N mns]_OnDiskCacheGetData(632)=>Start post callback cache refresh DNS resolution
10-28 15:18:04.743  8971  9296 E msys    : E[N mns]_OnDiskCacheGetData(632)=>Start post callback cache refresh DNS resolution
10-28 15:18:05.846  2987  3488 D bluetooth: system/bta/le_audio/codec_manager.cc:571 IsUsingCodecExtensibility: Using codec extensibility AIDL: true
10-28 15:18:08.003  2987  2995 D bluetooth: system/bta/le_audio/codec_manager.cc:571 IsUsingCodecExtensibility: Using codec extensibility AIDL: true
10-28 15:18:10.182  2987  2995 D bluetooth: system/bta/le_audio/codec_manager.cc:571 IsUsingCodecExtensibility: Using codec extensibility AIDL: true
10-28 15:18:12.058  8971  9296 E msys    : E[N mns]_OnDiskCacheGetData(632)=>Start post callback cache refresh DNS resolution
10-28 15:18:12.069  8971  9296 E msys    : E[N mns]_OnDiskCacheGetData(632)=>Start post callback cache refresh DNS resolution
10-28 15:18:12.361  2987 27236 D bluetooth: system/bta/le_audio/codec_manager.cc:571 IsUsingCodecExtensibility: Using codec extensibility AIDL: true
10-28 15:18:14.555  2987  2995 D bluetooth: system/bta/le_audio/codec_manager.cc:571 IsUsingCodecExtensibility: Using codec extensibility AIDL: true
10-28 15:18:16.736  2987  2995 D bluetooth: system/bta/le_audio/codec_manager.cc:571 IsUsingCodecExtensibility: Using codec extensibility AIDL: true
10-28 15:18:18.901  2987 27236 D bluetooth: system/bta/le_audio/codec_manager.cc:571 IsUsingCodecExtensibility: Using codec extensibility AIDL: true
10-28 15:18:21