10-31 14:30:25.214 13426 13642 E msys    : E[C mem.context]_LogConnectFailure(4987)=>[Happy Eyeball] Connect failed with source=1, winner stream ip=157.240.245.175, port=5222, dnsResolutionMethod=1, combined_ip_addresses=157.240.245.175
10-31 14:30:25.498  2253  2253 D BcSmartspaceCard: Subcard expected but missing type. loggingInfo=instance_id = 1453, feature type = 25, display surface = 2, rank = 0, cardinality = 1, receivedLatencyMillis = 0, uid = -1, subcardInfo = null, dimensionalInfo = null, baseAction=SmartspaceAction{mId='', mIcon=null, mTitle=, mSubtitle=, mContentDescription=, mPendingIntent=null, mIntent=null, mUserHandle=UserHandle{0}, mExtras=Bundle[{explanation_intent=Supplier{VAL_PARCELABLE@48+1436}}]}
10-31 14:30:25.801  2253  2253 D BcSmartspaceCard: Subcard expected but missing type. loggingInfo=instance_id = 1453, feature type = 25, display surface = 2, rank = 0, cardinality = 1, receivedLatencyMillis = 0, uid = -1, subcardInfo = null, dimensionalInfo = null, baseAction=SmartspaceAction{mId='', mIcon=null, mTitle=, mSubtitle=, mContentDescription=, mPendingIntent=null, mIntent=null, mUserHandle=UserHandle{0}, mExtras=Bundle[{explanation_intent=Supplier{VAL_PARCELABLE@48+1436}}]}
10-31 14:30:26.157  2253  2253 D BcSmartspaceCard: Subcard expected but missing type. loggingInfo=instance_id = 1453, feature type = 25, display surface = 2, rank = 0, cardinality = 1, receivedLatencyMillis = 0, uid = -1, subcardInfo = null, dimensionalInfo = null, baseAction=SmartspaceAction{mId='', mIcon=null, mTitle=, mSubtitle=, mContentDescription=, mPendingIntent=null, mIntent=null, mUserHandle=UserHandle{0}, mExtras=Bundle[{explanation_intent=Supplier{VAL_PARCELABLE@48+1436}}]}
10-31 14:30:26.605  2253  2253 D BcSmartspaceCard: Subcard expected but missing type. loggingInfo=instance_id = 1453, feature type = 25, display surface = 2, rank = 0, cardinality = 1, receivedLatencyMillis = 0, uid = -1, subcardInfo = null, dimensionalInfo = null, baseAction=SmartspaceAction{mId='', mIcon=null, mTitle=, mSubtitle=, mContentDescription=, mPendingIntent=null, mIntent=null, mUserHandle=UserHandle{0}, mExtras=Bundle[{explanation_intent=Supplier{VAL_PARCELABLE@48+1436}}]}
10-31 14:30:27.127  2253  2253 D BcSmartspaceCard: Subcard expected but missing type. loggingInfo=instance_id = 1453, feature type = 25, display surface = 2, rank = 0, cardinality = 1, receivedLatencyMillis = 0, uid = -1, subcardInfo = null, dimensionalInfo = null, baseAction=SmartspaceAction{mId='', mIcon=null, mTitle=, mSubtitle=, mContentDescription=, mPendingIntent=null, mIntent=null, mUserHandle=UserHandle{0}, mExtras=Bundle[{explanation_intent=Supplier{VAL_PARCELABLE@48+1436}}]}
10-31 14:30:28.496  2253  2253 D BcSmartspaceCard: Subcard expected but missing type. loggingInfo=instance_id = 1453, feature type = 25, display surface = 2, rank = 0, cardinality = 1, receivedLatencyMillis = 0, uid = -1, subcardInfo = null, dimensionalInfo = null, baseAction=SmartspaceAction{mId='', mIcon=null, mTitle=, mSubtitle=, mContentDescription=, mPendingIntent=null, mIntent=null, mUserHandle=UserHandle{0}, mExtras=Bundle[{explanation_intent=Supplier{VAL_PARCELABLE@48+1436}}]}
10-31 14:30:29.029  2253  2253 D BcSmartspaceCard: Subcard expected but missing type. loggingInfo=instance_id = 1453, feature type = 25, display surface = 2, rank = 0, cardinality = 1, receivedLatencyMillis = 0, uid = -1, subcardInfo = null, dimensionalInfo = null, baseAction=SmartspaceAction{mId='', mIcon=null, mTitle=, mSubtitle=, mContentDescription=, mPendingIntent=null, mIntent=null, mUserHandle=UserHandle{0}, mExtras=Bundle[{explanation_intent=Supplier{VAL_PARCELABLE@48+1436}}]}
10-31 14:30:29.928 13426 14225 D CCodecConfig: c2 config diff is   c2::u32 raw.size.height = 640
10-31 14:30:29.928 13426 14225 D CCodecConfig:   c2::u32 raw.size.width = 360
10-31 14:30:29.977 13426 14225 D CCodecConfig: c2 config diff is   c2::u32 raw.crop.height = 640
10-31 14:30:29.977 13426 14225 D CCodecConfig:   c2::u32 raw.crop.width = 360
10-31 14:30:29.982 13426 14225 D CCodecBuffers: [c2.android.hevc.decoder#982:2D-Output] popFromStashAndRegister: at 235430250925us, output format changed to AMessage(what = 0x00000000) = {
10-31 14:30:29.982 13426 14225 D CCodecBuffers:   int32_t android._color-format = 2135033992
10-31 14:30:29.982 13426 14225 D CCodecBuffers:   int32_t android._video-scaling = 1
10-31 14:30:29.982 13426 14225 D CCodecBuffers:   int32_t rotation-degrees = 0
10-31 14:30:29.982 13426 14225 D CCodecBuffers:   int32_t color-standard = 1
10-31 14:30:29.982 13426 14225 D CCodecBuffers:   int32_t color-range = 2
10-31 14:30:29.982 13426 14225 D CCodecBuffers:   int32_t color-transfer = 3
10-31 14:30:29.982 13426 14225 D CCodecBuffers:   int32_t sar-height = 1
10-31 14:30:29.982 13426 14225 D CCodecBuffers:   int32_t sar-width = 1
10-31 14:30:29.982 13426 14225 D CCodecBuffers:   Rect crop(0, 0, 359, 639)
10-31 14:30:29.982 13426 14225 D CCodecBuffers:   int32_t width = 360
10-31 14:30:29.982 13426 14225 D CCodecBuffers:   int32_t height = 640
10-31 14:30:29.982 13426 14225 D CCodecBuffers:   int32_t max-height = 1280
10-31 14:30:29.982 13426 14225 D CCodecBuffers:   int32_t max-width = 720
10-31 14:30:29.982 13426 14225 D CCodecBuffers:   string mime = "video/raw"
10-31 14:30:29.982 13426 14225 D CCodecBuffers:   int32_t android._dataspace = 260
10-31 14:30:29.982 13426 14225 D CCodecBuffers:   int32_t color-format = 2135033992
10-31 14:30:29.982 13426 14225 D CCodecBuffers: }
10-31 14:30:32.131  2253  2253 D BcSmartspaceCard: Subcard expected but missing type. loggingInfo=instance_id = 1453, feature type = 25, display surface = 2, rank = 0, cardinality = 1, receivedLatencyMillis = 0, uid = -1, subcardInfo = null, dimensionalInfo = null, baseAction=SmartspaceAction{mId='', mIcon=null, mTitle=, mSubtitle=, mContentDescription=, mPendingIntent=null, mIntent=null, mUserHandle=UserHandle{0}, mExtras=Bundle[{explanation_intent=Supplier{VAL_PARCELABLE@48+1436}}]}
10-31 14:30:32.598  2253  2253 D BcSmartspaceCard: Subcard expected but missing type. loggingInfo=instance_id = 1453, feature type = 25, display surface = 2, rank = 0, cardinality = 1, receivedLatencyMillis = 0, uid = -1, subcardInfo = null, dimensionalInfo = null, baseAction=SmartspaceAction{mId='', mIcon=null, mTitle=, mSubtitle=, mContentDescription=, mPendingIntent=null, mIntent=null, mUserHandle=UserHandle{0}, mExtras=Bundle[{explanation_intent=Supplier{VAL_PARCELABLE@48+1436}}]}
10-31 14:30:35.872  2253  2253 D BcSmartspaceCard: Subcard expected but missing type. loggingInfo=instance_id = 1453, feature type = 25, display surface = 2, rank = 0, cardinality = 1, receivedLatencyMillis = 0, uid = -1, subcardInfo = null, dimensionalInfo = null, baseAction=SmartspaceAction{mId='', mIcon=null, mTitle=, mSubtitle=, mContentDescription=, mPendingIntent=null, mIntent=null, mUserHandle=UserHandle{0}, mExtras=Bundle[{explanation_intent=Supplier{VAL_PARCELABLE@48+1436}}]}
10-31 14:30:40.782 13426 14224 W MessageQueue: Handler (android.media.MediaCodec$EventHandler) {3956c31} sending message to a Handler on a dead thread
10-31 14:30:40.782 13426 14224 W MessageQueue: java.lang.IllegalStateException: Handler (android.media.MediaCodec$EventHandler) {3956c31} sending message to a Handler on a dead thread
10-31 14:30:40.782 13426 14224 W MessageQueue: 	at android.media.MediaCodec.postEventFromNative(MediaCodec.java:6045)
10-31 14:30:41.961 13426 14224 D CCodecBufferChannel: [c2.android.hevc.decoder#982] MediaCodec discarded an unknown buffer
10-31 14:30:41.961 13426 14224 D CCodecBufferChannel: [c2.android.hevc.decoder#982] MediaCodec discarded an unknown buffer
10-31 14:30:41.962 13426 14224 D CCodecBufferChannel: [c2.android.hevc.decoder#982] MediaCodec discarded an unknown buffer
10-31 14:30:41.962 13426 14224 D CCodecBufferChannel: [c2.android.hevc.decoder#982] MediaCodec discarded an unknown buffer
10-31 14:30:41.963 13426 14224 D CCodecBufferChannel: [c2.android.hevc.decoder#982] MediaCodec discarded an unknown buffer
10-31 14:30:41.963 13426 14224 D CCodecBufferChannel: [c2.android.hevc.decoder#982] MediaCodec discarded an unknown buffer
10-31 14:30:41.964 13426 14224 D CCodecBufferChannel: [c2.android.hevc.decoder#982] MediaCodec discarded an unknown buffer
10-31 14:30:41.993 13426 14225 D CCodec  : allocate(c2.android.hevc.decoder)
10-31 14:30:42.000 13426 14225 I CCodec  : setting up 'default' as default (vendor) store
10-31 14:30:42.013 13426 14225 I CCodec  : Created component [c2.android.hevc.decoder] for [c2.android.hevc.decoder]
10-31 14:30:42.014 13426 14225 D CCodecConfig: read media type: video/hevc
10-31 14:30:42.042 13426 14225 D CCodecConfig: ignoring local param raw.size (0xd2001800) as it is already supported
10-31 14:30:42.042 13426 14225 D CCodecConfig: ignoring local param default.color (0x5200180b) as it is already supported
10-31 14:30:42.045 13426 14225 I CCodecConfig: query failed after returning 12 values (BAD_INDEX)
10-31 14:30:42.045 13426 14225 D CCodecConfig: c2 config diff is Dict {
10-31 14:30:42.045 13426 14225 D CCodecConfig:   c2::u32 coded.pl.level = 24584
10-31 14:30:42.045 13426 14225 D CCodecConfig:   c2::u32 coded.pl.profile = 24576
10-31 14:30:42.045 13426 14225 D CCodecConfig:   c2::u32 coded.vui.color.matrix = 0
10-31 14:30:42.045 13426 14225 D CCodecConfig:   c2::u32 coded.vui.color.primaries = 0
10-31 14:30:42.045 13426 14225 D CCodecConfig:   c2::u32 coded.vui.color.range = 2
10-31 14:30:42.045 13426 14225 D CCodecConfig:   c2::u32 coded.vui.color.transfer = 0
10-31 14:30:42.045 13426 14225 D CCodecConfig:   c2::u32 default.color.matrix = 0
10-31 14:30:42.045 13426 14225 D CCodecConfig:   c2::u32 default.color.primaries = 0
10-31 14:30:42.045 13426 14225 D CCodecConfig:   c2::u32 default.color.range = 0
10-31 14:30:42.045 13426 14225 D CCodecConfig:   c2::u32 default.color.transfer = 0
10-31 14:30:42.045 13426 14225 D CCodecConfig:   c2::u32 input.buffers.max-size.value = 2097152
10-31 14:30:42.045 13426 14225 D CCodecConfig:   c2::u32 input.delay.value = 0
10-31 14:30:42.045 13426 14225 D CCodecConfig:   string input.media-type.value = "video/hevc"
10-31 14:30:42.045 13426 14225 D CCodecConfig:   c2::u32 output.delay.value = 8
10-31 14:30:42.045 13426 14225 D CCodecConfig:   string output.media-type.value = "video/raw"
10-31 14:30:42.045 13426 14225 D CCodecConfig:   c2::u32 raw.color.matrix = 0
10-31 14:30:42.045 13426 14225 D CCodecConfig:   c2::u32 raw.color.primaries = 0
10-31 14:30:42.045 13426 14225 D CCodecConfig:   c2::u32 raw.color.range = 2
10-31 14:30:42.045 13426 14225 D CCodecConfig:   c2::u32 raw.color.transfer = 0
10-31 14:30:42.045 13426 14225 D CCodecConfig:   c2::u32 raw.max-size.height = 240
10-31 14:30:42.045 13426 14225 D CCodecConfig:   c2::u32 raw.max-size.width = 320
10-31 14:30:42.045 13426 14225 D CCodecConfig:   c2::u32 raw.pixel-format.value = 35
10-31 14:30:42.045 13426 14225 D CCodecConfig:   c2::i32 raw.rotation.flip = 0
10-31 14:30:42.045 13426 14225 D CCodecConfig:   c2::i32 raw.rotation.value = 0
10-31 14:30:42.045 13426 14225 D CCodecConfig:   c2::u32 raw.sar.height = 1
10-31 14:30:42.045 13426 14225 D CCodecConfig:   c2::u32 raw.sar.width = 1
10-31 14:30:42.045 13426 14225 D CCodecConfig:   c2::u32 raw.size.height = 240
10-31 14:30:42.045 13426 14225 D CCodecConfig:   c2::u32 raw.size.width = 320
10-31 14:30:42.045 13426 14225 D CCodecConfig:   c2
10-31 14:30:42.052 13426 15527 I MediaCodec: media_quality service unavailable, skipping updatePictureProfile
10-31 14:30:42.053 13426 14224 I MediaCodec: [c2.android.hevc.decoder] setting surface generation to 13748231
10-31 14:30:42.054 13426 14225 D CCodec  : [c2.android.hevc.decoder] buffers are bound to CCodec for this session
10-31 14:30:42.055 13426 14225 D CCodecConfig: no c2 equivalents for color-format
10-31 14:30:42.055 13426 14225 D CCodecConfig: no c2 equivalents for native-window
10-31 14:30:42.055 13426 14225 D CCodecConfig: no c2 equivalents for native-window-generation
10-31 14:30:42.055 13426 14225 D CCodecConfig: no c2 equivalents for flags
10-31 14:30:42.058 13426 14225 D CCodecConfig: c2 config diff is   c2::u32 raw.size.height = 1280
10-31 14:30:42.058 13426 14225 D CCodecConfig:   c2::u32 raw.size.width = 720
10-31 14:30:42.059 13426 14225 D CCodec  : encoding statistics level = 0
10-31 14:30:42.059 13426 14225 D CCodec  : setup formats input: AMessage(what = 0x00000000) = {
10-31 14:30:42.059 13426 14225 D CCodec  :   int32_t height = 1280
10-31 14:30:42.059 13426 14225 D CCodec  :   int32_t level = 65536
10-31 14:30:42.059 13426 14225 D CCodec  :   int32_t max-input-size = 2097152
10-31 14:30:42.059 13426 14225 D CCodec  :   string mime = "video/hevc"
10-31 14:30:42.059 13426 14225 D CCodec  :   int32_t profile = 1
10-31 14:30:42.059 13426 14225 D CCodec  :   int32_t width = 720
10-31 14:30:42.059 13426 14225 D CCodec  :   Rect crop(0, 0, 719, 1279)
10-31 14:30:42.059 13426 14225 D CCodec  : }
10-31 14:30:42.059 13426 14225 D CCodec  : setup formats output: AMessage(what = 0x00000000) = {
10-31 14:30:42.059 13426 14225 D CCodec  :   int32_t android._color-format = 2135033992
10-31 14:30:42.059 13426 14225 D CCodec  :   int32_t android._video-scaling = 1
10-31 14:30:42.059 13426 14225 D CCodec  :   int32_t rotation-degrees = 0
10-31 14:30:42.059 13426 14225 D CCodec  :   int32_t color-standard = 1
10-31 14:30:42.059 13426 14225 D CCodec  :   int32_t color-range = 2
10-31 14:30:42.059 13426 14225 D CCodec  :   int32_t color-transfer = 3
10-31 14:30:42.059 13426 14225 D CCodec  :   int32_t sar-height = 1
10-31 14:30:42.059 13426 14225 D CCodec  :   int32_t sar-width = 1
10-31 14:30:42.059 13426 14225 D CCodec  :   Rect crop(0, 0, 719, 1279)
10-31 14:30:42.059 13426 14225 D CCodec  :   int32_t width = 720
10-31 14:30:42.059 13426 14225 D CCodec  :   int32_t height = 1280
10-31 14:30:42.059 13426 14225 D CCodec  :   int32_t max-height = 240
10-31 14:30:42.059 13426 14225 D CCodec  :   int32_t max-width = 320
10-31 14:30:42.059 13426 14225 D CCodec  :   string mime = "video/raw"
10-31 14:30:42.059 13426 14225 D CCodec  :   int32_t android._dataspace = 260
10-31 14:30:42.059 13426 14225 D CCodec  :   int32_t color-format = 2135033992
10-31 14:30:42.059 13426 14225 D CCodec  : }
10-31 14:30:42.060 13426 14225 I CCodecConfig: query failed after returning 12 values (BAD_INDEX)
10-31 14:30:42.061 13426 14225 D CCodecConfig: c2 config diff is   c2::u32 raw.max-size.height = 1280
10-31 14:30:42.061 13426 14225 D CCodecConfig:   c2::u32 raw.max-size.width = 720
10-31 14:30:42.063 13426 14224 I MediaCodec: MediaCodec will operate in async mode
10-31 14:30:42.064 13426 15527 D MediaCodec: keep callback message for reclaim
10-31 14:30:42.075 13426 14225 D CCodecBufferChannel: [c2.android.hevc.decoder#982] Created input block pool with allocatorID 16 => poolID 23 - OK (0)
10-31 14:30:42.077 13426 14225 D CCodecBufferChannel: [c2.android.hevc.decoder#982] Query output surface allocator returned 0 params => BAD_INDEX (6)
10-31 14:30:42.077 13426 14225 D Codec2Client: GraphicBufferAllocator created
10-31 14:30:42.080 13426 14225 I CCodecBufferChannel: [c2.android.hevc.decoder#982] Created output block pool with allocatorID 18 => poolID 2115 - OK
10-31 14:30:42.081 13426 14225 D CCodecBufferChannel: [c2.android.hevc.decoder#982] Configured output block pool ids 2115 => OK
10-31 14:30:42.081 13426 14225 D Codec2Client: setOutputSurface -- failed to set consumer usage (6/BAD_INDEX)
10-31 14:30:42.081 13426 14225 D Codec2Client: setOutputSurface -- generation=13748231 consumer usage=0x900
10-31 14:30:42.108 13426 14225 D CCodecConfig: c2 config diff is   c2::u32 output.delay.value = 0
10-31 14:30:42.108 13426 14225 D CCodecConfig:   c2::u32 raw.size.height = 640
10-31 14:30:42.108 13426 14225 D CCodecConfig:   c2::u32 raw.size.width = 360
10-31 14:30:42.121 13426 14225 D CCodecConfig: c2 config diff is   c2::u32 raw.color.matrix = 1
10-31 14:30:42.121 13426 14225 D CCodecConfig:   c2::u32 raw.color.primaries = 1
10-31 14:30:42.121 13426 14225 D CCodecConfig:   c2::u32 raw.color.transfer = 3
10-31 14:30:42.121 13426 14225 D CCodecConfig:   c2::u32 raw.crop.height = 640
10-31 14:30:42.121 13426 14225 D CCodecConfig:   c2::u32 raw.crop.left = 0
10-31 14:30:42.121 13426 14225 D CCodecConfig:   c2::u32 raw.crop.top = 0
10-31 14:30:42.121 13426 14225 D CCodecConfig:   c2::u32 raw.crop.width = 360
10-31 14:30:42.122 13426 14225 D CCodecBuffers: [c2.android.hevc.decoder#982:2D-Output] popFromStashAndRegister: at 235445249325us, output format changed to AMessage(what = 0x00000000) = {
10-31 14:30:42.122 13426 14225 D CCodecBuffers:   int32_t android._color-format = 2135033992
10-31 14:30:42.122 13426 14225 D CCodecBuffers:   int32_t android._video-scaling = 1
10-31 14:30:42.122 13426 14225 D CCodecBuffers:   int32_t rotation-degrees = 0
10-31 14:30:42.122 13426 14225 D CCodecBuffers:   int32_t color-standard = 1
10-31 14:30:42.122 13426 14225 D CCodecBuffers:   int32_t color-range = 2
10-31 14:30:42.122 13426 14225 D CCodecBuffers:   int32_t color-transfer = 3
10-31 14:30:42.122 13426 14225 D CCodecBuffers:   int32_t sar-height = 1
10-31 14:30:42.122 13426 14225 D CCodecBuffers:   int32_t sar-width = 1
10-31 14:30:42.122 13426 14225 D CCodecBuffers:   Rect crop(0, 0, 359, 639)
10-31 14:30:42.122 13426 14225 D CCodecBuffers:   int32_t width = 360
10-31 14:30:42.122 13426 14225 D CCodecBuffers:   int32_t height = 640
10-31 14:30:42.122 13426 14225 D CCodecBuffers:   int32_t max-height = 1280
10-31 14:30:42.122 13426 14225 D CCodecBuffers:   int32_t max-width = 720
10-31 14:30:42.122 13426 14225 D CCodecBuffers:   string mime = "video/raw"
10-31 14:30:42.122 13426 14225 D CCodecBuffers:   int32_t android._dataspace = 260
10-31 14:30:42.122 13426 14225 D CCodecBuffers:   int32_t color-format = 2135033992
10-31 14:30:42.122 13426 14225 D CCodecBuffers: }
10-31 14:30:45.432 13426 13510 E msys    : E[N mns]_OnDiskCacheGetData(632)=>Start post callback cache refresh DNS resolution
10-31 14:30:45.632 13426 13510 E msys    : E[N mns]_OnDiskCacheGetData(632)=>Start post callback cache refresh DNS resolution
10-31 14:30:45.683  2253  2253 D BcSmartspaceCard: Subcard expected but missing type. loggingInfo=instance_id = 1453, feature type = 25, display surface = 2, rank = 0, cardinality = 1, receivedLatencyMillis = 0, uid = -1, subcardInfo = null, dimensionalInfo = null, baseAction=SmartspaceAction{mId='', mIcon=null, mTitle=, mSubtitle=, mContentDescription=, mPendingIntent=null, mIntent=null, mUserHandle=UserHandle{0}, mExtras=Bundle[{explanation_intent=Supplier{VAL_PARCELABLE@48+1436}}]}
10-31 14:30:45.961 13426 14225 D CCodecConfig: c2 config diff is   c2::u32 raw.size.height = 768
10-31 14:30:45.961 13426 14225 D CCodecConfig:   c2::u32 raw.size.width = 432
10-31 14:30:45.977  2253  2253 D BcSmartspaceCard: Subcard expected but missing type. loggingInfo=instance_id = 1453, feature type = 25, display surface = 2, rank = 0, cardinality = 1, receivedLatencyMillis = 0, uid = -1, subcardInfo = null, dimensionalInfo = null, baseAction=SmartspaceAction{mId='', mIcon=null, mTitle=, mSubtitle=, mContentDescription=, mPendingIntent=null, mIntent=null, mUserHandle=UserHandle{0}, mExtras=Bundle[{explanation_intent=Supplier{VAL_PARCELABLE@48+1436}}]}
10-31 14:30:46.002 13426 14225 D CCodecConfig: c2 config diff is   c2::u32 raw.crop.height = 768
10-31 14:30:46.002 13426 14225 D CCodecConfig:   c2::u32 raw.crop.width = 432
10-31 14:30:46.003 13426 14225 D CCodecBuffers: [c2.android.hevc.decoder#982:2D-Output] popFromStashAndRegister: at 235448982261us, output format changed to AMessage(what = 0x00000000) = {
10-31 14:30:46.003 13426 14225 D CCodecBuffers:   int32_t android._color-format = 2135033992
10-31 14:30:46.003 13426 14225 D CCodecBuffers:   int32_t android._video-scaling = 1
10-31 14:30:46.003 13426 14225 D CCodecBuffers:   int32_t rotation-degrees = 0
10-31 14:30:46.003 13426 14225 D CCodecBuffers:   int32_t color-standard = 1
10-31 14:30:46.003 13426 14225 D CCodecBuffers:   int32_t color-range = 2
10-31 14:30:46.003 13426 14225 D CCodecBuffers:   int32_t color-transfer = 3
10-31 14:30:46.003 13426 14225 D CCodecBuffers:   int32_t sar-height = 1
10-31 14:30:46.003 13426 14225 D CCodecBuffers:   int32_t sar-width = 1
10-31 14:30:46.003 13426 14225 D CCodecBuffers:   Rect crop(0, 0, 431, 767)
10-31 14:30:46.003 13426 14225 D CCodecBuffers:   int32_t width = 432
10-31 14:30:46.003 13426 14225 D CCodecBuffers:   int32_t height = 768
10-31 14:30:46.003 13426 14225 D CCodecBuffers:   int32_t max-height = 1280
10-31 14:30:46.003 13426 14225 D CCodecBuffers:   int32_t max-width = 720
10-31 14:30:46.003 13426 14225 D CCodecBuffers:   string mime = "video/raw"
10-31 14:30:46.003 13426 14225 D CCodecBuffers:   int32_t android._dataspace = 260
10-31 14:30:46.003 13426 14225 D CCodecBuffers:   int32_t color-format = 2135033992
10-31 14:30:46.003 13426 14225 D CCodecBuffers: }
10-31 14:30:46.414  2253  2253 D BcSmartspaceCard: Subcard expected but missing type. loggingInfo=instance_id = 1453, feature type = 25, display surface = 2, rank = 0, cardinality = 1, receivedLatencyMillis = 0, uid = -1, subcardInfo = null, dimensionalInfo = null, baseAction=SmartspaceAction{mId='', mIcon=null, mTitle=, mSubtitle=, mContentDescription=, mPendingIntent=null, mIntent=null, mUserHandle=UserHandle{0}, mExtras=Bundle[{explanation_intent=Supplier{VAL_PARCELABLE@48+1436}}]}
10-31 14:30:46.683  2253  2253 D BcSmartspaceCard: Subcard expected but missing type. loggingInfo=instance_id = 1453, feature type = 25, display surface = 2, rank = 0, cardinality = 1, receivedLatencyMillis = 0, uid = -1, subcardInfo = null, dimensionalInfo = null, baseAction=SmartspaceAction{mId='', mIcon=null, mTitle=, mSubtitle=, mContentDescription=, mPendingIntent=null, mIntent=null, mUserHandle=UserHandle{0}, mExtras=Bundle[{explanation_intent=Supplier{VAL_PARCELABLE@48+1436}}]}
10-31 14:30:46.872 13426 13690 W HeroManager: 	Codec: avc1.64001f
10-31 14:30:46.872 13426 13690 W HeroManager: 	renderMode: AUDIO_VIDEO
10-31 14:30:46.879 13426 13426 W PrefetchScheduler: shouldEnableVideoSchedulerByPass = true & skipVideoPrefetch = false
10-31 14:30:46.879 13426 13426 W PrefetchScheduler: Video prefetch request is NOT moved to background thread
10-31 14:30:46.879 13426 13426 W PrefetchScheduler: shouldEnableVideoSchedulerByPass = true & skipVideoPrefetch = false
10-31 14:30:46.879 13426 13426 W PrefetchScheduler: Video prefetch request is NOT moved to background thread
10-31 14:30:46.879 13426 13510 E msys    : E[N mns]_OnDiskCacheGetData(632)=>Start post callback cache refresh DNS resolution
10-31 14:30:46.893 13426 13690 W HeroManager: 	Codec: av01.0.05M.08.0.110.00.200.99.0
10-31 14:30:46.893 13426 13690 W HeroManager: 	renderMode: AUDIO_VIDEO
10-31 14:30:47.081 13426 13510 E msys    : E[N mns]_OnDiskCacheGetData(632)=>Start post callback cache refresh DNS resolution
10-31 14:30:47.081 13426 13510 E msys    : E[N mns]_OnDiskCacheGetData(632)=>Start post callback cache refresh DNS resolution
10-31 14:30:47.111  2253  2253 D BcSmartspaceCard: Subcard expected but missing type. loggingInfo=instance_id = 1453, feature type = 25, display surface = 2, rank = 0, cardinality = 1, receivedLatencyMillis = 0, uid = -1, subcardInfo = null, dimensionalInfo = null, baseAction=SmartspaceAction{mId='', mIcon=null, mTitle=, mSubtitle=, mContentDescription=, mPendingIntent=null, mIntent=null, mUserHandle=UserHandle{0}, mExtras=Bundle[{explanation_intent=Supplier{VAL_PARCELABLE@48+1436}}]}
10-31 14:30:47.415  2253  2253 D BcSmartspaceCard: Subcard expected but missing type. loggingInfo=instance_id = 1453, feature type = 25, display surface = 2, rank = 0, cardinality = 1, receivedLatencyMillis = 0, uid = -1, subcardInfo = null, dimensionalInfo = null, baseAction=SmartspaceAction{mId='', mIcon=null, mTitle=, mSubtitle=, mContentDescription=, mPendingIntent=null, mIntent=null, mUserHandle=UserHandle{0}, mExtras=Bundle[{explanation_intent=Supplier{VAL_PARCELABLE@48+1436}}]}
10-31 14:30:47.781  2253  2253 D BcSmartspaceCard: Subcard expected but missing type. loggingInfo=instance_id = 1453, feature type = 25, display surface = 2, rank = 0, cardinality = 1, receivedLatencyMillis = 0, uid = -1, subcardInfo = null, dimensionalInfo = null, baseAction=SmartspaceAction{mId='', mIcon=null, mTitle=, mSubtitle=, mContentDescription=, mPendingIntent=null, mIntent=null, mUserHandle=UserHandle{0}, mExtras=Bundle[{explanation_intent=Supplier{VAL_PARCELABLE@48+1436}}]}
10-31 14:30:48.084  2253  2253 D BcSmartspaceCard: Subcard expected but missing type. loggingInfo=instance_id = 1453, feature type = 25, display surface = 2, rank = 0, cardinality = 1, receivedLatencyMillis = 0, uid = -1, subcardInfo = null, dimensionalInfo = null, baseAction=SmartspaceAction{mId='', mIcon=null, mTitle=, mSubtitle=, mContentDescription=, mPendingIntent=null, mIntent=null, mUserHandle=UserHandle{0}, mExtras=Bundle[{explanation_intent=Supplier{VAL_PARCELABLE@48+1436}}]}
10-31 14:30:48.688  2253  2253 D BcSmartspaceCard: Subcard expected but missing type. loggingInfo=instance_id = 1453, feature type = 25, display surface = 2, rank = 0, cardinality = 1, receivedLatencyMillis = 0, uid = -1, subcardInfo = null, dimensionalInfo = null, baseAction=SmartspaceAction{mId='', mIcon=null, mTitle=, mSubtitle=, mContentDescription=, mPendingIntent=null, mIntent=null, mUserHandle=UserHandle{0}, mExtras=Bundle[{explanation_intent=Supplier{VAL_PARCELABLE@48+1436}}]}
10-31 14:30:49.045  2253  2253 D BcSmartspaceCard: Subcard expected but missing type. loggingInfo=instance_id = 1453, feature type = 25, display surface = 2, rank = 0, cardinality = 1, receivedLatencyMillis = 0, uid = -1, subcardInfo = null, dimensionalInfo = null, baseAction=SmartspaceAction{mId='', mIcon=null, mTitle=, mSubtitle=, mContentDescription=, mPendingIntent=null, mIntent=null, mUserHandle=UserHandle{0}, mExtras=Bundle[{explanation_intent=Supplier{VAL_PARCELABLE@48+1436}}]}
10-31 14:30:50.252  2253  2253 D BcSmartspaceCard: Subcard expected but missing type. loggingInfo=instance_id = 1453, feature type = 25, display surface = 2, rank = 0, cardinality = 1, receivedLatencyMillis = 0, uid = -1, subcardInfo = null, dimensionalInfo = null, baseAction=SmartspaceAction{mId='', mIcon=null, mTitle=, mSubtitle=, mContentDescription=, mPendingIntent=null, mIntent=null, mUserHandle=UserHandle{0}, mExtras=Bundle[{explanation_intent=Supplier{VAL_PARCELABLE@48+1436}}]}
10-31 14:30:51.978  2253  2253 D BcSmartspaceCard: Subcard expected but missing type. loggingInfo=instance_id = 1453, feature type = 25, display surface = 2, rank = 0, cardinality = 1, receivedLatencyMillis = 0, uid = -1, subcardInfo = null, dimensionalInfo = null, baseAction=SmartspaceAction{mId='', mIcon=null, mTitle=, mSubtitle=, mContentDescription=, mPendingIntent=null, mIntent=null, mUserHandle=UserHandle{0}, mExtras=Bundle[{explanation_intent=Supplier{VAL_PARCELABLE@48+1436}}]}
10-31 14:30:53.444  2253  2253 D BcSmartspaceCard: Subcard expected but missing type. loggingInfo=instance_id = 1453, feature type = 25, display surface = 2, rank = 0, cardinality = 1, receivedLatencyMillis = 0, uid = -1, subcardInfo = null, dimensionalInfo = null, baseAction=SmartspaceAction{mId='', mIcon=null, mTitle=, mSubtitle=, mContentDescription=, mPendingIntent=null, mIntent=null, mUserHandle=UserHandle{0}, mExtras=Bundle[{explanation_intent=Supplier{VAL_PARCELABLE@48+1436}}]}
10-31 14:30:53.935 13426 14225 D CCodecConfig: c2 config diff is   c2::u32 raw.size.height = 640
10-31 14:30:53.935 13426 14225 D CCodecConfig:   c2::u32 raw.size.width = 360
10-31 14:30:53.968 13426 14225 D CCodecConfig: c2 config diff is   c2::u32 raw.crop.height = 640
10-31 14:30:53.968 13426 14225 D CCodecConfig:   c2::u32 raw.crop.width = 360
10-31 14:30:53.969 13426 14225 D CCodecBuffers: [c2.android.hevc.decoder#982:2D-Output] popFromStashAndRegister: at 235456181493us, output format changed to AMessage(what = 0x00000000) = {
10-31 14:30:53.969 13426 14225 D CCodecBuffers:   int32_t android._color-format = 2135033992
10-31 14:30:53.969 13426 14225 D CCodecBuffers:   int32_t android._video-scaling = 1
10-31 14:30:53.969 13426 14225 D CCodecBuffers:   int32_t rotation-degrees = 0
10-31 14:30:53.969 13426 14225 D CCodecBuffers:   int32_t color-standard = 1
10-31 14:30:53.969 13426 14225 D CCodecBuffers:   int32_t color-range = 2
10-31 14:30:53.969 13426 14225 D CCodecBuffers:   int32_t color-transfer = 3
10-31 14:30:53.969 13426 14225 D CCodecBuffers:   int32_t sar-height = 1
10-31 14:30:53.969 13426 14225 D CCodecBuffers:   int32_t sar-width = 1
10-31 14:30:53.969 13426 14225 D CCodecBuffers:   Rect crop(0, 0, 359, 639)
10-31 14:30:53.969 13426 14225 D CCodecBuffers:   int32_t width = 360
10-31 14:30:53.969 13426 14225 D CCodecBuffers:   int32_t height = 640
10-31 14:30:53.969 13426 14225 D CCodecBuffers:   int32_t max-height = 1280
10-31 14:30:53.969 13426 14225 D CCodecBuffers:   int32_t max-width = 720
10-31 14:30:53.969 13426 14225 D CCodecBuffers:   string mime = "video/raw"
10-31 14:30:53.969 13426 14225 D CCodecBuffers:   int32_t android._dataspace = 260
10-31 14:30:53.969 13426 14225 D CCodecBuffers:   int32_t color-format = 2135033992
10-31 14:30:53.969 13426 14225 D CCodecBuffers: }
10-31 14:30:54.445  2253  2253 D BcSmartspaceCard: Subcard expected but missing type. loggingInfo=instance_id = 1453, feature type = 25, display surface = 2, rank = 0, cardinality = 1, receivedLatencyMillis = 0, uid = -1, subcardInfo = null, dimensionalInfo = null, baseAction=SmartspaceAction{mId='', mIcon=null, mTitle=, mSubtitle=, mContentDescription=, mPendingIntent=null, mIntent=null, mUserHandle=UserHandle{0}, mExtras=Bundle[{explanation_intent=Supplier{VAL_PARCELABLE@48+1436}}]}
10-31 14:30:54.877  2253  2253 D BcSmartspaceCard: Subcard expected but missing type. loggingInfo=instance_id = 1453, feature type = 25, display surface = 2, rank = 0, cardinality = 1, receivedLatencyMillis = 0, uid = -1, subcardInfo = null, dimensionalInfo = null, baseAction=SmartspaceAction{mId='', mIcon=null, mTitle=, mSubtitle=, mContentDescription=, mPendingIntent=null, mIntent=null, mUserHandle=UserHandle{0}, mExtras=Bundle[{explanation_intent=Supplier{VAL_PARCELABLE@48+1436}}]}
10-31 14:30:55.213  2253  2253 D BcSmartspaceCard: Subcard expected but missing type. loggingInfo=instance_id = 1453, feature type = 25, display surface = 2, rank = 0, cardinality = 1, receivedLatencyMillis = 0, uid = -1, subcardInfo = null, dimensionalInfo = null, baseAction=SmartspaceAction{mId='', mIcon=null, mTitle=, mSubtitle=, mContentDescription=, mPendingIntent=null, mIntent=null, mUserHandle=UserHandle{0}, mExtras=Bundle[{explanation_intent=Supplier{VAL_PARCELABLE@48+1436}}]}
10-31 14:30:55.547  2253  2253 D BcSmartspaceCard: Subcard expected but missing type. loggingInfo=instance_id = 1453, feature type = 25, display surface = 2, rank = 0, cardinality = 1, receivedLatencyMillis = 0, uid = -1, subcardInfo = null, dimensionalInfo = null, baseAction=SmartspaceAction{mId='', mIcon=null, mTitle=, mSubtitle=, mContentDescription=, mPendingIntent=null, mIntent=null, mUserHandle=UserHandle{0}, mExtras=Bundle[{explanation_intent=Supplier{VAL_PARCELABLE@48+1436}}]}
10-31 14:30:55.844  2253  2253 D BcSmartspaceCard: Subcard expected but missing type. loggingInfo=instance_id = 1453, feature type = 25, display surface = 2, rank = 0, cardinality = 1, receivedLatencyMillis = 0, uid = -1, subcardInfo = null, dimensionalInfo = null, baseAction=SmartspaceAction{mId='', mIcon=null, mTitle=, mSubtitle=, mContentDescription=, mPendingIntent=null, mIntent=null, mUserHandle=UserHandle{0}, mExtras=Bundle[{explanation_intent=Supplier{VAL_PARCELABLE@48+1436}}]}
10-31 14:30:56.354  2253  2253 D BcSmartspaceCard: Subcard expected but missing type. loggingInfo=instance_id = 1453, feature type = 25, display surface = 2, rank = 0, cardinality = 1, receivedLatencyMillis = 0, uid = -1, subcardInfo = null, dimensionalInfo = null, baseAction=SmartspaceAction{mId='', mIcon=null, mTitle=, mSubtitle=, mContentDescription=, mPendingIntent=null, mIntent=null, mUserHandle=UserHandle{0}, mExtras=Bundle[{explanation_intent=Supplier{VAL_PARCELABLE@48+1436}}]}
10-31 14:30:57.151  2253  2253 D BcSmartspaceCard: Subcard expected but missing type. loggingInfo=instance_id = 1453, feature type = 25, display surface = 2, rank = 0, cardinality = 1, receivedLatencyMillis = 0, uid = -1, subcardInfo = null, dimensionalInfo = null, baseAction=SmartspaceAction{mId='', mIcon=null, mTitle=, mSubtitle=, mContentDescription=, mPendingIntent=null, mIntent=null, mUserHandle=UserHandle{0}, mExtras=Bundle[{explanation_intent=Supplier{VAL_PARCELABLE@48+1436}}]}
10-31 14:30:57.486  2253  2253 D BcSmartspaceCard: Subcard expected but missing type. loggingInfo=instance_id = 1453, feature type = 25, display surface = 2, rank = 0, cardinality = 1, receivedLatencyMillis = 0, uid = -1, subcardInfo = null, dimensionalInfo = null, baseAction=SmartspaceAction{mId='', mIcon=null, mTitle=, mSubtitle=, mContentDescription=, mPendingIntent=null, mIntent=null, mUserHandle=UserHandle{0}, mExtras=Bundle[{explanation_intent=Supplier{VAL_PARCELABLE@48+1436}}]}
10-31 14:30:58.422  2253  2253 D BcSmartspaceCard: Subcard expected but missing type. loggingInfo=instance_id = 1453, feature type = 25, display surface = 2, rank = 0, cardinality = 1, receivedLatencyMillis = 0, uid = -1, subcardInfo = null, dimensionalInfo = null, baseAction=SmartspaceAction{mId='', mIcon=null, mTitle=, mSubtitle=, mContentDescription=, mPendingIntent=null, mIntent=null, mUserHandle=UserHandle{0}, mExtras=Bundle[{explanation_intent=Supplier{VAL_PARCELABLE@48+1436}}]}
10-31 14:30:59.857  2253  2253 D BcSmartspaceCard: Subcard expected but missing type. loggingInfo=instance_id = 1453, feature type = 25, display surface = 2, rank = 0, cardinality = 1, receivedLatencyMillis = 0, uid = -1, subcardInfo = null, dimensionalInfo = null, baseAction=SmartspaceAction{mId='', mIcon=null, mTitle=, mSubtitle=, mContentDescription=, mPendingIntent=null, mIntent=null, mUserHandle=UserHandle{0}, mExtras=Bundle[{explanation_intent=Supplier{VAL_PARCELABLE@48+1436}}]}
10-31 14:31:01.074 13426 14224 I CCodecBufferChannel: [c2.android.hevc.decoder#982] queueBuffer failed: 13
10-31 14:31:01.074 13426 14224 I MediaCodec: rendring output error 13
10-31 14:31:01.075 13426 14225 D CCodecBufferChannel: [c2.android.hevc.decoder#982] work failed to complete: 14
10-31 14:31:01.075 13426 14224 E MediaCodec: Codec reported err 0xe/14 (Unknown error -14), actionCode 0, while in state 6/STARTED
10-31 14:31:01.105 13426 16062 E MediaCodec: Invalid to call at Released state; only valid in Executing states
10-31 14:31:01.105 13426 16062 E sup:VideoDecoderBufferHandler: Video decoder enqueue video frame exception! Diagnostics 
10-31 14:31:01.105 13426 16062 E sup:VideoDecoderBufferHandler: java.lang.IllegalStateException: Invalid to call at Released state; only valid in Executing states
10-31 14:31:01.105 13426 16062 E sup:VideoDecoderBufferHandler: 
10-31 14:31:01.105 13426 16062 E sup:VideoDecoderBufferHandler: 	at android.media.MediaCodec.getBuffer(Native Method)
10-31 14:31:01.105 13426 16062 E sup:VideoDecoderBufferHandler: 	at android.media.MediaCodec.getInputBuffer(MediaCodec.java:4812)
10-31 14:31:01.105 13426 16062 E sup:VideoDecoderBufferHandler: 	at X.p0U.onInputBufferAvailable(:37)
10-31 14:31:01.105 13426 16062 E sup:VideoDecoderBufferHandler: 	at android.media.MediaCodec$EventHandler.handleCallback(MediaCodec.java:1946)
10-31 14:31:01.105 13426 16062 E sup:VideoDecoderBufferHandler: 	at android.media.MediaCodec$EventHandler.handleMessage(MediaCodec.java:1874)
10-31 14:31:01.105 13426 16062 E sup:VideoDecoderBufferHandler: 	at android.os.Handler.dispatchMessage(Handler.java:110)
10-31 14:31:01.105 13426 16062 E sup:VideoDecoderBufferHandler: 	at android.os.Looper.dispatchMessage(Looper.java:315)
10-31 14:31:01.105 13426 16062 E sup:VideoDecoderBufferHandler: 	at android.os.Looper.loopOnce(Looper.java:251)
10-31 14:31:01.105 13426 16062 E sup:VideoDecoderBufferHandler: 	at android.os.Looper.loop(Looper.java:349)
10-31 14:31:01.105 13426 16062 E sup:VideoDecoderBufferHandler: 	at android.os.HandlerThread.run(HandlerThread.java:100)
10-31 14:31:01.105 13426 14224 E MediaCodec: queueInputBuffer() is valid only at Executing states; currently at Released state
10-31 14:31:01.343   978  2002 I GCH_ZslSnapshotCaptureSession: Initialize: video sw denoise is enabled in GCH
10-31 14:31:01.345   978 28473 I Lyric   : stream_info_parser.cc:364: Camera Front Preview stream: {type: Streaminfo, stream_id: 32768, camera_id: Front, format: YCBCR_420_888, width: 3440, height: 2448, usage: [HwTexture], stream_type: Output, use_case: Default, data_space: DataSpace(Color)::(Standard: BT709, Transfer: RGB, Range: Full), is_framework_physical_stream: 0, dynamic_range_profile: Standard, intended_for_max_resolution_mode: 0, group_id: -1, is_tunable: 1}
10-31 14:31:01.345   978 28473 W Lyric   : stream_info_parser.cc:372: Camera Front unknown stream: {type: Streaminfo, stream_id: 32772, camera_id: Front, format: YCBCR_420_888, width: 3440, height: 2448, usage: [], stream_type: Output, use_case: Default, data_space: DataSpace(Custom)::Arbitrary, is_framework_physical_stream: 0, dynamic_range_profile: Standard, intended_for_max_resolution_mode: 0, group_id: -1, is_tunable: 1} does not fall in any known use case
10-31 14:31:01.345   978 28473 I Lyric   : stream_info_parser.cc:364: Camera FrontVirtual Preview stream: {type: Streaminfo, stream_id: 32769, camera_id: FrontVirtual, format: YCBCR_420_888, width: 3440, height: 2448, usage: [HwTexture], stream_type: Output, use_case: Default, data_space: DataSpace(Color)::(Standard: BT709, Transfer: RGB, Range: Full), is_framework_physical_stream: 0, dynamic_range_profile: Standard, intended_for_max_resolution_mode: 0, group_id: -1, is_tunable: 1}
10-31 14:31:01.345   978 28473 W Lyric   : stream_info_parser.cc:372: Camera FrontVirtual unknown stream: {type: Streaminfo, stream_id: 32773, camera_id: FrontVirtual, format: YCBCR_420_888, width: 3440, height: 2448, usage: [], stream_type: Output, use_case: Default, data_space: DataSpace(Custom)::Arbitrary, is_framework_physical_stream: 0, dynamic_range_profile: Standard, intended_for_max_resolution_mode: 0, group_id: -1, is_tunable: 1} does not fall in any known use case
10-31 14:31:01.350   978  2023 I Lyric   : sensor_generic_driver.cc:1959: DOKKAEBI GetModeIndex requirement {size = {width: 3440, height: 2448}, frame_rate_range = [15, 30], request_binning_mode = false, request_pd_stream = false, only_config_logical_cam_stream = true, camera_id = [<recursive>], require_full_fov = true, is_high_frame_rate = false, crop_margin = 0, is_sibling_camera_participating = true, sub_image_count = 1, is_face_auth = false, is_video_mode = false, is_high_resolution_mode = false, is_arkaroo_enabled = false, is_roshi_enabled = false, is_specific_aspect_ratio_video = false, require_exact_size = false, force_sensor_mode_index = -1, is_multi_cam_usecase = true, raw_stream_usecase = 0, is_high_resolution_standalone_mode = false} required aspect ratio 1.40351 pick_transition_mode 1 require exact size 0
10-31 14:31:01.350   978 28470 I Lyric   : sensor_generic_driver.cc:1959: DOKKAEBIVIRTUAL GetModeIndex requirement {size = {width: 3440, height: 2448}, frame_rate_range = [15, 30], request_binning_mode = false, request_pd_stream = false, only_config_logical_cam_stream = true, camera_id = [<recursive>], require_full_fov = true, is_high_frame_rate = false, crop_margin = 0, is_sibling_camera_participating = true, sub_image_count = 1, is_face_auth = false, is_video_mode = false, is_high_resolution_mode = false, is_arkaroo_enabled = false, is_roshi_enabled = false, is_specific_aspect_ratio_video = false, require_exact_size = false, force_sensor_mode_index = -1, is_multi_cam_usecase = true, raw_stream_usecase = 0, is_high_resolution_standalone_mode = false} required aspect ratio 1.40523 pick_transition_mode 0 require exact size 0
10-31 14:31:01.351   978  2023 I Lyric   : zuma_isp_subgraph.cc:532: raw_to_yuv_for_snapshot_exceeding_video: Pipeline (ID: (instance_id: 1579862), IPs: [ RawToYuv ], Max Outputs: 1, IPConnections: [ ], Usecase: Snapshot)
10-31 14:31:01.351   978 28470 I Lyric   : zuma_isp_subgraph.cc:532: raw_to_yuv_for_snapshot_exceeding_video: Pipeline (ID: (instance_id: 1579861), IPs: [ RawToYuv ], Max Outputs: 1, IPConnections: [ ], Usecase: Snapshot)
10-31 14:31:01.351   978  2023 I Lyric   : zuma_isp_subgraph.cc:539: video_mesh_warp: Pipeline (ID: (instance_id: 1579867), IPs: [ MeshWarp ], Max Outputs: 1, IPConnections: [ ], Usecase: Video)
10-31 14:31:01.351   978 28470 I Lyric   : zuma_isp_subgraph.cc:539: video_mesh_warp: Pipeline (ID: (instance_id: 1579868), IPs: [ MeshWarp ], Max Outputs: 1, IPConnections: [ ], Usecase: Video)
10-31 14:31:01.351   978  2023 I Lyric   : zuma_isp_subgraph.cc:541: mesh_warp_for_snapshot_exceeding_video: Pipeline (ID: (instance_id: 1579869), IPs: [ MeshWarp ], Max Outputs: 1, IPConnections: [ ], Usecase: Snapshot)
10-31 14:31:01.351   978 28470 I Lyric   : zuma_isp_subgraph.cc:541: mesh_warp_for_snapshot_exceeding_video: Pipeline (ID: (instance_id: 1579870), IPs: [ MeshWarp ], Max Outputs: 1, IPConnections: [ ], Usecase: Snapshot)
10-31 14:31:01.351   978 28470 I Lyric   : zuma_isp_subgraph.cc:551: video_scaler: Pipeline (ID: (instance_id: 1579877), IPs: [ Scaler ], Max Outputs: 0, IPConnections: [ ], Usecase: Video)
10-31 14:31:01.351   978  2023 I Lyric   : zuma_isp_subgraph.cc:551: video_scaler: Pipeline (ID: (instance_id: 1579878), IPs: [ Scaler ], Max Outputs: 0, IPConnections: [ ], Usecase: Video)
10-31 14:31:01.351   978 28470 I Lyric   : zuma_isp_subgraph.cc:553: scaler_for_snapshot_exceeding_video: Pipeline (ID: (instance_id: 1579879), IPs: [ Scaler ], Max Outputs: 2, IPConnections: [ ], Usecase: Snapshot)
10-31 14:31:01.351   978  2023 I Lyric   : zuma_isp_subgraph.cc:553: scaler_for_snapshot_exceeding_video: Pipeline (ID: (instance_id: 1579880), IPs: [ Scaler ], Max Outputs: 2, IPConnections: [ ], Usecase: Snapshot)
10-31 14:31:01.351   978 28470 I Lyric   : whi_like_isp_back_end_core_subgraph.cc:933: RawToYuvNode for snapshot exceeding video is configured to output consumer type 2 fmt: HalImageFormat{ pixel_format = YCBCR_420_SPN_10B, stride_alignment = 64, num_buffers = 1 } for FrontVirtual
10-31 14:31:01.351   978  2023 I Lyric   : whi_like_isp_back_end_core_subgraph.cc:933: RawToYuvNode for snapshot exceeding video is configured to output consumer type 2 fmt: HalImageFormat{ pixel_format = YCBCR_420_SPN_10B, stride_alignment = 64, num_buffers = 1 } for Front
10-31 14:31:01.352   978  2023 I Lyric   : generic_subgraph.cc:3459: camera_id = 5; is_front_camera = 1; is_1p_camera_app = 0; video_call = 0
10-31 14:31:01.352   978 28470 I Lyric   : generic_subgraph.cc:3459: camera_id = 6; is_front_camera = 1; is_1p_camera_app = 0; video_call = 0
10-31 14:31:01.356   978 28473 I Lyric   : multicam_graph.cc:1366: number of video bokeh nodes connected to multicam routing node = 0
10-31 14:31:01.357   978 28473 I Lyric   : graph_configuration.cc:374: {type: Streaminfo, stream_id: 32769, camera_id: FrontVirtual, format: YCBCR_420_888, width: 3440, height: 2448, usage: [HwTexture], stream_type: Output, use_case: Default, data_space: DataSpace(Color)::(Standard: BT709, Transfer: RGB, Range: Full), is_framework_physical_stream: 0, dynamic_range_profile: Standard, intended_for_max_resolution_mode: 0, group_id: -1, is_tunable: 1}
10-31 14:31:01.357   978 28473 I Lyric   : graph_configuration.cc:374: {type: Streaminfo, stream_id: 32768, camera_id: Front, format: YCBCR_420_888, width: 3440, height: 2448, usage: [HwTexture], stream_type: Output, use_case: Default, data_space: DataSpace(Color)::(Standard: BT709, Transfer: RGB, Range: Full), is_framework_physical_stream: 0, dynamic_range_profile: Standard, intended_for_max_resolution_mode: 0, group_id: -1, is_tunable: 1}
10-31 14:31:01.357   978 28473 I Lyric   : graph_configuration.cc:374: {type: Streaminfo, stream_id: 32771, camera_id: FrontVirtual, format: BLOB, width: 3440, height: 2448, usage: [], stream_type: Output, use_case: Default, data_space: DataSpace(Color)::(Standard: BT601_625, Transfer: SMPTE_170M, Range: Full), is_framework_physical_stream: 0, dynamic_range_profile: Standard, intended_for_max_resolution_mode: 0, group_id: -1, is_tunable: 1}
10-31 14:31:01.357   978 28473 I Lyric   : graph_configuration.cc:374: {type: Streaminfo, stream_id: 32773, camera_id: FrontVirtual, format: YCBCR_420_888, width: 3440, height: 2448, usage: [], stream_type: Output, use_case: Default, data_space: DataSpace(Custom)::Arbitrary, is_framework_physical_stream: 0, dynamic_range_profile: Standard, intended_for_max_resolution_mode: 0, group_id: -1, is_tunable: 1}
10-31 14:31:01.357   978 28473 I Lyric   : graph_configuration.cc:374: {type: Streaminfo, stream_id: 32770, camera_id: Front, format: BLOB, width: 3440, height: 2448, usage: [], stream_type: Output, use_case: Default, data_space: DataSpace(Color)::(Standard: BT601_625, Transfer: SMPTE_170M, Range: Full), is_framework_physical_stream: 0, dynamic_range_profile: Standard, intended_for_max_resolution_mode: 0, group_id: -1, is_tunable: 1}
10-31 14:31:01.357   978 28473 I Lyric   : graph_configuration.cc:374: {type: Streaminfo, stream_id: 32772, camera_id: Front, format: YCBCR_420_888, width: 3440, height: 2448, usage: [], stream_type: Output, use_case: Default, data_space: DataSpace(Custom)::Arbitrary, is_framework_physical_stream: 0, dynamic_range_profile: Standard, intended_for_max_resolution_mode: 0, group_id: -1, is_tunable: 1}
10-31 14:31:01.370   978  1466 I G3ACoordinator: ae_session_config_parser_lyric.cc:201: ispfe_raw_input_resolution [width:3440, height:2448]
10-31 14:31:01.384   978  1466 I G3ACoordinator: ae_session_config_parser_lyric.cc:201: ispfe_raw_input_resolution [width:3840, height:2736]
10-31 14:31:01.391   978 16216 I native  : I0000 00:00:1761935461.391203   16216 brute_force_feature_matching.cc:49] Number of bins each image dimension is divided into: 5
10-31 14:31:01.392   978 16216 I native  : I0000 00:00:1761935461.392391   16216 brute_force_feature_matching.cc:49] Number of bins each image dimension is divided into: 5
10-31 14:31:01.429  2253  2253 D BcSmartspaceCard: Subcard expected but missing type. loggingInfo=instance_id = 1453, feature type = 25, display surface = 2, rank = 0, cardinality = 1, receivedLatencyMillis = 0, uid = -1, subcardInfo = null, dimensionalInfo = null, baseAction=SmartspaceAction{mId='', mIcon=null, mTitle=, mSubtitle=, mContentDescription=, mPendingIntent=null, mIntent=null, mUserHandle=UserHandle{0}, mExtras=Bundle[{explanation_intent=Supplier{VAL_PARCELABLE@48+1436}}]}
10-31 14:31:01.504   978  1461 I Lyric   : camera_powerhal_impl.cc:202: CancelPowerBoost CAMERA_VIDEO_RECORDING
10-31 14:31:01.960  2253  2253 D BcSmartspaceCard: Subcard expected but missing type. loggingInfo=instance_id = 1453, feature type = 25, display surface = 2, rank = 0, cardinality = 1, receivedLatencyMillis = 0, uid = -1, subcardInfo = null, dimensionalInfo = null, baseAction=SmartspaceAction{mId='', mIcon=null, mTitle=, mSubtitle=, mContentDescription=, mPendingIntent=null, mIntent=null, mUserHandle=UserHandle{0}, mExtras=Bundle[{explanation_intent=Supplier{VAL_PARCELABLE@48+1436}}]}
10-31 14:31:02.979 20281 13152 I SupernovaDeviceStateServiceImpl: Device DeviceRecord(identifier=79:C2:90:5E:BC:2C, name=RB Meta 000X, type=3, userData=null, pairedStateData=null, observingPresence=true, customName=null, customDeviceInfo=null, productRegistry=258) emitting state DeviceState(connectedState=CONNECTED, peerConnectedState=Disconnected, deviceBatteryDetails=Battery(stateOfCharge=39, isCharging=false, temperature=253, voltage=3828, displayMode=PERCENTAGE, incompatibleChargerDetected=false), caseBatteryDetails=Battery(stateOfCharge=0, isCharging=false, temperature=0, voltage=0, displayMode=DOTS, incompatibleChargerDetected=false), remedies=[], hardwareState=brokenCamera: false, brokenSpeaker: false, brokenMicrophone: false, brokenNotificationLed: false, brokenImu: true, brokenDsp: false, brokenMcu: false, hingeState: OPEN, waterDetectState: UNKNOWN, isTampered: false, thermalState: NORMAL, mediaPeakPowerState: NORMAL, videoCallingPeakPowerState: NORMAL, battery: Battery(stateOfCharge=39, isCharging=false, temperature=253, voltage=3828, displayMode=PERCENTAGE, incompatibleChargerDetected=false), caseBattery: Battery(stateOfCharge=0, isCharging=false, temperature=0, voltage=0, displayMode=DOTS, incompatibleChargerDetected=false), caseSystemInfo: CaseSystemInfo(serialNumber=2R5SB0BF9F060P, firmwareVersion=12.14.5, isPresent=false), audioActive: false, cameraState: CAPTURE_VIDEO_STARTED, storageState: STABLE, isStreamingActive: true, inDeepSleep: false, isMounted: false, hotCarEventOccurred: false, registeredSNApps: [ASSISTANT]isSessionVerified: falseDeviceLockState: NO_LOCKPeakPowerUserExperienceThrottlingInfo: [])
