10-28 14:18:20.789  2828  2828 D BcSmartspaceCard: Subcard expected but missing type. loggingInfo=instance_id = 499, feature type = 25, display surface = 2, rank = 0, cardinality = 1, receivedLatencyMillis = 0, uid = -1, subcardInfo = null, dimensionalInfo = null, baseAction=SmartspaceAction{mId='', mIcon=null, mTitle=, mSubtitle=, mContentDescription=, mPendingIntent=null, mIntent=null, mUserHandle=UserHandle{0}, mExtras=Bundle[{explanation_intent=Supplier{VAL_PARCELABLE@48+1436}}]}
10-28 14:18:21.089  2828  2828 D BcSmartspaceCard: Subcard expected but missing type. loggingInfo=instance_id = 499, feature type = 25, display surface = 2, rank = 0, cardinality = 1, receivedLatencyMillis = 0, uid = -1, subcardInfo = null, dimensionalInfo = null, baseAction=SmartspaceAction{mId='', mIcon=null, mTitle=, mSubtitle=, mContentDescription=, mPendingIntent=null, mIntent=null, mUserHandle=UserHandle{0}, mExtras=Bundle[{explanation_intent=Supplier{VAL_PARCELABLE@48+1436}}]}
10-28 14:18:21.242  2042  7618 D CCodecConfig: c2 config diff is   c2::u32 raw.size.height = 768
10-28 14:18:21.242  2042  7618 D CCodecConfig:   c2::u32 raw.size.width = 432
10-28 14:18:21.269  2042  7618 D CCodecConfig: c2 config diff is   c2::u32 raw.crop.height = 768
10-28 14:18:21.269  2042  7618 D CCodecConfig:   c2::u32 raw.crop.width = 432
10-28 14:18:21.270  2042  7618 D CCodecBuffers: [c2.android.hevc.decoder#488:2D-Output] popFromStashAndRegister: at 1194377769504us, output format changed to AMessage(what = 0x00000000) = {
10-28 14:18:21.270  2042  7618 D CCodecBuffers:   int32_t android._color-format = 2135033992
10-28 14:18:21.270  2042  7618 D CCodecBuffers:   int32_t android._video-scaling = 1
10-28 14:18:21.270  2042  7618 D CCodecBuffers:   int32_t rotation-degrees = 0
10-28 14:18:21.270  2042  7618 D CCodecBuffers:   int32_t color-standard = 1
10-28 14:18:21.270  2042  7618 D CCodecBuffers:   int32_t color-range = 2
10-28 14:18:21.270  2042  7618 D CCodecBuffers:   int32_t color-transfer = 3
10-28 14:18:21.270  2042  7618 D CCodecBuffers:   int32_t sar-height = 1
10-28 14:18:21.270  2042  7618 D CCodecBuffers:   int32_t sar-width = 1
10-28 14:18:21.270  2042  7618 D CCodecBuffers:   Rect crop(0, 0, 431, 767)
10-28 14:18:21.270  2042  7618 D CCodecBuffers:   int32_t width = 432
10-28 14:18:21.270  2042  7618 D CCodecBuffers:   int32_t height = 768
10-28 14:18:21.270  2042  7618 D CCodecBuffers:   int32_t max-height = 1280
10-28 14:18:21.270  2042  7618 D CCodecBuffers:   int32_t max-width = 720
10-28 14:18:21.270  2042  7618 D CCodecBuffers:   string mime = "video/raw"
10-28 14:18:21.270  2042  7618 D CCodecBuffers:   int32_t android._dataspace = 260
10-28 14:18:21.270  2042  7618 D CCodecBuffers:   int32_t color-format = 2135033992
10-28 14:18:21.270  2042  7618 D CCodecBuffers: }
10-28 14:18:21.420  2828  2828 D BcSmartspaceCard: Subcard expected but missing type. loggingInfo=instance_id = 499, feature type = 25, display surface = 2, rank = 0, cardinality = 1, receivedLatencyMillis = 0, uid = -1, subcardInfo = null, dimensionalInfo = null, baseAction=SmartspaceAction{mId='', mIcon=null, mTitle=, mSubtitle=, mContentDescription=, mPendingIntent=null, mIntent=null, mUserHandle=UserHandle{0}, mExtras=Bundle[{explanation_intent=Supplier{VAL_PARCELABLE@48+1436}}]}
10-28 14:18:21.718  2828  2828 D BcSmartspaceCard: Subcard expected but missing type. loggingInfo=instance_id = 499, feature type = 25, display surface = 2, rank = 0, cardinality = 1, receivedLatencyMillis = 0, uid = -1, subcardInfo = null, dimensionalInfo = null, baseAction=SmartspaceAction{mId='', mIcon=null, mTitle=, mSubtitle=, mContentDescription=, mPendingIntent=null, mIntent=null, mUserHandle=UserHandle{0}, mExtras=Bundle[{explanation_intent=Supplier{VAL_PARCELABLE@48+1436}}]}
10-28 14:18:22.018  2828  2828 D BcSmartspaceCard: Subcard expected but missing type. loggingInfo=instance_id = 499, feature type = 25, display surface = 2, rank = 0, cardinality = 1, receivedLatencyMillis = 0, uid = -1, subcardInfo = null, dimensionalInfo = null, baseAction=SmartspaceAction{mId='', mIcon=null, mTitle=, mSubtitle=, mContentDescription=, mPendingIntent=null, mIntent=null, mUserHandle=UserHandle{0}, mExtras=Bundle[{explanation_intent=Supplier{VAL_PARCELABLE@48+1436}}]}
10-28 14:18:22.027  2042  7618 D CCodecConfig: c2 config diff is   c2::u32 raw.size.height = 896
10-28 14:18:22.027  2042  7618 D CCodecConfig:   c2::u32 raw.size.width = 504
10-28 14:18:22.079  2042  7618 D CCodecConfig: c2 config diff is   c2::u32 raw.crop.height = 896
10-28 14:18:22.079  2042  7618 D CCodecConfig:   c2::u32 raw.crop.width = 504
10-28 14:18:22.079  2042  7618 D CCodecBuffers: [c2.android.hevc.decoder#488:2D-Output] popFromStashAndRegister: at 1194378602749us, output format changed to AMessage(what = 0x00000000) = {
10-28 14:18:22.079  2042  7618 D CCodecBuffers:   int32_t android._color-format = 2135033992
10-28 14:18:22.079  2042  7618 D CCodecBuffers:   int32_t android._video-scaling = 1
10-28 14:18:22.079  2042  7618 D CCodecBuffers:   int32_t rotation-degrees = 0
10-28 14:18:22.079  2042  7618 D CCodecBuffers:   int32_t color-standard = 1
10-28 14:18:22.079  2042  7618 D CCodecBuffers:   int32_t color-range = 2
10-28 14:18:22.079  2042  7618 D CCodecBuffers:   int32_t color-transfer = 3
10-28 14:18:22.079  2042  7618 D CCodecBuffers:   int32_t sar-height = 1
10-28 14:18:22.079  2042  7618 D CCodecBuffers:   int32_t sar-width = 1
10-28 14:18:22.079  2042  7618 D CCodecBuffers:   Rect crop(0, 0, 503, 895)
10-28 14:18:22.079  2042  7618 D CCodecBuffers:   int32_t width = 504
10-28 14:18:22.079  2042  7618 D CCodecBuffers:   int32_t height = 896
10-28 14:18:22.079  2042  7618 D CCodecBuffers:   int32_t max-height = 1280
10-28 14:18:22.079  2042  7618 D CCodecBuffers:   int32_t max-width = 720
10-28 14:18:22.079  2042  7618 D CCodecBuffers:   string mime = "video/raw"
10-28 14:18:22.079  2042  7618 D CCodecBuffers:   int32_t android._dataspace = 260
10-28 14:18:22.079  2042  7618 D CCodecBuffers:   int32_t color-format = 2135033992
10-28 14:18:22.079  2042  7618 D CCodecBuffers: }
10-28 14:18:22.243  2042  7797 I CCodecConfig: query failed after returning 22 values (BAD_INDEX)
10-28 14:18:22.244  2042  7797 D CCodecConfig: c2 config diff is   c2::u32 raw.color.range = 2
10-28 14:18:22.244  2042  7797 D CCodecConfig:   c2::u32 raw.data-space.value = 281083904
10-28 14:18:22.267  2042  7478 D MediaCodecList: codecHandlesFormat: no format, so no extra checks
10-28 14:18:22.269  2042  7478 D MediaCodecList: codecHandlesFormat: no format, so no extra checks
10-28 14:18:22.271  2042  7478 D MediaCodec: MediaCodec::reclaim(0xb400007cf958a070) c2.exynos.h264.encoder
10-28 14:18:22.275  2042  7478 D MediaCodec: MediaCodec looper is gone, skip reclaim
10-28 14:18:22.280  2042  7850 D CCodec  : allocate(c2.exynos.h264.encoder)
10-28 14:18:22.283  2042  7850 I CCodec  : setting up 'default' as default (vendor) store
10-28 14:18:22.296  2042  7850 I CCodec  : Created component [c2.exynos.h264.encoder] for [c2.exynos.h264.encoder]
10-28 14:18:22.296  2042  7850 D CCodecConfig: read media type: video/avc
10-28 14:18:22.302  2828  2828 D BcSmartspaceCard: Subcard expected but missing type. loggingInfo=instance_id = 499, feature type = 25, display surface = 2, rank = 0, cardinality = 1, receivedLatencyMillis = 0, uid = -1, subcardInfo = null, dimensionalInfo = null, baseAction=SmartspaceAction{mId='', mIcon=null, mTitle=, mSubtitle=, mContentDescription=, mPendingIntent=null, mIntent=null, mUserHandle=UserHandle{0}, mExtras=Bundle[{explanation_intent=Supplier{VAL_PARCELABLE@48+1436}}]}
10-28 14:18:22.311  2042  7850 D CCodecConfig: ignoring local param raw.color (0xc2001809) as it is already supported
10-28 14:18:22.312  2042  7850 I CCodecConfig: query failed after returning 21 values (BAD_INDEX)
10-28 14:18:22.313  2042  7850 D CCodecConfig: c2 config diff is Dict {
10-28 14:18:22.313  2042  7850 D CCodecConfig:   c2::u32 algo.bitrate-mode.value = 3
10-28 14:18:22.313  2042  7850 D CCodecConfig:   c2::u32 algo.encoding-quality-level.value = 0
10-28 14:18:22.313  2042  7850 D CCodecConfig:   c2::i32 algo.priority.value = 0
10-28 14:18:22.313  2042  7850 D CCodecConfig:   c2::float algo.rate.value = 0
10-28 14:18:22.313  2042  7850 D CCodecConfig:   c2::i32 coded.average-qp.value = 0
10-28 14:18:22.313  2042  7850 D CCodecConfig:   c2::u32 coded.bitrate-mode.value = 1
10-28 14:18:22.313  2042  7850 D CCodecConfig:   c2::u32 coded.bitrate.value = 64000
10-28 14:18:22.313  2042  7850 D CCodecConfig:   c2::float coded.frame-rate.value = 15
10-28 14:18:22.313  2042  7850 D CCodecConfig:   c2::u32 coded.hdr-format.value = 0
10-28 14:18:22.313  2042  7850 D CCodecConfig:   c2::u32 coded.picture-type.value = 0
10-28 14:18:22.313  2042  7850 D CCodecConfig:   c2::u32 coded.pl.level = 20480
10-28 14:18:22.313  2042  7850 D CCodecConfig:   c2::u32 coded.pl.profile = 20484
10-28 14:18:22.313  2042  7850 D CCodecConfig:   c2::u32 coding.intra-refresh.mode = 0
10-28 14:18:22.313  2042  7850 D CCodecConfig:   c2::float coding.intra-refresh.period = 0
10-28 14:18:22.313  2042  7850 D CCodecConfig:   c2::u32 coding.request-sync-frame.value = 0
10-28 14:18:22.313  2042  7850 D CCodecConfig:   c2::i64 coding.sync-frame-interval.value = 1000000
10-28 14:18:22.313  2042  7850 D CCodecConfig:   Buffer coding.temporal-layering = {
10-28 14:18:22.313  2042  7850 D CCodecConfig:     00000000:  10 00 00 00 07 20 01 52  00 00 00 00 00 00 00 00  ..... .R........
10-28 14:18:22.313  2042  7850 D CCodecConfig:   }
10-28 14:18:22.313  2042  7850 D CCodecConfig:   c2::u32 input.delay.value = 0
10-28 14:18:22.313  2042  7850 D CCodecConfig:   string input.media-type.value = "video/raw"
10-28 14:18:22.313  2042  7850 D CCodecConfig:   c2::u32 output.buffers.prepend-header.value = 0
10-28 14:18:22.313  2042  7850 D CCodecConfig:   string output.media-type.value = "video/avc"
10-28 14:18:22.313  2042  7850 D CCodecConfig:   c2::u32 raw.color.matrix = 0
10-28 14:18:22.313  2042  7850 D CCodecConfig:   c2::u32 raw.color.primaries = 0
10-28 14:18:22.313  2042  7850 D CCodecConfig:  
10-28 14:18:22.316  2042  7478 I MediaCodec: media_quality service unavailable, skipping updatePictureProfile
10-28 14:18:22.317  2042  7478 D VQApply : minquality: codec claims to implement minquality=1
10-28 14:18:22.317  2042  7478 D MediaCodec: shapeMediaFormat: deltas(1): AMessage(what = 0x00000000) = {
10-28 14:18:22.317  2042  7478 D MediaCodec:     int32_t android._encoding-quality-level = 1
10-28 14:18:22.317  2042  7478 D MediaCodec:   }
10-28 14:18:22.317  2042  7850 D CCodec  : [c2.exynos.h264.encoder] buffers are bound to CCodec for this session
10-28 14:18:22.318  2042  7850 D CCodecConfig: no c2 equivalents for max-fps-to-encoder
10-28 14:18:22.318  2042  7850 D CCodecConfig: no c2 equivalents for color-format
10-28 14:18:22.318  2042  7850 D CCodecConfig: no c2 equivalents for color-standard
10-28 14:18:22.318  2042  7850 D CCodecConfig: no c2 equivalents for flags
10-28 14:18:22.318  2042  7850 D CCodecConfig: no c2 equivalents for encoder
10-28 14:18:22.322  2042  7850 D CCodecConfig: c2 config diff is   c2::u32 algo.encoding-quality-level.value = 1
10-28 14:18:22.322  2042  7850 D CCodecConfig:   c2::u32 coded.bitrate.value = 356000
10-28 14:18:22.322  2042  7850 D CCodecConfig:   c2::u32 coded.hdr-format.value = 1
10-28 14:18:22.322  2042  7850 D CCodecConfig:   c2::u32 coded.pl.level = 20487
10-28 14:18:22.322  2042  7850 D CCodecConfig:   c2::i64 coding.sync-frame-interval.value = 60000000
10-28 14:18:22.322  2042  7850 D CCodecConfig:   c2::u32 raw.color.matrix = 1
10-28 14:18:22.322  2042  7850 D CCodecConfig:   c2::u32 raw.color.primaries = 1
10-28 14:18:22.322  2042  7850 D CCodecConfig:   c2::u32 raw.color.transfer = 3
10-28 14:18:22.322  2042  7850 D CCodecConfig:   c2::u32 raw.size.height = 640
10-28 14:18:22.322  2042  7850 D CCodecConfig:   c2::u32 raw.size.width = 368
10-28 14:18:22.323  2042  7850 D CCodec  : encoding statistics level = 0
10-28 14:18:22.323  2042  7850 D CCodec  : setup formats input: AMessage(what = 0x00000000) = {
10-28 14:18:22.323  2042  7850 D CCodec  :   int32_t android._color-format = 2130708361
10-28 14:18:22.323  2042  7850 D CCodec  :   int32_t android._dataspace = 0
10-28 14:18:22.323  2042  7850 D CCodec  :   int32_t bitrate-mode = 1
10-28 14:18:22.323  2042  7850 D CCodec  :   int32_t frame-rate = 15
10-28 14:18:22.323  2042  7850 D CCodec  :   int32_t height = 640
10-28 14:18:22.323  2042  7850 D CCodec  :   int32_t intra-refresh-period = 0
10-28 14:18:22.323  2042  7850 D CCodec  :   string mime = "video/raw"
10-28 14:18:22.323  2042  7850 D CCodec  :   int32_t prepend-sps-pps-to-idr-frames = 0
10-28 14:18:22.323  2042  7850 D CCodec  :   int32_t priority = 0
10-28 14:18:22.323  2042  7850 D CCodec  :   int32_t video-qp-average = 0
10-28 14:18:22.323  2042  7850 D CCodec  :   int32_t width = 368
10-28 14:18:22.323  2042  7850 D CCodec  :   Rect crop(0, 0, 367, 639)
10-28 14:18:22.323  2042  7850 D CCodec  :   int64_t android._C2MemoryUsage = 1125899906908160
10-28 14:18:22.323  2042  7850 D CCodec  :   int32_t color-format = 2130708361
10-28 14:18:22.323  2042  7850 D CCodec  : }
10-28 14:18:22.323  2042  7850 D CCodec  : setup formats output: AMessage(what = 0x00000000) = {
10-28 14:18:22.323  2042  7850 D CCodec  :   int32_t bitrate = 356000
10-28 14:18:22.323  2042  7850 D CCodec  :   int32_t bitrate-mode = 1
10-28 14:18:22.323  2042  7850 D CCodec  :   Rect crop(0, 0, 367, 639)
10-28 14:18:22.323  2042  7850 D CCodec  :   int32_t width = 368
10-28 14:18:22.323  2042  7850 D CCodec  :   int32_t color-standard = 1
10-28 14:18:22.323  2042  7850 D CCodec  :   int32_t color-range = 0
10-28 14:18:22.323  2042  7850 D CCodec  :   int32_t color-transfer = 3
10-28 14:18:22.323  2042  7850 D CCodec  :   int32_t frame-rate = 15
10-28 14:18:22.323  2042  7850 D CCodec  :   int32_t height = 640
10-28 14:18:22.323  2042  7850 D CCodec  :   int32_t intra-refresh-period = 0
10-28 14:18:22.323  2042  7850 D CCodec  :   int32_t level = 128
10-28 14:18:22.323  2042  7850 D CCodec  :   int32_t max-bitrate = 356000
10-28 14:18:22.323  2042  7850 D CCodec  :   string mime = "video/avc"
10-28 14:18:22.323  2042  7850 D CCodec  :   int32_t prepend-sps-pps-to-idr-frames = 0
10-28 14:18:22.323  2042  7850 D CCodec  :   int32_t priority = 0
10-28 14:18:22.323  2042  7850 D CCodec  :   int32_t profile = 8
10-28 14:18:22.323  2042  7850 D CCodec  :   int32_t video-qp-average = 0
10-28 14:18:22.323  2042  7850 D CCodec  : }
10-28 14:18:22.323  2042  7850 I CCodecConfig: query failed after returning 22 values (BAD_INDEX)
10-28 14:18:22.324  2042  7850 D CCodec  : aidl based PersistentSurface created
10-28 14:18:22.324  2042  7850 D CCodec  : input format changed to AMessage(what = 0x00000000) = {
10-28 14:18:22.324  2042  7850 D CCodec  :   int32_t android._color-format = 2130708361
10-28 14:18:22.324  2042  7850 D CCodec  :   int32_t android._dataspace = 260
10-28 14:18:22.324  2042  7850 D CCodec  :   int32_t bitrate-mode = 1
10-28 14:18:22.324  2042  7850 D CCodec  :   int32_t frame-rate = 15
10-28 14:18:22.324  2042  7850 D CCodec  :   int32_t height = 640
10-28 14:18:22.324  2042  7850 D CCodec  :   int32_t intra-refresh-period = 0
10-28 14:18:22.324  2042  7850 D CCodec  :   string mime = "video/raw"
10-28 14:18:22.324  2042  7850 D CCodec  :   int32_t prepend-sps-pps-to-idr-frames = 0
10-28 14:18:22.324  2042  7850 D CCodec  :   int32_t priority = 0
10-28 14:18:22.324  2042  7850 D CCodec  :   int32_t video-qp-average = 0
10-28 14:18:22.324  2042  7850 D CCodec  :   int32_t width = 368
10-28 14:18:22.324  2042  7850 D CCodec  :   Rect crop(0, 0, 367, 639)
10-28 14:18:22.324  2042  7850 D CCodec  :   int64_t android._C2MemoryUsage = 1125899906908160
10-28 14:18:22.324  2042  7850 D CCodec  :   int32_t color-format = 2130708361
10-28 14:18:22.324  2042  7850 D CCodec  :   int32_t color-range = 2
10-28 14:18:22.324  2042  7850 D CCodec  :   int32_t color-standard = 1
10-28 14:18:22.324  2042  7850 D CCodec  :   int32_t color-transfer = 3
10-28 14:18:22.324  2042  7850 D CCodec  : }
10-28 14:18:22.325  2042  7850 D CCodec  : ISConfig maxFps=15
10-28 14:18:22.327  1484  7851 I ExynosC2H264EncComponent: Creating ECOServiceStatsProvider c2.exynos.h264.encoder video/avc
10-28 14:18:22.329  1484  7853 D libexynosv4l2: try node: /dev/video6
10-28 14:18:22.329  1484  7853 D libexynosv4l2: try node: /dev/video7
10-28 14:18:22.329  1484  7853 I libexynosv4l2: node found for device s5p-mfc-enc: /dev/video7
10-28 14:18:22.341  1484  7853 I libexynosv4l2: open video device /dev/video7
10-28 14:18:22.348  2042  7850 D CCodecBufferChannel: [c2.exynos.h264.encoder#208] Created input block pool with allocatorID 17 => poolID 26 - OK (0)
10-28 14:18:22.350  2042  7850 I CCodecBufferChannel: [c2.exynos.h264.encoder#208] Created output block pool with allocatorID 16 => poolID 463 - OK
10-28 14:18:22.350  2042  7850 D CCodecBufferChannel: [c2.exynos.h264.encoder#208] Configured output block pool ids 463 => OK
10-28 14:18:22.392  1484  7853 V ExynosVideoOSAL: Codec_OSAL_SetControls: QP[0] range (5 / 50)
10-28 14:18:22.392  1484  7853 V ExynosVideoOSAL: Codec_OSAL_SetControls: QP[1] range (5 / 50)
10-28 14:18:22.392  1484  7853 V ExynosVideoOSAL: Codec_OSAL_SetControls: QP[2] range (5 / 50)
10-28 14:18:22.398  1484  7856 V ExynosVideoOSAL: Codec_OSAL_SetControls: QP[0] range (5 / 50)
10-28 14:18:22.398  1484  7856 V ExynosVideoOSAL: Codec_OSAL_SetControls: QP[1] range (5 / 50)
10-28 14:18:22.398  1484  7856 V ExynosVideoOSAL: Codec_OSAL_SetControls: QP[2] range (5 / 50)
10-28 14:18:22.417  2042  7850 D CCodecConfig: c2 config diff is   Buffer coded.init-data.value = {
10-28 14:18:22.417  2042  7850 D CCodecConfig:     00000000:  00 00 00 01 67 64 00 16  ac b4 0b 82 8d 35 01 01  ....gd.......5..
10-28 14:18:22.417  2042  7850 D CCodecConfig:     00000010:  01 07 8a 15 50 00 00 00  01 68 ee 0d 8b           ....P....h...
10-28 14:18:22.505  2987  3486 D bluetooth: system/bta/le_audio/codec_manager.cc:571 IsUsingCodecExtensibility: Using codec extensibility AIDL: true
10-28 14:18:22.620  2828  2828 D BcSmartspaceCard: Subcard expected but missing type. loggingInfo=instance_id = 499, feature type = 25, display surface = 2, rank = 0, cardinality = 1, receivedLatencyMillis = 0, uid = -1, subcardInfo = null, dimensionalInfo = null, baseAction=SmartspaceAction{mId='', mIcon=null, mTitle=, mSubtitle=, mContentDescription=, mPendingIntent=null, mIntent=null, mUserHandle=UserHandle{0}, mExtras=Bundle[{explanation_intent=Supplier{VAL_PARCELABLE@48+1436}}]}
10-28 14:18:22.970  2828  2828 D BcSmartspaceCard: Subcard expected but missing type. loggingInfo=instance_id = 499, feature type = 25, display surface = 2, rank = 0, cardinality = 1, receivedLatencyMillis = 0, uid = -1, subcardInfo = null, dimensionalInfo = null, baseAction=SmartspaceAction{mId='', mIcon=null, mTitle=, mSubtitle=, mContentDescription=, mPendingIntent=null, mIntent=null, mUserHandle=UserHandle{0}, mExtras=Bundle[{explanation_intent=Supplier{VAL_PARCELABLE@48+1436}}]}
10-28 14:18:23.306  2828  2828 D BcSmartspaceCard: Subcard expected but missing type. loggingInfo=instance_id = 499, feature type = 25, display surface = 2, rank = 0, cardinality = 1, receivedLatencyMillis = 0, uid = -1, subcardInfo = null, dimensionalInfo = null, baseAction=SmartspaceAction{mId='', mIcon=null, mTitle=, mSubtitle=, mContentDescription=, mPendingIntent=null, mIntent=null, mUserHandle=UserHandle{0}, mExtras=Bundle[{explanation_intent=Supplier{VAL_PARCELABLE@48+1436}}]}
10-28 14:18:23.605  2828  2828 D BcSmartspaceCard: Subcard expected but missing type. loggingInfo=instance_id = 499, feature type = 25, display surface = 2, rank = 0, cardinality = 1, receivedLatencyMillis = 0, uid = -1, subcardInfo = null, dimensionalInfo = null, baseAction=SmartspaceAction{mId='', mIcon=null, mTitle=, mSubtitle=, mContentDescription=, mPendingIntent=null, mIntent=null, mUserHandle=UserHandle{0}, mExtras=Bundle[{explanation_intent=Supplier{VAL_PARCELABLE@48+1436}}]}
10-28 14:18:23.919  2828  2828 D BcSmartspaceCard: Subcard expected but missing type. loggingInfo=instance_id = 499, feature type = 25, display surface = 2, rank = 0, cardinality = 1, receivedLatencyMillis = 0, uid = -1, subcardInfo = null, dimensionalInfo = null, baseAction=SmartspaceAction{mId='', mIcon=null, mTitle=, mSubtitle=, mContentDescription=, 