10-14 18:34:47.806  3785  4122 D UnifiedPrefetchManager: video: 807998849064289_cover_media_id queuing prefetch task, from origin homefeed subOrigin null with tag SilverstoneVideoPrefetcher and module SilverstoneVideoPrefetcher
10-14 18:34:47.806  3785  4122 D UnifiedPrefetchManager: video: 807998849064289_cover_media_id representation id: 804030142029594a, width: -1 from origin homefeed and suborigin null and source(tag) SilverstoneVideoPrefetcher is being prefetched
10-14 18:34:47.806  3785  4122 D UnifiedPrefetchManager: video prefetch: 807998849064289_cover_media_id url: https://scontent-bos5-1.xx.fbcdn.net/o1/v/t2/f2/m412/AQNs5EntzDpGtAB_R9yrwHNlElso4uMGsuoY2FW5X_C6mntDRTmMOTUMYDgHtMe63d0JBhNKNPMpHf80ar9rF_MOqP98cUhxpC_qyFQ.mp4?_nc_cat=1&_nc_sid=9ca052&_nc_ht=scontent-bos5-1.xx.fbcdn.net&_nc_ohc=mZPHU5mm3F0Q7kNvwFjy_N5&efg=eyJ2ZW5jb2RlX3RhZyI6ImRhc2gtYXVkaW9faDI2NC1iYXNpYy1nZW4yXzM2MHAiLCJ2aWRlb19pZCI6bnVsbCwib2lsX3VybGdlbl9hcHBfaWQiOjgzMDU0NzE2NDAzNjAxMiwiY2xpZW50X25hbWUiOiJ1bmtub3duIiwieHB2X2Fzc2V0X2lkIjoxMzQ3NzMxNzA2OTc4NTg5LCJ2aV91c2VjYXNlX2lkIjoxMDk3NCwiZHVyYXRpb25fcyI6OSwidXJsZ2VuX3NvdXJjZSI6Ind3dyJ9&ccb=17-1&_nc_gid=uTH_YGXU6-LFXlKXZj2tIQ&_nc_zt=28&oh=00_Afc2aZDE9bbSWrFMhR_5N6p4S06Q3G3hriq8ZDeIPxKesA&oe=68F4AD17 32448
10-14 18:34:47.807  3785 13186 D CacheManager_default: Created Apache Data Source for video 807998849064289_cover_media_id (timeout_ms connect=8000 read=8000)
10-14 18:34:47.807  3785  4122 D UnifiedPrefetchManager: video: 807998849064289_cover_media_id queuing prefetch task, from origin homefeed subOrigin null with tag SilverstoneVideoPrefetcher and module SilverstoneVideoPrefetcher
10-14 18:34:47.807  3785  4122 D SilverstoneVideoPrefetcher: Created request to prefetch videos for post id: ej3HrgUBxTu video id: 807998849064289_cover_media_id isStartupPrefetch: false
10-14 18:34:47.807  3785  4122 I SilverstoneVideoPrefetcher: Creating video source for prefetching: for videoId: 748080908394081_cover_media_id adaptive : true progressive: false
10-14 18:34:47.808  3785  4122 D HeroService: 	renderMode: AUDIO_VIDEO
10-14 18:34:47.808  3785  4122 W HeroManager: 	renderMode: AUDIO_VIDEO
10-14 18:34:47.808  3785 13186 D FbHttpCacheDataSource: Cache data source open spec(Cached). RequestType: PREFETCH, StreamType:DASH_VIDEO, Offset:0, FilePos:0, Length:102400, Vid:807998849064289_cover_media_id, Key:807998849064289_cover_media_id.null.2205631293254044v.-1.39319a4ef7ff014615735839ab8d4a86d2432d4e
10-14 18:34:47.809  3785 13186 D FbHttpCacheDataSource: Cache data source open spec. RequestType: PREFETCH, StreamType:DASH_VIDEO, Position:0/0, Length:1402912, Vid:807998849064289_cover_media_id, Key:807998849064289_cover_media_id.null.2205631293254044v.-1.39319a4ef7ff014615735839ab8d4a86d2432d4e
10-14 18:34:47.811  3785  4122 D UnifiedPrefetchManager: video: 748080908394081_cover_media_id representation id: 1432416961148463v, width: 464 from origin homefeed and suborigin null and source(tag) SilverstoneVideoPrefetcher is being prefetched
10-14 18:34:47.811  3785  4122 D UnifiedPrefetchManager: video prefetch: 748080908394081_cover_media_id url: https://scontent-bos5-1.xx.fbcdn.net/o1/v/t2/f2/m412/AQMNNSDjmCQhsKaCRtHmdNXZb1nEpnpYDW_8_JdXVuh_mgRu3AQugbrRWUdoBaObauNh6AWxxyY7ODBwW2aENCYWaN13spRvi2c7lncpBGpYjg.mp4?_nc_cat=1&_nc_sid=9ca052&_nc_ht=scontent-bos5-1.xx.fbcdn.net&_nc_ohc=ckDoyL2cbcwQ7kNvwGTdq8_&efg=eyJ2ZW5jb2RlX3RhZyI6ImRhc2hfaDI2NC1iYXNpYy1nZW4yXzcyMHAiLCJ2aWRlb19pZCI6bnVsbCwib2lsX3VybGdlbl9hcHBfaWQiOjgzMDU0NzE2NDAzNjAxMiwiY2xpZW50X25hbWUiOiJ1bmtub3duIiwieHB2X2Fzc2V0X2lkIjo2NjEzODkyNzk3OTk2MTgsInZpX3VzZWNhc2VfaWQiOjEwOTc0LCJkdXJhdGlvbl9zIjo5LCJ1cmxnZW5fc291cmNlIjoid3d3In0%3D&ccb=17-1&_nc_gid=uTH_YGXU6-LFXlKXZj2tIQ&_nc_zt=28&oh=00_Afdr74Stt8tKQ8ZIidYgxhhRC2cZTJSR_mI5bL1cuzcH-w&oe=68F4AD77 858844
10-14 18:34:47.811  3785 13186 D FbHttpCacheDataSource: Cache data source open spec(Cached). RequestType: PREFETCH, StreamType:DASH_VIDEO, Offset:102400, FilePos:0, Length:102400, Vid:807998849064289_cover_media_id, Key:807998849064289_cover_media_id.null.2205631293254044v.-1.39319a4ef7ff014615735839ab8d4a86d2432d4e
10-14 18:34:47.811  3785  4122 D UnifiedPrefetchManager: video: 748080908394081_cover_media_id queuing prefetch task, from origin homefeed subOrigin null with tag SilverstoneVideoPrefetcher and module SilverstoneVideoPrefetcher
10-14 18:34:47.811  3785  4122 D SilverstoneVideoPrefetcher: Created request to prefetch videos for post id: Ms3qqrldpv4 video id: 748080908394081_cover_media_id isStartupPrefetch: false
10-14 18:34:47.811  3785  4122 I SilverstoneVideoPrefetcher: Creating video source for prefetching: for videoId: 790493387487153_cover_media_id adaptive : true progressive: false
10-14 18:34:47.811  3785  4122 D HeroService: 	renderMode: AUDIO_VIDEO
10-14 18:34:47.811  3785  4122 W HeroManager: 	renderMode: AUDIO_VIDEO
10-14 18:34:47.813  3785 13186 D FbHttpCacheDataSource: Cache data source open spec(Cached). RequestType: PREFETCH, StreamType:DASH_VIDEO, Offset:204800, FilePos:0, Length:102400, Vid:807998849064289_cover_media_id, Key:807998849064289_cover_media_id.null.2205631293254044v.-1.39319a4ef7ff014615735839ab8d4a86d2432d4e
10-14 18:34:47.815  3785 13186 D FbHttpCacheDataSource: Cache data source open spec(Cached). RequestType: PREFETCH, StreamType:DASH_VIDEO, Offset:307200, FilePos:0, Length:102400, Vid:807998849064289_cover_media_id, Key:807998849064289_cover_media_id.null.2205631293254044v.-1.39319a4ef7ff014615735839ab8d4a86d2432d4e
10-14 18:34:47.815  3785  4122 D UnifiedPrefetchManager: video: 790493387487153_cover_media_id representation id: 24770425382600519v, width: 464 from origin homefeed and suborigin null and source(tag) SilverstoneVideoPrefetcher is being prefetched
10-14 18:34:47.815  3785  4122 D UnifiedPrefetchManager: video prefetch: 790493387487153_cover_media_id url: https://scontent-bos5-1.xx.fbcdn.net/o1/v/t2/f2/m412/AQPBDirrF2ZUw25mBFyDnt7mGUXvxnADPn3VQIs4M7LdeTfn6tXZ9nx07zVUD1HID4xidxMNumNVTbcRzObC6ymOCjODWBmIRN0d_UM.mp4?_nc_cat=102&_nc_sid=9ca052&_nc_ht=scontent-bos5-1.xx.fbcdn.net&_nc_ohc=GIGSgPcEsoQQ7kNvwEYyuHc&efg=eyJ2ZW5jb2RlX3RhZyI6ImRhc2hfaDI2NC1iYXNpYy1nZW4yXzcyMHAiLCJ2aWRlb19pZCI6bnVsbCwib2lsX3VybGdlbl9hcHBfaWQiOjgzMDU0NzE2NDAzNjAxMiwiY2xpZW50X25hbWUiOiJ1bmtub3duIiwieHB2X2Fzc2V0X2lkIjo3OTA0OTM1ODQxNTM4MDAsInZpX3VzZWNhc2VfaWQiOjEwOTg3LCJkdXJhdGlvbl9zIjoyMCwidXJsZ2VuX3NvdXJjZSI6Ind3dyJ9&ccb=17-1&_nc_gid=uTH_YGXU6-LFXlKXZj2tIQ&_nc_zt=28&oh=00_AffV1Ts6SbZClPa3_Ede1ad-3jEBbB4HsaPoj9hLE_HVZA&oe=68F4B917 1605565
10-14 18:34:47.816  3785  4122 D UnifiedPrefetchManager: video: 790493387487153_cover_media_id queuing prefetch task, from origin homefeed subOrigin null with tag SilverstoneVideoPrefetcher and module SilverstoneVideoPrefetcher
10-14 18:34:47.816  3785  4122 D UnifiedPrefetchManager: video: 790493387487153_cover_media_id representation id: 1765548577479694a, width: -1 from origin homefeed and suborigin null and source(tag) SilverstoneVideoPrefetcher is being prefetched
10-14 18:34:47.816  3785  4122 D UnifiedPrefetchManager: video prefetch: 790493387487153_cover_media_id url: https://scontent-bos5-1.xx.fbcdn.net/o1/v/t2/f2/m412/AQOehm1q2o-aemOxoDmGsbpioGfOV9Ja86DEe4trfsRc2iDuFnp_elWC7PfCmdlj9gndSUMzzJNUYQekoU9XrFJfBQM7A40kY1LpS9o.mp4?_nc_cat=110&_nc_sid=9ca052&_nc_ht=scontent-bos5-1.xx.fbcdn.net&_nc_ohc=Mu4vcZZoLBgQ7kNvwHPpNjW&efg=eyJ2ZW5jb2RlX3RhZyI6ImRhc2gtYXVkaW9faDI2NC1iYXNpYy1nZW4yXzM2MHAiLCJ2aWRlb19pZCI6bnVsbCwib2lsX3VybGdlbl9hcHBfaWQiOjgzMDU0NzE2NDAzNjAxMiwiY2xpZW50X25hbWUiOiJ1bmtub3duIiwieHB2X2Fzc2V0X2lkIjo3OTA0OTM1ODQxNTM4MDAsInZpX3VzZWNhc2VfaWQiOjEwOTg3LCJkdXJhdGlvbl9zIjoyMCwidXJsZ2VuX3NvdXJjZSI6Ind3dyJ9&ccb=17-1&_nc_gid=uTH_YGXU6-LFXlKXZj2tIQ&_nc_zt=28&oh=00_AfceSgz9dNy-L6A1tP6zcmF5MXakgLLyrIPJAQL7NJFaeQ&oe=68F4ADF3 32937
10-14 18:34:47.816  3785  4122 D UnifiedPrefetchManager: video: 790493387487153_cover_media_id queuing prefetch task, from origin homefeed subOrigin null with tag SilverstoneVideoPrefetcher and module SilverstoneVideoPrefetcher
10-14 18:34:47.817  3785 13186 D FbHttpCacheDataSource: Cache data source open spec(Cached). RequestType: PREFETCH, StreamType:DASH_VIDEO, Offset:409600, FilePos:0, Length:102400, Vid:807998849064289_cover_media_id, Key:807998849064289_cover_media_id.null.2205631293254044v.-1.39319a4ef7ff014615735839ab8d4a86d2432d4e
10-14 18:34:47.817  3785  4122 D SilverstoneVideoPrefetcher: Created request to prefetch videos for post id: tMcjBZvbehZ video id: 790493387487153_cover_media_id isStartupPrefetch: false
10-14 18:34:47.817  3785  4122 I SilverstoneVideoPrefetcher: Creating video source for prefetching: for videoId: 765695809968830_cover_media_id adaptive : true progressive: false
10-14 18:34:47.817  3785  4122 D HeroService: 	renderMode: AUDIO_VIDEO
10-14 18:34:47.817  3785  4122 W HeroManager: 	renderMode: AUDIO_VIDEO
10-14 18:34:47.818  3785 13186 D FbHttpCacheDataSource: Cache data source open spec(Cached). RequestType: PREFETCH, StreamType:DASH_VIDEO, Offset:512000, FilePos:0, Length:102400, Vid:807998849064289_cover_media_id, Key:807998849064289_cover_media_id.null.2205631293254044v.-1.39319a4ef7ff014615735839ab8d4a86d2432d4e
10-14 18:34:47.820  3785  4122 D UnifiedPrefetchManager: video: 765695809968830_cover_media_id representation id: 2505553306505514v, width: 464 from origin homefeed and suborigin null and source(tag) SilverstoneVideoPrefetcher is being prefetched
10-14 18:34:47.820  3785  4122 D UnifiedPrefetchManager: video prefetch: 765695809968830_cover_media_id url: https://scontent-bos5-1.xx.fbcdn.net/o1/v/t2/f2/m412/AQNsvtZafNPICtbXplyIMeFUNsEWJUS-1j5osNnI-HHdlwTk4yoCOg_al0ZW6udA6M3PzZGt51x41SIqLoOtSy0x9BeU0q75MR6UQQg.mp4?_nc_cat=1&_nc_sid=9ca052&_nc_ht=scontent-bos5-1.xx.fbcdn.net&_nc_ohc=00f5qxENncMQ7kNvwF6Q9tM&efg=eyJ2ZW5jb2RlX3RhZyI6ImRhc2hfaDI2NC1iYXNpYy1nZW4yXzcyMHAiLCJ2aWRlb19pZCI6bnVsbCwib2lsX3VybGdlbl9hcHBfaWQiOjgzMDU0NzE2NDAzNjAxMiwiY2xpZW50X25hbWUiOiJ1bmtub3duIiwieHB2X2Fzc2V0X2lkIjo3NzAzMjI1NDI1NDU5ODAsInZpX3VzZWNhc2VfaWQiOjEwOTgwLCJkdXJhdGlvbl9zIjoxNiwidXJsZ2VuX3NvdXJjZSI6Ind3dyJ9&ccb=17-1&_nc_gid=uTH_YGXU6-LFXlKXZj2tIQ&_nc_zt=28&oh=00_Afc2VTAoYZ1eiML5RkQFzUfvF7F04AD0cZ9vq5Pze_AL3Q&oe=68F4A506 2012280
10-14 18:34:47.820  3785  4122 D UnifiedPrefetchManager: video: 765695809968830_cover_media_id queuing prefetch task, from origin homefeed subOrigin null with tag SilverstoneVideoPrefetcher and module SilverstoneVideoPrefetcher
10-14 18:34:47.821  3785  4122 D UnifiedPrefetchManager: video: 765695809968830_cover_media_id representation id: 1516807266414232a, width: -1 from origin homefeed and suborigin null and source(tag) SilverstoneVideoPrefetcher is being prefetched
10-14 18:34:47.821  3785  4122 D UnifiedPrefetchManager: video prefetch: 765695809968830_cover_media_id url: https://scontent-bos5-1.xx.fbcdn.net/o1/v/t2/f2/m412/AQNJFU0YLRUs3vYtikbELxgvOtx5EjdAvpKpkaiKdXxtghTnSL6ETD0vwxT66GvCKTZ_zUf1QLxzzKuwoHxBz0unZPVc9__tmaAtt_Q.mp4?_nc_cat=1&_nc_sid=9ca052&_nc_ht=scontent-bos5-1.xx.fbcdn.net&_nc_ohc=wKrFA0PdJ3EQ7kNvwFN1xlo&efg=eyJ2ZW5jb2RlX3RhZyI6ImRhc2gtYXVkaW9faDI2NC1iYXNpYy1nZW4yXzM2MHAiLCJ2aWRlb19pZCI6bnVsbCwib2lsX3VybGdlbl9hcHBfaWQiOjgzMDU0NzE2NDAzNjAxMiwiY2xpZW50X25hbWUiOiJ1bmtub3duIiwieHB2X2Fzc2V0X2lkIjo3NzAzMjI1NDI1NDU5ODAsInZpX3VzZWNhc2VfaWQiOjEwOTgwLCJkdXJhdGlvbl9zIjoxNiwidXJsZ2VuX3NvdXJjZSI6Ind3dyJ9&ccb=17-1&_nc_gid=uTH_YGXU6-LFXlKXZj2tIQ&_nc_zt=28&oh=00_AfeMg0KuKWBga8YJPZ5SQeqOyEBpEl9Hy6pkriFmX-pTPg&oe=68F4B3E2 33021
10-14 18:34:47.821  3785  4122 D UnifiedPrefetchManager: video: 765695809968830_cover_media_id queuing prefetch task, from origin homefeed subOrigin null with tag SilverstoneVideoPrefetcher and module SilverstoneVideoPrefetcher
10-14 18:34:47.821  3785  4122 D SilverstoneVideoPrefetcher: Created request to prefetch videos for post id: il8sDVUEc1G video id: 765695809968830_cover_media_id isStartupPrefetch: false
10-14 18:34:47.821  3785  4122 I SilverstoneVideoPrefetcher: Creating video source for prefetching: for videoId: 812305898631446_cover_media_id adaptive : true progressive: false
10-14 18:34:47.821  3785  4122 D HeroService: 	renderMode: AUDIO_VIDEO
10-14 18:34:47.821  3785  4122 W HeroManager: 	renderMode: AUDIO_VIDEO
10-14 18:34:47.821  3785 13186 D FbHttpCacheDataSource: Cache data source open spec(Cached). RequestType: PREFETCH, StreamType:DASH_VIDEO, Offset:614400, FilePos:0, Length:102400, Vid:807998849064289_cover_media_id, Key:807998849064289_cover_media_id.null.2205631293254044v.-1.39319a4ef7ff014615735839ab8d4a86d2432d4e
10-14 18:34:47.823  3785 13186 D FbHttpCacheDataSource: Cache data source open spec(Cached). RequestType: PREFETCH, StreamType:DASH_VIDEO, Offset:716800, FilePos:0, Length:102400, Vid:807998849064289_cover_media_id, Key:807998849064289_cover_media_id.null.2205631293254044v.-1.39319a4ef7ff014615735839ab8d4a86d2432d4e
10-14 18:34:47.825  3785  4122 D UnifiedPrefetchManager: video: 812305898631446_cover_media_id representation id: 4278402765723121v, width: 464 from origin homefeed and suborigin null and source(tag) SilverstoneVideoPrefetcher is being prefetched
10-14 18:34:47.825  3785  4122 D UnifiedPrefetchManager: video prefetch: 812305898631446_cover_media_id url: https://scontent-bos5-1.xx.fbcdn.net/o1/v/t2/f2/m412/AQP4NT07ixKrIClOYxIF1BRiQNZoZltPUBwT0Zki3RtlUGBg9-JCKt6YTHSLjiFNCY1CLQsqUBPgehWzcgFWyT5hrDSuwykdF5BWve4.mp4?_nc_cat=1&_nc_sid=9ca052&_nc_ht=scontent-bos5-1.xx.fbcdn.net&_nc_ohc=SBm-6CqWOdAQ7kNvwGJTgxj&efg=eyJ2ZW5jb2RlX3RhZyI6ImRhc2hfaDI2NC1iYXNpYy1nZW4yXzcyMHAiLCJ2aWRlb19pZCI6bnVsbCwib2lsX3VybGdlbl9hcHBfaWQiOjgzMDU0NzE2NDAzNjAxMiwiY2xpZW50X25hbWUiOiJ1bmtub3duIiwieHB2X2Fzc2V0X2lkIjoxMzc5MjYwOTAzNzgzMjYwLCJ2aV91c2VjYXNlX2lkIjoxMDk3NCwiZHVyYXRpb25fcyI6OSwidXJsZ2VuX3NvdXJjZSI6Ind3dyJ9&ccb=17-1&_nc_gid=uTH_YGXU6-LFXlKXZj2tIQ&_nc_zt=28&oh=00_AffBModXHmQvnPUj1JMZIKRp0lPVkTHSaU6hAC_Np1vbZQ&oe=68F49EFD 2058555
10-14 18:34:47.825  3785 13186 D FbHttpCacheDataSource: Cache data source open spec(Cached). RequestType: PREFETCH, StreamType:DASH_VIDEO, Offset:819200, FilePos:0, Length:102400, Vid:807998849064289_cover_media_id, Key:807998849064289_cover_media_id.null.2205631293254044v.-1.39319a4ef7ff014615735839ab8d4a86d2432d4e
10-14 18:34:47.825  3785  4122 D UnifiedPrefetchManager: video: 812305898631446_cover_media_id queuing prefetch task, from origin homefeed subOrigin null with tag SilverstoneVideoPrefetcher and module SilverstoneVideoPrefetcher
10-14 18:34:47.826  3785  4122 D UnifiedPrefetchManager: video: 812305898631446_cover_media_id representation id: 1757419278283505a, width: -1 from origin homefeed and suborigin null and source(tag) SilverstoneVideoPrefetcher is being prefetched
10-14 18:34:47.826  3785  4122 D UnifiedPrefetchManager: video prefetch: 812305898631446_cover_media_id url: https://scontent-bos5-1.xx.fbcdn.net/o1/v/t2/f2/m412/AQP0GKW63JafqXZQ_URsRQA8WHwF9Dk1fVVOQvRTJNwqMJpcSdhxtCDAmbLP1j-Vld1kUaUTs_60rSvh4Tbap0_eBQhcgljrIJBvpMg.mp4?_nc_cat=1&_nc_sid=9ca052&_nc_ht=scontent-bos5-1.xx.fbcdn.net&_nc_ohc=3LFiOoBPfKAQ7kNvwFoclV3&efg=eyJ2ZW5jb2RlX3RhZyI6ImRhc2gtYXVkaW9faDI2NC1iYXNpYy1nZW4yXzM2MHAiLCJ2aWRlb19pZCI6bnVsbCwib2lsX3VybGdlbl9hcHBfaWQiOjgzMDU0NzE2NDAzNjAxMiwiY2xpZW50X25hbWUiOiJ1bmtub3duIiwieHB2X2Fzc2V0X2lkIjoxMzc5MjYwOTAzNzgzMjYwLCJ2aV91c2VjYXNlX2lkIjoxMDk3NCwiZHVyYXRpb25fcyI6OSwidXJsZ2VuX3NvdXJjZSI6Ind3dyJ9&ccb=17-1&_nc_gid=uTH_YGXU6-LFXlKXZj2tIQ&_nc_zt=28&oh=00_AffEMHyDyk4WmtjhZSdlPSOfs5WJDmkW1W7Z3iQt0rFavQ&oe=68F4B015 32819
10-14 18:34:47.827  3785  4122 D UnifiedPrefetchManager: video: 812305898631446_cover_media_id queuing prefetch task, from origin homefeed subOrigin null with tag SilverstoneVideoPrefetcher and module SilverstoneVideoPrefetcher
10-14 18:34:47.827  3785  4122 D SilverstoneVideoPrefetcher: Created request to prefetch videos for post id: PPdm4sAeb97 video id: 812305898631446_cover_media_id isStartupPrefetch: false
10-14 18:34:47.827  3785  4122 I SilverstoneVideoPrefetcher: Creating video source for prefetching: for videoId: 782547378275633_cover_media_id adaptive : true progressive: false
10-14 18:34:47.827  3785  4122 D HeroService: 	renderMode: AUDIO_VIDEO
10-14 18:34:47.827  3785  4122 W HeroManager: 	renderMode: AUDIO_VIDEO
10-14 18:34:47.827  3785 13186 D FbHttpCacheDataSource: Cache data source open spec(Cached). RequestType: PREFETCH, StreamType:DASH_VIDEO, Offset:921600, FilePos:0, Length:102400, Vid:807998849064289_cover_media_id, Key:807998849064289_cover_media_id.null.2205631293254044v.-1.39319a4ef7ff014615735839ab8d4a86d2432d4e
10-14 18:34:47.830  3785 13186 D FbHttpCacheDataSource: Cache data source open spec(Cached). RequestType: PREFETCH, StreamType:DASH_VIDEO, Offset:1024000, FilePos:0, Length:102400, Vid:807998849064289_cover_media_id, Key:807998849064289_cover_media_id.null.2205631293254044v.-1.39319a4ef7ff014615735839ab8d4a86d2432d4e
10-14 18:34:47.830  3785  4122 D UnifiedPrefetchManager: video: 782547378275633_cover_media_id representation id: 4287739264794199v, width: 540 from origin homefeed and suborigin null and source(tag) SilverstoneVideoPrefetcher is being prefetched
10-14 18:34:47.830  3785  4122 D UnifiedPrefetchManager: video prefetch: 782547378275633_cover_media_id url: https://scontent-bos5-1.xx.fbcdn.net/o1/v/t2/f2/m412/AQPA0HB0_UQqnZtOjtSVciCWqCBJdtEDGuNbJtdUzseF6fIPwSsPFaougABqHXQrfHFqr_N_KI29VM_YmoZMyFZcH0aabZYJKAC_Apo.mp4?_nc_cat=1&_nc_sid=9ca052&_nc_ht=scontent-bos5-1.xx.fbcdn.net&_nc_ohc=9g8JCV1QRoMQ7kNvwEraDpE&efg=eyJ2ZW5jb2RlX3RhZyI6ImRhc2hfaDI2NC1iYXNpYy1nZW4yXzU0MHAiLCJ2aWRlb19pZCI6bnVsbCwib2lsX3VybGdlbl9hcHBfaWQiOjgzMDU0NzE2NDAzNjAxMiwiY2xpZW50X25hbWUiOiJ1bmtub3duIiwieHB2X2Fzc2V0X2lkIjoxNDYwMzc5MTgxODMzMzA1LCJ2aV91c2VjYXNlX2lkIjoxMDk3NCwiZHVyYXRpb25fcyI6OSwidXJsZ2VuX3NvdXJjZSI6Ind3dyJ9&ccb=17-1&_nc_gid=uTH_YGXU6-LFXlKXZj2tIQ&_nc_zt=28&oh=00_AffloNCb1F7UbU2gRC5J-v0KdSR0JsmQVHTMjF_0ZWyx2A&oe=68F49AE8 1144478
10-14 18:34:47.830  3785  4122 D UnifiedPrefetchManager: video: 782547378275633_cover_media_id queuing prefetch task, from origin homefeed subOrigin null with tag SilverstoneVideoPrefetcher and module SilverstoneVideoPrefetcher
10-14 18:34:47.830  3785  4122 D SilverstoneVideoPrefetcher: Created request to prefetch videos for post id: SH3AdAtTXwY video id: 782547378275633_cover_media_id isStartupPrefetch: false
10-14 18:34:47.830  3785  4122 I SilverstoneVideoPrefetcher: Creating video source for prefetching: for videoId: 796505503546365_cover_media_id adaptive : true progressive: false
10-14 18:34:47.831  3785  4122 D HeroService: 	renderMode: AUDIO_VIDEO
10-14 18:34:47.831  3785  4122 W HeroManager: 	renderMode: AUDIO_VIDEO
10-14 18:34:47.832  3785 13186 D FbHttpCacheDataSource: Cache data source open spec(Cached). RequestType: PREFETCH, StreamType:DASH_VIDEO, Offset:1126400, FilePos:0, Length:102400, Vid:807998849064289_cover_media_id, Key:807998849064289_cover_media_id.null.2205631293254044v.-1.39319a4ef7ff014615735839ab8d4a86d2432d4e
10-14 18:34:47.833  3785  4122 D UnifiedPrefetchManager: video: 796505503546365_cover_media_id representation id: 797882149293043v, width: 464 from origin homefeed and suborigin null and source(tag) SilverstoneVideoPrefetcher is being prefetched
10-14 18:34:47.833  3785  4122 D UnifiedPrefetchManager: video prefetch: 796505503546365_cover_media_id url: https://scontent-bos5-1.xx.fbcdn.net/o1/v/t2/f2/m412/AQOVP0c9neKuz-0vG8xSMPK4fXqJUzf6OOgsyycQt4-Z2CdmydayVpyfc0jemXgTpYY9G6vZUjoKUEc6nlQvJrdTzjqRvBL9A5OMqY0.mp4?_nc_cat=1&_nc_sid=9ca052&_nc_ht=scontent-bos5-1.xx.fbcdn.net&_nc_ohc=RGIAPs7x9rQQ7kNvwGqs-_z&efg=eyJ2ZW5jb2RlX3RhZyI6ImRhc2hfaDI2NC1iYXNpYy1nZW4yXzcyMHAiLCJ2aWRlb19pZCI6bnVsbCwib2lsX3VybGdlbl9hcHBfaWQiOjgzMDU0NzE2NDAzNjAxMiwiY2xpZW50X25hbWUiOiJ1bmtub3duIiwieHB2X2Fzc2V0X2lkIjoxMDY5OTY1MDIxNjMzODI4LCJ2aV91c2VjYXNlX2lkIjoxMDk3NCwiZHVyYXRpb25fcyI6OSwidXJsZ2VuX3NvdXJjZSI6Ind3dyJ9&ccb=17-1&_nc_gid=uTH_YGXU6-LFXlKXZj2tIQ&_nc_zt=28&oh=00_AfeIzE8HNFJ0S6KDbgXDlHDbNwkxpJIjtkA_ObiuL-ygGA&oe=68F4898A 1353861
10-14 18:34:47.834  3785 13186 D FbHttpCacheDataSource: Cache data source open spec(Cached). RequestType: PREFETCH, StreamType:DASH_VIDEO, Offset:1228800, FilePos:0, Length:102400, Vid:807998849064289_cover_media_id, Key:807998849064289_cover_media_id.null.2205631293254044v.-1.39319a4ef7ff014615735839ab8d4a86d2432d4e
10-14 18:34:47.834  3785  4122 D UnifiedPrefetchManager: video: 796505503546365_cover_media_id queuing prefetch task, from origin homefeed subOrigin null with tag SilverstoneVideoPrefetcher and module SilverstoneVideoPrefetcher
10-14 18:34:47.834  3785  4122 D UnifiedPrefetchManager: video: 796505503546365_cover_media_id representation id: 2081107842419912a, width: -1 from origin homefeed and suborigin null and source(tag) SilverstoneVideoPrefetcher is being prefetched
10-14 18:34:47.834  3785  4122 D UnifiedPrefetchManager: video prefetch: 796505503546365_cover_media_id url: https://scontent-bos5-1.xx.fbcdn.net/o1/v/t2/f2/m412/AQMA1twP_k7XKcMUE8jp5IIQr1RKxckdfZYHeQ_hLu9vXi1KUoHzE0iTNbtkCQyw_OkxBkSvIVHPScH8kFm7nFUSQSDkEu3Pcv942Fc.mp4?_nc_cat=1&_nc_sid=9ca052&_nc_ht=scontent-bos5-1.xx.fbcdn.net&_nc_ohc=uNKwqCYFiI4Q7kNvwFRCSOg&efg=eyJ2ZW5jb2RlX3RhZyI6ImRhc2gtYXVkaW9faDI2NC1iYXNpYy1nZW4yXzM2MHAiLCJ2aWRlb19pZCI6bnVsbCwib2lsX3VybGdlbl9hcHBfaWQiOjgzMDU0NzE2NDAzNjAxMiwiY2xpZW50X25hbWUiOiJ1bmtub3duIiwieHB2X2Fzc2V0X2lkIjoxMDY5OTY1MDIxNjMzODI4LCJ2aV91c2VjYXNlX2lkIjoxMDk3NCwiZHVyYXRpb25fcyI6OSwidXJsZ2VuX3NvdXJjZSI6Ind3dyJ9&ccb=17-1&_nc_gid=uTH_YGXU6-LFXlKXZj2tIQ&_nc_zt=28&oh=00_AfeTeQiToBiNiwcBv5oqFLO9SMHcy-OkkMKdcUqGkoGyZA&oe=68F4B349 32961
10-14 18:34:47.835  3785  4122 D UnifiedPrefetchManager: video: 796505503546365_cover_media_id queuing prefetch task, from origin homefeed subOrigin null with tag SilverstoneVideoPrefetcher and module SilverstoneVideoPrefetcher
10-14 18:34:47.835  3785  4122 D SilverstoneVideoPrefetcher: Created request to prefetch videos for post id: FE3EaVqcZW7 video id: 796505503546365_cover_media_id isStartupPrefetch: false
10-14 18:34:47.835  3785  4122 I SilverstoneVideoPrefetcher: Creating video source for prefetching: for videoId: 778724985328698_cover_media_id adaptive : true progressive: false
10-14 18:34:47.835  3785  4122 D HeroService: 	renderMode: AUDIO_VIDEO
10-14 18:34:47.835  3785  4122 W HeroManager: 	renderMode: AUDIO_VIDEO
10-14 18:34:47.836  3785 13186 D FbHttpCacheDataSource: Cache data source open spec(Cached). RequestType: PREFETCH, StreamType:DASH_VIDEO, Offset:1331200, FilePos:0, Length:71712, Vid:807998849064289_cover_media_id, Key:807998849064289_cover_media_id.null.2205631293254044v.-1.39319a4ef7ff014615735839ab8d4a86d2432d4e
10-14 18:34:47.838  3785 13186 D CacheManager_default: Prefetched VideoId 807998849064289_cover_media_id, PrefetchLength 1402912, total read 1402912, fetched length from network 0, CacheKey 807998849064289_cover_media_id.null.2205631293254044v.-1.39319a4ef7ff014615735839ab8d4a86d2432d4e
10-14 18:34:47.838  3785  4122 D UnifiedPrefetchManager: video: 778724985328698_cover_media_id representation id: 801031572304571v, width: 540 from origin homefeed and suborigin null and source(tag) SilverstoneVideoPrefetcher is being prefetched
10-14 18:34:47.838  3785  4122 D UnifiedPrefetchManager: video prefetch: 778724985328698_cover_media_id url: https://scontent-bos5-1.xx.fbcdn.net/o1/v/t2/f2/m412/AQMyh2HIdyofx8kNkZffT7itbL037xwW00DXYozpN6LmrJrFEjHNnLFK9qpDaoonTNExlBP1bQbRIW1563M4NewWrypUOBBJ4vy2I1M.mp4?_nc_cat=1&_nc_sid=9ca052&_nc_ht=scontent-bos5-1.xx.fbcdn.net&_nc_ohc=SBkzy2300TQQ7kNvwE5GqMw&efg=eyJ2ZW5jb2RlX3RhZyI6ImRhc2hfaDI2NC1iYXNpYy1nZW4yXzU0MHAiLCJ2aWRlb19pZCI6bnVsbCwib2lsX3VybGdlbl9hcHBfaWQiOjgzMDU0NzE2NDAzNjAxMiwiY2xpZW50X25hbWUiOiJ1bmtub3duIiwieHB2X2Fzc2V0X2lkIjo3OTY3Njg5OTYyNjczNzEsInZpX3VzZWNhc2VfaWQiOjEwOTc0LCJkdXJhdGlvbl9zIjo5LCJ1cmxnZW5fc291cmNlIjoid3d3In0%3D&ccb=17-1&_nc_gid=uTH_YGXU6-LFXlKXZj2tIQ&_nc_zt=28&oh=00_AffSRGUSS74qaRmnAM54vkGkCzHBAttm7Lq5_6KFtTEB6w&oe=68F4B649 2345824
10-14 18:34:47.838  3785 13186 D CacheManager_default: Created Apache Data Source for video 796505503546365_cover_media_id (timeout_ms connect=8000 read=8000)
10-14 18:34:47.839  3785  4122 D UnifiedPrefetchManager: video: 778724985328698_cover_media_id queuing prefetch task, from origin homefeed subOrigin null with tag SilverstoneVideoPrefetcher and module SilverstoneVideoPrefetcher
10-14 18:34:47.839  3785  4122 D SilverstoneVideoPrefetcher: Created request to prefetch videos for post id: cR3z8kdWY3U video id: 778724985328698_cover_media_id isStartupPrefetch: false
10-14 18:34:47.839  3785  4122 I SilverstoneVideoPrefetcher: Creating video source for prefetching: for videoId: 757568274115647_cover_media_id adaptive : true progressive: false
10-14 18:34:47.839  3785  4122 D HeroService: 	renderMode: AUDIO_VIDEO
10-14 18:34:47.839  3785  4122 W HeroManager: 	renderMode: AUDIO_VIDEO
10-14 18:34:47.841  3785 13186 D CacheManager_default: Prefetched VideoId 796505503546365_cover_media_id, PrefetchLength 32961, total read 32961, fetched length from network 0, CacheKey 796505503546365_cover_media_id.null.2081107842419912a.-1.e067d7be6f723e5259c18967603ff5870c0ff909
10-14 18:34:47.841  3785 13186 D CacheManager_default: Created Apache Data Source for video 778724985328698_cover_media_id (timeout_ms connect=8000 read=8000)
10-14 18:34:47.842  3785 13186 D FbHttpCacheDataSource: Cache data source open spec(Cached). RequestType: PREFETCH, StreamType:DASH_VIDEO, Offset:0, FilePos:0, Length:102400, Vid:778724985328698_cover_media_id, Key:778724985328698_cover_media_id.null.801031572304571v.-1.f7c18099791019937f6d13918afc03f6c301d56f
10-14 18:34:47.842  3785  4122 D UnifiedPrefetchManager: video: 757568274115647_cover_media_id representation id: 1992115814900385v, width: 536 from origin homefeed and suborigin null and source(tag) SilverstoneVideoPrefetcher is being prefetched
10-14 18:34:47.842  3785  4122 D UnifiedPrefetchManager: video prefetch: 757568274115647_cover_media_id url: https://scontent-bos5-1.xx.fbcdn.net/o1/v/t2/f2/m412/AQNTDlSCiu0nHTCl6cTErLnA-OzO-phvFy4AnyS2tiLm3o_vlwRmDZOetazLWMbYZIAIhO9QLS3DjaUyEw3WHaNmDxlyDAgoTWuBH_4.mp4?_nc_cat=1&_nc_sid=9ca052&_nc_ht=scontent-bos5-1.xx.fbcdn.net&_nc_ohc=iY8lMRBwZuMQ7kNvwGCEY25&efg=eyJ2ZW5jb2RlX3RhZyI6ImRhc2hfaDI2NC1iYXNpYy1nZW4yXzU0MHAiLCJ2aWRlb19pZCI6bnVsbCwib2lsX3VybGdlbl9hcHBfaWQiOjgzMDU0NzE2NDAzNjAxMiwiY2xpZW50X25hbWUiOiJ1bmtub3duIiwieHB2X2Fzc2V0X2lkIjo3MzE1MDQzMTMyNzI4ODYsInZpX3VzZWNhc2VfaWQiOjEwOTc0LCJkdXJhdGlvbl9zIjoxNSwidXJsZ2VuX3NvdXJjZSI6Ind3dyJ9&ccb=17-1&_nc_gid=uTH_YGXU6-LFXlKXZj2tIQ&_nc_zt=28&oh=00_AffHphRcxnLZbArSqj-dhomi0JyFmbLwmyYw3iuBsg1w6Q&oe=68F494EE 2500514
10-14 18:34:47.843  3785 13186 D FbHttpCacheDataSource: Cache data source open spec. RequestType: PREFETCH, StreamType:DASH_VIDEO, Position:0/0, Length:2345824, Vid:778724985328698_cover_media_id, Key:778724985328698_cover_media_id.null.801031572304571v.-1.f7c18099791019937f6d13918afc03f6c301d56f
10-14 18:34:47.843  3785  4122 D UnifiedPrefetchManager: video: 757568274115647_cover_media_id queuing prefetch task, from origin homefeed subOrigin null with tag SilverstoneVideoPrefetcher and module SilverstoneVideoPrefetcher
10-14 18:34:47.843  3785  4122 D UnifiedPrefetchManager: video: 757568274115647_cover_media_id representation id: 727051487025187a, width: -1 from origin homefeed and suborigin null and source(tag) SilverstoneVideoPrefetcher is being prefetched
10-14 18:34:47.844  3785  4122 D UnifiedPrefetchManager: video prefetch: 757568274115647_cover_media_id url: https://scontent-bos5-1.xx.fbcdn.net/o1/v/t2/f2/m412/AQMv_6yENMLTDfURc7BPOwAmDJcEd_UYgM_IGXFTKfef_ikPPiYNH29edAdPojHxvC6N8IkQt3DMClJEbwkgkpTWpQXTBzUOsu3Pzls.mp4?_nc_cat=110&_nc_sid=9ca052&_nc_ht=scontent-bos5-1.xx.fbcdn.net&_nc_ohc=mi9eLXQg_VQQ7kNvwGrLPW0&efg=eyJ2ZW5jb2RlX3RhZyI6ImRhc2gtYXVkaW9faDI2NC1iYXNpYy1nZW4yXzM2MHAiLCJ2aWRlb19pZCI6bnVsbCwib2lsX3VybGdlbl9hcHBfaWQiOjgzMDU0NzE2NDAzNjAxMiwiY2xpZW50X25hbWUiOiJ1bmtub3duIiwieHB2X2Fzc2V0X2lkIjo3MzE1MDQzMTMyNzI4ODYsInZpX3VzZWNhc2VfaWQiOjEwOTc0LCJkdXJhdGlvbl9zIjoxNSwidXJsZ2VuX3NvdXJjZSI6Ind3dyJ9&ccb=17-1&_nc_gid=uTH_YGXU6-LFXlKXZj2tIQ&_nc_zt=28&oh=00_AfcWg06e4HKCqdesuCUhsl4SFDbqGiEt9nhXETg3VGWCxA&oe=68F4BA97 32763
10-14 18:34:47.844  3785  4122 D UnifiedPrefetchManager: video: 757568274115647_cover_media_id queuing prefetch task, from origin homefeed subOrigin null with tag SilverstoneVideoPrefetcher and module SilverstoneVideoPrefetcher
10-14 18:34:47.844  3785  4122 D SilverstoneVideoPrefetcher: Created request to prefetch videos for post id: ox3t7pGkrk6 video id: 757568274115647_cover_media_id isStartupPrefetch: false
10-14 18:34:47.844  3785  4122 I SilverstoneVideoPrefetcher: Creating video source for prefetching: for videoId: 781175708418446_cover_media_id adaptive : true progressive: false
10-14 18:34:47.844  3785  4122 D HeroService: 	renderMode: AUDIO_VIDEO
10-14 18:34:47.844  3785  4122 W HeroManager: 	renderMode: AUDIO_VIDEO
10-14 18:34:47.845  3785 13186 D FbHttpCacheDataSource: Cache data source open spec(Cached). RequestType: PREFETCH, StreamType:DASH_VIDEO, Offset:102400, FilePos:0, Length:102400, Vid:778724985328698_cover_media_id, Key:778724985328698_cover_media_id.null.801031572304571v.-1.f7c18099791019937f6d13918afc03f6c301d56f
10-14 18:34:47.848  3785  4122 D UnifiedPrefetchManager: video: 781175708418446_cover_media_id representation id: 1921916738665181v, width: 464 from origin homefeed and suborigin null and source(tag) SilverstoneVideoPrefetcher is being prefetched
10-14 18:34:47.848  3785  4122 D UnifiedPrefetchManager: video prefetch: 781175708418446_cover_media_id url: https://scontent-bos5-1.xx.fbcdn.net/o1/v/t2/f2/m412/AQPh_af-YijKlOUZN9bV5yw-tNVrLmr-NxWzrP3UCq8Sg5J-m1JDmK16jb_k5ASV95EfqJKhc-h4IevkDktoxPRbcS00fWiu9SEaCHw.mp4?_nc_cat=1&_nc_sid=9ca052&_nc_ht=scontent-bos5-1.xx.fbcdn.net&_nc_ohc=4iOKzewiEsoQ7kNvwE_4Bcl&efg=eyJ2ZW5jb2RlX3RhZyI6ImRhc2hfaDI2NC1iYXNpYy1nZW4yXzcyMHAiLCJ2aWRlb19pZCI6bnVsbCwib2lsX3VybGdlbl9hcHBfaWQiOjgzMDU0NzE2NDAzNjAxMiwiY2xpZW50X25hbWUiOiJ1bmtub3duIiwieHB2X2Fzc2V0X2lkIjoyOTQwNjIyNzc2MTI1MjEwLCJ2aV91c2VjYXNlX2lkIjoxMDk3NCwiZHVyYXRpb25fcyI6ODIsInVybGdlbl9zb3VyY2UiOiJ3d3cifQ%3D%3D&ccb=17-1&_nc_gid=uTH_YGXU6-LFXlKXZj2tIQ&_nc_zt=28&oh=00_Aff94vMlp2ocHGc6hxn7aInpYwkWbr2G-Ef91b7K2JGOKQ&oe=68F4BC6D 1868417
10-14 18:34:47.848  3785 13186 D FbHttpCacheDataSource: Cache data source open spec(Cached). RequestType: PREFETCH, StreamType:DASH_VIDEO, Offset:204800, FilePos:0, Length:102400, Vid:778724985328698_cover_media_id, Key:778724985328698_cover_media_id.null.801031572304571v.-1.f7c18099791019937f6d13918afc03f6c301d56f
10-14 18:34:47.849  3785  4122 D UnifiedPrefetchManager: video: 781175708418446_cover_media_id queuing prefetch task, from origin homefeed subOrigin null with tag SilverstoneVideoPrefetcher and module SilverstoneVideoPrefetcher
10-14 18:34:47.849  3785  4122 D UnifiedPrefetchManager: video: 781175708418446_cover_media_id representation id: 815501444194427a, width: -1 from origin homefeed and suborigin null and source(tag) SilverstoneVideoPrefetcher is being prefetched
10-14 18:34:47.849  3785  4122 D UnifiedPrefetchManager: video prefetch: 781175708418446_cover_media_id url: https://scontent-bos5-1.xx.fbcdn.net/o1/v/t2/f2/m412/AQOIl7KTwf4l5kTsmnYxG0Y2XR8QFGzurCZWDYOjfPaC8tLDcDp1ppkHafqsnF2YbSStFQUwDtI3_Tj0599RMjqRGrGyMtAL7qjBHJs.mp4?_nc_cat=1&_nc_sid=9ca052&_nc_ht=scontent-bos5-1.xx.fbcdn.net&_nc_ohc=Y0I55ofCd8gQ7kNvwEafEba&efg=eyJ2ZW5jb2RlX3RhZyI6ImRhc2gtYXVkaW9faDI2NC1iYXNpYy1nZW4yXzM2MHAiLCJ2aWRlb19pZCI6bnVsbCwib2lsX3VybGdlbl9hcHBfaWQiOjgzMDU0NzE2NDAzNjAxMiwiY2xpZW50X25hbWUiOiJ1bmtub3duIiwieHB2X2Fzc2V0X2lkIjoyOTQwNjIyNzc2MTI1MjEwLCJ2aV91c2VjYXNlX2lkIjoxMDk3NCwiZHVyYXRpb25fcyI6ODIsInVybGdlbl9zb3VyY2UiOiJ3d3cifQ%3D%3D&ccb=17-1&_nc_gid=uTH_YGXU6-LFXlKXZj2tIQ&_nc_zt=28&oh=00_Aff5vlkzcrzWuDeg-9AeVkUZpSIEoLRcM2SZq7qV51m-iQ&oe=68F4A8C7 33224
10-14 18:34:47.849  3785  4122 D UnifiedPrefetchManager: video: 781175708418446_cover_media_id queuing prefetch task, from origin homefeed subOrigin null with tag SilverstoneVideoPrefetcher and module SilverstoneVideoPrefetcher
10-14 18:34:47.850  3785  4122 D SilverstoneVideoPrefetcher: Created request to prefetch videos for post id: Knbv7rhFAw4 video id: 781175708418446_cover_media_id isStartupPrefetch: false
10-14 18:34:47.850  3785  4122 I SilverstoneVideoPrefetcher: Creating video source for prefetching: for videoId: 807485342449642_cover_media_id adaptive : true progressive: false
10-14 18:34:47.850  3785  4122 D HeroService: 	renderMode: AUDIO_VIDEO
10-14 18:34:47.850  3785  4122 W HeroManager: 	renderMode: AUDIO_VIDEO
10-14 18:34:47.850  3785 13186 D FbHttpCacheDataSource: Cache data source open spec(Cached). RequestType: PREFETCH, StreamType:DASH_VIDEO, Offset:307200, FilePos:0, Length:102400, Vid:778724985328698_cover_media_id, Key:778724985328698_cover_media_id.null.801031572304571v.-1.f7c18099791019937f6d13918afc03f6c301d56f
10-14 18:34:47.851  3785 13186 D FbHttpCacheDataSource: Cache data source open spec(Cached). RequestType: PREFETCH, StreamType:DASH_VIDEO, Offset:409600, FilePos:0, Length:102400, Vid:778724985328698_cover_media_id, Key:778724985328698_cover_media_id.null.801031572304571v.-1.f7c18099791019937f6d13918afc03f6c301d56f
10-14 18:34:47.853  3785 13186 D FbHttpCacheDataSource: Cache data source open spec(Cached). RequestType: PREFETCH, StreamType:DASH_VIDEO, Offset:512000, FilePos:0, Length:102400, Vid:778724985328698_cover_media_id, Key:778724985328698_cover_media_id.null.801031572304571v.-1.f7c18099791019937f6d13918afc03f6c301d56f
10-14 18:34:47.853  3785  4122 D UnifiedPrefetchManager: video: 807485342449642_cover_media_id representation id: 1148639717196233v, width: 464 from origin homefeed and suborigin null and source(tag) SilverstoneVideoPrefetcher is being prefetched
10-14 18:34:47.853  3785  4122 D UnifiedPrefetchManager: video prefetch: 807485342449642_cover_media_id url: https://scontent-bos5-1.xx.fbcdn.net/o1/v/t2/f2/m412/AQOymTzruoUFH5tTBj87lb53AWAe0OF9mMxjRWii6wAb4KyrGWybQ6NpvUW03JYuQE-Wo7dGBYAm4W4jVIec8jvgGuCAsR8USZbqux0.mp4?_nc_cat=1&_nc_sid=9ca052&_nc_ht=scontent-bos5-1.xx.fbcdn.net&_nc_ohc=RA1xitusQx8Q7kNvwHP4vOm&efg=eyJ2ZW5jb2RlX3RhZyI6ImRhc2hfaDI2NC1iYXNpYy1nZW4yXzcyMHAiLCJ2aWRlb19pZCI6bnVsbCwib2lsX3VybGdlbl9hcHBfaWQiOjgzMDU0NzE2NDAzNjAxMiwiY2xpZW50X25hbWUiOiJ1bmtub3duIiwieHB2X2Fzc2V0X2lkIjoxNDg0ODk0Nzk5Mzk1NDkwLCJ2aV91c2VjYXNlX2lkIjoxMDk4MCwiZHVyYXRpb25fcyI6NSwidXJsZ2VuX3NvdXJjZSI6Ind3dyJ9&ccb=17-1&_nc_gid=uTH_YGXU6-LFXlKXZj2tIQ&_nc_zt=28&oh=00_AfcMgEtJqTy4IAOKxp8ThPmDOsGryJ-2x1OAkePcvedxew&oe=68F48CAE 1996845
10-14 18:34:47.853  3785  4122 D UnifiedPrefetchManager: video: 807485342449642_cover_media_id queuing prefetch task, from origin homefeed subOrigin null with tag SilverstoneVideoPrefetcher and module SilverstoneVideoPrefetcher
10-14 18:34:47.854  3785  4122 D UnifiedPrefetchManager: video: 807485342449642_cover_media_id representation id: 4285640651666174a, width: -1 from origin homefeed and suborigin null and source(tag) SilverstoneVideoPrefetcher is being prefetched
10-14 18:34:47.854  3785  4122 D UnifiedPrefetchManager: video prefetch: 807485342449642_cover_media_id url: https://scontent-bos5-1.xx.fbcdn.net/o1/v/t2/f2/m412/AQOSKZuJxztqeVXjaaERLn5sg06E2koK8gUc_OkHbLINNAnsS5i53NZ8A0zm3BtbRr7g4Vt77dpuM7AUhpt6KFWYHNyPP7MTqKP85qI.mp4?_nc_cat=105&_nc_sid=9ca052&_nc_ht=scontent-bos5-1.xx.fbcdn.net&_nc_ohc=rqsWWpyQResQ7kNvwEhWofJ&efg=eyJ2ZW5jb2RlX3RhZyI6ImRhc2gtYXVkaW9faDI2NC1iYXNpYy1nZW4yXzM2MHAiLCJ2aWRlb19pZCI6bnVsbCwib2lsX3VybGdlbl9hcHBfaWQiOjgzMDU0NzE2NDAzNjAxMiwiY2xpZW50X25hbWUiOiJ1bmtub3duIiwieHB2X2Fzc2V0X2lkIjoxNDg0ODk0Nzk5Mzk1NDkwLCJ2aV91c2VjYXNlX2lkIjoxMDk4MCwiZHVyYXRpb25fcyI6NSwidXJsZ2VuX3NvdXJjZSI6Ind3dyJ9&ccb=17-1&_nc_gid=uTH_YGXU6-LFXlKXZj2tIQ&_nc_zt=28&oh=00_Afc_4SaxrrlDUGhYLCUFaaAgibuFgsopBgNiEf1TnGakqw&oe=68F4B5A2 32904
10-14 18:34:47.855  3785  4122 D UnifiedPrefetchManager: video: 807485342449642_cover_media_id queuing prefetch task, from origin homefeed subOrigin null with tag SilverstoneVideoPrefetcher and module SilverstoneVideoPrefetcher
10-14 18:34:47.855  3785  4122 D SilverstoneVideoPrefetcher: Created request to prefetch videos for post id: pj5X3svxUJl video id: 807485342449642_cover_media_id isStartupPrefetch: false
10-14 18:34:47.855  3785  4122 I SilverstoneVideoPrefetcher: Creating video source for prefetching: for videoId: 718953937976315_cover_media_id adaptive : true progressive: false
10-14 18:34:47.855  3785  4122 D HeroService: 	renderMode: AUDIO_VIDEO
10-14 18:34:47.855  3785  4122 W HeroManager: 	renderMode: AUDIO_VIDEO
10-14 18:34:47.859  3785 13186 D FbHttpCacheDataSource: Cache data source open spec(Cached). RequestType: PREFETCH, StreamType:DASH_VIDEO, Offset:614400, FilePos:0, Length:102400, Vid:778724985328698_cover_media_id, Key:778724985328698_cover_media_id.null.801031572304571v.-1.f7c18099791019937f6d13918afc03f6c301d56f
10-14 18:34:47.861  3785 13186 D FbHttpCacheDataSource: Cache data source open spec(Cached). RequestType: PREFETCH, StreamType:DASH_VIDEO, Offset:716800, FilePos:0, Length:102400, Vid:778724985328698_cover_media_id, Key:778724985328698_cover_media_id.null.801031572304571v.-1.f7c18099791019937f6d13918afc03f6c301d56f
10-14 18:34:47.862  3785 13186 D FbHttpCacheDataSource: Cache data source open spec(Cached). RequestType: PREFETCH, StreamType:DASH_VIDEO, Offset:819200, FilePos:0, Length:102400, Vid:778724985328698_cover_media_id, Key:778724985328698_cover_media_id.null.801031572304571v.-1.f7c18099791019937f6d13918afc03f6c301d56f
10-14 18:34:47.864  3785  4122 D UnifiedPrefetchManager: video: 718953937976315_cover_media_id representation id: 4231996363695926v, width: 540 from origin homefeed and suborigin null and source(tag) SilverstoneVideoPrefetcher is being prefetched
10-14 18:34:47.864  3785  4122 D UnifiedPrefetchManager: video prefetch: 718953937976315_cover_media_id url: https://scontent-bos5-1.xx.fbcdn.net/o1/v/t2/f2/m69/AQP0OVZWMc2cCEOY8mpelaz4jxJcfZf2IKCeP2vc67AGv5P3HoGN2yjJw0s9uvpzh9f6Qbiqs6iTiK1DKPZ-5xVO.mp4?strext=1&_nc_cat=101&_nc_sid=9ca052&_nc_ht=scontent-bos5-1.xx.fbcdn.net&_nc_ohc=qqWpd7ipYeAQ7kNvwF1kq7_&efg=eyJ2ZW5jb2RlX3RhZyI6ImRhc2hfaDI2NC1iYXNpYy1nZW4yXzU0MHAiLCJ2aWRlb19pZCI6bnVsbCwib2lsX3VybGdlbl9hcHBfaWQiOjgzMDU0NzE2NDAzNjAxMiwiY2xpZW50X25hbWUiOiJ1bmtub3duIiwieHB2X2Fzc2V0X2lkIjo2MTczMDk4NjE0NDc4NTUsInZpX3VzZWNhc2VfaWQiOjEwOTc0LCJkdXJhdGlvbl9zIjo5LCJ1cmxnZW5fc291cmNlIjoid3d3In0%3D&ccb=17-1&_nc_gid=uTH_YGXU6-LFXlKXZj2tIQ&_nc_zt=28&oh=00_AfdJeXRdsez9kItYNnUSJdfxAtFgxjVM8yKASPnAxN8meA&oe=68F4A8A1 373232
10-14 18:34:47.864  3785 13186 D FbHttpCacheDataSource: Cache data source open spec(Cached). RequestType: PREFETCH, StreamType:DASH_VIDEO, Offset:921600, FilePos:0, Length:102400, Vid:778724985328698_cover_media_id, Key:778724985328698_cover_media_id.null.801031572304571v.-1.f7c18099791019937f6d13918afc03f6c301d56f
10-14 18:34:47.865  3785  4122 D UnifiedPrefetchManager: video: 718953937976315_cover_media_id queuing prefetch task, from origin homefeed subOrigin null with tag SilverstoneVideoPrefetcher and module SilverstoneVideoPrefetcher
10-14 18:34:47.865  3785  4122 D UnifiedPrefetchManager: video: 718953937976315_cover_media_id representation id: 2579418585762242a, width: -1 from origin homefeed and suborigin null and source(tag) SilverstoneVideoPrefetcher is being prefetched
10-14 18:34:47.865  3785  4122 D UnifiedPrefetchManager: video prefetch: 718953937976315_cover_media_id url: https://scontent-bos5-1.xx.fbcdn.net/o1/v/t2/f2/m69/AQOoOV0CmseTrtdL2ZJR337T_mp_angqcSPYf5FaxIGK01DHJ4KnICw0KXqOyFfKZcuOjrqigq5q3PkYcCjtXR92.mp4?strext=1&_nc_cat=1&_nc_sid=9ca052&_nc_ht=scontent-bos5-1.xx.fbcdn.net&_nc_ohc=qv3k3q-OpWsQ7kNvwHeoU4t&efg=eyJ2ZW5jb2RlX3RhZyI6ImRhc2gtYXVkaW9faDI2NC1iYXNpYy1nZW4yXzM2MHAiLCJ2aWRlb19pZCI6bnVsbCwib2lsX3VybGdlbl9hcHBfaWQiOjgzMDU0NzE2NDAzNjAxMiwiY2xpZW50X25hbWUiOiJ1bmtub3duIiwieHB2X2Fzc2V0X2lkIjo2MTczMDk4NjE0NDc4NTUsInZpX3VzZWNhc2VfaWQiOjEwOTc0LCJkdXJhdGlvbl9zIjo5LCJ1cmxnZW5fc291cmNlIjoid3d3In0%3D&ccb=17-1&_nc_gid=uTH_YGXU6-LFXlKXZj2tIQ&_nc_zt=28&oh=00_AfeS5CTDzYK-1xQUNoQiAdhbBtxJy4g-NGL3arMnYwAYwg&oe=68F493F1 33077
10-14 18:34:47.866  3785  4122 D UnifiedPrefetchManager: video: 718953937976315_cover_media_id queuing prefetch task, from origin homefeed subOrigin null with tag SilverstoneVideoPrefetcher and module SilverstoneVideoPrefetcher
10-14 18:34:47.866  3785  4122 D SilverstoneVideoPrefetcher: Created request to prefetch videos for post id: IF3eyOwu5TU video id: 718953937976315_cover_media_id isStartupPrefetch: false
10-14 18:34:47.866  3785  4122 I SilverstoneVideoPrefetcher: Creating video source for prefetching: for videoId: 872863742567513_cover_media_id adaptive : true progressive: false
10-14 18:34:47.866  3785  4122 D HeroService: 	renderMode: AUDIO_VIDEO
10-14 18:34:47.866  3785  4122 W HeroManager: 	renderMode: AUDIO_VIDEO
10-14 18:34:47.866  3785 13186 D FbHttpCacheDataSource: Cache data source open spec(Cached). RequestType: PREFETCH, StreamType:DASH_VIDEO, Offset:1024000, FilePos:0, Length:102400, Vid:778724985328698_cover_media_id, Key:778724985328698_cover_media_id.null.801031572304571v.-1.f7c18099791019937f6d13918afc03f6c301d56f
10-14 18:34:47.868  3785 13186 D FbHttpCacheDataSource: Cache data source open spec(Cached). RequestType: PREFETCH, StreamType:DASH_VIDEO, Offset:1126400, FilePos:0, Length:102400, Vid:778724985328698_cover_media_id, Key:778724985328698_cover_media_id.null.801031572304571v.-1.f7c18099791019937f6d13918afc03f6c301d56f
10-14 18:34:47.869  3785  4122 D UnifiedPrefetchManager: video: 872863742567513_cover_media_id representation id: 1195862799051383v, width: 464 from origin homefeed and suborigin null and source(tag) SilverstoneVideoPrefetcher is being prefetched
10-14 18:34:47.869  3785  4122 D UnifiedPrefetchManager: video prefetch: 872863742567513_cover_media_id url: https://scontent-bos5-1.xx.fbcdn.net/o1/v/t2/f2/m412/AQP_MtnhnYNRzTDx_1a1nPy4iKYdwGmnF9eH6aNcgXTdPGLNg_K1Dzu6oTNCz-_uSsnsi3JcsiMKkCeoNeWX1GHKe_KD-qSBZM-Byjk.mp4?_nc_cat=108&_nc_sid=9ca052&_nc_ht=scontent-bos5-1.xx.fbcdn.net&_nc_ohc=9h5yn9JpxtwQ7kNvwGa1oEQ&efg=eyJ2ZW5jb2RlX3RhZyI6ImRhc2hfaDI2NC1iYXNpYy1nZW4yXzcyMHAiLCJ2aWRlb19pZCI6bnVsbCwib2lsX3VybGdlbl9hcHBfaWQiOjgzMDU0NzE2NDAzNjAxMiwiY2xpZW50X25hbWUiOiJ1bmtub3duIiwieHB2X2Fzc2V0X2lkIjo4NzI4NjM3OTI1Njc1MDgsInZpX3VzZWNhc2VfaWQiOjEwOTg3LCJkdXJhdGlvbl9zIjoxMiwidXJsZ2VuX3NvdXJjZSI6Ind3dyJ9&ccb=17-1&_nc_gid=uTH_YGXU6-LFXlKXZj2tIQ&_nc_zt=28&oh=00_AfcUlcY894cTobnFl-KBVWxuFDsAFkhlyd5GjhudApnPwg&oe=68F4BE05 1734970
10-14 18:34:47.870  3785  4122 D UnifiedPrefetchManager: video: 872863742567513_cover_media_id queuing prefetch task, from origin homefeed subOrigin null with tag SilverstoneVideoPrefetcher and module SilverstoneVideoPrefetcher
10-14 18:34:47.870  3785 13186 D FbHttpCacheDataSource: Cache data source open spec(Cached). RequestType: PREFETCH, StreamType:DASH_VIDEO, Offset:1228800, FilePos:0, Length:102400, Vid:778724985328698_cover_media_id, Key:778724985328698_cover_media_id.null.801031572304571v.-1.f7c18099791019937f6d13918afc03f6c301d56f
10-14 18:34:47.870  3785  4122 D UnifiedPrefetchManager: video: 872863742567513_cover_media_id representation id: 788479757404198a, width: -1 from origin homefeed and suborigin null and source(tag) SilverstoneVideoPrefetcher is being prefetched
10-14 18:34:47.870  3785  4122 D UnifiedPrefetchManager: video prefetch: 872863742567513_cover_media_id url: https://scontent-bos5-1.xx.fbcdn.net/o1/v/t2/f2/m412/AQNurLf5kPa6jhMDumn4LesdnUocMfU3xlfAAnA8bpvJ2-zrpPSO6xyFVImK26bC-8wY7DGbTD4viCM_FriLPy_NA-Aapu4_jmGyQLY.mp4?_nc_cat=109&_nc_sid=9ca052&_nc_ht=scontent-bos5-1.xx.fbcdn.net&_nc_ohc=0fxssnDQEAkQ7kNvwHv-qLn&efg=eyJ2ZW5jb2RlX3RhZyI6ImRhc2gtYXVkaW9faDI2NC1iYXNpYy1nZW4yXzM2MHAiLCJ2aWRlb19pZCI6bnVsbCwib2lsX3VybGdlbl9hcHBfaWQiOjgzMDU0NzE2NDAzNjAxMiwiY2xpZW50X25hbWUiOiJ1bmtub3duIiwieHB2X2Fzc2V0X2lkIjo4NzI4NjM3OTI1Njc1MDgsInZpX3VzZWNhc2VfaWQiOjEwOTg3LCJkdXJhdGlvbl9zIjoxMiwidXJsZ2VuX3NvdXJjZSI6Ind3dyJ9&ccb=17-1&_nc_gid=uTH_YGXU6-LFXlKXZj2tIQ&_nc_zt=28&oh=00_Afc5zbo408ZEtPvod1diTo04tdzBWIuGxX4LEorm0eMUxA&oe=68F49372 32929
10-14 18:34:47.871  3785  4122 D UnifiedPrefetchManager: video: 872863742567513_cover_media_id queuing prefetch task, from origin homefeed subOrigin null with tag SilverstoneVideoPrefetcher and module SilverstoneVideoPrefetcher
10-14 18:34:47.871  3785  4122 D SilverstoneVideoPrefetcher: Created request to prefetch videos for post id: Hk7WcOsLebj video id: 872863742567513_cover_media_id isStartupPrefetch: false
10-14 18:34:47.871  3785  4122 I SilverstoneVideoPrefetcher: Creating video source for prefetching: for videoId: 798421393355548_cover_media_id adaptive : true progressive: false
10-14 18:34:47.871  3785  4122 D HeroService: 	renderMode: AUDIO_VIDEO
10-14 18:34:47.871  3785  4122 W HeroManager: 	renderMode: AUDIO_VIDEO
10-14 18:34:47.871  3785 13186 D FbHttpCacheDataSource: Cache data source open spec(Cached). RequestType: PREFETCH, StreamType:DASH_VIDEO, Offset:1331200, FilePos:0, Length:102400, Vid:778724985328698_cover_media_id, Key:778724985328698_cover_media_id.null.801031572304571v.-1.f7c18099791019937f6d13918afc03f6c301d56f
10-14 18:34:47.873  3785 13186 D FbHttpCacheDataSource: Cache data source open spec(Cached). RequestType: PREFETCH, StreamType:DASH_VIDEO, Offset:1433600, FilePos:0, Length:102400, Vid:778724985328698_cover_media_id, Key:778724985328698_cover_media_id.null.801031572304571v.-1.f7c18099791019937f6d13918afc03f6c301d56f
10-14 18:34:47.874  3785  4122 D UnifiedPrefetchManager: video: 798421393355548_cover_media_id representation id: 1304919630651289v, width: 464 from origin homefeed and suborigin null and source(tag) SilverstoneVideoPrefetcher is being prefetched
10-14 18:34:47.874  3785  4122 D UnifiedPrefetchManager: video prefetch: 798421393355548_cover_media_id url: https://scontent-bos5-1.xx.fbcdn.net/o1/v/t2/f2/m412/AQN_UT8lnaioLMRySD8PNHTqXJWVEbFJXyLajTGI2ts2EioUK3ikmOoQbX1op58H70FmAYVSHoQtj2xCrXSVttV9n_j38ZG6YcLXTwc.mp4?_nc_cat=1&_nc_sid=9ca052&_nc_ht=scontent-bos5-1.xx.fbcdn.net&_nc_ohc=MTdapPoyvFgQ7kNvwHsz0Zz&efg=eyJ2ZW5jb2RlX3RhZyI6ImRhc2hfaDI2NC1iYXNpYy1nZW4yXzcyMHAiLCJ2aWRlb19pZCI6bnVsbCwib2lsX3VybGdlbl9hcHBfaWQiOjgzMDU0NzE2NDAzNjAxMiwiY2xpZW50X25hbWUiOiJ1bmtub3duIiwieHB2X2Fzc2V0X2lkIjo3OTg0MjE0NTAwMjIyMDksInZpX3VzZWNhc2VfaWQiOjEwOTg3LCJkdXJhdGlvbl9zIjozNCwidXJsZ2VuX3NvdXJjZSI6Ind3dyJ9&ccb=17-1&_nc_gid=uTH_YGXU6-LFXlKXZj2tIQ&_nc_zt=28&oh=00_AffF5Ex1Q1sLqecBBnlMoMgBMJWYm4scaHSxOcp4RBjBZg&oe=68F4BCD0 1794023
10-14 18:34:47.875  3785  4122 D UnifiedPrefetchManager: video: 798421393355548_cover_media_id queuing prefetch task, from origin homefeed subOrigin null with tag SilverstoneVideoPrefetcher and module SilverstoneVideoPrefetcher
10-14 18:34:47.875  3785 13186 D FbHttpCacheDataSource: Cache data source open spec(Cached). RequestType: PREFETCH, StreamType:DASH_VIDEO, Offset:1536000, FilePos:0, Length:102400, Vid:778724985328698_cover_media_id, Key:778724985328698_cover_media_id.null.801031572304571v.-1.f7c18099791019937f6d13918afc03f6c301d56f
10-14 18:34:47.875  3785  4122 D UnifiedPrefetchManager: video: 798421393355548_cover_media_id representation id: 24417414321292342a, width: -1 from origin homefeed and suborigin null and source(tag) SilverstoneVideoPrefetcher is being prefetched
10-14 18:34:47.875  3785  4122 D UnifiedPrefetchManager: video prefetch: 798421393355548_cover_media_id url: https://scontent-bos5-1.xx.fbcdn.net/o1/v/t2/f2/m412/AQPf97XT2kgbwR5vt1AB1c5LvEy0g-DdsrLc6-M7iNy97lRYlLubpep_lhtB3hPb0aGYAGIaLl2xYCUgCYD0XBqRImIgV5SQb8ejk1I.mp4?_nc_cat=107&_nc_sid=9ca052&_nc_ht=scontent-bos5-1.xx.fbcdn.net&_nc_ohc=JphUL1UqDeMQ7kNvwGtOe9b&efg=eyJ2ZW5jb2RlX3RhZyI6ImRhc2gtYXVkaW9faDI2NC1iYXNpYy1nZW4yXzM2MHAiLCJ2aWRlb19pZCI6bnVsbCwib2lsX3VybGdlbl9hcHBfaWQiOjgzMDU0NzE2NDAzNjAxMiwiY2xpZW50X25hbWUiOiJ1bmtub3duIiwieHB2X2Fzc2V0X2lkIjo3OTg0MjE0NTAwMjIyMDksInZpX3VzZWNhc2VfaWQiOjEwOTg3LCJkdXJhdGlvbl9zIjozNCwidXJsZ2VuX3NvdXJjZSI6Ind3dyJ9&ccb=17-1&_nc_gid=uTH_YGXU6-LFXlKXZj2tIQ&_nc_zt=28&oh=00_Afdk5pHOWoBp2xfsnog2X78kizEdINMteaOKYZ6wweRU8g&oe=68F48FD4 32891
10-14 18:34:47.876  3785  4122 D UnifiedPrefetchManager: video: 798421393355548_cover_media_id queuing prefetch task, from origin homefeed subOrigin null with tag SilverstoneVideoPrefetcher and module SilverstoneVideoPrefetcher
10-14 18:34:47.876  3785  4122 D SilverstoneVideoPrefetcher: Created request to prefetch videos for post id: SA7zgPd0m68 video id: 798421393355548_cover_media_id isStartupPrefetch: false
10-14 18:34:47.876  3785  4122 I SilverstoneVideoPrefetcher: Creating video source for prefetching: for videoId: 737153449488353_cover_media_id adaptive : true progressive: false
10-14 18:34:47.876  3785  4122 D HeroService: 	renderMode: AUDIO_VIDEO
10-14 18:34:47.876  3785  4122 W HeroManager: 	renderMode: AUDIO_VIDEO
10-14 18:34:47.876  3785 13186 D FbHttpCacheDataSource: Cache data source open spec(Cached). RequestType: PREFETCH, StreamType:DASH_VIDEO, Offset:1638400, FilePos:0, Length:102400, Vid:778724985328698_cover_media_id, Key:778724985328698_cover_media_id.null.801031572304571v.-1.f7c18099791019937f6d13918afc03f6c301d56f
10-14 18:34:47.877  3785 13186 D FbHttpCacheDataSource: Cache data source open spec(Cached). RequestType: PREFETCH, StreamType:DASH_VIDEO, Offset:1740800, FilePos:0, Length:102400, Vid:778724985328698_cover_media_id, Key:778724985328698_cover_media_id.null.801031572304571v.-1.f7c18099791019937f6d13918afc03f6c301d56f
10-14 18:34:47.879  3785 13186 D FbHttpCacheDataSource: Cache data source open spec(Cached). RequestType: PREFETCH, StreamType:DASH_VIDEO, Offset:1843200, FilePos:0, Length:102400, Vid:778724985328698_cover_media_id, Key:778724985328698_cover_media_id.null.801031572304571v.-1.f7c18099791019937f6d13918afc03f6c301d56f
10-14 18:34:47.879  3785  4122 D UnifiedPrefetchManager: video: 737153449488353_cover_media_id representation id: 1198346459001576v, width: 464 from origin homefeed and suborigin null and source(tag) SilverstoneVideoPrefetcher is being prefetched
