10-31 14:43:09.445 13426 14225 D CCodecConfig:   c2::u32 default.color.range = 0
10-31 14:43:09.445 13426 14225 D CCodecConfig:   c2::u32 default.color.transfer = 0
10-31 14:43:09.445 13426 14225 D CCodecConfig:   c2::u32 input.buffers.max-size.value = 2097152
10-31 14:43:09.445 13426 14225 D CCodecConfig:   c2::u32 input.delay.value = 0
10-31 14:43:09.445 13426 14225 D CCodecConfig:   string input.media-type.value = "video/hevc"
10-31 14:43:09.445 13426 14225 D CCodecConfig:   c2::u32 output.delay.value = 8
10-31 14:43:09.445 13426 14225 D CCodecConfig:   string output.media-type.value = "video/raw"
10-31 14:43:09.445 13426 14225 D CCodecConfig:   c2::u32 raw.color.matrix = 0
10-31 14:43:09.445 13426 14225 D CCodecConfig:   c2::u32 raw.color.primaries = 0
10-31 14:43:09.445 13426 14225 D CCodecConfig:   c2::u32 raw.color.range = 2
10-31 14:43:09.445 13426 14225 D CCodecConfig:   c2::u32 raw.color.transfer = 0
10-31 14:43:09.445 13426 14225 D CCodecConfig:   c2::u32 raw.max-size.height = 240
10-31 14:43:09.445 13426 14225 D CCodecConfig:   c2::u32 raw.max-size.width = 320
10-31 14:43:09.445 13426 14225 D CCodecConfig:   c2::u32 raw.pixel-format.value = 35
10-31 14:43:09.445 13426 14225 D CCodecConfig:   c2::i32 raw.rotation.flip = 0
10-31 14:43:09.445 13426 14225 D CCodecConfig:   c2::i32 raw.rotation.value = 0
10-31 14:43:09.445 13426 14225 D CCodecConfig:   c2::u32 raw.sar.height = 1
10-31 14:43:09.445 13426 14225 D CCodecConfig:   c2::u32 raw.sar.width = 1
10-31 14:43:09.445 13426 14225 D CCodecConfig:   c2::u32 raw.size.height = 240
10-31 14:43:09.445 13426 14225 D CCodecConfig:   c2::u32 raw.size.width = 320
10-31 14:43:09.445 13426 14225 D CCodecConfig:   c2
10-31 14:43:09.451 13426 19603 I MediaCodec: media_quality service unavailable, skipping updatePictureProfile
10-31 14:43:09.453 13426 14224 I MediaCodec: [c2.android.hevc.decoder] setting surface generation to 13748265
10-31 14:43:09.453 13426 14225 D CCodec  : [c2.android.hevc.decoder] buffers are bound to CCodec for this session
10-31 14:43:09.454 13426 14225 D CCodecConfig: no c2 equivalents for color-format
10-31 14:43:09.454 13426 14225 D CCodecConfig: no c2 equivalents for native-window
10-31 14:43:09.454 13426 14225 D CCodecConfig: no c2 equivalents for native-window-generation
10-31 14:43:09.454 13426 14225 D CCodecConfig: no c2 equivalents for flags
10-31 14:43:09.456 13426 14225 D CCodecConfig: c2 config diff is   c2::u32 raw.size.height = 1280
10-31 14:43:09.456 13426 14225 D CCodecConfig:   c2::u32 raw.size.width = 720
10-31 14:43:09.458 13426 14225 D CCodec  : encoding statistics level = 0
10-31 14:43:09.458 13426 14225 D CCodec  : setup formats input: AMessage(what = 0x00000000) = {
10-31 14:43:09.458 13426 14225 D CCodec  :   int32_t height = 1280
10-31 14:43:09.458 13426 14225 D CCodec  :   int32_t level = 65536
10-31 14:43:09.458 13426 14225 D CCodec  :   int32_t max-input-size = 2097152
10-31 14:43:09.458 13426 14225 D CCodec  :   string mime = "video/hevc"
10-31 14:43:09.458 13426 14225 D CCodec  :   int32_t profile = 1
10-31 14:43:09.458 13426 14225 D CCodec  :   int32_t width = 720
10-31 14:43:09.458 13426 14225 D CCodec  :   Rect crop(0, 0, 719, 1279)
10-31 14:43:09.458 13426 14225 D CCodec  : }
10-31 14:43:09.458 13426 14225 D CCodec  : setup formats output: AMessage(what = 0x00000000) = {
10-31 14:43:09.458 13426 14225 D CCodec  :   int32_t android._color-format = 2135033992
10-31 14:43:09.458 13426 14225 D CCodec  :   int32_t android._video-scaling = 1
10-31 14:43:09.458 13426 14225 D CCodec  :   int32_t rotation-degrees = 0
10-31 14:43:09.458 13426 14225 D CCodec  :   int32_t color-standard = 1
10-31 14:43:09.458 13426 14225 D CCodec  :   int32_t color-range = 2
10-31 14:43:09.458 13426 14225 D CCodec  :   int32_t color-transfer = 3
10-31 14:43:09.458 13426 14225 D CCodec  :   int32_t sar-height = 1
10-31 14:43:09.458 13426 14225 D CCodec  :   int32_t sar-width = 1
10-31 14:43:09.458 13426 14225 D CCodec  :   Rect crop(0, 0, 719, 1279)
10-31 14:43:09.458 13426 14225 D CCodec  :   int32_t width = 720
10-31 14:43:09.458 13426 14225 D CCodec  :   int32_t height = 1280
10-31 14:43:09.458 13426 14225 D CCodec  :   int32_t max-height = 240
10-31 14:43:09.458 13426 14225 D CCodec  :   int32_t max-width = 320
10-31 14:43:09.458 13426 14225 D CCodec  :   string mime = "video/raw"
10-31 14:43:09.458 13426 14225 D CCodec  :   int32_t android._dataspace = 260
10-31 14:43:09.458 13426 14225 D CCodec  :   int32_t color-format = 2135033992
10-31 14:43:09.458 13426 14225 D CCodec  : }
10-31 14:43:09.459 13426 14225 I CCodecConfig: query failed after returning 12 values (BAD_INDEX)
10-31 14:43:09.459 13426 14225 D CCodecConfig: c2 config diff is   c2::u32 raw.max-size.height = 1280
10-31 14:43:09.459 13426 14225 D CCodecConfig:   c2::u32 raw.max-size.width = 720
10-31 14:43:09.462 13426 14224 I MediaCodec: MediaCodec will operate in async mode
10-31 14:43:09.462 13426 19603 D MediaCodec: keep callback message for reclaim
10-31 14:43:09.499 13426 14225 D CCodecBufferChannel: [c2.android.hevc.decoder#128] Created input block pool with allocatorID 16 => poolID 90 - OK (0)
10-31 14:43:09.500 13426 14225 D CCodecBufferChannel: [c2.android.hevc.decoder#128] Query output surface allocator returned 0 params => BAD_INDEX (6)
10-31 14:43:09.501 13426 14225 D Codec2Client: GraphicBufferAllocator created
10-31 14:43:09.505 13426 14225 I CCodecBufferChannel: [c2.android.hevc.decoder#128] Created output block pool with allocatorID 18 => poolID 2179 - OK
10-31 14:43:09.506 13426 14225 D CCodecBufferChannel: [c2.android.hevc.decoder#128] Configured output block pool ids 2179 => OK
10-31 14:43:09.506 13426 14225 D Codec2Client: setOutputSurface -- failed to set consumer usage (6/BAD_INDEX)
10-31 14:43:09.507 13426 14225 D Codec2Client: setOutputSurface -- generation=13748265 consumer usage=0x900
10-31 14:43:09.531 13426 14225 D CCodecConfig: c2 config diff is   c2::u32 output.delay.value = 0
10-31 14:43:09.531 13426 14225 D CCodecConfig:   c2::u32 raw.size.height = 640
10-31 14:43:09.531 13426 14225 D CCodecConfig:   c2::u32 raw.size.width = 360
10-31 14:43:09.557 13426 14225 D CCodecConfig: c2 config diff is   c2::u32 raw.color.matrix = 1
10-31 14:43:09.557 13426 14225 D CCodecConfig:   c2::u32 raw.color.primaries = 1
10-31 14:43:09.557 13426 14225 D CCodecConfig:   c2::u32 raw.color.transfer = 3
10-31 14:43:09.557 13426 14225 D CCodecConfig:   c2::u32 raw.crop.height = 640
10-31 14:43:09.557 13426 14225 D CCodecConfig:   c2::u32 raw.crop.left = 0
10-31 14:43:09.557 13426 14225 D CCodecConfig:   c2::u32 raw.crop.top = 0
10-31 14:43:09.557 13426 14225 D CCodecConfig:   c2::u32 raw.crop.width = 360
10-31 14:43:09.558 13426 14225 D CCodecBuffers: [c2.android.hevc.decoder#128:2D-Output] popFromStashAndRegister: at 236129690845us, output format changed to AMessage(what = 0x00000000) = {
10-31 14:43:09.558 13426 14225 D CCodecBuffers:   int32_t android._color-format = 2135033992
10-31 14:43:09.558 13426 14225 D CCodecBuffers:   int32_t android._video-scaling = 1
10-31 14:43:09.558 13426 14225 D CCodecBuffers:   int32_t rotation-degrees = 0
10-31 14:43:09.558 13426 14225 D CCodecBuffers:   int32_t color-standard = 1
10-31 14:43:09.558 13426 14225 D CCodecBuffers:   int32_t color-range = 2
10-31 14:43:09.558 13426 14225 D CCodecBuffers:   int32_t color-transfer = 3
10-31 14:43:09.558 13426 14225 D CCodecBuffers:   int32_t sar-height = 1
10-31 14:43:09.558 13426 14225 D CCodecBuffers:   int32_t sar-width = 1
10-31 14:43:09.558 13426 14225 D CCodecBuffers:   Rect crop(0, 0, 359, 639)
10-31 14:43:09.558 13426 14225 D CCodecBuffers:   int32_t width = 360
10-31 14:43:09.558 13426 14225 D CCodecBuffers:   int32_t height = 640
10-31 14:43:09.558 13426 14225 D CCodecBuffers:   int32_t max-height = 1280
10-31 14:43:09.558 13426 14225 D CCodecBuffers:   int32_t max-width = 720
10-31 14:43:09.558 13426 14225 D CCodecBuffers:   string mime = "video/raw"
10-31 14:43:09.558 13426 14225 D CCodecBuffers:   int32_t android._dataspace = 260
10-31 14:43:09.558 13426 14225 D CCodecBuffers:   int32_t color-format = 2135033992
10-31 14:43:09.558 13426 14225 D CCodecBuffers: }
10-31 14:43:09.777 20281 12842 I DeviceHardwareStateManager: New device state brokenCamera: false, brokenSpeaker: false, brokenMicrophone: false, brokenNotificationLed: false, brokenImu: true, brokenDsp: false, brokenMcu: false, hingeState: OPEN, waterDetectState: UNKNOWN, isTampered: false, thermalState: NORMAL, mediaPeakPowerState: NORMAL, videoCallingPeakPowerState: NORMAL, battery: Battery(stateOfCharge=2, isCharging=false, temperature=263, voltage=3458, displayMode=PERCENTAGE, incompatibleChargerDetected=false), caseBattery: Battery(stateOfCharge=0, isCharging=false, temperature=0, voltage=0, displayMode=DOTS, incompatibleChargerDetected=false), caseSystemInfo: CaseSystemInfo(serialNumber=2R5SB0BF9F060P, firmwareVersion=12.14.5, isPresent=false), audioActive: false, cameraState: CAPTURE_VIDEO_STARTED, storageState: STABLE, isStreamingActive: true, inDeepSleep: false, isMounted: false, hotCarEventOccurred: false, registeredSNApps: [ASSISTANT]isSessionVerified: falseDeviceLockState: NO_LOCKPeakPowerUserExperienceThrottlingInfo: []
10-31 14:43:09.786 20281 19688 I SupernovaDeviceStateServiceImpl: Device DeviceRecord(identifier=79:C2:90:5E:BC:2C, name=RB Meta 000X, type=3, userData=null, pairedStateData=null, observingPresence=true, customName=null, customDeviceInfo=null, productRegistry=258) emitting state DeviceState(connectedState=CONNECTED, peerConnectedState=Disconnected, deviceBatteryDetails=Battery(stateOfCharge=2, isCharging=false, temperature=263, voltage=3458, displayMode=PERCENTAGE, incompatibleChargerDetected=false), caseBatteryDetails=Battery(stateOfCharge=0, isCharging=false, temperature=0, voltage=0, displayMode=DOTS, incompatibleChargerDetected=false), remedies=[DEVICE_BATTERY_INSUFFICIENT], hardwareState=brokenCamera: false, brokenSpeaker: false, brokenMicrophone: false, brokenNotificationLed: false, brokenImu: true, brokenDsp: false, brokenMcu: false, hingeState: OPEN, waterDetectState: UNKNOWN, isTampered: false, thermalState: NORMAL, mediaPeakPowerState: NORMAL, videoCallingPeakPowerState: NORMAL, battery: Battery(stateOfCharge=2, isCharging=false, temperature=263, voltage=3458, displayMode=PERCENTAGE, incompatibleChargerDetected=false), caseBattery: Battery(stateOfCharge=0, isCharging=false, temperature=0, voltage=0, displayMode=DOTS, incompatibleChargerDetected=false), caseSystemInfo: CaseSystemInfo(serialNumber=2R5SB0BF9F060P, firmwareVersion=12.14.5, isPresent=false), audioActive: false, cameraState: CAPTURE_VIDEO_STARTED, storageState: STABLE, isStreamingActive: true, inDeepSleep: false, isMounted: false, hotCarEventOccurred: false, registeredSNApps: [ASSISTANT]isSessionVerified: falseDeviceLockState: NO_LOCKPeakPowerUserExperienceThrottlingInfo: [])
10-31 14:43:09.797 20281 20790 I assistant.stella.platform.broker.ActiveAssistantDeviceBroker: Received state update for (3, 79:C2:90:5E:BC:2C); btState=AssistantBluetoothStates(a2dpConnected=false, a2dpActive=false, hfpConnected=false, hfpActive=false, primaryBtcConnected=false), assistantDeviceState=AssistantDeviceStates(cameraState=VIDEO_CAPTURE_STARTED, brokenCamera=false, thermalConstraint=false, zeroStorage=false, hingeClosed=false, mountStatusDoff=true)
10-31 14:43:09.801 20281 16254 I lam:LinkedAppFeatureManagerImpl: observeDeviceState GlassesVideoCallingWifiDirectPeakPowerThrottlingLevelUnknown
10-31 14:43:09.802 20281 16254 I lam:AppLinkService: onDeviceStateUpdate state=GlassesVideoCallingWifiDirectPeakPowerThrottlingLevelUnknown com.instagram.android
10-31 14:43:09.805 20281 20487 I AssistantDeviceStateManager: handle new device state AssistantDeviceStates(cameraState=VIDEO_CAPTURE_STARTED, brokenCamera=false, thermalConstraint=false, zeroStorage=false, hingeClosed=false, mountStatusDoff=true)
10-31 14:43:10.305 20281 20281 I DeviceControlCenterRepository: DeviceId: 79:C2:90:5E:BC:2C State: DeviceState(connectedState=CONNECTED, peerConnectedState=Disconnected, deviceBatteryDetails=Battery(stateOfCharge=2, isCharging=false, temperature=263, voltage=3458, displayMode=PERCENTAGE, incompatibleChargerDetected=false), caseBatteryDetails=Battery(stateOfCharge=0, isCharging=false, temperature=0, voltage=0, displayMode=DOTS, incompatibleChargerDetected=false), remedies=[DEVICE_BATTERY_INSUFFICIENT], hardwareState=brokenCamera: false, brokenSpeaker: false, brokenMicrophone: false, brokenNotificationLed: false, brokenImu: true, brokenDsp: false, brokenMcu: false, hingeState: OPEN, waterDetectState: UNKNOWN, isTampered: false, thermalState: NORMAL, mediaPeakPowerState: NORMAL, videoCallingPeakPowerState: NORMAL, battery: Battery(stateOfCharge=2, isCharging=false, temperature=263, voltage=3458, displayMode=PERCENTAGE, incompatibleChargerDetected=false), caseBattery: Battery(stateOfCharge=0, isCharging=false, temperature=0, voltage=0, displayMode=DOTS, incompatibleChargerDetected=false), caseSystemInfo: CaseSystemInfo(serialNumber=2R5SB0BF9F060P, firmwareVersion=12.14.5, isPresent=false), audioActive: false, cameraState: CAPTURE_VIDEO_STARTED, storageState: STABLE, isStreamingActive: true, inDeepSleep: false, isMounted: false, hotCarEventOccurred: false, registeredSNApps: [ASSISTANT]isSessionVerified: falseDeviceLockState: NO_LOCKPeakPowerUserExperienceThrottlingInfo: [])
10-31 14:43:10.310 20281 20281 I DeviceControlCenterRepository: DeviceId: 79:C2:90:5E:BC:2C State: DeviceState(connectedState=CONNECTED, peerConnectedState=Disconnected, deviceBatteryDetails=Battery(stateOfCharge=2, isCharging=false, temperature=263, voltage=3458, displayMode=PERCENTAGE, incompatibleChargerDetected=false), caseBatteryDetails=Battery(stateOfCharge=0, isCharging=false, temperature=0, voltage=0, displayMode=DOTS, incompatibleChargerDetected=false), remedies=[DEVICE_BATTERY_INSUFFICIENT], hardwareState=brokenCamera: false, brokenSpeaker: false, brokenMicrophone: false, brokenNotificationLed: false, brokenImu: true, brokenDsp: false, brokenMcu: false, hingeState: OPEN, waterDetectState: UNKNOWN, isTampered: false, thermalState: NORMAL, mediaPeakPowerState: NORMAL, videoCallingPeakPowerState: NORMAL, battery: Battery(stateOfCharge=2, isCharging=false, temperature=263, voltage=3458, displayMode=PERCENTAGE, incompatibleChargerDetected=false), caseBattery: Battery(stateOfCharge=0, isCharging=false, temperature=0, voltage=0, displayMode=DOTS, incompatibleChargerDetected=false), caseSystemInfo: CaseSystemInfo(serialNumber=2R5SB0BF9F060P, firmwareVersion=12.14.5, isPresent=false), audioActive: false, cameraState: CAPTURE_VIDEO_STARTED, storageState: STABLE, isStreamingActive: true, inDeepSleep: false, isMounted: false, hotCarEventOccurred: false, registeredSNApps: [ASSISTANT]isSessionVerified: falseDeviceLockState: NO_LOCKPeakPowerUserExperienceThrottlingInfo: [])
10-31 14:43:10.311 20281 20281 I DeviceIndicatorViewModel: Device SANITIZED_CONTACT_NAME: [DeviceStateWithId(deviceIdentifier=79:C2:90:5E:BC:2C, deviceState=DeviceState(connectedState=CONNECTED, peerConnectedState=Disconnected, deviceBatteryDetails=Battery(stateOfCharge=2, isCharging=false, temperature=263, voltage=3458, displayMode=PERCENTAGE, incompatibleChargerDetected=false), caseBatteryDetails=Battery(stateOfCharge=0, isCharging=false, temperature=0, voltage=0, displayMode=DOTS, incompatibleChargerDetected=false), remedies=[DEVICE_BATTERY_INSUFFICIENT], hardwareState=brokenCamera: false, brokenSpeaker: false, brokenMicrophone: false, brokenNotificationLed: false, brokenImu: true, brokenDsp: false, brokenMcu: false, hingeState: OPEN, waterDetectState: UNKNOWN, isTampered: false, thermalState: NORMAL, mediaPeakPowerState: NORMAL, videoCallingPeakPowerState: NORMAL, battery: Battery(stateOfCharge=2, isCharging=false, temperature=263, voltage=3458, displayMode=PERCENTAGE, incompatibleChargerDetected=false), caseBattery: Battery(stateOfCharge=0, isCharging=false, temperature=0, voltage=0, displayMode=DOTS, incompatibleChargerDetected=false), caseSystemInfo: CaseSystemInfo(serialNumber=2R5SB0BF9F060P, firmwareVersion=12.14.5, isPresent=false), audioActive: false, cameraState: CAPTURE_VIDEO_STARTED, storageState: STABLE, isStreamingActive: true, inDeepSleep: false, isMounted: false, hotCarEventOccurred: false, registeredSNApps: [ASSISTANT]isSessionVerified: falseDeviceLockState: NO_LOCKPeakPowerUserExperienceThrottlingInfo: []))]
10-31 14:43:10.312 20281 20281 I DeviceControlCenterRepository: DeviceId: 79:C2:90:5E:BC:2C State: DeviceState(connectedState=CONNECTED, peerConnectedState=Disconnected, deviceBatteryDetails=Battery(stateOfCharge=2, isCharging=false, temperature=263, voltage=3458, displayMode=PERCENTAGE, incompatibleChargerDetected=false), caseBatteryDetails=Battery(stateOfCharge=0, isCharging=false, temperature=0, voltage=0, displayMode=DOTS, incompatibleChargerDetected=false), remedies=[DEVICE_BATTERY_INSUFFICIENT], hardwareState=brokenCamera: false, brokenSpeaker: false, brokenMicrophone: false, brokenNotificationLed: false, brokenImu: true, brokenDsp: false, brokenMcu: false, hingeState: OPEN, waterDetectState: UNKNOWN, isTampered: false, thermalState: NORMAL, mediaPeakPowerState: NORMAL, videoCallingPeakPowerState: NORMAL, battery: Battery(stateOfCharge=2, isCharging=false, temperature=263, voltage=3458, displayMode=PERCENTAGE, incompatibleChargerDetected=false), caseBattery: Battery(stateOfCharge=0, isCharging=false, temperature=0, voltage=0, displayMode=DOTS, incompatibleChargerDetected=false), caseSystemInfo: CaseSystemInfo(serialNumber=2R5SB0BF9F060P, firmwareVersion=12.14.5, isPresent=false), audioActive: false, cameraState: CAPTURE_VIDEO_STARTED, storageState: STABLE, isStreamingActive: true, inDeepSleep: false, isMounted: false, hotCarEventOccurred: false, registeredSNApps: [ASSISTANT]isSessionVerified: falseDeviceLockState: NO_LOCKPeakPowerUserExperienceThrottlingInfo: [])
10-31 14:43:10.539  1077  6023 D Hal2AidlMapper: [default] prepareToOpenStream: handle 2006, mixPortHalId 1001, device AudioDevice{type: AudioDeviceDescription{type: IN_MICROPHONE_BACK, connection: }, address: AudioDeviceAddress{id: back}}, flags AudioIoFlags{input: 0}, source CAMCORDER, config AudioConfig{base: AudioConfigBase{sampleRate: 48000, channelMask: AudioChannelLayout{layoutMask: 1}, format: AudioFormatDescription{type: PCM, pcm: INT_16_BIT, encoding: }}, offloadInfo: AudioOffloadInfo{base: AudioConfigBase{sampleRate: 0, channelMask: AudioChannelLayout{none: 0}, format: AudioFormatDescription{type: DEFAULT, pcm: DEFAULT, encoding: }}, streamType: VOICE_CALL, bitRatePerSecond: 0, durationUs: 0, hasVideo: false, isStreaming: false, bitWidth: 16, offloadBufferSize: 0, usage: UNKNOWN, encapsulationMode: NONE, contentId: 0, syncId: 0}, frameCount: 0}, mixport config AudioPortConfig{id: 0, portId: 0, sampleRate: (null), channelMask: (null), format: (null), gain: (null), flags: (null), ext: AudioPortExt{unspecified: false}}
10-31 14:43:10.551 13426 16265 D MediaCodecList: codecHandlesFormat: no format, so no extra checks
10-31 14:43:10.553 13426 16265 D MediaCodecList: codecHandlesFormat: no format, so no extra checks
10-31 14:43:10.556 13426 21911 D CCodec  : allocate(c2.exynos.h264.encoder)
10-31 14:43:10.560 13426 21911 I CCodec  : setting up 'default' as default (vendor) store
10-31 14:43:10.575 13426 21911 I CCodec  : Created component [c2.exynos.h264.encoder] for [c2.exynos.h264.encoder]
10-31 14:43:10.576 13426 21911 D CCodecConfig: read media type: video/avc
10-31 14:43:10.594   975 28218 I ASvc::StreamIn: setMicrophoneFieldDimension (primary-capture) : zoom = 0
10-31 14:43:10.601 13426 21911 D CCodecConfig: ignoring local param raw.color (0xc2001809) as it is already supported
10-31 14:43:10.603 13426 21911 I CCodecConfig: query failed after returning 21 values (BAD_INDEX)
10-31 14:43:10.603 13426 21911 D CCodecConfig: c2 config diff is Dict {
10-31 14:43:10.603 13426 21911 D CCodecConfig:   c2::u32 algo.bitrate-mode.value = 3
10-31 14:43:10.603 13426 21911 D CCodecConfig:   c2::u32 algo.encoding-quality-level.value = 0
10-31 14:43:10.603 13426 21911 D CCodecConfig:   c2::i32 algo.priority.value = 0
10-31 14:43:10.603 13426 21911 D CCodecConfig:   c2::float algo.rate.value = 0
10-31 14:43:10.603 13426 21911 D CCodecConfig:   c2::i32 coded.average-qp.value = 0
10-31 14:43:10.603 13426 21911 D CCodecConfig:   c2::u32 coded.bitrate-mode.value = 1
10-31 14:43:10.603 13426 21911 D CCodecConfig:   c2::u32 coded.bitrate.value = 64000
10-31 14:43:10.603 13426 21911 D CCodecConfig:   c2::float coded.frame-rate.value = 15
10-31 14:43:10.603 13426 21911 D CCodecConfig:   c2::u32 coded.hdr-format.value = 0
10-31 14:43:10.603 13426 21911 D CCodecConfig:   c2::u32 coded.picture-type.value = 0
10-31 14:43:10.603 13426 21911 D CCodecConfig:   c2::u32 coded.pl.level = 20480
10-31 14:43:10.603 13426 21911 D CCodecConfig:   c2::u32 coded.pl.profile = 20484
10-31 14:43:10.603 13426 21911 D CCodecConfig:   c2::u32 coding.intra-refresh.mode = 0
10-31 14:43:10.603 13426 21911 D CCodecConfig:   c2::float coding.intra-refresh.period = 0
10-31 14:43:10.603 13426 21911 D CCodecConfig:   c2::u32 coding.request-sync-frame.value = 0
10-31 14:43:10.603 13426 21911 D CCodecConfig:   c2::i64 coding.sync-frame-interval.value = 1000000
10-31 14:43:10.603 13426 21911 D CCodecConfig:   Buffer coding.temporal-layering = {
10-31 14:43:10.603 13426 21911 D CCodecConfig:     00000000:  10 00 00 00 07 20 01 52  00 00 00 00 00 00 00 00  ..... .R........
10-31 14:43:10.603 13426 21911 D CCodecConfig:   }
10-31 14:43:10.603 13426 21911 D CCodecConfig:   c2::u32 input.delay.value = 0
10-31 14:43:10.603 13426 21911 D CCodecConfig:   string input.media-type.value = "video/raw"
10-31 14:43:10.603 13426 21911 D CCodecConfig:   c2::u32 output.buffers.prepend-header.value = 0
10-31 14:43:10.603 13426 21911 D CCodecConfig:   string output.media-type.value = "video/avc"
10-31 14:43:10.603 13426 21911 D CCodecConfig:   c2::u32 raw.color.matrix = 0
10-31 14:43:10.603 13426 21911 D CCodecConfig:   c2::u32 raw.color.primaries = 0
10-31 14:43:10.603 13426 21911 D CCodecConfig:  
10-31 14:43:10.607 13426 16265 I MediaCodec: media_quality service unavailable, skipping updatePictureProfile
10-31 14:43:10.607 13426 16265 D VQApply : minquality: codec claims to implement minquality=1
10-31 14:43:10.607 13426 16265 D MediaCodec: shapeMediaFormat: deltas(1): AMessage(what = 0x00000000) = {
10-31 14:43:10.607 13426 16265 D MediaCodec:     int32_t android._encoding-quality-level = 1
10-31 14:43:10.607 13426 16265 D MediaCodec:   }
10-31 14:43:10.607 13426 21911 D CCodec  : [c2.exynos.h264.encoder] buffers are bound to CCodec for this session
10-31 14:43:10.608 13426 21911 D CCodecConfig: no c2 equivalents for max-fps-to-encoder
10-31 14:43:10.608 13426 21911 D CCodecConfig: no c2 equivalents for color-format
10-31 14:43:10.608 13426 21911 D CCodecConfig: no c2 equivalents for flags
10-31 14:43:10.608 13426 21911 D CCodecConfig: no c2 equivalents for encoder
10-31 14:43:10.609 13426 21911 D CCodecConfig: c2 config diff is   c2::u32 algo.encoding-quality-level.value = 1
10-31 14:43:10.609 13426 21911 D CCodecConfig:   c2::u32 coded.bitrate.value = 1500000
10-31 14:43:10.609 13426 21911 D CCodecConfig:   c2::float coded.frame-rate.value = 30
10-31 14:43:10.609 13426 21911 D CCodecConfig:   c2::u32 coded.hdr-format.value = 1
10-31 14:43:10.609 13426 21911 D CCodecConfig:   c2::u32 coded.pl.level = 20489
10-31 14:43:10.609 13426 21911 D CCodecConfig:   c2::i64 coding.sync-frame-interval.value = 60000000
10-31 14:43:10.609 13426 21911 D CCodecConfig:   c2::u32 raw.size.height = 896
10-31 14:43:10.609 13426 21911 D CCodecConfig:   c2::u32 raw.size.width = 512
10-31 14:43:10.610 13426 21911 D CCodec  : encoding statistics level = 0
10-31 14:43:10.610 13426 21911 D CCodec  : setup formats input: AMessage(what = 0x00000000) = {
10-31 14:43:10.610 13426 21911 D CCodec  :   int32_t android._color-format = 2130708361
10-31 14:43:10.610 13426 21911 D CCodec  :   int32_t android._dataspace = 0
10-31 14:43:10.610 13426 21911 D CCodec  :   int32_t bitrate-mode = 1
10-31 14:43:10.610 13426 21911 D CCodec  :   int32_t frame-rate = 30
10-31 14:43:10.610 13426 21911 D CCodec  :   int32_t height = 896
10-31 14:43:10.610 13426 21911 D CCodec  :   int32_t intra-refresh-period = 0
10-31 14:43:10.610 13426 21911 D CCodec  :   string mime = "video/raw"
10-31 14:43:10.610 13426 21911 D CCodec  :   int32_t prepend-sps-pps-to-idr-frames = 0
10-31 14:43:10.610 13426 21911 D CCodec  :   int32_t priority = 0
10-31 14:43:10.610 13426 21911 D CCodec  :   int32_t video-qp-average = 0
10-31 14:43:10.610 13426 21911 D CCodec  :   int32_t width = 512
10-31 14:43:10.610 13426 21911 D CCodec  :   Rect crop(0, 0, 511, 895)
10-31 14:43:10.610 13426 21911 D CCodec  :   int64_t android._C2MemoryUsage = 1125899906908160
10-31 14:43:10.610 13426 21911 D CCodec  :   int32_t color-format = 2130708361
10-31 14:43:10.610 13426 21911 D CCodec  : }
10-31 14:43:10.610 13426 21911 D CCodec  : setup formats output: AMessage(what = 0x00000000) = {
10-31 14:43:10.610 13426 21911 D CCodec  :   int32_t bitrate = 1500000
10-31 14:43:10.610 13426 21911 D CCodec  :   int32_t bitrate-mode = 1
10-31 14:43:10.610 13426 21911 D CCodec  :   Rect crop(0, 0, 511, 895)
10-31 14:43:10.610 13426 21911 D CCodec  :   int32_t width = 512
10-31 14:43:10.610 13426 21911 D CCodec  :   int32_t color-standard = 0
10-31 14:43:10.610 13426 21911 D CCodec  :   int32_t color-range = 0
10-31 14:43:10.610 13426 21911 D CCodec  :   int32_t color-transfer = 0
10-31 14:43:10.610 13426 21911 D CCodec  :   int32_t frame-rate = 30
10-31 14:43:10.610 13426 21911 D CCodec  :   int32_t height = 896
10-31 14:43:10.610 13426 21911 D CCodec  :   int32_t intra-refresh-period = 0
10-31 14:43:10.610 13426 21911 D CCodec  :   int32_t level = 512
10-31 14:43:10.610 13426 21911 D CCodec  :   int32_t max-bitrate = 1500000
10-31 14:43:10.610 13426 21911 D CCodec  :   string mime = "video/avc"
10-31 14:43:10.610 13426 21911 D CCodec  :   int32_t prepend-sps-pps-to-idr-frames = 0
10-31 14:43:10.610 13426 21911 D CCodec  :   int32_t priority = 0
10-31 14:43:10.610 13426 21911 D CCodec  :   int32_t profile = 8
10-31 14:43:10.610 13426 21911 D CCodec  :   int32_t video-qp-average = 0
10-31 14:43:10.610 13426 21911 D CCodec  : }
10-31 14:43:10.611 13426 21911 I CCodecConfig: query failed after returning 22 values (BAD_INDEX)
10-31 14:43:10.611 13426 21911 D CCodec  : aidl based PersistentSurface created
10-31 14:43:10.612 13426 21911 D CCodec  : input format changed to AMessage(what = 0x00000000) = {
10-31 14:43:10.612 13426 21911 D CCodec  :   int32_t android._color-format = 2130708361
10-31 14:43:10.612 13426 21911 D CCodec  :   int32_t android._dataspace = 260
10-31 14:43:10.612 13426 21911 D CCodec  :   int32_t bitrate-mode = 1
10-31 14:43:10.612 13426 21911 D CCodec  :   int32_t frame-rate = 30
10-31 14:43:10.612 13426 21911 D CCodec  :   int32_t height = 896
10-31 14:43:10.612 13426 21911 D CCodec  :   int32_t intra-refresh-period = 0
10-31 14:43:10.612 13426 21911 D CCodec  :   string mime = "video/raw"
10-31 14:43:10.612 13426 21911 D CCodec  :   int32_t prepend-sps-pps-to-idr-frames = 0
10-31 14:43:10.612 13426 21911 D CCodec  :   int32_t priority = 0
10-31 14:43:10.612 13426 21911 D CCodec  :   int32_t video-qp-average = 0
10-31 14:43:10.612 13426 21911 D CCodec  :   int32_t width = 512
10-31 14:43:10.612 13426 21911 D CCodec  :   Rect crop(0, 0, 511, 895)
10-31 14:43:10.612 13426 21911 D CCodec  :   int64_t android._C2MemoryUsage = 1125899906908160
10-31 14:43:10.612 13426 21911 D CCodec  :   int32_t color-format = 2130708361
10-31 14:43:10.612 13426 21911 D CCodec  :   int32_t color-range = 2
10-31 14:43:10.612 13426 21911 D CCodec  :   int32_t color-standard = 1
10-31 14:43:10.612 13426 21911 D CCodec  :   int32_t color-transfer = 3
10-31 14:43:10.612 13426 21911 D CCodec  : }
10-31 14:43:10.612 13426 21911 D CCodec  : ISConfig maxFps=30
10-31 14:43:10.622  1020 21912 I ExynosC2H264EncComponent: Creating ECOServiceStatsProvider c2.exynos.h264.encoder video/avc
10-31 14:43:10.623  1020 21914 D libexynosv4l2: try node: /dev/video6
10-31 14:43:10.623  1020 21914 D libexynosv4l2: try node: /dev/video7
10-31 14:43:10.623  1020 21914 I libexynosv4l2: node found for device s5p-mfc-enc: /dev/video7
10-31 14:43:10.635   975 21909 I AHal::GsCapture: UpdateMicrophoneFieldDimension: with zoom 0
10-31 14:43:10.635   975 21909 I AHal::AocRecordTuning: WriteMicrophoneFieldDimension: 0 to value 0
10-31 14:43:10.646  1020 21914 I libexynosv4l2: open video device /dev/video7
10-31 14:43:10.651 13426 21911 D CCodecBufferChannel: [c2.exynos.h264.encoder#952] Created input block pool with allocatorID 17 => poolID 91 - OK (0)
10-31 14:43:10.654 13426 21911 I CCodecBufferChannel: [c2.exynos.h264.encoder#952] Created output block pool with allocatorID 16 => poolID 429 - OK
10-31 14:43:10.654 13426 21911 D CCodecBufferChannel: [c2.exynos.h264.encoder#952] Configured output block pool ids 429 => OK
10-31 14:43:10.659 13426 16265 D MediaCodecList: codecHandlesFormat: no format, so no extra checks
10-31 14:43:10.662 13426 21922 D CCodec  : allocate(c2.android.aac.encoder)
10-31 14:43:10.667 13426 21922 I CCodec  : setting up 'default' as default (vendor) store
10-31 14:43:10.676 13426 21922 I CCodec  : Created component [c2.android.aac.encoder] for [c2.android.aac.encoder]
10-31 14:43:10.676 13426 21922 D CCodecConfig: read media type: audio/mp4a-latm
10-31 14:43:10.689 13426 21922 I CCodecConfig: query failed after returning 10 values (BAD_INDEX)
10-31 14:43:10.689 13426 21922 D CCodecConfig: c2 config diff is Dict {
10-31 14:43:10.689 13426 21922 D CCodecConfig:   c2::u32 coded.bitrate.value = 64000
10-31 14:43:10.689 13426 21922 D CCodecConfig:   c2::u32 coded.pl.level = 0
10-31 14:43:10.689 13426 21922 D CCodecConfig:   c2::u32 coded.pl.profile = 8192
10-31 14:43:10.689 13426 21922 D CCodecConfig:   c2::u32 coding.aac-sbr-mode.value = 3
10-31 14:43:10.689 13426 21922 D CCodecConfig:   c2::u32 input.buffers.max-size.value = 2048
10-31 14:43:10.689 13426 21922 D CCodecConfig:   c2::u32 input.delay.value = 0
10-31 14:43:10.689 13426 21922 D CCodecConfig:   string input.media-type.value = "audio/raw"
10-31 14:43:10.689 13426 21922 D CCodecConfig:   c2::u32 output.large-frame.max-size = 0
10-31 14:43:10.689 13426 21922 D CCodecConfig:   c2::u32 output.large-frame.threshold-size = 0
10-31 14:43:10.689 13426 21922 D CCodecConfig:   string output.media-type.value = "audio/mp4a-latm"
10-31 14:43:10.689 13426 21922 D CCodecConfig:   c2::u32 raw.channel-count.value = 1
10-31 14:43:10.689 13426 21922 D CCodecConfig:   c2::u32 raw.sample-rate.value = 44100
10-31 14:43:10.689 13426 21922 D CCodecConfig: }
10-31 14:43:10.701 13426 16265 I MediaCodec: media_quality service unavailable, skipping updatePictureProfile
10-31 14:43:10.702 13426 16265 D MediaCodec: shapeMediaFormat: deltas(0): AMessage(what = 0x00000000) = {
10-31 14:43:10.702 13426 16265 D MediaCodec:   }
10-31 14:43:10.703 13426 21922 D CCodec  : [c2.android.aac.encoder] buffers are bound to CCodec for this session
10-31 14:43:10.703 13426 21922 D CCodecConfig: no c2 equivalents for flags
10-31 14:43:10.703 13426 21922 D CCodecConfig: no c2 equivalents for encoder
10-31 14:43:10.705 13426 21922 D CCodecConfig: c2 config diff is   c2::u32 coded.bitrate.value = 48000
10-31 14:43:10.705 13426 21922 D CCodecConfig:   c2::u32 coded.pl.profile = 8196
10-31 14:43:10.705 13426 21922 D CCodec  : encoding statistics level = 0
10-31 14:43:10.705 13426 21922 D CCodec  : setup formats input: AMessage(what = 0x00000000) = {
10-31 14:43:10.705 13426 21922 D CCodec  :   int32_t sample-rate = 44100
10-31 14:43:10.705 13426 21922 D CCodec  :   int32_t channel-count = 1
10-31 14:43:10.705 13426 21922 D CCodec  :   int32_t max-input-size = 2048
10-31 14:43:10.705 13426 21922 D CCodec  :   string mime = "audio/raw"
10-31 14:43:10.705 13426 21922 D CCodec  :   int32_t android._config-pcm-encoding = 2
10-31 14:43:10.705 13426 21922 D CCodec  : }
10-31 14:43:10.705 13426 21922 D CCodec  : setup formats output: AMessage(what = 0x00000000) = {
10-31 14:43:10.705 13426 21922 D CCodec  :   int32_t sample-rate = 44100
10-31 14:43:10.705 13426 21922 D CCodec  :   int32_t bitrate = 48000
10-31 14:43:10.705 13426 21922 D CCodec  :   int32_t buffer-batch-max-output-size = 0
10-31 14:43:10.705 13426 21922 D CCodec  :   int32_t buffer-batch-threshold-output-size = 0
10-31 14:43:10.705 13426 21922 D CCodec  :   int32_t channel-count = 1
10-31 14:43:10.705 13426 21922 D CCodec  :   int32_t level = 0
10-31 14:43:10.705 13426 21922 D CCodec  :   int32_t max-bitrate = 48000
10-31 14:43:10.705 13426 21922 D CCodec  :   string mime = "audio/mp4a-latm"
10-31 14:43:10.705 13426 21922 D CCodec  :   int32_t profile = 5
10-31 14:43:10.705 13426 21922 D CCodec  : }
10-31 14:43:10.705 13426 21922 I CCodecConfig: query failed after returning 10 values (BAD_INDEX)
10-31 14:43:10.711 13426 21922 D CCodecBufferChannel: [c2.android.aac.encoder#93] Created input block pool with allocatorID 16 => poolID 92 - OK (0)
10-31 14:43:10.714 13426 21922 I CCodecBufferChannel: [c2.android.aac.encoder#93] Created output block pool with allocatorID 16 => poolID 2181 - OK
10-31 14:43:10.714 13426 21922 D CCodecBufferChannel: [c2.android.aac.encoder#93] Configured output block pool ids 2181 => OK
10-31 14:43:10.714  1206 10285 E Codec2-ComponentInterface: We have a failed config
10-31 14:43:10.766   978  1460 I GCH_ZslSnapshotCaptureSession: Initialize: video sw denoise is enabled in GCH
10-31 14:43:10.770   978 28459 W Lyric   : stream_info_parser.cc:372: Camera Front unknown stream: {type: Streaminfo, stream_id: 32772, camera_id: Front, format: YCBCR_420_888, width: 1920, height: 1080, usage: [], stream_type: Output, use_case: Default, data_space: DataSpace(Custom)::Arbitrary, is_framework_physical_stream: 0, dynamic_range_profile: Standard, intended_for_max_resolution_mode: 0, group_id: -1, is_tunable: 1} does not fall in any known use case
10-31 14:43:10.770   978 28459 I Lyric   : stream_info_parser.cc:364: Camera Front Preview stream: {type: Streaminfo, stream_id: 32768, camera_id: Front, format: YCBCR_420_888, width: 1280, height: 720, usage: [HwTexture], stream_type: Output, use_case: Default, data_space: DataSpace(Color)::(Standard: BT709, Transfer: RGB, Range: Full), is_framework_physical_stream: 0, dynamic_range_profile: Standard, intended_for_max_resolution_mode: 0, group_id: -1, is_tunable: 1}
10-31 14:43:10.770   978 28459 W Lyric   : stream_info_parser.cc:372: Camera FrontVirtual unknown stream: {type: Streaminfo, stream_id: 32773, camera_id: FrontVirtual, format: YCBCR_420_888, width: 1920, height: 1080, usage: [], stream_type: Output, use_case: Default, data_space: DataSpace(Custom)::Arbitrary, is_framework_physical_stream: 0, dynamic_range_profile: Standard, intended_for_max_resolution_mode: 0, group_id: -1, is_tunable: 1} does not fall in any known use case
10-31 14:43:10.770   978 28459 I Lyric   : stream_info_parser.cc:364: Camera FrontVirtual Preview stream: {type: Streaminfo, stream_id: 32769, camera_id: FrontVirtual, format: YCBCR_420_888, width: 1280, height: 720, usage: [HwTexture], stream_type: Output, use_case: Default, data_space: DataSpace(Color)::(Standard: BT709, Transfer: RGB, Range: Full), is_framework_physical_stream: 0, dynamic_range_profile: Standard, intended_for_max_resolution_mode: 0, group_id: -1, is_tunable: 1}
10-31 14:43:10.781   978  2025 I Lyric   : sensor_generic_driver.cc:1959: DOKKAEBI GetModeIndex requirement {size = {width: 1920, height: 1080}, frame_rate_range = [15, 30], request_binning_mode = false, request_pd_stream = false, only_config_logical_cam_stream = true, camera_id = [<recursive>], require_full_fov = false, is_high_frame_rate = false, crop_margin = 0, is_sibling_camera_participating = true, sub_image_count = 1, is_face_auth = false, is_video_mode = false, is_high_resolution_mode = false, is_arkaroo_enabled = false, is_roshi_enabled = false, is_specific_aspect_ratio_video = false, require_exact_size = false, force_sensor_mode_index = -1, is_multi_cam_usecase = true, raw_stream_usecase = 0, is_high_resolution_standalone_mode = false} required aspect ratio 1.77778 pick_transition_mode 1 require exact size 0
10-31 14:43:10.781   978 28463 I Lyric   : sensor_generic_driver.cc:1959: DOKKAEBIVIRTUAL GetModeIndex requirement {size = {width: 1920, height: 1080}, frame_rate_range = [15, 30], request_binning_mode = false, request_pd_stream = false, only_config_logical_cam_stream = true, camera_id = [<recursive>], require_full_fov = false, is_high_frame_rate = false, crop_margin = 0, is_sibling_camera_participating = true, sub_image_count = 1, is_face_auth = false, is_video_mode = false, is_high_resolution_mode = false, is_arkaroo_enabled = false, is_roshi_enabled = false, is_specific_aspect_ratio_video = false, require_exact_size = false, force_sensor_mode_index = -1, is_multi_cam_usecase = true, raw_stream_usecase = 0, is_high_resolution_standalone_mode = false} required aspect ratio 1.77778 pick_transition_mode 0 require exact size 0
10-31 14:43:10.781   978 28463 I Lyric   : eaf_node.cc:80: cam6_eaf: stream_id 32769, res 1280x720, pipeline_id 0, is_video_stream false
10-31 14:43:10.781   978  2025 I Lyric   : eaf_node.cc:80: cam5_eaf: stream_id 32768, res 1280x720, pipeline_id 0, is_video_stream false
10-31 14:43:10.782   978  2025 I Lyric   : zuma_isp_subgraph.cc:532: raw_to_yuv_for_snapshot_exceeding_video: Pipeline (ID: (instance_id: 1595789), IPs: [ RawToYuv ], Max Outputs: 1, IPConnections: [ ], Usecase: Snapshot)
10-31 14:43:10.782   978 28463 I Lyric   : zuma_isp_subgraph.cc:532: raw_to_yuv_for_snapshot_exceeding_video: Pipeline (ID: (instance_id: 1595788), IPs: [ RawToYuv ], Max Outputs: 1, IPConnections: [ ], Usecase: Snapshot)
10-31 14:43:10.782   978  2025 I Lyric   : zuma_isp_subgraph.cc:539: video_mesh_warp: Pipeline (ID: (instance_id: 1595795), IPs: [ MeshWarp ], Max Outputs: 1, IPConnections: [ ], Usecase: Video)
10-31 14:43:10.782   978  2025 I Lyric   : zuma_isp_subgraph.cc:541: mesh_warp_for_snapshot_exceeding_video: Pipeline (ID: (instance_id: 1595797), IPs: [ MeshWarp ], Max Outputs: 1, IPConnections: [ ], Usecase: Snapshot)
10-31 14:43:10.782   978 28463 I Lyric   : zuma_isp_subgraph.cc:539: video_mesh_warp: Pipeline (ID: (instance_id: 1595794), IPs: [ MeshWarp ], Max Outputs: 1, IPConnections: [ ], Usecase: Video)
10-31 14:43:10.782   978 28463 I Lyric   : zuma_isp_subgraph.cc:541: mesh_warp_for_snapshot_exceeding_video: Pipeline (ID: (instance_id: 1595796), IPs: [ MeshWarp ], Max Outputs: 1, IPConnections: [ ], Usecase: Snapshot)
10-31 14:43:10.782   978  2025 I Lyric   : zuma_isp_subgraph.cc:551: video_scaler: Pipeline (ID: (instance_id: 1595804), IPs: [ Scaler ], Max Outputs: 0, IPConnections: [ ], Usecase: Video)
10-31 14:43:10.782   978  2025 I Lyric   : zuma_isp_subgraph.cc:553: scaler_for_snapshot_exceeding_video: Pipeline (ID: (instance_id: 1595808), IPs: [ Scaler ], Max Outputs: 2, IPConnections: [ ], Usecase: Snapshot)
10-31 14:43:10.782   978 28463 I Lyric   : zuma_isp_subgraph.cc:551: video_scaler: Pipeline (ID: (instance_id: 1595805), IPs: [ Scaler ], Max Outputs: 0, IPConnections: [ ], Usecase: Video)
10-31 14:43:10.782   978 28463 I Lyric   : zuma_isp_subgraph.cc:553: scaler_for_snapshot_exceeding_video: Pipeline (ID: (instance_id: 1595806), IPs: [ Scaler ], Max Outputs: 2, IPConnections: [ ], Usecase: Snapshot)
10-31 14:43:10.782   978 28463 I Lyric   : whi_like_isp_back_end_core_subgraph.cc:933: RawToYuvNode for snapshot exceeding video is configured to output consumer type 2 fmt: HalImageFormat{ pixel_format = YCBCR_420_SPN_10B, stride_alignment = 64, num_buffers = 1 } for FrontVirtual
10-31 14:43:10.782   978  2025 I Lyric   : whi_like_isp_back_end_core_subgraph.cc:933: RawToYuvNode for snapshot exceeding video is configured to output consumer type 2 fmt: HalImageFormat{ pixel_format = YCBCR_420_SPN_10B, stride_alignment = 64, num_buffers = 1 } for Front
10-31 14:43:10.783   978  2025 I Lyric   : generic_subgraph.cc:3459: camera_id = 5; is_front_camera = 1; is_1p_camera_app = 0; video_call = 1
10-31 14:43:10.783   978 28463 I Lyric   : generic_subgraph.cc:3459: camera_id = 6; is_front_camera = 1; is_1p_camera_app = 0; video_call = 1
10-31 14:43:10.788   978 28459 I Lyric   : multicam_graph.cc:1366: number of video bokeh nodes connected to multicam routing node = 0
10-31 14:43:10.789   978 28459 I Lyric   : graph_configuration.cc:374: {type: Streaminfo, stream_id: 32768, camera_id: Front, format: YCBCR_420_888, width: 1280, height: 720, usage: [HwTexture], stream_type: Output, use_case: Default, data_space: DataSpace(Color)::(Standard: BT709, Transfer: RGB, Range: Full), is_framework_physical_stream: 0, dynamic_range_profile: Standard, intended_for_max_resolution_mode: 0, group_id: -1, is_tunable: 1}
10-31 14:43:10.789   978 28459 I Lyric   : graph_configuration.cc:374: {type: Streaminfo, stream_id: 32772, camera_id: Front, format: YCBCR_420_888, width: 1920, height: 1080, usage: [], stream_type: Output, use_case: Default, data_space: DataSpace(Custom)::Arbitrary, is_framework_physical_stream: 0, dynamic_range_profile: Standard, intended_for_max_resolution_mode: 0, group_id: -1, is_tunable: 1}
10-31 14:43:10.789   978 28459 I Lyric   : graph_configuration.cc:374: {type: Streaminfo, stream_id: 32770, camera_id: Front, format: BLOB, width: 1920, height: 1080, usage: [], stream_type: Output, use_case: Default, data_space: DataSpace(Color)::(Standard: BT601_625, Transfer: SMPTE_170M, Range: Full), is_framework_physical_stream: 0, dynamic_range_profile: Standard, intended_for_max_resolution_mode: 0, group_id: -1, is_tunable: 1}
10-31 14:43:10.789   978 28459 I Lyric   : graph_configuration.cc:374: {type: Streaminfo, stream_id: 32769, camera_id: FrontVirtual, format: YCBCR_420_888, width: 1280, height: 720, usage: [HwTexture], stream_type: Output, use_case: Default, data_space: DataSpace(Color)::(Standard: BT709, Transfer: RGB, Range: Full), is_framework_physical_stream: 0, dynamic_range_profile: Standard, intended_for_max_resolution_mode: 0, group_id: -1, is_tunable: 1}
10-31 14:43:10.789   978 28459 I Lyric   : graph_configuration.cc:374: {type: Streaminfo, stream_id: 32771, camera_id: FrontVirtual, format: BLOB, width: 1920, height: 1080, usage: [], stream_type: Output, use_case: Default, data_space: DataSpace(Color)::(Standard: BT601_625, Transfer: SMPTE_170M, Range: Full), is_framework_physical_stream: 0, dynamic_range_profile: Standard, intended_for_max_resolution_mode: 0, group_id: -1, is_tunable: 1}
10-31 14:43:10.789   978 28459 I Lyric   : graph_configuration.cc:374: {type: Streaminfo, stream_id: 32773, camera_id: FrontVirtual, format: YCBCR_420_888, width: 1920, height: 1080, usage: [], stream_type: Output, use_case: Default, data_space: DataSpace(Custom)::Arbitrary, is_framework_physical_stream: 0, dynamic_range_profile: Standard, intended_for_max_resolution_mode: 0, group_id: -1, is_tunable: 1}
10-31 14:43:10.791   978  1460 I native  : I0000 00:00:1761936190.791550    1460 node_export.cc:193] CatNodeCreate(EspVideoNode) took 0.047404 ms
10-31 14:43:10.794  1206 21923 W mediaswcodec: AIBinder_linkToDeath is being called with a non-null cookie and no onUnlink callback set. This might not be intended. AIBinder_DeathRecipient_setOnUnlinked should be called first.
10-31 14:43:10.798   978 21940 I native  : I0000 00:00:1761936190.798118   21940 llv_manager.cc:193] LLV DIMENSION: 1280x720
10-31 14:43:10.803   978 21937 I native  : I0000 00:00:1761936190.803241   21937 brute_force_feature_matching.cc:49] Number of bins each image dimension is divided into: 5
10-31 14:43:10.804   978  1466 I G3ACoordinator: ae_session_config_parser_lyric.cc:201: ispfe_raw_input_resolution [width:3440, height:2000]
10-31 14:43:10.807   978 21937 I native  : I0000 00:00:1761936190.807413   21937 brute_force_feature_matching.cc:49] Number of bins each image dimension is divided into: 5
10-31 14:43:10.811   978  1465 I G3ACoordinator: ae_session_config_parser_lyric.cc:201: ispfe_raw_input_resolution [width:3840, height:2236]
10-31 14:43:10.815   978 21940 I native  : I0000 00:00:1761936190.815001   21940 noise_model.cc:372] Profile resolution 80 x 45
10-31 14:43:10.843 13426 14224 W MessageQueue: Handler (android.media.MediaCodec$EventHandler) {a9a929e} sending message to a Handler on a dead thread
10-31 14:43:10.843 13426 14224 W MessageQueue: java.lang.IllegalStateException: Handler (android.media.MediaCodec$EventHandler) {a9a929e} sending message to a Handler on a dead thread
10-31 14:43:10.843 13426 14224 W MessageQueue: 	at android.media.MediaCodec.postEventFromNative(MediaCodec.java:6045)
10-31 14:43:10.929   978 28491 I Lyric   : camera_powerhal_impl.cc:202: CancelPowerBoost CAMERA_VIDEO_RECORDING
10-31 14:43:11.634 13426 14224 D CCodecBufferChannel: [c2.android.hevc.decoder#128] MediaCodec discarded an unknown buffer
10-31 14:43:11.634 13426 14224 D CCodecBufferChannel: [c2.android.hevc.decoder#128] MediaCodec discarded an unknown buffer
10-31 14:43:11.640 13426 14224 D CCodecBufferChannel: [c2.android.hevc.decoder#128] MediaCodec discarded an unknown buffer
10-31 14:43:11.640 13426 14224 D CCodecBufferChannel: [c2.android.hevc.decoder#128] MediaCodec discarded an unknown buffer
10-31 14:43:11.640 13426 14224 D CCodecBufferChannel: [c2.android.hevc.decoder#128] MediaCodec discarded an unknown buffer
10-31 14:43:11.641 13426 14224 D CCodecBufferChannel: [c2.android.hevc.decoder#128] MediaCodec discarded an unknown buffer
10-31 14:43:11.641 13426 14224 D CCodecBufferChannel: [c2.android.hevc.decoder#128] MediaCodec discarded an unknown buffer
10-31 14:43:11.665 13426 14225 D CCodec  : allocate(c2.android.hevc.decoder)
10-31 14:43:11.668 13426 14225 I CCodec  : setting up 'default' as default (vendor) store
10-31 14:43:11.676 13426 14225 I CCodec  : Created component [c2.android.hevc.decoder] for [c2.android.hevc.decoder]
10-31 14:43:11.678 13426 14225 D CCodecConfig: read media type: video/hevc
10-31 14:43:11.696 13426 14225 D CCodecConfig: ignoring local param raw.size (0xd2001800) as it is already supported
10-31 14:43:11.696 13426 14225 D CCodecConfig: ignoring local param default.color (0x5200180b) as it is already supported
10-31 14:43:11.698 13426 14225 I CCodecConfig: query failed after returning 12 values (BAD_INDEX)
10-31 14:43:11.699 13426 14225 D CCodecConfig: c2 config diff is Dict {
10-31 14:43:11.699 13426 14225 D CCodecConfig:   c2::u32 coded.pl.level = 24584
10-31 14:43:11.699 13426 14225 D CCodecConfig:   c2::u32 coded.pl.profile = 24576
10-31 14:43:11.699 13426 14225 D CCodecConfig:   c2::u32 coded.vui.color.matrix = 0
10-31 14:43:11.699 13426 14225 D CCodecConfig:   c2::u32 coded.vui.color.primaries = 0
10-31 14:43:11.699 13426 14225 D CCodecConfig:   c2::u32 coded.vui.color.range = 2
10-31 14:43:11.699 13426 14225 D CCodecConfig:   c2::u32 coded.vui.color.transfer = 0
10-31 14:43:11.699 13426 14225 D CCodecConfig:   c2::u32 default.color.matrix = 0
10-31 14:43:11.699 13426 14225 D CCodecConfig:   c2::u32 default.color.primaries = 0
10-31 14:43:11.699 13426 14225 D CCodecConfig:   c2::u32 default.color.range = 0
10-31 14:43:11.699 13426 14225 D CCodecConfig:   c2::u32 default.color.transfer = 0
10-31 14:43:11.699 13426 14225 D CCodecConfig:   c2::u32 input.buffers.max-size.value = 2097152
10-31 14:43:11.699 13426 14225 D CCodecConfig:   c2::u32 input.delay.value = 0
10-31 14:43:11.699 13426 14225 D CCodecConfig:   string input.media-type.value = "video/hevc"
10-31 14:43:11.699 13426 14225 D CCodecConfig:   c2::u32 output.delay.value = 8
10-31 14:43:11.699 13426 14225 D CCodecConfig:   string output.media-type.value = "video/raw"
10-31 14:43:11.699 13426 14225 D CCodecConfig:   c2::u32 raw.color.matrix = 0
10-31 14:43:11.699 13426 14225 D CCodecConfig:   c2::u32 raw.color.primaries = 0
10-31 14:43:11.699 13426 14225 D CCodecConfig:   c2::u32 raw.color.range = 2
10-31 14:43:11.699 13426 14225 D CCodecConfig:   c2::u32 raw.color.transfer = 0
10-31 14:43:11.699 13426 14225 D CCodecConfig:   c2::u32 raw.max-size.height = 240
10-31 14:43:11.699 13426 14225 D CCodecConfig:   c2::u32 raw.max-size.width = 320
10-31 14:43:11.699 13426 14225 D CCodecConfig:   c2::u32 raw.pixel-format.value = 35
10-31 14:43:11.699 13426 14225 D CCodecConfig:   c2::i32 raw.rotation.flip = 0
10-31 14:43:11.699 13426 14225 D CCodecConfig:   c2::i32 raw.rotation.value = 0
10-31 14:43:11.699 13426 14225 D CCodecConfig:   c2::u32 raw.sar.height = 1
10-31 14:43:11.699 13426 14225 D CCodecConfig:   c2::u32 raw.sar.width = 1
10-31 14:43:11.699 13426 14225 D CCodecConfig:   c2::u32 raw.size.height = 240
10-31 14:43:11.699 13426 14225 D CCodecConfig:   c2::u32 raw.size.width = 320
10-31 14:43:11.699 13426 14225 D CCodecConfig:   c2
10-31 14:43:11.703 13426 19603 I MediaCodec: media_quality service unavailable, skipping updatePictureProfile
10-31 14:43:11.704 13426 14224 I MediaCodec: [c2.android.hevc.decoder] setting surface generation to 13748266
10-31 14:43:11.704 13426 14225 D CCodec  : [c2.android.hevc.decoder] buffers are bound to CCodec for this session
10-31 14:43:11.705 13426 14225 D CCodecConfig: no c2 equivalents for color-format
10-31 14:43:11.705 13426 14225 D CCodecConfig: no c2 equivalents for native-window
10-31 14:43:11.705 13426 14225 D CCodecConfig: no c2 equivalents for native-window-generation
10-31 14:43:11.705 13426 14225 D CCodecConfig: no c2 equivalents for flags
10-31 14:43:11.707 13426 14225 D CCodecConfig: c2 config diff is   c2::u32 raw.size.height = 1280
10-31 14:43:11.707 13426 14225 D CCodecConfig:   c2::u32 raw.size.width = 720
10-31 14:43:11.708 13426 14225 D CCodec  : encoding statistics level = 0
10-31 14:43:11.708 13426 14225 D CCodec  : setup formats input: AMessage(what = 0x00000000) = {
