10-31 14:44:18.551 20281 20281 I DeviceControlCenterRepository: DeviceId: 79:C2:90:5E:BC:2C State: DeviceState(connectedState=CONNECTED, peerConnectedState=Disconnected, deviceBatteryDetails=Battery(stateOfCharge=1, isCharging=false, temperature=265, voltage=3330, displayMode=PERCENTAGE, incompatibleChargerDetected=false), caseBatteryDetails=Battery(stateOfCharge=0, isCharging=false, temperature=0, voltage=0, displayMode=DOTS, incompatibleChargerDetected=false), remedies=[DEVICE_BATTERY_INSUFFICIENT], hardwareState=brokenCamera: false, brokenSpeaker: false, brokenMicrophone: false, brokenNotificationLed: false, brokenImu: true, brokenDsp: false, brokenMcu: false, hingeState: OPEN, waterDetectState: UNKNOWN, isTampered: false, thermalState: NORMAL, mediaPeakPowerState: NORMAL, videoCallingPeakPowerState: NORMAL, battery: Battery(stateOfCharge=1, isCharging=false, temperature=265, voltage=3330, displayMode=PERCENTAGE, incompatibleChargerDetected=false), caseBattery: Battery(stateOfCharge=0, isCharging=false, temperature=0, voltage=0, displayMode=DOTS, incompatibleChargerDetected=false), caseSystemInfo: CaseSystemInfo(serialNumber=2R5SB0BF9F060P, firmwareVersion=12.14.5, isPresent=false), audioActive: false, cameraState: CAPTURE_VIDEO_STARTED, storageState: STABLE, isStreamingActive: true, inDeepSleep: false, isMounted: false, hotCarEventOccurred: false, registeredSNApps: [ASSISTANT]isSessionVerified: falseDeviceLockState: NO_LOCKPeakPowerUserExperienceThrottlingInfo: [])
10-31 14:44:18.556 20281 20281 I DeviceControlCenterRepository: DeviceId: 79:C2:90:5E:BC:2C State: DeviceState(connectedState=CONNECTED, peerConnectedState=Disconnected, deviceBatteryDetails=Battery(stateOfCharge=1, isCharging=false, temperature=265, voltage=3330, displayMode=PERCENTAGE, incompatibleChargerDetected=false), caseBatteryDetails=Battery(stateOfCharge=0, isCharging=false, temperature=0, voltage=0, displayMode=DOTS, incompatibleChargerDetected=false), remedies=[DEVICE_BATTERY_INSUFFICIENT], hardwareState=brokenCamera: false, brokenSpeaker: false, brokenMicrophone: false, brokenNotificationLed: false, brokenImu: true, brokenDsp: false, brokenMcu: false, hingeState: OPEN, waterDetectState: UNKNOWN, isTampered: false, thermalState: NORMAL, mediaPeakPowerState: NORMAL, videoCallingPeakPowerState: NORMAL, battery: Battery(stateOfCharge=1, isCharging=false, temperature=265, voltage=3330, displayMode=PERCENTAGE, incompatibleChargerDetected=false), caseBattery: Battery(stateOfCharge=0, isCharging=false, temperature=0, voltage=0, displayMode=DOTS, incompatibleChargerDetected=false), caseSystemInfo: CaseSystemInfo(serialNumber=2R5SB0BF9F060P, firmwareVersion=12.14.5, isPresent=false), audioActive: false, cameraState: CAPTURE_VIDEO_STARTED, storageState: STABLE, isStreamingActive: true, inDeepSleep: false, isMounted: false, hotCarEventOccurred: false, registeredSNApps: [ASSISTANT]isSessionVerified: falseDeviceLockState: NO_LOCKPeakPowerUserExperienceThrottlingInfo: [])
10-31 14:44:18.557 20281 20281 I DeviceIndicatorViewModel: Device SANITIZED_CONTACT_NAME: [DeviceStateWithId(deviceIdentifier=79:C2:90:5E:BC:2C, deviceState=DeviceState(connectedState=CONNECTED, peerConnectedState=Disconnected, deviceBatteryDetails=Battery(stateOfCharge=1, isCharging=false, temperature=265, voltage=3330, displayMode=PERCENTAGE, incompatibleChargerDetected=false), caseBatteryDetails=Battery(stateOfCharge=0, isCharging=false, temperature=0, voltage=0, displayMode=DOTS, incompatibleChargerDetected=false), remedies=[DEVICE_BATTERY_INSUFFICIENT], hardwareState=brokenCamera: false, brokenSpeaker: false, brokenMicrophone: false, brokenNotificationLed: false, brokenImu: true, brokenDsp: false, brokenMcu: false, hingeState: OPEN, waterDetectState: UNKNOWN, isTampered: false, thermalState: NORMAL, mediaPeakPowerState: NORMAL, videoCallingPeakPowerState: NORMAL, battery: Battery(stateOfCharge=1, isCharging=false, temperature=265, voltage=3330, displayMode=PERCENTAGE, incompatibleChargerDetected=false), caseBattery: Battery(stateOfCharge=0, isCharging=false, temperature=0, voltage=0, displayMode=DOTS, incompatibleChargerDetected=false), caseSystemInfo: CaseSystemInfo(serialNumber=2R5SB0BF9F060P, firmwareVersion=12.14.5, isPresent=false), audioActive: false, cameraState: CAPTURE_VIDEO_STARTED, storageState: STABLE, isStreamingActive: true, inDeepSleep: false, isMounted: false, hotCarEventOccurred: false, registeredSNApps: [ASSISTANT]isSessionVerified: falseDeviceLockState: NO_LOCKPeakPowerUserExperienceThrottlingInfo: []))]
10-31 14:44:18.559 20281 20281 I DeviceControlCenterRepository: DeviceId: 79:C2:90:5E:BC:2C State: DeviceState(connectedState=CONNECTED, peerConnectedState=Disconnected, deviceBatteryDetails=Battery(stateOfCharge=1, isCharging=false, temperature=265, voltage=3330, displayMode=PERCENTAGE, incompatibleChargerDetected=false), caseBatteryDetails=Battery(stateOfCharge=0, isCharging=false, temperature=0, voltage=0, displayMode=DOTS, incompatibleChargerDetected=false), remedies=[DEVICE_BATTERY_INSUFFICIENT], hardwareState=brokenCamera: false, brokenSpeaker: false, brokenMicrophone: false, brokenNotificationLed: false, brokenImu: true, brokenDsp: false, brokenMcu: false, hingeState: OPEN, waterDetectState: UNKNOWN, isTampered: false, thermalState: NORMAL, mediaPeakPowerState: NORMAL, videoCallingPeakPowerState: NORMAL, battery: Battery(stateOfCharge=1, isCharging=false, temperature=265, voltage=3330, displayMode=PERCENTAGE, incompatibleChargerDetected=false), caseBattery: Battery(stateOfCharge=0, isCharging=false, temperature=0, voltage=0, displayMode=DOTS, incompatibleChargerDetected=false), caseSystemInfo: CaseSystemInfo(serialNumber=2R5SB0BF9F060P, firmwareVersion=12.14.5, isPresent=false), audioActive: false, cameraState: CAPTURE_VIDEO_STARTED, storageState: STABLE, isStreamingActive: true, inDeepSleep: false, isMounted: false, hotCarEventOccurred: false, registeredSNApps: [ASSISTANT]isSessionVerified: falseDeviceLockState: NO_LOCKPeakPowerUserExperienceThrottlingInfo: [])
10-31 14:44:19.036 13426 16264 E VideoProtocolClientImpl.cpp: VideoProtocol transport error Received Error Frame. ErrorCode = 6, in SequenceId = 691, isRetryable = 1, isActiveFallback = 0, flags = 1
10-31 14:44:19.084 13426 14224 I CCodecBufferChannel: [c2.android.hevc.decoder#640] queueBuffer failed: 13
10-31 14:44:19.084 13426 14225 D CCodecBufferChannel: [c2.android.hevc.decoder#640] work failed to complete: 14
10-31 14:44:19.084 13426 14224 I MediaCodec: rendring output error 13
10-31 14:44:19.084 13426 14224 E MediaCodec: Codec reported err 0xe/14 (Unknown error -14), actionCode 0, while in state 6/STARTED
10-31 14:44:19.093 13426 22178 D CCodecBufferChannel: [c2.android.aac.encoder#179] MediaCodec discarded an unknown buffer
10-31 14:44:19.093 13426 22178 D CCodecBufferChannel: [c2.android.aac.encoder#179] MediaCodec discarded an unknown buffer
10-31 14:44:19.093 13426 22178 D CCodecBufferChannel: [c2.android.aac.encoder#179] MediaCodec discarded an unknown buffer
10-31 14:44:19.094 13426 22178 E MediaCodec: getInput/OutputFormat() is valid at Executing states and Configured state; currently at Uninitialized state
10-31 14:44:19.095 13426 19603 E mss:AndroidPlatformAudioEncoderImpl: Media Codec not in a valid state to process audio data
10-31 14:44:19.095 13426 19603 E mss:AndroidPlatformAudioEncoderImpl: 	at android.media.MediaCodec.getFormatNative(Native Method)
10-31 14:44:19.095 13426 19603 E mss:AndroidPlatformAudioEncoderImpl: 	at android.media.MediaCodec.getOutputFormat(MediaCodec.java:4434)
10-31 14:44:19.105 13426 22152 I CCodecConfig: query failed after returning 22 values (BAD_INDEX)
10-31 14:44:19.106 13426 22152 D CCodecConfig: c2 config diff is   c2::u32 raw.color.matrix = 1
10-31 14:44:19.106 13426 22152 D CCodecConfig:   c2::u32 raw.color.primaries = 1
10-31 14:44:19.106 13426 22152 D CCodecConfig:   c2::u32 raw.color.range = 2
10-31 14:44:19.106 13426 22152 D CCodecConfig:   c2::u32 raw.color.transfer = 3
10-31 14:44:19.106 13426 22152 D CCodecConfig:   c2::u32 raw.data-space.value = 281083904
10-31 14:44:19.115 13426 22228 E MediaCodec: Invalid to call at Released state; only valid in Executing states
10-31 14:44:19.115 13426 22228 E sup:VideoDecoderBufferHandler: Video decoder enqueue video frame exception! Diagnostics 
10-31 14:44:19.115 13426 22228 E sup:VideoDecoderBufferHandler: java.lang.IllegalStateException: Invalid to call at Released state; only valid in Executing states
10-31 14:44:19.115 13426 22228 E sup:VideoDecoderBufferHandler: 
10-31 14:44:19.115 13426 22228 E sup:VideoDecoderBufferHandler: 	at android.media.MediaCodec.getBuffer(Native Method)
10-31 14:44:19.115 13426 22228 E sup:VideoDecoderBufferHandler: 	at android.media.MediaCodec.getInputBuffer(MediaCodec.java:4812)
10-31 14:44:19.115 13426 22228 E sup:VideoDecoderBufferHandler: 	at X.p0U.onInputBufferAvailable(:37)
10-31 14:44:19.115 13426 22228 E sup:VideoDecoderBufferHandler: 	at android.media.MediaCodec$EventHandler.handleCallback(MediaCodec.java:1946)
10-31 14:44:19.115 13426 22228 E sup:VideoDecoderBufferHandler: 	at android.media.MediaCodec$EventHandler.handleMessage(MediaCodec.java:1874)
10-31 14:44:19.115 13426 22228 E sup:VideoDecoderBufferHandler: 	at android.os.Handler.dispatchMessage(Handler.java:110)
10-31 14:44:19.115 13426 22228 E sup:VideoDecoderBufferHandler: 	at android.os.Looper.dispatchMessage(Looper.java:315)
10-31 14:44:19.115 13426 22228 E sup:VideoDecoderBufferHandler: 	at android.os.Looper.loopOnce(Looper.java:251)
10-31 14:44:19.115 13426 22228 E sup:VideoDecoderBufferHandler: 	at android.os.Looper.loop(Looper.java:349)
10-31 14:44:19.115 13426 22228 E sup:VideoDecoderBufferHandler: 	at android.os.HandlerThread.run(HandlerThread.java:100)
10-31 14:44:19.116 13426 14224 E MediaCodec: queueInputBuffer() is valid only at Executing states; currently at Released state
10-31 14:44:19.847 13426 14224 D CCodecBufferChannel: [c2.android.hevc.decoder#640] MediaCodec discarded an unknown buffer
10-31 14:44:19.847 13426 14224 D CCodecBufferChannel: [c2.android.hevc.decoder#640] MediaCodec discarded an unknown buffer
10-31 14:44:19.847 13426 14224 D CCodecBufferChannel: [c2.android.hevc.decoder#640] MediaCodec discarded an unknown buffer
10-31 14:44:19.861 13426 14225 D CCodec  : allocate(c2.android.hevc.decoder)
10-31 14:44:19.866 13426 14225 I CCodec  : setting up 'default' as default (vendor) store
10-31 14:44:19.874 13426 14225 I CCodec  : Created component [c2.android.hevc.decoder] for [c2.android.hevc.decoder]
10-31 14:44:19.875 13426 14225 D CCodecConfig: read media type: video/hevc
10-31 14:44:19.892 13426 14225 D CCodecConfig: ignoring local param raw.size (0xd2001800) as it is already supported
10-31 14:44:19.892 13426 14225 D CCodecConfig: ignoring local param default.color (0x5200180b) as it is already supported
10-31 14:44:19.894 13426 14225 I CCodecConfig: query failed after returning 12 values (BAD_INDEX)
10-31 14:44:19.895 13426 14225 D CCodecConfig: c2 config diff is Dict {
10-31 14:44:19.895 13426 14225 D CCodecConfig:   c2::u32 coded.pl.level = 24584
10-31 14:44:19.895 13426 14225 D CCodecConfig:   c2::u32 coded.pl.profile = 24576
10-31 14:44:19.895 13426 14225 D CCodecConfig:   c2::u32 coded.vui.color.matrix = 0
10-31 14:44:19.895 13426 14225 D CCodecConfig:   c2::u32 coded.vui.color.primaries = 0
10-31 14:44:19.895 13426 14225 D CCodecConfig:   c2::u32 coded.vui.color.range = 2
10-31 14:44:19.895 13426 14225 D CCodecConfig:   c2::u32 coded.vui.color.transfer = 0
10-31 14:44:19.895 13426 14225 D CCodecConfig:   c2::u32 default.color.matrix = 0
10-31 14:44:19.895 13426 14225 D CCodecConfig:   c2::u32 default.color.primaries = 0
10-31 14:44:19.895 13426 14225 D CCodecConfig:   c2::u32 default.color.range = 0
10-31 14:44:19.895 13426 14225 D CCodecConfig:   c2::u32 default.color.transfer = 0
10-31 14:44:19.895 13426 14225 D CCodecConfig:   c2::u32 input.buffers.max-size.value = 2097152
10-31 14:44:19.895 13426 14225 D CCodecConfig:   c2::u32 input.delay.value = 0
10-31 14:44:19.895 13426 14225 D CCodecConfig:   string input.media-type.value = "video/hevc"
10-31 14:44:19.895 13426 14225 D CCodecConfig:   c2::u32 output.delay.value = 8
10-31 14:44:19.895 13426 14225 D CCodecConfig:   string output.media-type.value = "video/raw"
10-31 14:44:19.895 13426 14225 D CCodecConfig:   c2::u32 raw.color.matrix = 0
10-31 14:44:19.895 13426 14225 D CCodecConfig:   c2::u32 raw.color.primaries = 0
10-31 14:44:19.895 13426 14225 D CCodecConfig:   c2::u32 raw.color.range = 2
10-31 14:44:19.895 13426 14225 D CCodecConfig:   c2::u32 raw.color.transfer = 0
10-31 14:44:19.895 13426 14225 D CCodecConfig:   c2::u32 raw.max-size.height = 240
10-31 14:44:19.895 13426 14225 D CCodecConfig:   c2::u32 raw.max-size.width = 320
10-31 14:44:19.895 13426 14225 D CCodecConfig:   c2::u32 raw.pixel-format.value = 35
10-31 14:44:19.895 13426 14225 D CCodecConfig:   c2::i32 raw.rotation.flip = 0
10-31 14:44:19.895 13426 14225 D CCodecConfig:   c2::i32 raw.rotation.value = 0
10-31 14:44:19.895 13426 14225 D CCodecConfig:   c2::u32 raw.sar.height = 1
10-31 14:44:19.895 13426 14225 D CCodecConfig:   c2::u32 raw.sar.width = 1
10-31 14:44:19.895 13426 14225 D CCodecConfig:   c2::u32 raw.size.height = 240
10-31 14:44:19.895 13426 14225 D CCodecConfig:   c2::u32 raw.size.width = 320
10-31 14:44:19.895 13426 14225 D CCodecConfig:   c2
10-31 14:44:19.901 13426 19603 I MediaCodec: media_quality service unavailable, skipping updatePictureProfile
10-31 14:44:19.904 13426 14224 E MediaCodec: nativeWindowConnect/surfaceConnectWithListener returned an error: No such device (-19)
10-31 14:44:19.904 13426 19603 E MediaCodec: configure failed with err 0xffffffed, resetting...
10-31 14:44:19.909 13426 14225 D CCodec  : allocate(c2.android.hevc.decoder)
10-31 14:44:19.911 13426 14225 I CCodec  : setting up 'default' as default (vendor) store
10-31 14:44:19.920 13426 14225 I CCodec  : Created component [c2.android.hevc.decoder] for [c2.android.hevc.decoder]
10-31 14:44:19.921 13426 14225 D CCodecConfig: read media type: video/hevc
10-31 14:44:19.938 13426 14225 D CCodecConfig: ignoring local param raw.size (0xd2001800) as it is already supported
10-31 14:44:19.938 13426 14225 D CCodecConfig: ignoring local param default.color (0x5200180b) as it is already supported
10-31 14:44:19.940 13426 14225 I CCodecConfig: query failed after returning 12 values (BAD_INDEX)
10-31 14:44:19.941 13426 14225 D CCodecConfig: c2 config diff is Dict {
10-31 14:44:19.941 13426 14225 D CCodecConfig:   c2::u32 coded.pl.level = 24584
10-31 14:44:19.941 13426 14225 D CCodecConfig:   c2::u32 coded.pl.profile = 24576
10-31 14:44:19.941 13426 14225 D CCodecConfig:   c2::u32 coded.vui.color.matrix = 0
10-31 14:44:19.941 13426 14225 D CCodecConfig:   c2::u32 coded.vui.color.primaries = 0
10-31 14:44:19.941 13426 14225 D CCodecConfig:   c2::u32 coded.vui.color.range = 2
10-31 14:44:19.941 13426 14225 D CCodecConfig:   c2::u32 coded.vui.color.transfer = 0
10-31 14:44:19.941 13426 14225 D CCodecConfig:   c2::u32 default.color.matrix = 0
10-31 14:44:19.941 13426 14225 D CCodecConfig:   c2::u32 default.color.primaries = 0
10-31 14:44:19.941 13426 14225 D CCodecConfig:   c2::u32 default.color.range = 0
10-31 14:44:19.941 13426 14225 D CCodecConfig:   c2::u32 default.color.transfer = 0
10-31 14:44:19.941 13426 14225 D CCodecConfig:   c2::u32 input.buffers.max-size.value = 2097152
10-31 14:44:19.941 13426 14225 D CCodecConfig:   c2::u32 input.delay.value = 0
10-31 14:44:19.941 13426 14225 D CCodecConfig:   string input.media-type.value = "video/hevc"
10-31 14:44:19.941 13426 14225 D CCodecConfig:   c2::u32 output.delay.value = 8
10-31 14:44:19.941 13426 14225 D CCodecConfig:   string output.media-type.value = "video/raw"
10-31 14:44:19.941 13426 14225 D CCodecConfig:   c2::u32 raw.color.matrix = 0
10-31 14:44:19.941 13426 14225 D CCodecConfig:   c2::u32 raw.color.primaries = 0
10-31 14:44:19.941 13426 14225 D CCodecConfig:   c2::u32 raw.color.range = 2
10-31 14:44:19.941 13426 14225 D CCodecConfig:   c2::u32 raw.color.transfer = 0
10-31 14:44:19.941 13426 14225 D CCodecConfig:   c2::u32 raw.max-size.height = 240
10-31 14:44:19.941 13426 14225 D CCodecConfig:   c2::u32 raw.max-size.width = 320
10-31 14:44:19.941 13426 14225 D CCodecConfig:   c2::u32 raw.pixel-format.value = 35
10-31 14:44:19.941 13426 14225 D CCodecConfig:   c2::i32 raw.rotation.flip = 0
10-31 14:44:19.941 13426 14225 D CCodecConfig:   c2::i32 raw.rotation.value = 0
10-31 14:44:19.941 13426 14225 D CCodecConfig:   c2::u32 raw.sar.height = 1
10-31 14:44:19.941 13426 14225 D CCodecConfig:   c2::u32 raw.sar.width = 1
10-31 14:44:19.941 13426 14225 D CCodecConfig:   c2::u32 raw.size.height = 240
10-31 14:44:19.941 13426 14225 D CCodecConfig:   c2::u32 raw.size.width = 320
10-31 14:44:19.941 13426 14225 D CCodecConfig:   c2
10-31 14:44:19.944 13426 19603 W sup:MediaCodecDecoder: Resource was not available. Likely caused by invalid surface. Diagnostics: android.media.MediaCodec.error_neg_19
10-31 14:44:19.944 13426 19603 W sup:MediaCodecDecoder: android.media.MediaCodec$CodecException: 
10-31 14:44:19.944 13426 19603 W sup:MediaCodecDecoder: 	at android.media.MediaCodec.native_configure(Native Method)
10-31 14:44:19.944 13426 19603 W sup:MediaCodecDecoder: 	at android.media.MediaCodec.configure(MediaCodec.java:2562)
10-31 14:44:19.944 13426 19603 W sup:MediaCodecDecoder: 	at android.media.MediaCodec.configure(MediaCodec.java:2422)
10-31 14:44:19.944 13426 19603 W sup:MediaCodecDecoder: 	at X.8fv.A07(:24)
10-31 14:44:19.944 13426 19603 W sup:MediaCodecDecoder: 	at X.p5r.A08(:289)
10-31 14:44:19.944 13426 19603 W sup:MediaCodecDecoder: 	at X.p5r.A08(:121)
10-31 14:44:19.944 13426 19603 W sup:MediaCodecDecoder: 	at X.p01.invoke(:6116283)
10-31 14:44:19.944 13426 19603 W sup:MediaCodecDecoder: 	at X.p6p.invoke(:6117389)
10-31 14:44:19.944 13426 19603 W sup:MediaCodecDecoder: 	at X.p0d.A0D(:0)
10-31 14:44:19.944 13426 19603 W sup:MediaCodecDecoder: 	at X.p6p.invoke(:6117994)
10-31 14:44:19.944 13426 19603 W sup:MediaCodecDecoder: 	at X.p0f.A07(:22)
10-31 14:44:19.944 13426 19603 W sup:MediaCodecDecoder: 	at X.ozz.invoke(:6116118)
10-31 14:44:19.944 13426 19603 W sup:MediaCodecDecoder: 	at com.facebook.wearable.datax.LocalChannel.handleReceived(:16)
10-31 14:44:19.944 13426 19603 W sup:MediaCodecDecoder: 	at com.facebook.wearable.datax.Connection.onReceivedNative(Native Method)
10-31 14:44:19.944 13426 19603 W sup:MediaCodecDecoder: 	at com.facebook.wearable.datax.Connection.onReceivedWithInterrupt(:32)
10-31 14:44:19.944 13426 19603 W sup:MediaCodecDecoder: 	at X.Ycb.invoke(:435)
10-31 14:44:19.944 13426 19603 W sup:MediaCodecDecoder: 	at X.VpL.run(:281)
10-31 14:44:19.944 13426 19603 W sup:MediaCodecDecoder: 	at java.util.concurrent.ThreadPoolExecutor.runWorker(ThreadPoolExecutor.java:1156)
10-31 14:44:19.944 13426 19603 W sup:MediaCodecDecoder: 	at java.util.concurrent.ThreadPoolExecutor$Worker.run(ThreadPoolExecutor.java:651)
10-31 14:44:19.944 13426 19603 W sup:MediaCodecDecoder: 	at java.lang.Thread.run(Thread.java:1119)
10-31 14:44:22.065 13426 14225 D CCodec  : allocate(c2.android.hevc.decoder)
10-31 14:44:22.066 13426 16264 W VideoProtocolClientImpl.cpp: VideoProtocol transport connected
10-31 14:44:22.067 13426 14225 I CCodec  : setting up 'default' as default (vendor) store
10-31 14:44:22.071 13426 14225 I CCodec  : Created component [c2.android.hevc.decoder] for [c2.android.hevc.decoder]
10-31 14:44:22.071 13426 14225 D CCodecConfig: read media type: video/hevc
10-31 14:44:22.082 13426 14225 D CCodecConfig: ignoring local param raw.size (0xd2001800) as it is already supported
10-31 14:44:22.082 13426 14225 D CCodecConfig: ignoring local param default.color (0x5200180b) as it is already supported
10-31 14:44:22.084 13426 14225 I CCodecConfig: query failed after returning 12 values (BAD_INDEX)
10-31 14:44:22.084 13426 14225 D CCodecConfig: c2 config diff is Dict {
10-31 14:44:22.084 13426 14225 D CCodecConfig:   c2::u32 coded.pl.level = 24584
10-31 14:44:22.084 13426 14225 D CCodecConfig:   c2::u32 coded.pl.profile = 24576
10-31 14:44:22.084 13426 14225 D CCodecConfig:   c2::u32 coded.vui.color.matrix = 0
10-31 14:44:22.084 13426 14225 D CCodecConfig:   c2::u32 coded.vui.color.primaries = 0
10-31 14:44:22.084 13426 14225 D CCodecConfig:   c2::u32 coded.vui.color.range = 2
10-31 14:44:22.084 13426 14225 D CCodecConfig:   c2::u32 coded.vui.color.transfer = 0
10-31 14:44:22.084 13426 14225 D CCodecConfig:   c2::u32 default.color.matrix = 0
10-31 14:44:22.084 13426 14225 D CCodecConfig:   c2::u32 default.color.primaries = 0
10-31 14:44:22.084 13426 14225 D CCodecConfig:   c2::u32 default.color.range = 0
10-31 14:44:22.084 13426 14225 D CCodecConfig:   c2::u32 default.color.transfer = 0
10-31 14:44:22.084 13426 14225 D CCodecConfig:   c2::u32 input.buffers.max-size.value = 2097152
10-31 14:44:22.084 13426 14225 D CCodecConfig:   c2::u32 input.delay.value = 0
10-31 14:44:22.084 13426 14225 D CCodecConfig:   string input.media-type.value = "video/hevc"
10-31 14:44:22.084 13426 14225 D CCodecConfig:   c2::u32 output.delay.value = 8
10-31 14:44:22.084 13426 14225 D CCodecConfig:   string output.media-type.value = "video/raw"
10-31 14:44:22.084 13426 14225 D CCodecConfig:   c2::u32 raw.color.matrix = 0
10-31 14:44:22.084 13426 14225 D CCodecConfig:   c2::u32 raw.color.primaries = 0
10-31 14:44:22.084 13426 14225 D CCodecConfig:   c2::u32 raw.color.range = 2
10-31 14:44:22.084 13426 14225 D CCodecConfig:   c2::u32 raw.color.transfer = 0
10-31 14:44:22.084 13426 14225 D CCodecConfig:   c2::u32 raw.max-size.height = 240
10-31 14:44:22.084 13426 14225 D CCodecConfig:   c2::u32 raw.max-size.width = 320
10-31 14:44:22.084 13426 14225 D CCodecConfig:   c2::u32 raw.pixel-format.value = 35
10-31 14:44:22.084 13426 14225 D CCodecConfig:   c2::i32 raw.rotation.flip = 0
10-31 14:44:22.084 13426 14225 D CCodecConfig:   c2::i32 raw.rotation.value = 0
10-31 14:44:22.084 13426 14225 D CCodecConfig:   c2::u32 raw.sar.height = 1
10-31 14:44:22.084 13426 14225 D CCodecConfig:   c2::u32 raw.sar.width = 1
10-31 14:44:22.084 13426 14225 D CCodecConfig:   c2::u32 raw.size.height = 240
10-31 14:44:22.084 13426 14225 D CCodecConfig:   c2::u32 raw.size.width = 320
10-31 14:44:22.084 13426 14225 D CCodecConfig:   c2
10-31 14:44:22.087 13426 19603 I MediaCodec: media_quality service unavailable, skipping updatePictureProfile
10-31 14:44:22.088 13426 14224 I MediaCodec: [c2.android.hevc.decoder] setting surface generation to 13748273
10-31 14:44:22.088 13426 14225 D CCodec  : [c2.android.hevc.decoder] buffers are bound to CCodec for this session
10-31 14:44:22.089 13426 14225 D CCodecConfig: no c2 equivalents for color-format
10-31 14:44:22.089 13426 14225 D CCodecConfig: no c2 equivalents for native-window
10-31 14:44:22.089 13426 14225 D CCodecConfig: no c2 equivalents for native-window-generation
10-31 14:44:22.089 13426 14225 D CCodecConfig: no c2 equivalents for flags
10-31 14:44:22.090 13426 14225 D CCodecConfig: c2 config diff is   c2::u32 raw.size.height = 1280
10-31 14:44:22.090 13426 14225 D CCodecConfig:   c2::u32 raw.size.width = 720
10-31 14:44:22.091 13426 14225 D CCodec  : encoding statistics level = 0
10-31 14:44:22.092 13426 14225 D CCodec  : setup formats input: AMessage(what = 0x00000000) = {
10-31 14:44:22.092 13426 14225 D CCodec  :   int32_t height = 1280
10-31 14:44:22.092 13426 14225 D CCodec  :   int32_t level = 65536
10-31 14:44:22.092 13426 14225 D CCodec  :   int32_t max-input-size = 2097152
10-31 14:44:22.092 13426 14225 D CCodec  :   string mime = "video/hevc"
10-31 14:44:22.092 13426 14225 D CCodec  :   int32_t profile = 1
10-31 14:44:22.092 13426 14225 D CCodec  :   int32_t width = 720
10-31 14:44:22.092 13426 14225 D CCodec  :   Rect crop(0, 0, 719, 1279)
10-31 14:44:22.092 13426 14225 D CCodec  : }
10-31 14:44:22.092 13426 14225 D CCodec  : setup formats output: AMessage(what = 0x00000000) = {
10-31 14:44:22.092 13426 14225 D CCodec  :   int32_t android._color-format = 2135033992
10-31 14:44:22.092 13426 14225 D CCodec  :   int32_t android._video-scaling = 1
10-31 14:44:22.092 13426 14225 D CCodec  :   int32_t rotation-degrees = 0
10-31 14:44:22.092 13426 14225 D CCodec  :   int32_t color-standard = 1
10-31 14:44:22.092 13426 14225 D CCodec  :   int32_t color-range = 2
10-31 14:44:22.092 13426 14225 D CCodec  :   int32_t color-transfer = 3
10-31 14:44:22.092 13426 14225 D CCodec  :   int32_t sar-height = 1
10-31 14:44:22.092 13426 14225 D CCodec  :   int32_t sar-width = 1
10-31 14:44:22.092 13426 14225 D CCodec  :   Rect crop(0, 0, 719, 1279)
10-31 14:44:22.092 13426 14225 D CCodec  :   int32_t width = 720
10-31 14:44:22.092 13426 14225 D CCodec  :   int32_t height = 1280
10-31 14:44:22.092 13426 14225 D CCodec  :   int32_t max-height = 240
10-31 14:44:22.092 13426 14225 D CCodec  :   int32_t max-width = 320
10-31 14:44:22.092 13426 14225 D CCodec  :   string mime = "video/raw"
10-31 14:44:22.092 13426 14225 D CCodec  :   int32_t android._dataspace = 260
10-31 14:44:22.092 13426 14225 D CCodec  :   int32_t color-format = 2135033992
10-31 14:44:22.092 13426 14225 D CCodec  : }
10-31 14:44:22.092 13426 14225 I CCodecConfig: query failed after returning 12 values (BAD_INDEX)
10-31 14:44:22.092 13426 14225 D CCodecConfig: c2 config diff is   c2::u32 raw.max-size.height = 1280
10-31 14:44:22.092 13426 14225 D CCodecConfig:   c2::u32 raw.max-size.width = 720
10-31 14:44:22.094 13426 14224 I MediaCodec: MediaCodec will operate in async mode
10-31 14:44:22.095 13426 19603 D MediaCodec: keep callback message for reclaim
10-31 14:44:22.109 13426 14225 D CCodecBufferChannel: [c2.android.hevc.decoder#262] Created input block pool with allocatorID 16 => poolID 104 - OK (0)
10-31 14:44:22.110 13426 14225 D CCodecBufferChannel: [c2.android.hevc.decoder#262] Query output surface allocator returned 0 params => BAD_INDEX (6)
10-31 14:44:22.110 13426 14225 D Codec2Client: GraphicBufferAllocator created
10-31 14:44:22.113 13426 14225 I CCodecBufferChannel: [c2.android.hevc.decoder#262] Created output block pool with allocatorID 18 => poolID 2193 - OK
10-31 14:44:22.114 13426 14225 D CCodecBufferChannel: [c2.android.hevc.decoder#262] Configured output block pool ids 2193 => OK
10-31 14:44:22.114 13426 14225 D Codec2Client: setOutputSurface -- failed to set consumer usage (6/BAD_INDEX)
10-31 14:44:22.114 13426 14225 D Codec2Client: setOutputSurface -- generation=13748273 consumer usage=0x900
10-31 14:44:22.155 13426 14225 D CCodecConfig: c2 config diff is   c2::u32 output.delay.value = 0
10-31 14:44:22.155 13426 14225 D CCodecConfig:   c2::u32 raw.size.height = 640
10-31 14:44:22.155 13426 14225 D CCodecConfig:   c2::u32 raw.size.width = 360
10-31 14:44:22.178 13426 14225 D CCodecConfig: c2 config diff is   c2::u32 raw.color.matrix = 1
10-31 14:44:22.178 13426 14225 D CCodecConfig:   c2::u32 raw.color.primaries = 1
10-31 14:44:22.178 13426 14225 D CCodecConfig:   c2::u32 raw.color.transfer = 3
10-31 14:44:22.178 13426 14225 D CCodecConfig:   c2::u32 raw.crop.height = 640
10-31 14:44:22.178 13426 14225 D CCodecConfig:   c2::u32 raw.crop.left = 0
10-31 14:44:22.178 13426 14225 D CCodecConfig:   c2::u32 raw.crop.top = 0
10-31 14:44:22.178 13426 14225 D CCodecConfig:   c2::u32 raw.crop.width = 360
10-31 14:44:22.179 13426 14225 D CCodecBuffers: [c2.android.hevc.decoder#262:2D-Output] popFromStashAndRegister: at 236202849707us, output format changed to AMessage(what = 0x00000000) = {
10-31 14:44:22.179 13426 14225 D CCodecBuffers:   int32_t android._color-format = 2135033992
10-31 14:44:22.179 13426 14225 D CCodecBuffers:   int32_t android._video-scaling = 1
10-31 14:44:22.179 13426 14225 D CCodecBuffers:   int32_t rotation-degrees = 0
10-31 14:44:22.179 13426 14225 D CCodecBuffers:   int32_t color-standard = 1
10-31 14:44:22.179 13426 14225 D CCodecBuffers:   int32_t color-range = 2
10-31 14:44:22.179 13426 14225 D CCodecBuffers:   int32_t color-transfer = 3
10-31 14:44:22.179 13426 14225 D CCodecBuffers:   int32_t sar-height = 1
10-31 14:44:22.179 13426 14225 D CCodecBuffers:   int32_t sar-width = 1
10-31 14:44:22.179 13426 14225 D CCodecBuffers:   Rect crop(0, 0, 359, 639)
10-31 14:44:22.179 13426 14225 D CCodecBuffers:   int32_t width = 360
10-31 14:44:22.179 13426 14225 D CCodecBuffers:   int32_t height = 640
10-31 14:44:22.179 13426 14225 D CCodecBuffers:   int32_t max-height = 1280
10-31 14:44:22.179 13426 14225 D CCodecBuffers:   int32_t max-width = 720
10-31 14:44:22.179 13426 14225 D CCodecBuffers:   string mime = "video/raw"
10-31 14:44:22.179 13426 14225 D CCodecBuffers:   int32_t android._dataspace = 260
10-31 14:44:22.179 13426 14225 D CCodecBuffers:   int32_t color-format = 2135033992
10-31 14:44:22.179 13426 14225 D CCodecBuffers: }
10-31 14:44:22.990  1077 30220 D Hal2AidlMapper: [default] prepareToOpenStream: handle 2030, mixPortHalId 1001, device AudioDevice{type: AudioDeviceDescription{type: IN_MICROPHONE_BACK, connection: }, address: AudioDeviceAddress{id: back}}, flags AudioIoFlags{input: 0}, source CAMCORDER, config AudioConfig{base: AudioConfigBase{sampleRate: 48000, channelMask: AudioChannelLayout{layoutMask: 1}, format: AudioFormatDescription{type: PCM, pcm: INT_16_BIT, encoding: }}, offloadInfo: AudioOffloadInfo{base: AudioConfigBase{sampleRate: 0, channelMask: AudioChannelLayout{none: 0}, format: AudioFormatDescription{type: DEFAULT, pcm: DEFAULT, encoding: }}, streamType: VOICE_CALL, bitRatePerSecond: 0, durationUs: 0, hasVideo: false, isStreaming: false, bitWidth: 16, offloadBufferSize: 0, usage: UNKNOWN, encapsulationMode: NONE, contentId: 0, syncId: 0}, frameCount: 0}, mixport config AudioPortConfig{id: 0, portId: 0, sampleRate: (null), channelMask: (null), format: (null), gain: (null), flags: (null), ext: AudioPortExt{unspecified: false}}
10-31 14:44:22.991 13426 16265 D MediaCodecList: codecHandlesFormat: no format, so no extra checks
10-31 14:44:22.993 13426 16265 D MediaCodecList: codecHandlesFormat: no format, so no extra checks
10-31 14:44:22.997 13426 22411 D CCodec  : allocate(c2.exynos.h264.encoder)
10-31 14:44:23.002 13426 22411 I CCodec  : setting up 'default' as default (vendor) store
10-31 14:44:23.013 13426 22411 I CCodec  : Created component [c2.exynos.h264.encoder] for [c2.exynos.h264.encoder]
10-31 14:44:23.014 13426 22411 D CCodecConfig: read media type: video/avc
10-31 14:44:23.032   975 28218 I ASvc::StreamIn: setMicrophoneFieldDimension (primary-capture) : zoom = 0
10-31 14:44:23.034 13426 22411 D CCodecConfig: ignoring local param raw.color (0xc2001809) as it is already supported
10-31 14:44:23.036 13426 22411 I CCodecConfig: query failed after returning 21 values (BAD_INDEX)
10-31 14:44:23.036 13426 22411 D CCodecConfig: c2 config diff is Dict {
10-31 14:44:23.036 13426 22411 D CCodecConfig:   c2::u32 algo.bitrate-mode.value = 3
10-31 14:44:23.036 13426 22411 D CCodecConfig:   c2::u32 algo.encoding-quality-level.value = 0
10-31 14:44:23.036 13426 22411 D CCodecConfig:   c2::i32 algo.priority.value = 0
10-31 14:44:23.036 13426 22411 D CCodecConfig:   c2::float algo.rate.value = 0
10-31 14:44:23.036 13426 22411 D CCodecConfig:   c2::i32 coded.average-qp.value = 0
10-31 14:44:23.036 13426 22411 D CCodecConfig:   c2::u32 coded.bitrate-mode.value = 1
10-31 14:44:23.036 13426 22411 D CCodecConfig:   c2::u32 coded.bitrate.value = 64000
10-31 14:44:23.036 13426 22411 D CCodecConfig:   c2::float coded.frame-rate.value = 15
10-31 14:44:23.036 13426 22411 D CCodecConfig:   c2::u32 coded.hdr-format.value = 0
10-31 14:44:23.036 13426 22411 D CCodecConfig:   c2::u32 coded.picture-type.value = 0
10-31 14:44:23.036 13426 22411 D CCodecConfig:   c2::u32 coded.pl.level = 20480
10-31 14:44:23.036 13426 22411 D CCodecConfig:   c2::u32 coded.pl.profile = 20484
10-31 14:44:23.036 13426 22411 D CCodecConfig:   c2::u32 coding.intra-refresh.mode = 0
10-31 14:44:23.036 13426 22411 D CCodecConfig:   c2::float coding.intra-refresh.period = 0
10-31 14:44:23.036 13426 22411 D CCodecConfig:   c2::u32 coding.request-sync-frame.value = 0
10-31 14:44:23.036 13426 22411 D CCodecConfig:   c2::i64 coding.sync-frame-interval.value = 1000000
10-31 14:44:23.036 13426 22411 D CCodecConfig:   Buffer coding.temporal-layering = {
10-31 14:44:23.036 13426 22411 D CCodecConfig:     00000000:  10 00 00 00 07 20 01 52  00 00 00 00 00 00 00 00  ..... .R........
10-31 14:44:23.036 13426 22411 D CCodecConfig:   }
10-31 14:44:23.036 13426 22411 D CCodecConfig:   c2::u32 input.delay.value = 0
10-31 14:44:23.036 13426 22411 D CCodecConfig:   string input.media-type.value = "video/raw"
10-31 14:44:23.036 13426 22411 D CCodecConfig:   c2::u32 output.buffers.prepend-header.value = 0
10-31 14:44:23.036 13426 22411 D CCodecConfig:   string output.media-type.value = "video/avc"
10-31 14:44:23.036 13426 22411 D CCodecConfig:   c2::u32 raw.color.matrix = 0
10-31 14:44:23.036 13426 22411 D CCodecConfig:   c2::u32 raw.color.primaries = 0
10-31 14:44:23.036 13426 22411 D CCodecConfig:  
10-31 14:44:23.044 13426 16265 I MediaCodec: media_quality service unavailable, skipping updatePictureProfile
10-31 14:44:23.044 13426 16265 D VQApply : minquality: codec claims to implement minquality=1
10-31 14:44:23.044 13426 16265 D MediaCodec: shapeMediaFormat: deltas(1): AMessage(what = 0x00000000) = {
10-31 14:44:23.044 13426 16265 D MediaCodec:     int32_t android._encoding-quality-level = 1
10-31 14:44:23.044 13426 16265 D MediaCodec:   }
10-31 14:44:23.044 13426 22411 D CCodec  : [c2.exynos.h264.encoder] buffers are bound to CCodec for this session
10-31 14:44:23.045 13426 22411 D CCodecConfig: no c2 equivalents for max-fps-to-encoder
10-31 14:44:23.045 13426 22411 D CCodecConfig: no c2 equivalents for color-format
10-31 14:44:23.045 13426 22411 D CCodecConfig: no c2 equivalents for flags
10-31 14:44:23.045 13426 22411 D CCodecConfig: no c2 equivalents for encoder
10-31 14:44:23.047 13426 22411 D CCodecConfig: c2 config diff is   c2::u32 algo.encoding-quality-level.value = 1
10-31 14:44:23.047 13426 22411 D CCodecConfig:   c2::u32 coded.bitrate.value = 1500000
10-31 14:44:23.047 13426 22411 D CCodecConfig:   c2::float coded.frame-rate.value = 30
10-31 14:44:23.047 13426 22411 D CCodecConfig:   c2::u32 coded.hdr-format.value = 1
10-31 14:44:23.047 13426 22411 D CCodecConfig:   c2::u32 coded.pl.level = 20489
10-31 14:44:23.047 13426 22411 D CCodecConfig:   c2::i64 coding.sync-frame-interval.value = 60000000
10-31 14:44:23.047 13426 22411 D CCodecConfig:   c2::u32 raw.size.height = 896
10-31 14:44:23.047 13426 22411 D CCodecConfig:   c2::u32 raw.size.width = 512
10-31 14:44:23.047 13426 22411 D CCodec  : encoding statistics level = 0
10-31 14:44:23.048 13426 22411 D CCodec  : setup formats input: AMessage(what = 0x00000000) = {
10-31 14:44:23.048 13426 22411 D CCodec  :   int32_t android._color-format = 2130708361
10-31 14:44:23.048 13426 22411 D CCodec  :   int32_t android._dataspace = 0
10-31 14:44:23.048 13426 22411 D CCodec  :   int32_t bitrate-mode = 1
10-31 14:44:23.048 13426 22411 D CCodec  :   int32_t frame-rate = 30
10-31 14:44:23.048 13426 22411 D CCodec  :   int32_t height = 896
10-31 14:44:23.048 13426 22411 D CCodec  :   int32_t intra-refresh-period = 0
10-31 14:44:23.048 13426 22411 D CCodec  :   string mime = "video/raw"
10-31 14:44:23.048 13426 22411 D CCodec  :   int32_t prepend-sps-pps-to-idr-frames = 0
10-31 14:44:23.048 13426 22411 D CCodec  :   int32_t priority = 0
10-31 14:44:23.048 13426 22411 D CCodec  :   int32_t video-qp-average = 0
10-31 14:44:23.048 13426 22411 D CCodec  :   int32_t width = 512
10-31 14:44:23.048 13426 22411 D CCodec  :   Rect crop(0, 0, 511, 895)
10-31 14:44:23.048 13426 22411 D CCodec  :   int64_t android._C2MemoryUsage = 1125899906908160
10-31 14:44:23.048 13426 22411 D CCodec  :   int32_t color-format = 2130708361
10-31 14:44:23.048 13426 22411 D CCodec  : }
10-31 14:44:23.048 13426 22411 D CCodec  : setup formats output: AMessage(what = 0x00000000) = {
10-31 14:44:23.048 13426 22411 D CCodec  :   int32_t bitrate = 1500000
10-31 14:44:23.048 13426 22411 D CCodec  :   int32_t bitrate-mode = 1
10-31 14:44:23.048 13426 22411 D CCodec  :   Rect crop(0, 0, 511, 895)
10-31 14:44:23.048 13426 22411 D CCodec  :   int32_t width = 512
10-31 14:44:23.048 13426 22411 D CCodec  :   int32_t color-standard = 0
10-31 14:44:23.048 13426 22411 D CCodec  :   int32_t color-range = 0
10-31 14:44:23.048 13426 22411 D CCodec  :   int32_t color-transfer = 0
10-31 14:44:23.048 13426 22411 D CCodec  :   int32_t frame-rate = 30
10-31 14:44:23.048 13426 22411 D CCodec  :   int32_t height = 896
10-31 14:44:23.048 13426 22411 D CCodec  :   int32_t intra-refresh-period = 0
10-31 14:44:23.048 13426 22411 D CCodec  :   int32_t level = 512
10-31 14:44:23.048 13426 22411 D CCodec  :   int32_t max-bitrate = 1500000
10-31 14:44:23.048 13426 22411 D CCodec  :   string mime = "video/avc"
10-31 14:44:23.048 13426 22411 D CCodec  :   int32_t prepend-sps-pps-to-idr-frames = 0
10-31 14:44:23.048 13426 22411 D CCodec  :   int32_t priority = 0
10-31 14:44:23.048 13426 22411 D CCodec  :   int32_t profile = 8
10-31 14:44:23.048 13426 22411 D CCodec  :   int32_t video-qp-average = 0
10-31 14:44:23.048 13426 22411 D CCodec  : }
10-31 14:44:23.048 13426 22411 I CCodecConfig: query failed after returning 22 values (BAD_INDEX)
10-31 14:44:23.050 13426 22411 D CCodec  : aidl based PersistentSurface created
10-31 14:44:23.051 13426 22411 D CCodec  : input format changed to AMessage(what = 0x00000000) = {
10-31 14:44:23.051 13426 22411 D CCodec  :   int32_t android._color-format = 2130708361
10-31 14:44:23.051 13426 22411 D CCodec  :   int32_t android._dataspace = 260
10-31 14:44:23.051 13426 22411 D CCodec  :   int32_t bitrate-mode = 1
10-31 14:44:23.051 13426 22411 D CCodec  :   int32_t frame-rate = 30
10-31 14:44:23.051 13426 22411 D CCodec  :   int32_t height = 896
10-31 14:44:23.051 13426 22411 D CCodec  :   int32_t intra-refresh-period = 0
10-31 14:44:23.051 13426 22411 D CCodec  :   string mime = "video/raw"
10-31 14:44:23.051 13426 22411 D CCodec  :   int32_t prepend-sps-pps-to-idr-frames = 0
10-31 14:44:23.051 13426 22411 D CCodec  :   int32_t priority = 0
10-31 14:44:23.051 13426 22411 D CCodec  :   int32_t video-qp-average = 0
10-31 14:44:23.051 13426 22411 D CCodec  :   int32_t width = 512
10-31 14:44:23.051 13426 22411 D CCodec  :   Rect crop(0, 0, 511, 895)
10-31 14:44:23.051 13426 22411 D CCodec  :   int64_t android._C2MemoryUsage = 1125899906908160
10-31 14:44:23.051 13426 22411 D CCodec  :   int32_t color-format = 2130708361
10-31 14:44:23.051 13426 22411 D CCodec  :   int32_t color-range = 2
10-31 14:44:23.051 13426 22411 D CCodec  :   int32_t color-standard = 1
10-31 14:44:23.051 13426 22411 D CCodec  :   int32_t color-transfer = 3
10-31 14:44:23.051 13426 22411 D CCodec  : }
10-31 14:44:23.052 13426 22411 D CCodec  : ISConfig maxFps=30
10-31 14:44:23.062  1020 22414 I ExynosC2H264EncComponent: Creating ECOServiceStatsProvider c2.exynos.h264.encoder video/avc
10-31 14:44:23.065  1020 22416 D libexynosv4l2: try node: /dev/video6
10-31 14:44:23.065  1020 22416 D libexynosv4l2: try node: /dev/video7
10-31 14:44:23.065  1020 22416 I libexynosv4l2: node found for device s5p-mfc-enc: /dev/video7
10-31 14:44:23.072  1020 22416 I libexynosv4l2: open video device /dev/video7
10-31 14:44:23.086 13426 22411 D CCodecBufferChannel: [c2.exynos.h264.encoder#14] Created input block pool with allocatorID 17 => poolID 105 - OK (0)
10-31 14:44:23.088 13426 22411 I CCodecBufferChannel: [c2.exynos.h264.encoder#14] Created output block pool with allocatorID 16 => poolID 435 - OK
10-31 14:44:23.088   975 22412 I AHal::GsCapture: UpdateMicrophoneFieldDimension: with zoom 0
10-31 14:44:23.088   975 22412 I AHal::AocRecordTuning: WriteMicrophoneFieldDimension: 0 to value 0
10-31 14:44:23.089 13426 22411 D CCodecBufferChannel: [c2.exynos.h264.encoder#14] Configured output block pool ids 435 => OK
10-31 14:44:23.094 13426 16265 D MediaCodecList: codecHandlesFormat: no format, so no extra checks
10-31 14:44:23.097 13426 22424 D CCodec  : allocate(c2.android.aac.encoder)
10-31 14:44:23.101 13426 22424 I CCodec  : setting up 'default' as default (vendor) store
10-31 14:44:23.110 13426 22424 I CCodec  : Created component [c2.android.aac.encoder] for [c2.android.aac.encoder]
10-31 14:44:23.111 13426 22424 D CCodecConfig: read media type: audio/mp4a-latm
10-31 14:44:23.124 13426 22424 I CCodecConfig: query failed after returning 10 values (BAD_INDEX)
10-31 14:44:23.124 13426 22424 D CCodecConfig: c2 config diff is Dict {
10-31 14:44:23.124 13426 22424 D CCodecConfig:   c2::u32 coded.bitrate.value = 64000
10-31 14:44:23.124 13426 22424 D CCodecConfig:   c2::u32 coded.pl.level = 0
10-31 14:44:23.124 13426 22424 D CCodecConfig:   c2::u32 coded.pl.profile = 8192
10-31 14:44:23.124 13426 22424 D CCodecConfig:   c2::u32 coding.aac-sbr-mode.value = 3
10-31 14:44:23.124 13426 22424 D CCodecConfig:   c2::u32 input.buffers.max-size.value = 2048
10-31 14:44:23.124 13426 22424 D CCodecConfig:   c2::u32 input.delay.value = 0
10-31 14:44:23.124 13426 22424 D CCodecConfig:   string input.media-type.value = "audio/raw"
10-31 14:44:23.124 13426 22424 D CCodecConfig:   c2::u32 output.large-frame.max-size = 0
10-31 14:44:23.124 13426 22424 D CCodecConfig:   c2::u32 output.large-frame.threshold-size = 0
10-31 14:44:23.124 13426 22424 D CCodecConfig:   string output.media-type.value = "audio/mp4a-latm"
10-31 14:44:23.124 13426 22424 D CCodecConfig:   c2::u32 raw.channel-count.value = 1
10-31 14:44:23.124 13426 22424 D CCodecConfig:   c2::u32 raw.sample-rate.value = 44100
10-31 14:44:23.124 13426 22424 D CCodecConfig: }
10-31 14:44:23.127 13426 16265 I MediaCodec: media_quality service unavailable, skipping updatePictureProfile
10-31 14:44:23.127 13426 16265 D MediaCodec: shapeMediaFormat: deltas(0): AMessage(what = 0x00000000) = {
10-31 14:44:23.127 13426 16265 D MediaCodec:   }
10-31 14:44:23.127 13426 22424 D CCodec  : [c2.android.aac.encoder] buffers are bound to CCodec for this session
10-31 14:44:23.127 13426 22424 D CCodecConfig: no c2 equivalents for flags
10-31 14:44:23.127 13426 22424 D CCodecConfig: no c2 equivalents for encoder
10-31 14:44:23.128 13426 22424 D CCodecConfig: c2 config diff is   c2::u32 coded.bitrate.value = 48000
10-31 14:44:23.128 13426 22424 D CCodecConfig:   c2::u32 coded.pl.profile = 8196
10-31 14:44:23.129 13426 22424 D CCodec  : encoding statistics level = 0
10-31 14:44:23.129 13426 22424 D CCodec  : setup formats input: AMessage(what = 0x00000000) = {
10-31 14:44:23.129 13426 22424 D CCodec  :   int32_t sample-rate = 44100
10-31 14:44:23.129 13426 22424 D CCodec  :   int32_t channel-count = 1
10-31 14:44:23.129 13426 22424 D CCodec  :   int32_t max-input-size = 2048
10-31 14:44:23.129 13426 22424 D CCodec  :   string mime = "audio/raw"
10-31 14:44:23.129 13426 22424 D CCodec  :   int32_t android._config-pcm-encoding = 2
10-31 14:44:23.129 13426 22424 D CCodec  : }
10-31 14:44:23.129 13426 22424 D CCodec  : setup formats output: AMessage(what = 0x00000000) = {
10-31 14:44:23.129 13426 22424 D CCodec  :   int32_t sample-rate = 44100
10-31 14:44:23.129 13426 22424 D CCodec  :   int32_t bitrate = 48000
10-31 14:44:23.129 13426 22424 D CCodec  :   int32_t buffer-batch-max-output-size = 0
10-31 14:44:23.129 13426 22424 D CCodec  :   int32_t buffer-batch-threshold-output-size = 0
10-31 14:44:23.129 13426 22424 D CCodec  :   int32_t channel-count = 1
10-31 14:44:23.129 13426 22424 D CCodec  :   int32_t level = 0
10-31 14:44:23.129 13426 22424 D CCodec  :   int32_t max-bitrate = 48000
10-31 14:44:23.129 13426 22424 D CCodec  :   string mime = "audio/mp4a-latm"
10-31 14:44:23.129 13426 22424 D CCodec  :   int32_t profile = 5
10-31 14:44:23.129 13426 22424 D CCodec  : }
10-31 14:44:23.129 13426 22424 I CCodecConfig: query failed after returning 10 values (BAD_INDEX)
10-31 14:44:23.135 13426 22424 D CCodecBufferChannel: [c2.android.aac.encoder#851] Created input block pool with allocatorID 16 => poolID 106 - OK (0)
10-31 14:44:23.137 13426 22424 I CCodecBufferChannel: [c2.android.aac.encoder#851] Created output block pool with allocatorID 16 => poolID 2195 - OK
10-31 14:44:23.137 13426 22424 D CCodecBufferChannel: [c2.android.aac.encoder#851] Configured output block pool ids 2195 => OK
10-31 14:44:23.137  1206 11866 E Codec2-ComponentInterface: We have a failed config
10-31 14:44:23.207   978   978 I GCH_ZslSnapshotCaptureSession: Initialize: video sw denoise is enabled in GCH
10-31 14:44:23.210   978  2020 W Lyric   : stream_info_parser.cc:372: Camera Front unknown stream: {type: Streaminfo, stream_id: 32773, camera_id: Front, format: YCBCR_420_888, width: 1920, height: 1080, usage: [], stream_type: Output, use_case: Default, data_space: DataSpace(Custom)::Arbitrary, is_framework_physical_stream: 0, dynamic_range_profile: Standard, intended_for_max_resolution_mode: 0, group_id: -1, is_tunable: 1} does not fall in any known use case
10-31 14:44:23.210   978  2020 I Lyric   : stream_info_parser.cc:364: Camera Front Preview stream: {type: Streaminfo, stream_id: 32769, camera_id: Front, format: YCBCR_420_888, width: 1280, height: 720, usage: [HwTexture], stream_type: Output, use_case: Default, data_space: DataSpace(Color)::(Standard: BT709, Transfer: RGB, Range: Full), is_framework_physical_stream: 0, dynamic_range_profile: Standard, intended_for_max_resolution_mode: 0, group_id: -1, is_tunable: 1}
10-31 14:44:23.211   978  2020 W Lyric   : stream_info_parser.cc:372: Camera FrontVirtual unknown stream: {type: Streaminfo, stream_id: 32772, camera_id: FrontVirtual, format: YCBCR_420_888, width: 1920, height: 1080, usage: [], stream_type: Output, use_case: Default, data_space: DataSpace(Custom)::Arbitrary, is_framework_physical_stream: 0, dynamic_range_profile: Standard, intended_for_max_resolution_mode: 0, group_id: -1, is_tunable: 1} does not fall in any known use case
10-31 14:44:23.211   978  2020 I Lyric   : stream_info_parser.cc:364: Camera FrontVirtual Preview stream: {type: Streaminfo, stream_id: 32768, camera_id: FrontVirtual, format: YCBCR_420_888, width: 1280, height: 720, usage: [HwTexture], stream_type: Output, use_case: Default, data_space: DataSpace(Color)::(Standard: BT709, Transfer: RGB, Range: Full), is_framework_physical_stream: 0, dynamic_range_profile: Standard, intended_for_max_resolution_mode: 0, group_id: -1, is_tunable: 1}
10-31 14:44:23.212   978  2026 I Lyric   : sensor_generic_driver.cc:1959: DOKKAEBI GetModeIndex requirement {size = {width: 1920, height: 1080}, frame_rate_range = [15, 30], request_binning_mode = false, request_pd_stream = false, only_config_logical_cam_stream = true, camera_id = [<recursive>], require_full_fov = false, is_high_frame_rate = false, crop_margin = 0, is_sibling_camera_participating = true, sub_image_count = 1, is_face_auth = false, is_video_mode = false, is_high_resolution_mode = false, is_arkaroo_enabled = false, is_roshi_enabled = false, is_specific_aspect_ratio_video = false, require_exact_size = false, force_sensor_mode_index = -1, is_multi_cam_usecase = true, raw_stream_usecase = 0, is_high_resolution_standalone_mode = false} required aspect ratio 1.77778 pick_transition_mode 1 require exact size 0
10-31 14:44:23.212   978 28467 I Lyric   : sensor_generic_driver.cc:1959: DOKKAEBIVIRTUAL GetModeIndex requirement {size = {width: 1920, height: 1080}, frame_rate_range = [15, 30], request_binning_mode = false, request_pd_stream = false, only_config_logical_cam_stream = true, camera_id = [<recursive>], require_full_fov = false, is_high_frame_rate = false, crop_margin = 0, is_sibling_camera_participating = true, sub_image_count = 1, is_face_auth = false, is_video_mode = false, is_high_resolution_mode = false, is_arkaroo_enabled = false, is_roshi_enabled = false, is_specific_aspect_ratio_video = false, require_exact_size = false, force_sensor_mode_index = -1, is_multi_cam_usecase = true, raw_stream_usecase = 0, is_high_resolution_standalone_mode = false} required aspect ratio 1.77778 pick_transition_mode 0 require exact size 0
10-31 14:44:23.213   978  2026 I Lyric   : eaf_node.cc:80: cam5_eaf: stream_id 32769, res 1280x720, pipeline_id 0, is_video_stream false
10-31 14:44:23.213   978 28467 I Lyric   : eaf_node.cc:80: cam6_eaf: stream_id 32768, res 1280x720, pipeline_id 0, is_video_stream false
10-31 14:44:23.213   978  2026 I Lyric   : zuma_isp_subgraph.cc:532: raw_to_yuv_for_snapshot_exceeding_video: Pipeline (ID: (instance_id: 1595913), IPs: [ RawToYuv ], Max Outputs: 1, IPConnections: [ ], Usecase: Snapshot)
10-31 14:44:23.213   978 28467 I Lyric   : zuma_isp_subgraph.cc:532: raw_to_yuv_for_snapshot_exceeding_video: Pipeline (ID: (instance_id: 1595931), IPs: [ RawToYuv ], Max Outputs: 1, IPConnections: [ ], Usecase: Snapshot)
10-31 14:44:23.213   978  2026 I Lyric   : zuma_isp_subgraph.cc:539: video_mesh_warp: Pipeline (ID: (instance_id: 1595916), IPs: [ MeshWarp ], Max Outputs: 1, IPConnections: [ ], Usecase: Video)
10-31 14:44:23.213   978 28467 I Lyric   : zuma_isp_subgraph.cc:539: video_mesh_warp: Pipeline (ID: (instance_id: 1595934), IPs: [ MeshWarp ], Max Outputs: 1, IPConnections: [ ], Usecase: Video)
10-31 14:44:23.213   978  2026 I Lyric   : zuma_isp_subgraph.cc:541: mesh_warp_for_snapshot_exceeding_video: Pipeline (ID: (instance_id: 1595917), IPs: [ MeshWarp ], Max Outputs: 1, IPConnections: [ ], Usecase: Snapshot)
10-31 14:44:23.213   978 28467 I Lyric   : zuma_isp_subgraph.cc:541: mesh_warp_for_snapshot_exceeding_video: Pipeline (ID: (instance_id: 1595935), IPs: [ MeshWarp ], Max Outputs: 1, IPConnections: [ ], Usecase: Snapshot)
10-31 14:44:23.213   978  2026 I Lyric   : zuma_isp_subgraph.cc:551: video_scaler: Pipeline (ID: (instance_id: 1595921), IPs: [ Scaler ], Max Outputs: 0, IPConnections: [ ], Usecase: Video)
10-31 14:44:23.213   978 28467 I Lyric   : zuma_isp_subgraph.cc:551: video_scaler: Pipeline (ID: (instance_id: 1595939), IPs: [ Scaler ], Max Outputs: 0, IPConnections: [ ], Usecase: Video)
