10-15 17:19:05.207  9430 21163 D CCodecBufferChannel: [c2.android.aac.decoder#936] MediaCodec discarded an unknown buffer
10-15 17:19:05.575  9430  9622 E msys    : E[N mns]_OnDiskCacheGetData(632)=>Start post callback cache refresh DNS resolution
10-15 17:19:11.487  9430 20558 W VideoPrefetchScheduler: start prefetching bypassed
10-15 17:19:11.517 19581 21459 I PowerSavingModeHandler: shouldSwitchCodecToLowPower, isPowerSaveMode=false
10-15 17:19:11.518 19581 21459 I PowerSavingModeHandler: maybeSwitchCodecForLeavingLowPower, no configured device
10-15 17:19:11.519 19581 21459 I PowerSavingModeHandler: maybeSwitchCodec completed
10-15 17:19:11.576  9430 20558 W VideoPrefetchScheduler: start prefetching bypassed
10-15 17:19:11.911  9430 21132 D CCodecBufferChannel: [c2.google.av1.decoder#649] MediaCodec discarded an unknown buffer
10-15 17:19:11.912  9430 21132 D CCodecBufferChannel: [c2.google.av1.decoder#649] MediaCodec discarded an unknown buffer
10-15 17:19:11.912  9430 21132 D CCodecBufferChannel: [c2.google.av1.decoder#649] MediaCodec discarded an unknown buffer
10-15 17:19:11.912  9430 21132 D CCodecBufferChannel: [c2.google.av1.decoder#649] MediaCodec discarded an unknown buffer
10-15 17:19:11.912  9430 21132 D CCodecBufferChannel: [c2.google.av1.decoder#649] MediaCodec discarded an unknown buffer
10-15 17:19:11.912  9430 21132 D CCodecBufferChannel: [c2.google.av1.decoder#649] MediaCodec discarded an unknown buffer
10-15 17:19:11.912  9430 21132 D CCodecBufferChannel: [c2.google.av1.decoder#649] MediaCodec discarded an unknown buffer
10-15 17:19:11.913  9430 21132 D CCodecBufferChannel: [c2.google.av1.decoder#649] MediaCodec discarded an unknown buffer
10-15 17:19:11.913  9430 21132 D CCodecBufferChannel: [c2.google.av1.decoder#649] MediaCodec discarded an unknown buffer
10-15 17:19:11.913  9430 21132 D CCodecBufferChannel: [c2.google.av1.decoder#649] MediaCodec discarded an unknown buffer
10-15 17:19:11.913  9430 21132 D CCodecBufferChannel: [c2.google.av1.decoder#649] MediaCodec discarded an unknown buffer
10-15 17:19:11.913  9430 21132 D CCodecBufferChannel: [c2.google.av1.decoder#649] MediaCodec discarded an unknown buffer
10-15 17:19:11.913  9430 21132 D CCodecBufferChannel: [c2.google.av1.decoder#649] MediaCodec discarded an unknown buffer
10-15 17:19:11.913  9430 21132 D CCodecBufferChannel: [c2.google.av1.decoder#649] MediaCodec discarded an unknown buffer
10-15 17:19:11.913  9430 21132 D CCodecBufferChannel: [c2.google.av1.decoder#649] MediaCodec discarded an unknown buffer
10-15 17:19:11.913  9430 21132 D CCodecBufferChannel: [c2.google.av1.decoder#649] MediaCodec discarded an unknown buffer
10-15 17:19:11.973  9430 10211 W Codec2-GraphicBufferAllocator: deallocate() 40501541605252 was not successful 2
10-15 17:19:11.974  9430 21133 W Codec2-GraphicBufferAllocator: deallocate() 40501541605253 was not successful 1
10-15 17:19:11.978  9430 21142 D CCodecBuffers: [c2.android.aac.decoder#595:1D-Output.Impl[N]] Client returned a buffer it does not own according to our record: 0
10-15 17:19:11.978  9430 21142 D CCodecBuffers: [c2.android.aac.decoder#595:1D-Output.Impl[N]] Client returned a buffer it does not own according to our record: 1
10-15 17:19:11.979  9430 21142 I CCodecConfig: query failed after returning 21 values (BAD_INDEX)
10-15 17:19:11.983  9430 21142 D CCodecBufferChannel: [c2.android.aac.decoder#595] MediaCodec discarded an unknown buffer
10-15 17:19:11.983  9430 21142 D CCodecBufferChannel: [c2.android.aac.decoder#595] MediaCodec discarded an unknown buffer
10-15 17:19:11.983  9430 21142 D CCodecBufferChannel: [c2.android.aac.decoder#595] MediaCodec discarded an unknown buffer
10-15 17:19:11.983  9430 21142 D CCodecBufferChannel: [c2.android.aac.decoder#595] MediaCodec discarded an unknown buffer
10-15 17:19:12.431  9430 20558 W VideoPrefetchScheduler: start prefetching bypassed
10-15 17:19:12.479  9430  9622 E msys    : E[N mns]_OnDiskCacheGetData(632)=>Start post callback cache refresh DNS resolution
10-15 17:19:12.499  9430  9622 E msys    : E[N mns]_OnDiskCacheGetData(632)=>Start post callback cache refresh DNS resolution
10-15 17:19:12.571  9430  9622 E msys    : E[N mns]_OnDiskCacheGetData(632)=>Start post callback cache refresh DNS resolution
10-15 17:19:12.576  6739  7927 E fb4a.msys: E[C mem.context]_LogConnectFailure(4983)=>[Happy Eyeball] Connect failed with source=1, winner stream ip=157.240.245.38, port=5222, dnsResolutionMethod=1, combined_ip_addresses=157.240.245.38
10-15 17:19:13.279  9430  9622 E msys    : E[N mns]_OnDiskCacheGetData(632)=>Start post callback cache refresh DNS resolution
10-15 17:19:13.388  9430  9430 W VideoPrefetchScheduler: start prefetching bypassed
10-15 17:19:13.479  9430  9622 E msys    : E[N mns]_OnDiskCacheGetData(632)=>Start post callback cache refresh DNS resolution
10-15 17:19:13.483  9430  9430 W PrefetchScheduler: shouldEnableVideoSchedulerByPass = true & skipVideoPrefetch = false
10-15 17:19:13.483  9430  9430 W PrefetchScheduler: Video prefetch request is NOT moved to background thread
10-15 17:19:13.483  9430  9430 W PrefetchScheduler: shouldEnableVideoSchedulerByPass = true & skipVideoPrefetch = false
10-15 17:19:13.483  9430  9430 W PrefetchScheduler: Video prefetch request is NOT moved to background thread
10-15 17:19:13.483  9430  9430 W PrefetchScheduler: shouldEnableVideoSchedulerByPass = true & skipVideoPrefetch = false
10-15 17:19:13.483  9430  9430 W PrefetchScheduler: Video prefetch request is NOT moved to background thread
10-15 17:19:13.483  9430  9430 W PrefetchScheduler: shouldEnableVideoSchedulerByPass = true & skipVideoPrefetch = false
10-15 17:19:13.483  9430  9430 W PrefetchScheduler: Video prefetch request is NOT moved to background thread
10-15 17:19:13.483  9430  9430 W PrefetchScheduler: shouldEnableVideoSchedulerByPass = true & skipVideoPrefetch = false
10-15 17:19:13.483  9430  9430 W PrefetchScheduler: Video prefetch request is NOT moved to background thread
10-15 17:19:13.486  9430  9875 W HeroManager: 	Codec: vp09.00.21.08.00.01.01.01.00
10-15 17:19:13.486  9430  9875 W HeroManager: 	renderMode: AUDIO_VIDEO
10-15 17:19:13.488  9430  9875 W HeroManager: 	Codec: avc1.64001f
10-15 17:19:13.488  9430  9875 W HeroManager: 	renderMode: AUDIO_VIDEO
10-15 17:19:13.489  9430  9875 W HeroManager: 	Codec: avc1.64001f
10-15 17:19:13.489  9430  9875 W HeroManager: 	renderMode: AUDIO_VIDEO
10-15 17:19:13.499  3179 21113 W AsyncOperation: OperationException[Status{statusCode=Operation failed with an execution exception!, resolution=null}]
10-15 17:19:13.516  9430  9875 W HeroManager: 	Codec: avc1.64001f
10-15 17:19:13.516  9430  9875 W HeroManager: 	renderMode: AUDIO_VIDEO
10-15 17:19:13.516  9430 20558 W VideoPrefetchScheduler: start prefetching bypassed
10-15 17:19:13.516  9430  9875 W HeroManager: 	Codec: avc1.64001f
10-15 17:19:13.516  9430  9875 W HeroManager: 	renderMode: AUDIO_VIDEO
10-15 17:19:13.530  3179 21113 W AsyncOperation: OperationException[Status{statusCode=Operation failed with an execution exception!, resolution=null}]
10-15 17:19:13.535  3179 21113 W AsyncOperation: OperationException[Status{statusCode=Operation failed with an execution exception!, resolution=null}]
10-15 17:19:13.636  9430  9430 W PrefetchScheduler: shouldEnableVideoSchedulerByPass = true & skipVideoPrefetch = false
10-15 17:19:13.636  9430  9430 W PrefetchScheduler: Video prefetch request is NOT moved to background thread
10-15 17:19:13.650  9430  9875 W HeroManager: 	Codec: vp09.00.21.08.00.01.01.01.00
10-15 17:19:13.650  9430  9875 W HeroManager: 	renderMode: AUDIO_VIDEO
10-15 17:19:13.676  9430  9622 E msys    : E[N mns]_OnDiskCacheGetData(632)=>Start post callback cache refresh DNS resolution
10-15 17:19:14.287  1441  2056 D AHal::Cs35l41Codec: CheckAllSpeakers: get ctl [PCM Source] = 1, expects 1
10-15 17:19:14.287  1441  2056 D AHal::Cs35l41Codec: CheckAllSpeakers: get ctl [R PCM Source] = 1, expects 1
10-15 17:19:14.518  9430  9622 E msys    : E[N mns]_OnDiskCacheGetData(632)=>Start post callback cache refresh DNS resolution
10-15 17:19:14.536  9430  9622 E msys    : E[N mns]_OnDiskCacheGetData(632)=>Start post callback cache refresh DNS resolution
10-15 17:19:14.644  9430  9430 W VideoPrefetchScheduler: start prefetching bypassed
10-15 17:19:14.644  9430  9430 W PrefetchScheduler: shouldEnableVideoSchedulerByPass = true & skipVideoPrefetch = false
10-15 17:19:14.644  9430  9430 W PrefetchScheduler: Video prefetch request is NOT moved to background thread
10-15 17:19:14.644  9430  9430 W VideoPrefetchScheduler: start prefetching bypassed
10-15 17:19:14.645  9430  9430 W PrefetchScheduler: shouldEnableVideoSchedulerByPass = true & skipVideoPrefetch = false
10-15 17:19:14.645  9430  9430 W PrefetchScheduler: Video prefetch request is NOT moved to background thread
10-15 17:19:14.645  9430  9430 W VideoPrefetchScheduler: start prefetching bypassed
10-15 17:19:14.645  9430  9430 W VideoPrefetchScheduler: start prefetching bypassed
10-15 17:19:14.645  9430  9430 W VideoPrefetchScheduler: start prefetching bypassed
10-15 17:19:14.645  9430  9430 W PrefetchScheduler: shouldEnableVideoSchedulerByPass = true & skipVideoPrefetch = false
10-15 17:19:14.645  9430  9430 W PrefetchScheduler: Video prefetch request is NOT moved to background thread
10-15 17:19:14.645  9430  9430 W VideoPrefetchScheduler: start prefetching bypassed
10-15 17:19:14.662  9430  9622 E msys    : E[N mns]_OnDiskCacheGetData(632)=>Start post callback cache refresh DNS resolution
10-15 17:19:15.211  9430 20558 W VideoPrefetchScheduler: start prefetching bypassed
10-15 17:19:15.216  9430  9875 W HeroManager: 	Codec: av01.0.05M.08.0.111.01.01.01.0
10-15 17:19:15.216  9430  9875 W HeroManager: 	renderMode: AUDIO_VIDEO
10-15 17:19:15.217  9430  9875 W HeroManager: 	Codec: av01.0.04M.08.0.111.01.01.01.0
10-15 17:19:15.217  9430  9875 W HeroManager: 	renderMode: AUDIO_VIDEO
10-15 17:19:15.314  9430 19332 W UnifiedPrefetchManager: Manifest for videoId 3743425058590295746_28204630440 is missing prefetch segment range
10-15 17:19:15.433  9430  9430 W BasicVideoCaptureStateManager: Current video capture coordinator state changed from Uninitialized to Initializing
10-15 17:19:15.434  9430  9430 W BasicVideoCaptureStateManager: Current video capture coordinator state changed from Initializing to Initialized
10-15 17:19:15.545  3179 21113 W AsyncOperation: OperationException[Status{statusCode=Operation failed with an execution exception!, resolution=null}]
10-15 17:19:15.567  3179 21113 W AsyncOperation: OperationException[Status{statusCode=Operation failed with an execution exception!, resolution=null}]
10-15 17:19:15.571  3179 21113 W AsyncOperation: OperationException[Status{statusCode=Operation failed with an execution exception!, resolution=null}]
10-15 17:19:15.700  1447  1906 I GCH_ZslSnapshotCaptureSession: Initialize: video sw denoise is enabled in GCH
10-15 17:19:15.736  1447  9588 W Lyric   : stream_info_parser.cc:372: Camera Rear unknown stream: {type: Streaminfo, stream_id: 32774, camera_id: Rear, format: YCBCR_420_888, width: 4032, height: 2268, usage: [], stream_type: Output, use_case: Default, data_space: DataSpace(Custom)::Arbitrary, is_framework_physical_stream: 0, dynamic_range_profile: Standard, intended_for_max_resolution_mode: 0, group_id: -1, is_tunable: 1} does not fall in any known use case
10-15 17:19:15.736  1447  9588 I Lyric   : stream_info_parser.cc:364: Camera Rear Preview stream: {type: Streaminfo, stream_id: 32768, camera_id: Rear, format: YCBCR_420_888, width: 1920, height: 1080, usage: [HwTexture], stream_type: Output, use_case: Default, data_space: DataSpace(Color)::(Standard: BT709, Transfer: RGB, Range: Full), is_framework_physical_stream: 0, dynamic_range_profile: Standard, intended_for_max_resolution_mode: 0, group_id: -1, is_tunable: 1}
10-15 17:19:15.747  1447  9588 I Lyric   : stream_info_parser.cc:364: Camera RearWide Preview stream: {type: Streaminfo, stream_id: 32770, camera_id: RearWide, format: YCBCR_420_888, width: 1920, height: 1080, usage: [HwTexture], stream_type: Output, use_case: Default, data_space: DataSpace(Color)::(Standard: BT709, Transfer: RGB, Range: Full), is_framework_physical_stream: 0, dynamic_range_profile: Standard, intended_for_max_resolution_mode: 0, group_id: -1, is_tunable: 1}
10-15 17:19:15.747  1447  9588 W Lyric   : stream_info_parser.cc:372: Camera RearWide unknown stream: {type: Streaminfo, stream_id: 32776, camera_id: RearWide, format: YCBCR_420_888, width: 4032, height: 2268, usage: [], stream_type: Output, use_case: Default, data_space: DataSpace(Custom)::Arbitrary, is_framework_physical_stream: 0, dynamic_range_profile: Standard, intended_for_max_resolution_mode: 0, group_id: -1, is_tunable: 1} does not fall in any known use case
10-15 17:19:15.748  1447  9588 W Lyric   : stream_info_parser.cc:372: Camera RearVirtual unknown stream: {type: Streaminfo, stream_id: 32775, camera_id: RearVirtual, format: YCBCR_420_888, width: 4032, height: 2268, usage: [], stream_type: Output, use_case: Default, data_space: DataSpace(Custom)::Arbitrary, is_framework_physical_stream: 0, dynamic_range_profile: Standard, intended_for_max_resolution_mode: 0, group_id: -1, is_tunable: 1} does not fall in any known use case
10-15 17:19:15.748  1447  9588 I Lyric   : stream_info_parser.cc:364: Camera RearVirtual Preview stream: {type: Streaminfo, stream_id: 32769, camera_id: RearVirtual, format: YCBCR_420_888, width: 1920, height: 1080, usage: [HwTexture], stream_type: Output, use_case: Default, data_space: DataSpace(Color)::(Standard: BT709, Transfer: RGB, Range: Full), is_framework_physical_stream: 0, dynamic_range_profile: Standard, intended_for_max_resolution_mode: 0, group_id: -1, is_tunable: 1}
10-15 17:19:15.759  1447  2484 I Lyric   : sensor_generic_driver.cc:1959: SANDWORM GetModeIndex requirement {size = {width: 4032, height: 2268}, frame_rate_range = [15, 30], request_binning_mode = false, request_pd_stream = false, only_config_logical_cam_stream = true, camera_id = [<recursive>], require_full_fov = false, is_high_frame_rate = false, crop_margin = 0, is_sibling_camera_participating = false, sub_image_count = 1, is_face_auth = false, is_video_mode = false, is_high_resolution_mode = false, is_arkaroo_enabled = false, is_roshi_enabled = false, is_specific_aspect_ratio_video = false, require_exact_size = false, force_sensor_mode_index = -1, is_multi_cam_usecase = true, raw_stream_usecase = 0, is_high_resolution_standalone_mode = false} required aspect ratio 1.77778 pick_transition_mode 0 require exact size 0
10-15 17:19:15.762  1447  9580 I Lyric   : sensor_generic_driver.cc:1959: BOITATA GetModeIndex requirement {size = {width: 4032, height: 2268}, frame_rate_range = [15, 30], request_binning_mode = false, request_pd_stream = false, only_config_logical_cam_stream = true, camera_id = [<recursive>], require_full_fov = false, is_high_frame_rate = false, crop_margin = 0, is_sibling_camera_participating = true, sub_image_count = 1, is_face_auth = false, is_video_mode = false, is_high_resolution_mode = false, is_arkaroo_enabled = false, is_roshi_enabled = false, is_specific_aspect_ratio_video = false, require_exact_size = false, force_sensor_mode_index = -1, is_multi_cam_usecase = true, raw_stream_usecase = 0, is_high_resolution_standalone_mode = false} required aspect ratio 1.77778 pick_transition_mode 1 require exact size 0
10-15 17:19:15.762  1447  2491 I Lyric   : sensor_generic_driver.cc:1959: BOITATARM GetModeIndex requirement {size = {width: 4032, height: 2268}, frame_rate_range = [15, 30], request_binning_mode = false, request_pd_stream = false, only_config_logical_cam_stream = true, camera_id = [<recursive>], require_full_fov = false, is_high_frame_rate = false, crop_margin = 0, is_sibling_camera_participating = true, sub_image_count = 1, is_face_auth = false, is_video_mode = false, is_high_resolution_mode = false, is_arkaroo_enabled = false, is_roshi_enabled = false, is_specific_aspect_ratio_video = false, require_exact_size = false, force_sensor_mode_index = -1, is_multi_cam_usecase = true, raw_stream_usecase = 0, is_high_resolution_standalone_mode = false} required aspect ratio 1.77778 pick_transition_mode 0 require exact size 0
10-15 17:19:15.764  1447  2484 I Lyric   : eaf_node.cc:80: cam3_eaf: stream_id 32770, res 1920x1080, pipeline_id 0, is_video_stream false
10-15 17:19:15.765  1447  2491 I Lyric   : eaf_node.cc:80: cam4_eaf: stream_id 32769, res 1920x1080, pipeline_id 0, is_video_stream false
10-15 17:19:15.774  1447  9580 I Lyric   : eaf_node.cc:80: cam2_eaf: stream_id 32768, res 1920x1080, pipeline_id 0, is_video_stream false
10-15 17:19:15.802  1447  2491 I Lyric   : zuma_isp_subgraph.cc:532: raw_to_yuv_for_snapshot_exceeding_video: Pipeline (ID: (instance_id: 6555), IPs: [ RawToYuv ], Max Outputs: 1, IPConnections: [ ], Usecase: Snapshot)
10-15 17:19:15.802  1447  2491 I Lyric   : zuma_isp_subgraph.cc:539: video_mesh_warp: Pipeline (ID: (instance_id: 6559), IPs: [ MeshWarp ], Max Outputs: 1, IPConnections: [ ], Usecase: Video)
10-15 17:19:15.802  1447  2491 I Lyric   : zuma_isp_subgraph.cc:541: mesh_warp_for_snapshot_exceeding_video: Pipeline (ID: (instance_id: 6560), IPs: [ MeshWarp ], Max Outputs: 1, IPConnections: [ ], Usecase: Snapshot)
10-15 17:19:15.802  1447  9580 I Lyric   : zuma_isp_subgraph.cc:532: raw_to_yuv_for_snapshot_exceeding_video: Pipeline (ID: (instance_id: 6520), IPs: [ RawToYuv ], Max Outputs: 1, IPConnections: [ ], Usecase: Snapshot)
10-15 17:19:15.802  1447  2484 I Lyric   : zuma_isp_subgraph.cc:532: raw_to_yuv_for_snapshot_exceeding_video: Pipeline (ID: (instance_id: 6538), IPs: [ RawToYuv ], Max Outputs: 1, IPConnections: [ ], Usecase: Snapshot)
10-15 17:19:15.802  1447  2491 I Lyric   : zuma_isp_subgraph.cc:551: video_scaler: Pipeline (ID: (instance_id: 6564), IPs: [ Scaler ], Max Outputs: 0, IPConnections: [ ], Usecase: Video)
10-15 17:19:15.802  1447  2491 I Lyric   : zuma_isp_subgraph.cc:553: scaler_for_snapshot_exceeding_video: Pipeline (ID: (instance_id: 6565), IPs: [ Scaler ], Max Outputs: 2, IPConnections: [ ], Usecase: Snapshot)
10-15 17:19:15.802  1447  2484 I Lyric   : zuma_isp_subgraph.cc:539: video_mesh_warp: Pipeline (ID: (instance_id: 6541), IPs: [ MeshWarp ], Max Outputs: 1, IPConnections: [ ], Usecase: Video)
10-15 17:19:15.802  1447  2484 I Lyric   : zuma_isp_subgraph.cc:541: mesh_warp_for_snapshot_exceeding_video: Pipeline (ID: (instance_id: 6542), IPs: [ MeshWarp ], Max Outputs: 1, IPConnections: [ ], Usecase: Snapshot)
10-15 17:19:15.802  1447  9580 I Lyric   : zuma_isp_subgraph.cc:539: video_mesh_warp: Pipeline (ID: (instance_id: 6523), IPs: [ MeshWarp ], Max Outputs: 1, IPConnections: [ ], Usecase: Video)
10-15 17:19:15.802  1447  9580 I Lyric   : zuma_isp_subgraph.cc:541: mesh_warp_for_snapshot_exceeding_video: Pipeline (ID: (instance_id: 6524), IPs: [ MeshWarp ], Max Outputs: 1, IPConnections: [ ], Usecase: Snapshot)
10-15 17:19:15.802  1447  2484 I Lyric   : zuma_isp_subgraph.cc:551: video_scaler: Pipeline (ID: (instance_id: 6546), IPs: [ Scaler ], Max Outputs: 0, IPConnections: [ ], Usecase: Video)
10-15 17:19:15.802  1447  9580 I Lyric   : zuma_isp_subgraph.cc:551: video_scaler: Pipeline (ID: (instance_id: 6528), IPs: [ Scaler ], Max Outputs: 0, IPConnections: [ ], Usecase: Video)
10-15 17:19:15.802  1447  2484 I Lyric   : zuma_isp_subgraph.cc:553: scaler_for_snapshot_exceeding_video: Pipeline (ID: (instance_id: 6547), IPs: [ Scaler ], Max Outputs: 2, IPConnections: [ ], Usecase: Snapshot)
10-15 17:19:15.802  1447  9580 I Lyric   : zuma_isp_subgraph.cc:553: scaler_for_snapshot_exceeding_video: Pipeline (ID: (instance_id: 6529), IPs: [ Scaler ], Max Outputs: 2, IPConnections: [ ], Usecase: Snapshot)
10-15 17:19:15.817  1447  2491 I Lyric   : whi_like_isp_back_end_core_subgraph.cc:933: RawToYuvNode for snapshot exceeding video is configured to output consumer type 2 fmt: HalImageFormat{ pixel_format = YCBCR_420_SPN_10B, stride_alignment = 64, num_buffers = 1 } for RearVirtual
10-15 17:19:15.817  1447  9580 I Lyric   : whi_like_isp_back_end_core_subgraph.cc:933: RawToYuvNode for snapshot exceeding video is configured to output consumer type 2 fmt: HalImageFormat{ pixel_format = YCBCR_420_SPN_10B, stride_alignment = 64, num_buffers = 1 } for Rear
10-15 17:19:15.817  1447  2484 I Lyric   : whi_like_isp_back_end_core_subgraph.cc:933: RawToYuvNode for snapshot exceeding video is configured to output consumer type 2 fmt: HalImageFormat{ pixel_format = YCBCR_420_SPN_10B, stride_alignment = 64, num_buffers = 1 } for RearWide
10-15 17:19:15.826  1447  2484 I Lyric   : generic_subgraph.cc:3459: camera_id = 3; is_front_camera = 0; is_1p_camera_app = 0; video_call = 0
10-15 17:19:15.826  1447  2491 I Lyric   : generic_subgraph.cc:3459: camera_id = 4; is_front_camera = 0; is_1p_camera_app = 0; video_call = 0
10-15 17:19:15.830  1447  9580 I Lyric   : generic_subgraph.cc:3459: camera_id = 2; is_front_camera = 0; is_1p_camera_app = 0; video_call = 0
10-15 17:19:15.846  1447  9588 I Lyric   : multicam_graph.cc:1366: number of video bokeh nodes connected to multicam routing node = 0
10-15 17:19:15.858  1447  9588 I Lyric   : graph_configuration.cc:374: {type: Streaminfo, stream_id: 32770, camera_id: RearWide, format: YCBCR_420_888, width: 1920, height: 1080, usage: [HwTexture], stream_type: Output, use_case: Default, data_space: DataSpace(Color)::(Standard: BT709, Transfer: RGB, Range: Full), is_framework_physical_stream: 0, dynamic_range_profile: Standard, intended_for_max_resolution_mode: 0, group_id: -1, is_tunable: 1}
10-15 17:19:15.858  1447  9588 I Lyric   : graph_configuration.cc:374: {type: Streaminfo, stream_id: 32773, camera_id: RearWide, format: BLOB, width: 4032, height: 2268, usage: [], stream_type: Output, use_case: Default, data_space: DataSpace(Color)::(Standard: BT601_625, Transfer: SMPTE_170M, Range: Full), is_framework_physical_stream: 0, dynamic_range_profile: Standard, intended_for_max_resolution_mode: 0, group_id: -1, is_tunable: 1}
10-15 17:19:15.858  1447  9588 I Lyric   : graph_configuration.cc:374: {type: Streaminfo, stream_id: 32776, camera_id: RearWide, format: YCBCR_420_888, width: 4032, height: 2268, usage: [], stream_type: Output, use_case: Default, data_space: DataSpace(Custom)::Arbitrary, is_framework_physical_stream: 0, dynamic_range_profile: Standard, intended_for_max_resolution_mode: 0, group_id: -1, is_tunable: 1}
10-15 17:19:15.858  1447  9588 I Lyric   : graph_configuration.cc:374: {type: Streaminfo, stream_id: 32769, camera_id: RearVirtual, format: YCBCR_420_888, width: 1920, height: 1080, usage: [HwTexture], stream_type: Output, use_case: Default, data_space: DataSpace(Color)::(Standard: BT709, Transfer: RGB, Range: Full), is_framework_physical_stream: 0, dynamic_range_profile: Standard, intended_for_max_resolution_mode: 0, group_id: -1, is_tunable: 1}
10-15 17:19:15.858  1447  9588 I Lyric   : graph_configuration.cc:374: {type: Streaminfo, stream_id: 32772, camera_id: RearVirtual, format: BLOB, width: 4032, height: 2268, usage: [], stream_type: Output, use_case: Default, data_space: DataSpace(Color)::(Standard: BT601_625, Transfer: SMPTE_170M, Range: Full), is_framework_physical_stream: 0, dynamic_range_profile: Standard, intended_for_max_resolution_mode: 0, group_id: -1, is_tunable: 1}
10-15 17:19:15.858  1447  9588 I Lyric   : graph_configuration.cc:374: {type: Streaminfo, stream_id: 32775, camera_id: RearVirtual, format: YCBCR_420_888, width: 4032, height: 2268, usage: [], stream_type: Output, use_case: Default, data_space: DataSpace(Custom)::Arbitrary, is_framework_physical_stream: 0, dynamic_range_profile: Standard, intended_for_max_resolution_mode: 0, group_id: -1, is_tunable: 1}
10-15 17:19:15.858  1447  9588 I Lyric   : graph_configuration.cc:374: {type: Streaminfo, stream_id: 32768, camera_id: Rear, format: YCBCR_420_888, width: 1920, height: 1080, usage: [HwTexture], stream_type: Output, use_case: Default, data_space: DataSpace(Color)::(Standard: BT709, Transfer: RGB, Range: Full), is_framework_physical_stream: 0, dynamic_range_profile: Standard, intended_for_max_resolution_mode: 0, group_id: -1, is_tunable: 1}
10-15 17:19:15.858  1447  9588 I Lyric   : graph_configuration.cc:374: {type: Streaminfo, stream_id: 32771, camera_id: Rear, format: BLOB, width: 4032, height: 2268, usage: [], stream_type: Output, use_case: Default, data_space: DataSpace(Color)::(Standard: BT601_625, Transfer: SMPTE_170M, Range: Full), is_framework_physical_stream: 0, dynamic_range_profile: Standard, intended_for_max_resolution_mode: 0, group_id: -1, is_tunable: 1}
10-15 17:19:15.858  1447  9588 I Lyric   : graph_configuration.cc:374: {type: Streaminfo, stream_id: 32774, camera_id: Rear, format: YCBCR_420_888, width: 4032, height: 2268, usage: [], stream_type: Output, use_case: Default, data_space: DataSpace(Custom)::Arbitrary, is_framework_physical_stream: 0, dynamic_range_profile: Standard, intended_for_max_resolution_mode: 0, group_id: -1, is_tunable: 1}
10-15 17:19:15.888  1447  1906 I native  : I0000 00:00:1760563155.886636    1906 node_export.cc:193] CatNodeCreate(EspVideoNode) took 8.74227 ms
10-15 17:19:15.911  1447 21289 I native  : I0000 00:00:1760563155.911287   21289 llv_manager.cc:193] LLV DIMENSION: 1920x1080
10-15 17:19:15.928  1447  1909 I G3ACoordinator: ae_session_config_parser_lyric.cc:201: ispfe_raw_input_resolution [width:4080, height:3072]
10-15 17:19:15.937  1447 21276 I native  : I0000 00:00:1760563155.937140   21276 brute_force_feature_matching.cc:49] Number of bins each image dimension is divided into: 5
10-15 17:19:15.946  1447  1909 I G3ACoordinator: ae_session_config_parser_lyric.cc:201: ispfe_raw_input_resolution [width:4080, height:3072]
10-15 17:19:15.951  1447 21289 I native  : I0000 00:00:1760563155.951362   21289 noise_model.cc:372] Profile resolution 120 x 68
10-15 17:19:15.971  1447 21276 I native  : I0000 00:00:1760563155.971063   21276 brute_force_feature_matching.cc:49] Number of bins each image dimension is divided into: 5
10-15 17:19:16.030  1447  1911 I G3ACoordinator: ae_session_config_parser_lyric.cc:201: ispfe_raw_input_resolution [width:4032, height:2272]
10-15 17:19:16.107  1447 12524 I GCH_Utils: IsSessionParameterCompatible: Ignore fps (15, 30) to (15, 30). video_60_to_30fps_thermal_throttle: 0. video_fps_throttle: 0.
10-15 17:19:16.175  1447  9583 I Lyric   : scaler_node.cc:1017: The 0th output HalPixelFormat for cam2_preview_scaler YCBCR_420_888 resolution: 1920x1080
10-15 17:19:16.175  1447  9583 I Lyric   : scaler_node.cc:1017: The 1th output HalPixelFormat for cam2_preview_scaler YCBCR_420_888 resolution: 4032x2268
10-15 17:19:16.199  1447  9584 E native  : E0000 00:00:1760563156.199758    9584 llv_node.cc:1311] Dimension is not expected! width = 1920, height = 1080, stride_pixels = 1920, stride_bytes = 1920, width_uv = 960, height_uv = 540, stride_uv_pixels = 960, stride_uv_bytes = 1920
10-15 17:19:16.464  9430  9875 W HeroManager: 	Codec: av01.0.05M.08.0.111.01.01.01.0
10-15 17:19:16.464  9430  9875 W HeroManager: 	renderMode: AUDIO_VIDEO
10-15 17:19:16.935  3179 21113 W AsyncOperation: OperationException[Status{statusCode=Operation failed with an execution exception!, resolution=null}]
10-15 17:19:16.956  3179 21113 W AsyncOperation: OperationException[Status{statusCode=Operation failed with an execution exception!, resolution=null}]
10-15 17:19:20.739  3179 21329 W AsyncOperation: OperationException[Status{statusCode=Operation failed with an execution exception!, resolution=null}]
10-15 17:19:20.750  3179 21329 W AsyncOperation: OperationException[Status{statusCode=Operation failed with an execution exception!, resolution=null}]
10-15 17:19:23.501  3179 21329 W AsyncOperation: OperationException[Status{statusCode=Operation failed with an execution exception!, resolution=null}]
10-15 17:19:23.523  3179 21329 W AsyncOperation: OperationException[Status{statusCode=Operation failed with an execution exception!, resolution=null}]
10-15 17:19:23.526  3179 21329 W AsyncOperation: OperationException[Status{statusCode=Operation failed with an execution exception!, resolution=null}]
10-15 17:19:33.511  3179 21329 W AsyncOperation: OperationException[Status{statusCode=Operation failed with an execution exception!, resolution=null}]
10-15 17:19:33.539  3179 21329 W AsyncOperation: OperationException[Status{statusCode=Operation failed with an execution exception!, resolution=null}]
10-15 17:19:33.554  3179 21329 W AsyncOperation: OperationException[Status{statusCode=Operation failed with an execution exception!, resolution=null}]
10-15 17:19:38.917  1447  1906 I Lyric   : camera_powerhal_impl.cc:202: CancelPowerBoost CAMERA_VIDEO_RECORDING
10-15 17:19:38.966  3179 21329 W AsyncOperation: OperationException[Status{statusCode=Operation failed with an execution exception!, resolution=null}]
10-15 17:19:38.970  3179 21329 W AsyncOperation: OperationException[Status{statusCode=Operation failed with an execution exception!, resolution=null}]
10-15 17:19:38.972  3179 21329 W AsyncOperation: OperationException[Status{statusCode=Operation failed with an execution exception!, resolution=null}]
10-15 17:19:39.072  3179 21329 W AsyncOperation: OperationException[Status{statusCode=Operation failed with an execution exception!, resolution=null}]
10-15 17:19:39.073  1447  1906 I GCH_ZslSnapshotCaptureSession: Initialize: video sw denoise is enabled in GCH
10-15 17:19:39.076  1447  9587 W Lyric   : stream_info_parser.cc:372: Camera Rear unknown stream: {type: Streaminfo, stream_id: 32774, camera_id: Rear, format: YCBCR_420_888, width: 1920, height: 1080, usage: [], stream_type: Output, use_case: Default, data_space: DataSpace(Custom)::Arbitrary, is_framework_physical_stream: 0, dynamic_range_profile: Standard, intended_for_max_resolution_mode: 0, group_id: -1, is_tunable: 1} does not fall in any known use case
10-15 17:19:39.076  1447  9587 I Lyric   : stream_info_parser.cc:364: Camera Rear Preview stream: {type: Streaminfo, stream_id: 32768, camera_id: Rear, format: YCBCR_420_888, width: 1280, height: 720, usage: [HwTexture], stream_type: Output, use_case: Default, data_space: DataSpace(Color)::(Standard: BT709, Transfer: RGB, Range: Full), is_framework_physical_stream: 0, dynamic_range_profile: Standard, intended_for_max_resolution_mode: 0, group_id: -1, is_tunable: 1}
10-15 17:19:39.076  3179 21329 W AsyncOperation: OperationException[Status{statusCode=Operation failed with an execution exception!, resolution=null}]
10-15 17:19:39.076  1447  9587 W Lyric   : stream_info_parser.cc:372: Camera RearWide unknown stream: {type: Streaminfo, stream_id: 32776, camera_id: RearWide, format: YCBCR_420_888, width: 1920, height: 1080, usage: [], stream_type: Output, use_case: Default, data_space: DataSpace(Custom)::Arbitrary, is_framework_physical_stream: 0, dynamic_range_profile: Standard, intended_for_max_resolution_mode: 0, group_id: -1, is_tunable: 1} does not fall in any known use case
10-15 17:19:39.076  1447  9587 I Lyric   : stream_info_parser.cc:364: Camera RearWide Preview stream: {type: Streaminfo, stream_id: 32770, camera_id: RearWide, format: YCBCR_420_888, width: 1280, height: 720, usage: [HwTexture], stream_type: Output, use_case: Default, data_space: DataSpace(Color)::(Standard: BT709, Transfer: RGB, Range: Full), is_framework_physical_stream: 0, dynamic_range_profile: Standard, intended_for_max_resolution_mode: 0, group_id: -1, is_tunable: 1}
10-15 17:19:39.077  1447  9587 W Lyric   : stream_info_parser.cc:372: Camera RearVirtual unknown stream: {type: Streaminfo, stream_id: 32775, camera_id: RearVirtual, format: YCBCR_420_888, width: 1920, height: 1080, usage: [], stream_type: Output, use_case: Default, data_space: DataSpace(Custom)::Arbitrary, is_framework_physical_stream: 0, dynamic_range_profile: Standard, intended_for_max_resolution_mode: 0, group_id: -1, is_tunable: 1} does not fall in any known use case
10-15 17:19:39.077  1447  9587 I Lyric   : stream_info_parser.cc:364: Camera RearVirtual Preview stream: {type: Streaminfo, stream_id: 32769, camera_id: RearVirtual, format: YCBCR_420_888, width: 1280, height: 720, usage: [HwTexture], stream_type: Output, use_case: Default, data_space: DataSpace(Color)::(Standard: BT709, Transfer: RGB, Range: Full), is_framework_physical_stream: 0, dynamic_range_profile: Standard, intended_for_max_resolution_mode: 0, group_id: -1, is_tunable: 1}
10-15 17:19:39.078  1447  9579 I Lyric   : sensor_generic_driver.cc:1959: SANDWORM GetModeIndex requirement {size = {width: 1920, height: 1080}, frame_rate_range = [15, 30], request_binning_mode = false, request_pd_stream = false, only_config_logical_cam_stream = true, camera_id = [<recursive>], require_full_fov = false, is_high_frame_rate = false, crop_margin = 0, is_sibling_camera_participating = false, sub_image_count = 1, is_face_auth = false, is_video_mode = false, is_high_resolution_mode = false, is_arkaroo_enabled = false, is_roshi_enabled = false, is_specific_aspect_ratio_video = false, require_exact_size = false, force_sensor_mode_index = -1, is_multi_cam_usecase = true, raw_stream_usecase = 0, is_high_resolution_standalone_mode = false} required aspect ratio 1.77778 pick_transition_mode 0 require exact size 0
10-15 17:19:39.078  1447  9586 I Lyric   : sensor_generic_driver.cc:1959: BOITATA GetModeIndex requirement {size = {width: 1920, height: 1080}, frame_rate_range = [15, 30], request_binning_mode = false, request_pd_stream = false, only_config_logical_cam_stream = true, camera_id = [<recursive>], require_full_fov = false, is_high_frame_rate = false, crop_margin = 0, is_sibling_camera_participating = true, sub_image_count = 1, is_face_auth = false, is_video_mode = false, is_high_resolution_mode = false, is_arkaroo_enabled = false, is_roshi_enabled = false, is_specific_aspect_ratio_video = false, require_exact_size = false, force_sensor_mode_index = -1, is_multi_cam_usecase = true, raw_stream_usecase = 0, is_high_resolution_standalone_mode = false} required aspect ratio 1.77778 pick_transition_mode 1 require exact size 0
10-15 17:19:39.078  1447  9579 I Lyric   : eaf_node.cc:80: cam3_eaf: stream_id 32770, res 1280x720, pipeline_id 0, is_video_stream false
10-15 17:19:39.078  1447  9579 I Lyric   : zuma_isp_subgraph.cc:532: raw_to_yuv_for_snapshot_exceeding_video: Pipeline (ID: (instance_id: 9964), IPs: [ RawToYuv ], Max Outputs: 1, IPConnections: [ ], Usecase: Snapshot)
10-15 17:19:39.078  1447  9579 I Lyric   : zuma_isp_subgraph.cc:539: video_mesh_warp: Pipeline (ID: (instance_id: 9967), IPs: [ MeshWarp ], Max Outputs: 1, IPConnections: [ ], Usecase: Video)
10-15 17:19:39.078  1447  9579 I Lyric   : zuma_isp_subgraph.cc:541: mesh_warp_for_snapshot_exceeding_video: Pipeline (ID: (instance_id: 9968), IPs: [ MeshWarp ], Max Outputs: 1, IPConnections: [ ], Usecase: Snapshot)
10-15 17:19:39.079  1447  9579 I Lyric   : zuma_isp_subgraph.cc:551: video_scaler: Pipeline (ID: (instance_id: 9972), IPs: [ Scaler ], Max Outputs: 0, IPConnections: [ ], Usecase: Video)
10-15 17:19:39.079  1447  9586 I Lyric   : eaf_node.cc:80: cam2_eaf: stream_id 32768, res 1280x720, pipeline_id 0, is_video_stream false
10-15 17:19:39.079  1447  9579 I Lyric   : zuma_isp_subgraph.cc:553: scaler_for_snapshot_exceeding_video: Pipeline (ID: (instance_id: 9973), IPs: [ Scaler ], Max Outputs: 2, IPConnections: [ ], Usecase: Snapshot)
10-15 17:19:39.079  1447  9586 I Lyric   : zuma_isp_subgraph.cc:532: raw_to_yuv_for_snapshot_exceeding_video: Pipeline (ID: (instance_id: 9982), IPs: [ RawToYuv ], Max Outputs: 1, IPConnections: [ ], Usecase: Snapshot)
10-15 17:19:39.079  1447  9586 I Lyric   : zuma_isp_subgraph.cc:539: video_mesh_warp: Pipeline (ID: (instance_id: 9985), IPs: [ MeshWarp ], Max Outputs: 1, IPConnections: [ ], Usecase: Video)
10-15 17:19:39.079  1447  9586 I Lyric   : zuma_isp_subgraph.cc:541: mesh_warp_for_snapshot_exceeding_video: Pipeline (ID: (instance_id: 9986), IPs: [ MeshWarp ], Max Outputs: 1, IPConnections: [ ], Usecase: Snapshot)
10-15 17:19:39.079  1447  9586 I Lyric   : zuma_isp_subgraph.cc:551: video_scaler: Pipeline (ID: (instance_id: 9990), IPs: [ Scaler ], Max Outputs: 0, IPConnections: [ ], Usecase: Video)
10-15 17:19:39.079  1447  9586 I Lyric   : zuma_isp_subgraph.cc:553: scaler_for_snapshot_exceeding_video: Pipeline (ID: (instance_id: 9991), IPs: [ Scaler ], Max Outputs: 2, IPConnections: [ ], Usecase: Snapshot)
10-15 17:19:39.079  1447  9583 I Lyric   : sensor_generic_driver.cc:1959: BOITATARM GetModeIndex requirement {size = {width: 1920, height: 1080}, frame_rate_range = [15, 30], request_binning_mode = false, request_pd_stream = false, only_config_logical_cam_stream = true, camera_id = [<recursive>], require_full_fov = false, is_high_frame_rate = false, crop_margin = 0, is_sibling_camera_participating = true, sub_image_count = 1, is_face_auth = false, is_video_mode = false, is_high_resolution_mode = false, is_arkaroo_enabled = false, is_roshi_enabled = false, is_specific_aspect_ratio_video = false, require_exact_size = false, force_sensor_mode_index = -1, is_multi_cam_usecase = true, raw_stream_usecase = 0, is_high_resolution_standalone_mode = false} required aspect ratio 1.77778 pick_transition_mode 0 require exact size 0
10-15 17:19:39.079  1447  9579 I Lyric   : whi_like_isp_back_end_core_subgraph.cc:933: RawToYuvNode for snapshot exceeding video is configured to output consumer type 2 fmt: HalImageFormat{ pixel_format = YCBCR_420_SPN_10B, stride_alignment = 64, num_buffers = 1 } for RearWide
10-15 17:19:39.079  1447  9586 I Lyric   : whi_like_isp_back_end_core_subgraph.cc:933: RawToYuvNode for snapshot exceeding video is configured to output consumer type 2 fmt: HalImageFormat{ pixel_format = YCBCR_420_SPN_10B, stride_alignment = 64, num_buffers = 1 } for Rear
10-15 17:19:39.079  1447  9583 I Lyric   : eaf_node.cc:80: cam4_eaf: stream_id 32769, res 1280x720, pipeline_id 0, is_video_stream false
10-15 17:19:39.080  1447  9579 I Lyric   : generic_subgraph.cc:3459: camera_id = 3; is_front_camera = 0; is_1p_camera_app = 0; video_call = 0
10-15 17:19:39.080  1447  9583 I Lyric   : zuma_isp_subgraph.cc:532: raw_to_yuv_for_snapshot_exceeding_video: Pipeline (ID: (instance_id: 10002), IPs: [ RawToYuv ], Max Outputs: 1, IPConnections: [ ], Usecase: Snapshot)
10-15 17:19:39.080  1447  9583 I Lyric   : zuma_isp_subgraph.cc:539: video_mesh_warp: Pipeline (ID: (instance_id: 10005), IPs: [ MeshWarp ], Max Outputs: 1, IPConnections: [ ], Usecase: Video)
10-15 17:19:39.080  1447  9583 I Lyric   : zuma_isp_subgraph.cc:541: mesh_warp_for_snapshot_exceeding_video: Pipeline (ID: (instance_id: 10006), IPs: [ MeshWarp ], Max Outputs: 1, IPConnections: [ ], Usecase: Snapshot)
10-15 17:19:39.080  1447  9583 I Lyric   : zuma_isp_subgraph.cc:551: video_scaler: Pipeline (ID: (instance_id: 10010), IPs: [ Scaler ], Max Outputs: 0, IPConnections: [ ], Usecase: Video)
10-15 17:19:39.080  1447  9583 I Lyric   : zuma_isp_subgraph.cc:553: scaler_for_snapshot_exceeding_video: Pipeline (ID: (instance_id: 10011), IPs: [ Scaler ], Max Outputs: 2, IPConnections: [ ], Usecase: Snapshot)
10-15 17:19:39.080  1447  9586 I Lyric   : generic_subgraph.cc:3459: camera_id = 2; is_front_camera = 0; is_1p_camera_app = 0; video_call = 0
10-15 17:19:39.081  1447  9583 I Lyric   : whi_like_isp_back_end_core_subgraph.cc:933: RawToYuvNode for snapshot exceeding video is configured to output consumer type 2 fmt: HalImageFormat{ pixel_format = YCBCR_420_SPN_10B, stride_alignment = 64, num_buffers = 1 } for RearVirtual
10-15 17:19:39.081  1447  9583 I Lyric   : generic_subgraph.cc:3459: camera_id = 4; is_front_camera = 0; is_1p_camera_app = 0; video_call = 0
10-15 17:19:39.088  3179 21329 W AsyncOperation: OperationException[Status{statusCode=Operation failed with an execution exception!, resolution=null}]
10-15 17:19:39.089  1447  9587 I Lyric   : multicam_graph.cc:1366: number of video bokeh nodes connected to multicam routing node = 0
10-15 17:19:39.091  1447  9587 I Lyric   : graph_configuration.cc:374: {type: Streaminfo, stream_id: 32770, camera_id: RearWide, format: YCBCR_420_888, width: 1280, height: 720, usage: [HwTexture], stream_type: Output, use_case: Default, data_space: DataSpace(Color)::(Standard: BT709, Transfer: RGB, Range: Full), is_framework_physical_stream: 0, dynamic_range_profile: Standard, intended_for_max_resolution_mode: 0, group_id: -1, is_tunable: 1}
10-15 17:19:39.091  1447  9587 I Lyric   : graph_configuration.cc:374: {type: Streaminfo, stream_id: 32773, camera_id: RearWide, format: BLOB, width: 1920, height: 1080, usage: [], stream_type: Output, use_case: Default, data_space: DataSpace(Color)::(Standard: BT601_625, Transfer: SMPTE_170M, Range: Full), is_framework_physical_stream: 0, dynamic_range_profile: Standard, intended_for_max_resolution_mode: 0, group_id: -1, is_tunable: 1}
10-15 17:19:39.091  1447  9587 I Lyric   : graph_configuration.cc:374: {type: Streaminfo, stream_id: 32776, camera_id: RearWide, format: YCBCR_420_888, width: 1920, height: 1080, usage: [], stream_type: Output, use_case: Default, data_space: DataSpace(Custom)::Arbitrary, is_framework_physical_stream: 0, dynamic_range_profile: Standard, intended_for_max_resolution_mode: 0, group_id: -1, is_tunable: 1}
10-15 17:19:39.091  1447  9587 I Lyric   : graph_configuration.cc:374: {type: Streaminfo, stream_id: 32769, camera_id: RearVirtual, format: YCBCR_420_888, width: 1280, height: 720, usage: [HwTexture], stream_type: Output, use_case: Default, data_space: DataSpace(Color)::(Standard: BT709, Transfer: RGB, Range: Full), is_framework_physical_stream: 0, dynamic_range_profile: Standard, intended_for_max_resolution_mode: 0, group_id: -1, is_tunable: 1}
10-15 17:19:39.091  1447  9587 I Lyric   : graph_configuration.cc:374: {type: Streaminfo, stream_id: 32772, camera_id: RearVirtual, format: BLOB, width: 1920, height: 1080, usage: [], stream_type: Output, use_case: Default, data_space: DataSpace(Color)::(Standard: BT601_625, Transfer: SMPTE_170M, Range: Full), is_framework_physical_stream: 0, dynamic_range_profile: Standard, intended_for_max_resolution_mode: 0, group_id: -1, is_tunable: 1}
10-15 17:19:39.091  1447  9587 I Lyric   : graph_configuration.cc:374: {type: Streaminfo, stream_id: 32775, camera_id: RearVirtual, format: YCBCR_420_888, width: 1920, height: 1080, usage: [], stream_type: Output, use_case: Default, data_space: DataSpace(Custom)::Arbitrary, is_framework_physical_stream: 0, dynamic_range_profile: Standard, intended_for_max_resolution_mode: 0, group_id: -1, is_tunable: 1}
10-15 17:19:39.091  1447  9587 I Lyric   : graph_configuration.cc:374: {type: Streaminfo, stream_id: 32774, camera_id: Rear, format: YCBCR_420_888, width: 1920, height: 1080, usage: [], stream_type: Output, use_case: Default, data_space: DataSpace(Custom)::Arbitrary, is_framework_physical_stream: 0, dynamic_range_profile: Standard, intended_for_max_resolution_mode: 0, group_id: -1, is_tunable: 1}
10-15 17:19:39.091  1447  9587 I Lyric   : graph_configuration.cc:374: {type: Streaminfo, stream_id: 32768, camera_id: Rear, format: YCBCR_420_888, width: 1280, height: 720, usage: [HwTexture], stream_type: Output, use_case: Default, data_space: DataSpace(Color)::(Standard: BT709, Transfer: RGB, Range: Full), is_framework_physical_stream: 0, dynamic_range_profile: Standard, intended_for_max_resolution_mode: 0, group_id: -1, is_tunable: 1}
10-15 17:19:39.091  1447  9587 I Lyric   : graph_configuration.cc:374: {type: Streaminfo, stream_id: 32771, camera_id: Rear, format: BLOB, width: 1920, height: 1080, usage: [], stream_type: Output, use_case: Default, data_space: DataSpace(Color)::(Standard: BT601_625, Transfer: SMPTE_170M, Range: Full), is_framework_physical_stream: 0, dynamic_range_profile: Standard, intended_for_max_resolution_mode: 0, group_id: -1, is_tunable: 1}
10-15 17:19:39.093  1447  1906 I native  : I0000 00:00:1760563179.093959    1906 node_export.cc:193] CatNodeCreate(EspVideoNode) took 0.059774 ms
10-15 17:19:39.096  1447 21388 I native  : I0000 00:00:1760563179.096885   21388 llv_manager.cc:193] LLV DIMENSION: 1280x720
10-15 17:19:39.102  1447 21388 I native  : I0000 00:00:1760563179.102570   21388 noise_model.cc:372] Profile resolution 80 x 45
10-15 17:19:39.105  1447 21387 I native  : I0000 00:00:1760563179.105498   21387 brute_force_feature_matching.cc:49] Number of bins each image dimension is divided into: 5
10-15 17:19:39.108  1447 21387 I native  : I0000 00:00:1760563179.108544   21387 brute_force_feature_matching.cc:49] Number of bins each image dimension is divided into: 5
10-15 17:19:39.116  1447  1909 I G3ACoordinator: ae_session_config_parser_lyric.cc:201: ispfe_raw_input_resolution [width:4080, height:3072]
10-15 17:19:39.123  1447  1911 I G3ACoordinator: ae_session_config_parser_lyric.cc:201: ispfe_raw_input_resolution [width:4080, height:3072]
10-15 17:19:39.134  1447  1911 I G3ACoordinator: ae_session_config_parser_lyric.cc:201: ispfe_raw_input_resolution [width:4032, height:2272]
10-15 17:19:39.272  1447  2484 I Lyric   : scaler_node.cc:1017: The 0th output HalPixelFormat for cam2_preview_scaler YCBCR_420_888 resolution: 1280x720
10-15 17:19:39.272  1447  2484 I Lyric   : scaler_node.cc:1017: The 1th output HalPixelFormat for cam2_preview_scaler YCBCR_420_888 resolution: 1920x1080
10-15 17:19:39.276  1447  9585 E native  : E0000 00:00:1760563179.275984    9585 llv_node.cc:1311] Dimension is not expected! width = 1280, height = 720, stride_pixels = 1280, stride_bytes = 1280, width_uv = 640, height_uv = 360, stride_uv_pixels = 640, stride_uv_bytes = 1280
10-15 17:19:39.316  1447  9590 I G3ACoordinator: af_state_machine.cc:231: camera_name=RearNormal: af_mode=ContinuousVideo, event=ModeChange, af_state=PassiveScan->Inactive
10-15 17:19:39.317  1447  9590 I G3ACoordinator: af_state_machine.cc:256: camera_name=RearNormal: af_mode=ContinuousVideo, event=ScanStart, af_state=Inactive->PassiveScan
10-15 17:19:39.650  1447  2487 I G3ACoordinator: af_state_machine.cc:256: camera_name=RearNormal: af_mode=ContinuousVideo, event=ScanSuccess, af_state=PassiveScan->PassiveFocused
10-15 17:19:39.750  1447  9590 I G3ACoordinator: af_state_machine.cc:256: camera_name=RearNormal: af_mode=ContinuousVideo, event=ScanStart, af_state=PassiveFocused->PassiveScan
10-15 17:19:40.084  1447  2487 I G3ACoordinator: af_state_machine.cc:256: camera_name=RearNormal: af_mode=ContinuousVideo, event=ScanSuccess, af_state=PassiveScan->PassiveFocused
10-15 17:19:40.586  1447  9590 I G3ACoordinator: af_state_machine.cc:256: camera_name=RearNormal: af_mode=ContinuousVideo, event=ScanStart, af_state=PassiveFocused->PassiveScan
10-15 17:19:41.036  9430  9430 W SoLoader: Loading mediastreaming-videoqualityquery on the main thread
10-15 17:19:41.050  1447  9590 I G3ACoordinator: af_state_machine.cc:256: camera_name=RearNormal: af_mode=ContinuousVideo, event=ScanSuccess, af_state=PassiveScan->PassiveFocused
10-15 17:19:41.056  9430 21451 W VideoProtocolFactoryWarehouse.cpp: VideoProtocol ProxyEnabled=0
10-15 17:19:41.293  9430 21450 W VideoProtocolClientImpl.cpp: VideoProtocol transport connected
10-15 17:19:41.317  1447  9590 I G3ACoordinator: af_state_machine.cc:256: camera_name=RearNormal: af_mode=ContinuousVideo, event=ScanStart, af_state=PassiveFocused->PassiveScan
10-15 17:19:41.652  1447  2492 I G3ACoordinator: af_state_machine.cc:256: camera_name=RearNormal: af_mode=ContinuousVideo, event=ScanSuccess, af_state=PassiveScan->PassiveFocused
10-15 17:19:41.786  1447  2487 I G3ACoordinator: af_state_machine.cc:256: camera_name=RearNormal: af_mode=ContinuousVideo, event=ScanStart, af_state=PassiveFocused->PassiveScan
10-15 17:19:41.886  1447  2492 I G3ACoordinator: af_state_machine.cc:256: camera_name=RearNormal: af_mode=ContinuousVideo, event=ScanSuccess, af_state=PassiveScan->PassiveFocused
10-15 17:19:42.284  1447  9590 I G3ACoordinator: af_state_machine.cc:256: camera_name=RearNormal: af_mode=ContinuousVideo, event=ScanStart, af_state=PassiveFocused->PassiveScan
10-15 17:19:42.589  1447  2487 I G3ACoordinator: af_state_machine.cc:256: camera_name=RearNormal: af_mode=ContinuousVideo, event=ScanSuccess, af_state=PassiveScan->PassiveFocused
10-15 17:19:43.540  3179 21329 W AsyncOperation: OperationException[Status{statusCode=Operation failed with an execution exception!, resolution=null}]
10-15 17:19:43.578  3179 21329 W AsyncOperation: OperationException[Status{statusCode=Operation failed with an execution exception!, resolution=null}]
10-15 17:19:43.591  3179 21329 W AsyncOperation: OperationException[Status{statusCode=Operation failed with an execution exception!, resolution=null}]
10-15 17:19:44.497  9430 21451 D MediaCodecList: codecHandlesFormat: no format, so no extra checks
10-15 17:19:44.498  1513 30624 D Hal2AidlMapper: [default] prepareToOpenStream: handle 0, mixPortHalId 0, device AudioDevice{type: AudioDeviceDescription{type: IN_DEFAULT, connection: }, address: AudioDeviceAddress{id: }}, flags AudioIoFlags{input: 0}, source DEFAULT, config AudioConfig{base: AudioConfigBase{sampleRate: 44100, channelMask: AudioChannelLayout{layoutMask: 1}, format: AudioFormatDescription{type: PCM, pcm: INT_16_BIT, encoding: }}, offloadInfo: AudioOffloadInfo{base: AudioConfigBase{sampleRate: 0, channelMask: AudioChannelLayout{none: 0}, format: AudioFormatDescription{type: DEFAULT, pcm: DEFAULT, encoding: }}, streamType: VOICE_CALL, bitRatePerSecond: 0, durationUs: 0, hasVideo: false, isStreaming: false, bitWidth: 16, offloadBufferSize: 0, usage: UNKNOWN, encapsulationMode: NONE, contentId: 0, syncId: 0}, frameCount: 0}, mixport config AudioPortConfig{id: 0, portId: 0, sampleRate: (null), channelMask: (null), format: (null), gain: (null), flags: (null), ext: AudioPortExt{unspecified: false}}
10-15 17:19:44.498  9430 21451 D MediaCodecList: codecHandlesFormat: no format, so no extra checks
10-15 17:19:44.504  9430 21484 D CCodec  : allocate(c2.exynos.h264.encoder)
