10-19 20:13:48.897  1447  2501 I Lyric   : graph_configuration.cc:374: {type: Streaminfo, stream_id: 32768, camera_id: FrontVirtual, format: YCBCR_420_888, width: 1280, height: 720, usage: [HwTexture], stream_type: Output, use_case: Default, data_space: DataSpace(Color)::(Standard: BT709, Transfer: RGB, Range: Full), is_framework_physical_stream: 0, dynamic_range_profile: Standard, intended_for_max_resolution_mode: 0, group_id: -1, is_tunable: 1}
10-19 20:13:48.897  1447  2501 I Lyric   : graph_configuration.cc:374: {type: Streaminfo, stream_id: 32769, camera_id: Front, format: YCBCR_420_888, width: 1280, height: 720, usage: [HwTexture], stream_type: Output, use_case: Default, data_space: DataSpace(Color)::(Standard: BT709, Transfer: RGB, Range: Full), is_framework_physical_stream: 0, dynamic_range_profile: Standard, intended_for_max_resolution_mode: 0, group_id: -1, is_tunable: 1}
10-19 20:13:48.897  1447  2501 I Lyric   : graph_configuration.cc:374: {type: Streaminfo, stream_id: 32770, camera_id: FrontVirtual, format: BLOB, width: 1920, height: 1080, usage: [], stream_type: Output, use_case: Default, data_space: DataSpace(Color)::(Standard: BT601_625, Transfer: SMPTE_170M, Range: Full), is_framework_physical_stream: 0, dynamic_range_profile: Standard, intended_for_max_resolution_mode: 0, group_id: -1, is_tunable: 1}
10-19 20:13:48.899  1447 12525 I native  : I0000 00:00:1760919228.899069   12525 node_export.cc:193] CatNodeCreate(EspVideoNode) took 0.0354 ms
10-19 20:13:48.901  1447 22070 I native  : I0000 00:00:1760919228.901758   22070 llv_manager.cc:193] LLV DIMENSION: 1280x720
10-19 20:13:48.903  1447 22069 I native  : I0000 00:00:1760919228.903085   22069 brute_force_feature_matching.cc:49] Number of bins each image dimension is divided into: 5
10-19 20:13:48.905  1447 22069 I native  : I0000 00:00:1760919228.905691   22069 brute_force_feature_matching.cc:49] Number of bins each image dimension is divided into: 5
10-19 20:13:48.908  1447 22070 I native  : I0000 00:00:1760919228.908692   22070 noise_model.cc:372] Profile resolution 80 x 45
10-19 20:13:48.915  1447  1910 I G3ACoordinator: ae_session_config_parser_lyric.cc:201: ispfe_raw_input_resolution [width:3440, height:2000]
10-19 20:13:48.923  1447  1909 I G3ACoordinator: ae_session_config_parser_lyric.cc:201: ispfe_raw_input_resolution [width:3840, height:2236]
10-19 20:13:49.050  1447 12525 I Lyric   : camera_powerhal_impl.cc:202: CancelPowerBoost CAMERA_VIDEO_RECORDING
10-19 20:13:49.326  7153 21902 D CCodecBufferChannel: [c2.android.hevc.decoder#153] MediaCodec discarded an unknown buffer
10-19 20:13:49.326  7153 21902 D CCodecBufferChannel: [c2.android.hevc.decoder#153] MediaCodec discarded an unknown buffer
10-19 20:13:49.326  7153 21902 D CCodecBufferChannel: [c2.android.hevc.decoder#153] MediaCodec discarded an unknown buffer
10-19 20:13:49.345  7153 21903 D CCodec  : allocate(c2.android.hevc.decoder)
10-19 20:13:49.353  7153 21903 I CCodec  : setting up 'default' as default (vendor) store
10-19 20:13:49.362  7153 21903 I CCodec  : Created component [c2.android.hevc.decoder] for [c2.android.hevc.decoder]
10-19 20:13:49.363  7153 21903 D CCodecConfig: read media type: video/hevc
10-19 20:13:49.386  7153 21903 D CCodecConfig: ignoring local param raw.size (0xd2001800) as it is already supported
10-19 20:13:49.387  7153 21903 D CCodecConfig: ignoring local param default.color (0x5200180b) as it is already supported
10-19 20:13:49.389  7153 21903 I CCodecConfig: query failed after returning 12 values (BAD_INDEX)
10-19 20:13:49.390  7153 21903 D CCodecConfig: c2 config diff is Dict {
10-19 20:13:49.390  7153 21903 D CCodecConfig:   c2::u32 coded.pl.level = 24584
10-19 20:13:49.390  7153 21903 D CCodecConfig:   c2::u32 coded.pl.profile = 24576
10-19 20:13:49.390  7153 21903 D CCodecConfig:   c2::u32 coded.vui.color.matrix = 0
10-19 20:13:49.390  7153 21903 D CCodecConfig:   c2::u32 coded.vui.color.primaries = 0
10-19 20:13:49.390  7153 21903 D CCodecConfig:   c2::u32 coded.vui.color.range = 2
10-19 20:13:49.390  7153 21903 D CCodecConfig:   c2::u32 coded.vui.color.transfer = 0
10-19 20:13:49.390  7153 21903 D CCodecConfig:   c2::u32 default.color.matrix = 0
10-19 20:13:49.390  7153 21903 D CCodecConfig:   c2::u32 default.color.primaries = 0
10-19 20:13:49.390  7153 21903 D CCodecConfig:   c2::u32 default.color.range = 0
10-19 20:13:49.390  7153 21903 D CCodecConfig:   c2::u32 default.color.transfer = 0
10-19 20:13:49.390  7153 21903 D CCodecConfig:   c2::u32 input.buffers.max-size.value = 2097152
10-19 20:13:49.390  7153 21903 D CCodecConfig:   c2::u32 input.delay.value = 0
10-19 20:13:49.390  7153 21903 D CCodecConfig:   string input.media-type.value = "video/hevc"
10-19 20:13:49.390  7153 21903 D CCodecConfig:   c2::u32 output.delay.value = 8
10-19 20:13:49.390  7153 21903 D CCodecConfig:   string output.media-type.value = "video/raw"
10-19 20:13:49.390  7153 21903 D CCodecConfig:   c2::u32 raw.color.matrix = 0
10-19 20:13:49.390  7153 21903 D CCodecConfig:   c2::u32 raw.color.primaries = 0
10-19 20:13:49.390  7153 21903 D CCodecConfig:   c2::u32 raw.color.range = 2
10-19 20:13:49.390  7153 21903 D CCodecConfig:   c2::u32 raw.color.transfer = 0
10-19 20:13:49.390  7153 21903 D CCodecConfig:   c2::u32 raw.max-size.height = 240
10-19 20:13:49.390  7153 21903 D CCodecConfig:   c2::u32 raw.max-size.width = 320
10-19 20:13:49.390  7153 21903 D CCodecConfig:   c2::u32 raw.pixel-format.value = 35
10-19 20:13:49.390  7153 21903 D CCodecConfig:   c2::i32 raw.rotation.flip = 0
10-19 20:13:49.390  7153 21903 D CCodecConfig:   c2::i32 raw.rotation.value = 0
10-19 20:13:49.390  7153 21903 D CCodecConfig:   c2::u32 raw.sar.height = 1
10-19 20:13:49.390  7153 21903 D CCodecConfig:   c2::u32 raw.sar.width = 1
10-19 20:13:49.390  7153 21903 D CCodecConfig:   c2::u32 raw.size.height = 240
10-19 20:13:49.390  7153 21903 D CCodecConfig:   c2::u32 raw.size.width = 320
10-19 20:13:49.390  7153 21903 D CCodecConfig:   c2
10-19 20:13:49.404  7153 21895 I MediaCodec: media_quality service unavailable, skipping updatePictureProfile
10-19 20:13:49.405  7153 21902 I MediaCodec: [c2.android.hevc.decoder] setting surface generation to 7324811
10-19 20:13:49.405  7153 21903 D CCodec  : [c2.android.hevc.decoder] buffers are bound to CCodec for this session
10-19 20:13:49.406  7153 21903 D CCodecConfig: no c2 equivalents for color-format
10-19 20:13:49.406  7153 21903 D CCodecConfig: no c2 equivalents for native-window
10-19 20:13:49.406  7153 21903 D CCodecConfig: no c2 equivalents for native-window-generation
10-19 20:13:49.406  7153 21903 D CCodecConfig: no c2 equivalents for flags
10-19 20:13:49.408  7153 21903 D CCodecConfig: c2 config diff is   c2::u32 raw.size.height = 1280
10-19 20:13:49.408  7153 21903 D CCodecConfig:   c2::u32 raw.size.width = 720
10-19 20:13:49.409  7153 21903 D CCodec  : encoding statistics level = 0
10-19 20:13:49.410  7153 21903 D CCodec  : setup formats input: AMessage(what = 0x00000000) = {
10-19 20:13:49.410  7153 21903 D CCodec  :   int32_t height = 1280
10-19 20:13:49.410  7153 21903 D CCodec  :   int32_t level = 65536
10-19 20:13:49.410  7153 21903 D CCodec  :   int32_t max-input-size = 2097152
10-19 20:13:49.410  7153 21903 D CCodec  :   string mime = "video/hevc"
10-19 20:13:49.410  7153 21903 D CCodec  :   int32_t profile = 1
10-19 20:13:49.410  7153 21903 D CCodec  :   int32_t width = 720
10-19 20:13:49.410  7153 21903 D CCodec  :   Rect crop(0, 0, 719, 1279)
10-19 20:13:49.410  7153 21903 D CCodec  : }
10-19 20:13:49.410  7153 21903 D CCodec  : setup formats output: AMessage(what = 0x00000000) = {
10-19 20:13:49.410  7153 21903 D CCodec  :   int32_t android._color-format = 2135033992
10-19 20:13:49.410  7153 21903 D CCodec  :   int32_t android._video-scaling = 1
10-19 20:13:49.410  7153 21903 D CCodec  :   int32_t rotation-degrees = 0
10-19 20:13:49.410  7153 21903 D CCodec  :   int32_t color-standard = 1
10-19 20:13:49.410  7153 21903 D CCodec  :   int32_t color-range = 2
10-19 20:13:49.410  7153 21903 D CCodec  :   int32_t color-transfer = 3
10-19 20:13:49.410  7153 21903 D CCodec  :   int32_t sar-height = 1
10-19 20:13:49.410  7153 21903 D CCodec  :   int32_t sar-width = 1
10-19 20:13:49.410  7153 21903 D CCodec  :   Rect crop(0, 0, 719, 1279)
10-19 20:13:49.410  7153 21903 D CCodec  :   int32_t width = 720
10-19 20:13:49.410  7153 21903 D CCodec  :   int32_t height = 1280
10-19 20:13:49.410  7153 21903 D CCodec  :   int32_t max-height = 240
10-19 20:13:49.410  7153 21903 D CCodec  :   int32_t max-width = 320
10-19 20:13:49.410  7153 21903 D CCodec  :   string mime = "video/raw"
10-19 20:13:49.410  7153 21903 D CCodec  :   int32_t android._dataspace = 260
10-19 20:13:49.410  7153 21903 D CCodec  :   int32_t color-format = 2135033992
10-19 20:13:49.410  7153 21903 D CCodec  : }
10-19 20:13:49.410  7153 21903 I CCodecConfig: query failed after returning 12 values (BAD_INDEX)
10-19 20:13:49.411  7153 21903 D CCodecConfig: c2 config diff is   c2::u32 raw.max-size.height = 1280
10-19 20:13:49.411  7153 21903 D CCodecConfig:   c2::u32 raw.max-size.width = 720
10-19 20:13:49.414  7153 21902 I MediaCodec: MediaCodec will operate in async mode
10-19 20:13:49.416  7153 21895 D MediaCodec: keep callback message for reclaim
10-19 20:13:49.422  7153 21903 D CCodecBufferChannel: [c2.android.hevc.decoder#153] Created input block pool with allocatorID 16 => poolID 193 - OK (0)
10-19 20:13:49.422  7153 21903 D CCodecBufferChannel: [c2.android.hevc.decoder#153] Query output surface allocator returned 0 params => BAD_INDEX (6)
10-19 20:13:49.422  7153 21903 D Codec2Client: GraphicBufferAllocator created
10-19 20:13:49.424  7153 21903 I CCodecBufferChannel: [c2.android.hevc.decoder#153] Created output block pool with allocatorID 18 => poolID 803 - OK
10-19 20:13:49.424  7153 21903 D CCodecBufferChannel: [c2.android.hevc.decoder#153] Configured output block pool ids 803 => OK
10-19 20:13:49.425  7153 21903 D Codec2Client: setOutputSurface -- failed to set consumer usage (6/BAD_INDEX)
10-19 20:13:49.425  7153 21903 D Codec2Client: setOutputSurface -- generation=7324811 consumer usage=0x900
10-19 20:13:49.444  7153 21903 D CCodecConfig: c2 config diff is   c2::u32 output.delay.value = 0
10-19 20:13:49.444  7153 21903 D CCodecConfig:   c2::u32 raw.size.height = 896
10-19 20:13:49.444  7153 21903 D CCodecConfig:   c2::u32 raw.size.width = 504
10-19 20:13:49.464  7153 21903 D CCodecConfig: c2 config diff is   c2::u32 raw.color.matrix = 1
10-19 20:13:49.464  7153 21903 D CCodecConfig:   c2::u32 raw.color.primaries = 1
10-19 20:13:49.464  7153 21903 D CCodecConfig:   c2::u32 raw.color.transfer = 3
10-19 20:13:49.464  7153 21903 D CCodecConfig:   c2::u32 raw.crop.height = 896
10-19 20:13:49.464  7153 21903 D CCodecConfig:   c2::u32 raw.crop.left = 0
10-19 20:13:49.464  7153 21903 D CCodecConfig:   c2::u32 raw.crop.top = 0
10-19 20:13:49.464  7153 21903 D CCodecConfig:   c2::u32 raw.crop.width = 504
10-19 20:13:49.465  7153 21903 D CCodecBuffers: [c2.android.hevc.decoder#153:2D-Output] popFromStashAndRegister: at 438086626502us, output format changed to AMessage(what = 0x00000000) = {
10-19 20:13:49.465  7153 21903 D CCodecBuffers:   int32_t android._color-format = 2135033992
10-19 20:13:49.465  7153 21903 D CCodecBuffers:   int32_t android._video-scaling = 1
10-19 20:13:49.465  7153 21903 D CCodecBuffers:   int32_t rotation-degrees = 0
10-19 20:13:49.465  7153 21903 D CCodecBuffers:   int32_t color-standard = 1
10-19 20:13:49.465  7153 21903 D CCodecBuffers:   int32_t color-range = 2
10-19 20:13:49.465  7153 21903 D CCodecBuffers:   int32_t color-transfer = 3
10-19 20:13:49.465  7153 21903 D CCodecBuffers:   int32_t sar-height = 1
10-19 20:13:49.465  7153 21903 D CCodecBuffers:   int32_t sar-width = 1
10-19 20:13:49.465  7153 21903 D CCodecBuffers:   Rect crop(0, 0, 503, 895)
10-19 20:13:49.465  7153 21903 D CCodecBuffers:   int32_t width = 504
10-19 20:13:49.465  7153 21903 D CCodecBuffers:   int32_t height = 896
10-19 20:13:49.465  7153 21903 D CCodecBuffers:   int32_t max-height = 1280
10-19 20:13:49.465  7153 21903 D CCodecBuffers:   int32_t max-width = 720
10-19 20:13:49.465  7153 21903 D CCodecBuffers:   string mime = "video/raw"
10-19 20:13:49.465  7153 21903 D CCodecBuffers:   int32_t android._dataspace = 260
10-19 20:13:49.465  7153 21903 D CCodecBuffers:   int32_t color-format = 2135033992
10-19 20:13:49.465  7153 21903 D CCodecBuffers: }
10-19 20:13:49.527  7153 21903 D CCodecConfig: c2 config diff is   c2::u32 raw.size.height = 1280
10-19 20:13:49.527  7153 21903 D CCodecConfig:   c2::u32 raw.size.width = 720
10-19 20:13:49.550  7153 21903 D CCodecConfig: c2 config diff is   c2::u32 raw.crop.height = 1280
10-19 20:13:49.550  7153 21903 D CCodecConfig:   c2::u32 raw.crop.width = 720
10-19 20:13:49.551  7153 21903 D CCodecBuffers: [c2.android.hevc.decoder#153:2D-Output] popFromStashAndRegister: at 438086759821us, output format changed to AMessage(what = 0x00000000) = {
10-19 20:13:49.551  7153 21903 D CCodecBuffers:   int32_t android._color-format = 2135033992
10-19 20:13:49.551  7153 21903 D CCodecBuffers:   int32_t android._video-scaling = 1
10-19 20:13:49.551  7153 21903 D CCodecBuffers:   int32_t rotation-degrees = 0
10-19 20:13:49.551  7153 21903 D CCodecBuffers:   int32_t color-standard = 1
10-19 20:13:49.551  7153 21903 D CCodecBuffers:   int32_t color-range = 2
10-19 20:13:49.551  7153 21903 D CCodecBuffers:   int32_t color-transfer = 3
10-19 20:13:49.551  7153 21903 D CCodecBuffers:   int32_t sar-height = 1
10-19 20:13:49.551  7153 21903 D CCodecBuffers:   int32_t sar-width = 1
10-19 20:13:49.551  7153 21903 D CCodecBuffers:   Rect crop(0, 0, 719, 1279)
10-19 20:13:49.551  7153 21903 D CCodecBuffers:   int32_t width = 720
10-19 20:13:49.551  7153 21903 D CCodecBuffers:   int32_t height = 1280
10-19 20:13:49.551  7153 21903 D CCodecBuffers:   int32_t max-height = 1280
10-19 20:13:49.551  7153 21903 D CCodecBuffers:   int32_t max-width = 720
10-19 20:13:49.551  7153 21903 D CCodecBuffers:   string mime = "video/raw"
10-19 20:13:49.551  7153 21903 D CCodecBuffers:   int32_t android._dataspace = 260
10-19 20:13:49.551  7153 21903 D CCodecBuffers:   int32_t color-format = 2135033992
10-19 20:13:49.551  7153 21903 D CCodecBuffers: }
10-19 20:13:50.660  7153 21903 D CCodecConfig: c2 config diff is   c2::u32 raw.size.height = 896
10-19 20:13:50.660  7153 21903 D CCodecConfig:   c2::u32 raw.size.width = 504
10-19 20:13:50.667 14154 25906 I DeviceHardwareStateManager: New device state brokenCamera: false, brokenSpeaker: false, brokenMicrophone: false, brokenNotificationLed: false, brokenImu: true, brokenDsp: false, brokenMcu: false, hingeState: OPEN, waterDetectState: UNKNOWN, isTampered: false, thermalState: NORMAL, mediaPeakPowerState: NORMAL, videoCallingPeakPowerState: NORMAL, battery: Battery(stateOfCharge=100, isCharging=false, temperature=226, voltage=4359, displayMode=PERCENTAGE, incompatibleChargerDetected=false), caseBattery: Battery(stateOfCharge=0, isCharging=false, temperature=0, voltage=0, displayMode=DOTS, incompatibleChargerDetected=false), caseSystemInfo: CaseSystemInfo(serialNumber=2R5SB0BF9F060P, firmwareVersion=12.14.5, isPresent=false), audioActive: false, cameraState: CAPTURE_VIDEO_STARTED, storageState: STABLE, isStreamingActive: true, inDeepSleep: false, isMounted: true, hotCarEventOccurred: false, registeredSNApps: [ASSISTANT]isSessionVerified: falseDeviceLockState: NO_LOCKPeakPowerUserExperienceThrottlingInfo: []
10-19 20:13:50.672 14154 25906 I DeviceHardwareStateManager: New device state brokenCamera: false, brokenSpeaker: false, brokenMicrophone: false, brokenNotificationLed: false, brokenImu: true, brokenDsp: false, brokenMcu: false, hingeState: OPEN, waterDetectState: UNKNOWN, isTampered: false, thermalState: NORMAL, mediaPeakPowerState: NORMAL, videoCallingPeakPowerState: NORMAL, battery: Battery(stateOfCharge=99, isCharging=false, temperature=234, voltage=3988, displayMode=PERCENTAGE, incompatibleChargerDetected=false), caseBattery: Battery(stateOfCharge=0, isCharging=false, temperature=0, voltage=0, displayMode=DOTS, incompatibleChargerDetected=false), caseSystemInfo: CaseSystemInfo(serialNumber=2R5SB0BF9F060P, firmwareVersion=12.14.5, isPresent=false), audioActive: false, cameraState: CAPTURE_VIDEO_STARTED, storageState: STABLE, isStreamingActive: true, inDeepSleep: false, isMounted: true, hotCarEventOccurred: false, registeredSNApps: [ASSISTANT]isSessionVerified: falseDeviceLockState: NO_LOCKPeakPowerUserExperienceThrottlingInfo: []
10-19 20:13:50.673 14154 21467 I SupernovaDeviceStateServiceImpl: Device DeviceRecord(identifier=57:63:06:3F:BD:EA, name=RB Meta 000X, type=3, userData=null, pairedStateData=null, observingPresence=true, customName=null, customDeviceInfo=null, productRegistry=258) emitting state DeviceState(connectedState=CONNECTED, peerConnectedState=Disconnected, deviceBatteryDetails=Battery(stateOfCharge=100, isCharging=false, temperature=226, voltage=4359, displayMode=PERCENTAGE, incompatibleChargerDetected=false), caseBatteryDetails=Battery(stateOfCharge=0, isCharging=false, temperature=0, voltage=0, displayMode=DOTS, incompatibleChargerDetected=false), remedies=[], hardwareState=brokenCamera: false, brokenSpeaker: false, brokenMicrophone: false, brokenNotificationLed: false, brokenImu: true, brokenDsp: false, brokenMcu: false, hingeState: OPEN, waterDetectState: UNKNOWN, isTampered: false, thermalState: NORMAL, mediaPeakPowerState: NORMAL, videoCallingPeakPowerState: NORMAL, battery: Battery(stateOfCharge=100, isCharging=false, temperature=226, voltage=4359, displayMode=PERCENTAGE, incompatibleChargerDetected=false), caseBattery: Battery(stateOfCharge=0, isCharging=false, temperature=0, voltage=0, displayMode=DOTS, incompatibleChargerDetected=false), caseSystemInfo: CaseSystemInfo(serialNumber=2R5SB0BF9F060P, firmwareVersion=12.14.5, isPresent=false), audioActive: false, cameraState: CAPTURE_VIDEO_STARTED, storageState: STABLE, isStreamingActive: true, inDeepSleep: false, isMounted: true, hotCarEventOccurred: false, registeredSNApps: [ASSISTANT]isSessionVerified: falseDeviceLockState: NO_LOCKPeakPowerUserExperienceThrottlingInfo: [])
10-19 20:13:50.674 14154 21788 I lam:LinkedAppFeatureManagerImpl: observeDeviceState GlassesVideoCallingWifiDirectPeakPowerThrottlingLevelUnknown
10-19 20:13:50.674 14154 21788 I lam:AppLinkService: onDeviceStateUpdate state=GlassesVideoCallingWifiDirectPeakPowerThrottlingLevelUnknown com.instagram.android
10-19 20:13:50.678 14154 21779 I assistant.stella.platform.broker.ActiveAssistantDeviceBroker: Received state update for (3, 57:63:06:3F:BD:EA); btState=AssistantBluetoothStates(a2dpConnected=false, a2dpActive=false, hfpConnected=false, hfpActive=false, primaryBtcConnected=false), assistantDeviceState=AssistantDeviceStates(cameraState=VIDEO_CAPTURE_STARTED, brokenCamera=false, thermalConstraint=false, zeroStorage=false, hingeClosed=false, mountStatusDoff=false)
10-19 20:13:50.685 14154 21467 I SupernovaDeviceStateServiceImpl: Device DeviceRecord(identifier=57:63:06:3F:BD:EA, name=RB Meta 000X, type=3, userData=null, pairedStateData=null, observingPresence=true, customName=null, customDeviceInfo=null, productRegistry=258) emitting state DeviceState(connectedState=CONNECTED, peerConnectedState=Disconnected, deviceBatteryDetails=Battery(stateOfCharge=99, isCharging=false, temperature=234, voltage=3988, displayMode=PERCENTAGE, incompatibleChargerDetected=false), caseBatteryDetails=Battery(stateOfCharge=0, isCharging=false, temperature=0, voltage=0, displayMode=DOTS, incompatibleChargerDetected=false), remedies=[], hardwareState=brokenCamera: false, brokenSpeaker: false, brokenMicrophone: false, brokenNotificationLed: false, brokenImu: true, brokenDsp: false, brokenMcu: false, hingeState: OPEN, waterDetectState: UNKNOWN, isTampered: false, thermalState: NORMAL, mediaPeakPowerState: NORMAL, videoCallingPeakPowerState: NORMAL, battery: Battery(stateOfCharge=99, isCharging=false, temperature=234, voltage=3988, displayMode=PERCENTAGE, incompatibleChargerDetected=false), caseBattery: Battery(stateOfCharge=0, isCharging=false, temperature=0, voltage=0, displayMode=DOTS, incompatibleChargerDetected=false), caseSystemInfo: CaseSystemInfo(serialNumber=2R5SB0BF9F060P, firmwareVersion=12.14.5, isPresent=false), audioActive: false, cameraState: CAPTURE_VIDEO_STARTED, storageState: STABLE, isStreamingActive: true, inDeepSleep: false, isMounted: true, hotCarEventOccurred: false, registeredSNApps: [ASSISTANT]isSessionVerified: falseDeviceLockState: NO_LOCKPeakPowerUserExperienceThrottlingInfo: [])
10-19 20:13:50.686 14154 14313 I AssistantDeviceStateManager: handle new device state AssistantDeviceStates(cameraState=VIDEO_CAPTURE_STARTED, brokenCamera=false, thermalConstraint=false, zeroStorage=false, hingeClosed=false, mountStatusDoff=false)
10-19 20:13:50.689 14154 21788 I lam:LinkedAppFeatureManagerImpl: observeDeviceState GlassesVideoCallingWifiDirectPeakPowerThrottlingLevelUnknown
10-19 20:13:50.689 14154 21788 I lam:AppLinkService: onDeviceStateUpdate state=GlassesVideoCallingWifiDirectPeakPowerThrottlingLevelUnknown com.instagram.android
10-19 20:13:50.697  7153 21903 D CCodecConfig: c2 config diff is   c2::u32 raw.crop.height = 896
10-19 20:13:50.697  7153 21903 D CCodecConfig:   c2::u32 raw.crop.width = 504
10-19 20:13:50.699  7153 21903 D CCodecBuffers: [c2.android.hevc.decoder#153:2D-Output] popFromStashAndRegister: at 438087726385us, output format changed to AMessage(what = 0x00000000) = {
10-19 20:13:50.699  7153 21903 D CCodecBuffers:   int32_t android._color-format = 2135033992
10-19 20:13:50.699  7153 21903 D CCodecBuffers:   int32_t android._video-scaling = 1
10-19 20:13:50.699  7153 21903 D CCodecBuffers:   int32_t rotation-degrees = 0
10-19 20:13:50.699  7153 21903 D CCodecBuffers:   int32_t color-standard = 1
10-19 20:13:50.699  7153 21903 D CCodecBuffers:   int32_t color-range = 2
10-19 20:13:50.699  7153 21903 D CCodecBuffers:   int32_t color-transfer = 3
10-19 20:13:50.699  7153 21903 D CCodecBuffers:   int32_t sar-height = 1
10-19 20:13:50.699  7153 21903 D CCodecBuffers:   int32_t sar-width = 1
10-19 20:13:50.699  7153 21903 D CCodecBuffers:   Rect crop(0, 0, 503, 895)
10-19 20:13:50.699  7153 21903 D CCodecBuffers:   int32_t width = 504
10-19 20:13:50.699  7153 21903 D CCodecBuffers:   int32_t height = 896
10-19 20:13:50.699  7153 21903 D CCodecBuffers:   int32_t max-height = 1280
10-19 20:13:50.699  7153 21903 D CCodecBuffers:   int32_t max-width = 720
10-19 20:13:50.699  7153 21903 D CCodecBuffers:   string mime = "video/raw"
10-19 20:13:50.699  7153 21903 D CCodecBuffers:   int32_t android._dataspace = 260
10-19 20:13:50.699  7153 21903 D CCodecBuffers:   int32_t color-format = 2135033992
10-19 20:13:50.699  7153 21903 D CCodecBuffers: }
10-19 20:13:50.707 14154 21788 I assistant.stella.platform.broker.ActiveAssistantDeviceBroker: Received state update for (3, 57:63:06:3F:BD:EA); btState=AssistantBluetoothStates(a2dpConnected=false, a2dpActive=false, hfpConnected=false, hfpActive=false, primaryBtcConnected=false), assistantDeviceState=AssistantDeviceStates(cameraState=VIDEO_CAPTURE_STARTED, brokenCamera=false, thermalConstraint=false, zeroStorage=false, hingeClosed=false, mountStatusDoff=false)
10-19 20:13:50.708 14154 14313 I AssistantDeviceStateManager: handle new device state AssistantDeviceStates(cameraState=VIDEO_CAPTURE_STARTED, brokenCamera=false, thermalConstraint=false, zeroStorage=false, hingeClosed=false, mountStatusDoff=false)
10-19 20:13:50.752  7153 22008 D MediaCodecList: codecHandlesFormat: no format, so no extra checks
10-19 20:13:50.758  7153 22008 D MediaCodecList: codecHandlesFormat: no format, so no extra checks
10-19 20:13:50.763  7153 22109 D CCodec  : allocate(c2.exynos.h264.encoder)
10-19 20:13:50.764  7153 22109 I CCodec  : setting up 'default' as default (vendor) store
10-19 20:13:50.767  1513 17992 D Hal2AidlMapper: [default] prepareToOpenStream: handle 486, mixPortHalId 1001, device AudioDevice{type: AudioDeviceDescription{type: IN_MICROPHONE_BACK, connection: }, address: AudioDeviceAddress{id: back}}, flags AudioIoFlags{input: 0}, source CAMCORDER, config AudioConfig{base: AudioConfigBase{sampleRate: 48000, channelMask: AudioChannelLayout{layoutMask: 1}, format: AudioFormatDescription{type: PCM, pcm: INT_16_BIT, encoding: }}, offloadInfo: AudioOffloadInfo{base: AudioConfigBase{sampleRate: 0, channelMask: AudioChannelLayout{none: 0}, format: AudioFormatDescription{type: DEFAULT, pcm: DEFAULT, encoding: }}, streamType: VOICE_CALL, bitRatePerSecond: 0, durationUs: 0, hasVideo: false, isStreaming: false, bitWidth: 16, offloadBufferSize: 0, usage: UNKNOWN, encapsulationMode: NONE, contentId: 0, syncId: 0}, frameCount: 0}, mixport config AudioPortConfig{id: 0, portId: 0, sampleRate: (null), channelMask: (null), format: (null), gain: (null), flags: (null), ext: AudioPortExt{unspecified: false}}
10-19 20:13:50.784  7153 22109 I CCodec  : Created component [c2.exynos.h264.encoder] for [c2.exynos.h264.encoder]
10-19 20:13:50.784  7153 22109 D CCodecConfig: read media type: video/avc
10-19 20:13:50.803  7153 22109 D CCodecConfig: ignoring local param raw.color (0xc2001809) as it is already supported
10-19 20:13:50.805  7153 22109 I CCodecConfig: query failed after returning 21 values (BAD_INDEX)
10-19 20:13:50.806  7153 22109 D CCodecConfig: c2 config diff is Dict {
10-19 20:13:50.806  7153 22109 D CCodecConfig:   c2::u32 algo.bitrate-mode.value = 3
10-19 20:13:50.806  7153 22109 D CCodecConfig:   c2::u32 algo.encoding-quality-level.value = 0
10-19 20:13:50.806  7153 22109 D CCodecConfig:   c2::i32 algo.priority.value = 0
10-19 20:13:50.806  7153 22109 D CCodecConfig:   c2::float algo.rate.value = 0
10-19 20:13:50.806  7153 22109 D CCodecConfig:   c2::i32 coded.average-qp.value = 0
10-19 20:13:50.806  7153 22109 D CCodecConfig:   c2::u32 coded.bitrate-mode.value = 1
10-19 20:13:50.806  7153 22109 D CCodecConfig:   c2::u32 coded.bitrate.value = 64000
10-19 20:13:50.806  7153 22109 D CCodecConfig:   c2::float coded.frame-rate.value = 15
10-19 20:13:50.806  7153 22109 D CCodecConfig:   c2::u32 coded.hdr-format.value = 0
10-19 20:13:50.806  7153 22109 D CCodecConfig:   c2::u32 coded.picture-type.value = 0
10-19 20:13:50.806  7153 22109 D CCodecConfig:   c2::u32 coded.pl.level = 20480
10-19 20:13:50.806  7153 22109 D CCodecConfig:   c2::u32 coded.pl.profile = 20484
10-19 20:13:50.806  7153 22109 D CCodecConfig:   c2::u32 coding.intra-refresh.mode = 0
10-19 20:13:50.806  7153 22109 D CCodecConfig:   c2::float coding.intra-refresh.period = 0
10-19 20:13:50.806  7153 22109 D CCodecConfig:   c2::u32 coding.request-sync-frame.value = 0
10-19 20:13:50.806  7153 22109 D CCodecConfig:   c2::i64 coding.sync-frame-interval.value = 1000000
10-19 20:13:50.806  7153 22109 D CCodecConfig:   Buffer coding.temporal-layering = {
10-19 20:13:50.806  7153 22109 D CCodecConfig:     00000000:  10 00 00 00 07 20 01 52  00 00 00 00 00 00 00 00  ..... .R........
10-19 20:13:50.806  7153 22109 D CCodecConfig:   }
10-19 20:13:50.806  7153 22109 D CCodecConfig:   c2::u32 input.delay.value = 0
10-19 20:13:50.806  7153 22109 D CCodecConfig:   string input.media-type.value = "video/raw"
10-19 20:13:50.806  7153 22109 D CCodecConfig:   c2::u32 output.buffers.prepend-header.value = 0
10-19 20:13:50.806  7153 22109 D CCodecConfig:   string output.media-type.value = "video/avc"
10-19 20:13:50.806  7153 22109 D CCodecConfig:   c2::u32 raw.color.matrix = 0
10-19 20:13:50.806  7153 22109 D CCodecConfig:   c2::u32 raw.color.primaries = 0
10-19 20:13:50.806  7153 22109 D CCodecConfig:  
10-19 20:13:50.812  7153 22008 I MediaCodec: media_quality service unavailable, skipping updatePictureProfile
10-19 20:13:50.812  7153 22008 D VQApply : minquality: codec claims to implement minquality=1
10-19 20:13:50.812  7153 22008 D MediaCodec: shapeMediaFormat: deltas(1): AMessage(what = 0x00000000) = {
10-19 20:13:50.812  7153 22008 D MediaCodec:     int32_t android._encoding-quality-level = 1
10-19 20:13:50.812  7153 22008 D MediaCodec:   }
10-19 20:13:50.812  7153 22109 D CCodec  : [c2.exynos.h264.encoder] buffers are bound to CCodec for this session
10-19 20:13:50.813  7153 22109 D CCodecConfig: no c2 equivalents for max-fps-to-encoder
10-19 20:13:50.813  7153 22109 D CCodecConfig: no c2 equivalents for color-format
10-19 20:13:50.813  7153 22109 D CCodecConfig: no c2 equivalents for flags
10-19 20:13:50.813  7153 22109 D CCodecConfig: no c2 equivalents for encoder
10-19 20:13:50.814  7153 22109 D CCodecConfig: c2 config diff is   c2::u32 algo.encoding-quality-level.value = 1
10-19 20:13:50.814  7153 22109 D CCodecConfig:   c2::u32 coded.bitrate.value = 1500000
10-19 20:13:50.814  7153 22109 D CCodecConfig:   c2::float coded.frame-rate.value = 30
10-19 20:13:50.814  7153 22109 D CCodecConfig:   c2::u32 coded.hdr-format.value = 1
10-19 20:13:50.814  7153 22109 D CCodecConfig:   c2::u32 coded.pl.level = 20489
10-19 20:13:50.814  7153 22109 D CCodecConfig:   c2::i64 coding.sync-frame-interval.value = 60000000
10-19 20:13:50.814  7153 22109 D CCodecConfig:   c2::u32 raw.size.height = 896
10-19 20:13:50.814  7153 22109 D CCodecConfig:   c2::u32 raw.size.width = 512
10-19 20:13:50.815  7153 22109 D CCodec  : encoding statistics level = 0
10-19 20:13:50.815  7153 22109 D CCodec  : setup formats input: AMessage(what = 0x00000000) = {
10-19 20:13:50.815  7153 22109 D CCodec  :   int32_t android._color-format = 2130708361
10-19 20:13:50.815  7153 22109 D CCodec  :   int32_t android._dataspace = 0
10-19 20:13:50.815  7153 22109 D CCodec  :   int32_t bitrate-mode = 1
10-19 20:13:50.815  7153 22109 D CCodec  :   int32_t frame-rate = 30
10-19 20:13:50.815  7153 22109 D CCodec  :   int32_t height = 896
10-19 20:13:50.815  7153 22109 D CCodec  :   int32_t intra-refresh-period = 0
10-19 20:13:50.815  7153 22109 D CCodec  :   string mime = "video/raw"
10-19 20:13:50.815  7153 22109 D CCodec  :   int32_t prepend-sps-pps-to-idr-frames = 0
10-19 20:13:50.815  7153 22109 D CCodec  :   int32_t priority = 0
10-19 20:13:50.815  7153 22109 D CCodec  :   int32_t video-qp-average = 0
10-19 20:13:50.815  7153 22109 D CCodec  :   int32_t width = 512
10-19 20:13:50.815  7153 22109 D CCodec  :   Rect crop(0, 0, 511, 895)
10-19 20:13:50.815  7153 22109 D CCodec  :   int64_t android._C2MemoryUsage = 1125899906908160
10-19 20:13:50.815  7153 22109 D CCodec  :   int32_t color-format = 2130708361
10-19 20:13:50.815  7153 22109 D CCodec  : }
10-19 20:13:50.815  7153 22109 D CCodec  : setup formats output: AMessage(what = 0x00000000) = {
10-19 20:13:50.815  7153 22109 D CCodec  :   int32_t bitrate = 1500000
10-19 20:13:50.815  7153 22109 D CCodec  :   int32_t bitrate-mode = 1
10-19 20:13:50.815  7153 22109 D CCodec  :   Rect crop(0, 0, 511, 895)
10-19 20:13:50.815  7153 22109 D CCodec  :   int32_t width = 512
10-19 20:13:50.815  7153 22109 D CCodec  :   int32_t color-standard = 0
10-19 20:13:50.815  7153 22109 D CCodec  :   int32_t color-range = 0
10-19 20:13:50.815  7153 22109 D CCodec  :   int32_t color-transfer = 0
10-19 20:13:50.815  7153 22109 D CCodec  :   int32_t frame-rate = 30
10-19 20:13:50.815  7153 22109 D CCodec  :   int32_t height = 896
10-19 20:13:50.815  7153 22109 D CCodec  :   int32_t intra-refresh-period = 0
10-19 20:13:50.815  7153 22109 D CCodec  :   int32_t level = 512
10-19 20:13:50.815  7153 22109 D CCodec  :   int32_t max-bitrate = 1500000
10-19 20:13:50.815  7153 22109 D CCodec  :   string mime = "video/avc"
10-19 20:13:50.815  7153 22109 D CCodec  :   int32_t prepend-sps-pps-to-idr-frames = 0
10-19 20:13:50.815  7153 22109 D CCodec  :   int32_t priority = 0
10-19 20:13:50.815  7153 22109 D CCodec  :   int32_t profile = 8
10-19 20:13:50.815  7153 22109 D CCodec  :   int32_t video-qp-average = 0
10-19 20:13:50.815  7153 22109 D CCodec  : }
10-19 20:13:50.815  7153 22109 I CCodecConfig: query failed after returning 22 values (BAD_INDEX)
10-19 20:13:50.820  7153 22109 D CCodec  : aidl based PersistentSurface created
10-19 20:13:50.821  1441  1546 I ASvc::StreamIn: setMicrophoneFieldDimension (primary-capture) : zoom = 0
10-19 20:13:50.825  7153 22109 D CCodec  : input format changed to AMessage(what = 0x00000000) = {
10-19 20:13:50.825  7153 22109 D CCodec  :   int32_t android._color-format = 2130708361
10-19 20:13:50.825  7153 22109 D CCodec  :   int32_t android._dataspace = 260
10-19 20:13:50.825  7153 22109 D CCodec  :   int32_t bitrate-mode = 1
10-19 20:13:50.825  7153 22109 D CCodec  :   int32_t frame-rate = 30
10-19 20:13:50.825  7153 22109 D CCodec  :   int32_t height = 896
10-19 20:13:50.825  7153 22109 D CCodec  :   int32_t intra-refresh-period = 0
10-19 20:13:50.825  7153 22109 D CCodec  :   string mime = "video/raw"
10-19 20:13:50.825  7153 22109 D CCodec  :   int32_t prepend-sps-pps-to-idr-frames = 0
10-19 20:13:50.825  7153 22109 D CCodec  :   int32_t priority = 0
10-19 20:13:50.825  7153 22109 D CCodec  :   int32_t video-qp-average = 0
10-19 20:13:50.825  7153 22109 D CCodec  :   int32_t width = 512
10-19 20:13:50.825  7153 22109 D CCodec  :   Rect crop(0, 0, 511, 895)
10-19 20:13:50.825  7153 22109 D CCodec  :   int64_t android._C2MemoryUsage = 1125899906908160
10-19 20:13:50.825  7153 22109 D CCodec  :   int32_t color-format = 2130708361
10-19 20:13:50.825  7153 22109 D CCodec  :   int32_t color-range = 2
10-19 20:13:50.825  7153 22109 D CCodec  :   int32_t color-standard = 1
10-19 20:13:50.825  7153 22109 D CCodec  :   int32_t color-transfer = 3
10-19 20:13:50.825  7153 22109 D CCodec  : }
10-19 20:13:50.860  1441 22111 I AHal::GsCapture: UpdateMicrophoneFieldDimension: with zoom 0
10-19 20:13:50.860  1441 22111 I AHal::AocRecordTuning: WriteMicrophoneFieldDimension: 0 to value 0
10-19 20:13:50.860  7153 22109 D CCodec  : ISConfig maxFps=30
10-19 20:13:50.867  1484 22113 I ExynosC2H264EncComponent: Creating ECOServiceStatsProvider c2.exynos.h264.encoder video/avc
10-19 20:13:50.872  1484 22115 D libexynosv4l2: try node: /dev/video6
10-19 20:13:50.873  1484 22115 D libexynosv4l2: try node: /dev/video7
10-19 20:13:50.874  1484 22115 I libexynosv4l2: node found for device s5p-mfc-enc: /dev/video7
10-19 20:13:50.876  1484 22115 I libexynosv4l2: open video device /dev/video7
10-19 20:13:50.881  7153 22109 D CCodecBufferChannel: [c2.exynos.h264.encoder#499] Created input block pool with allocatorID 17 => poolID 194 - OK (0)
10-19 20:13:50.885  7153 22109 I CCodecBufferChannel: [c2.exynos.h264.encoder#499] Created output block pool with allocatorID 16 => poolID 106 - OK
10-19 20:13:50.885  7153 22109 D CCodecBufferChannel: [c2.exynos.h264.encoder#499] Configured output block pool ids 106 => OK
10-19 20:13:50.892  7153 22008 D MediaCodecList: codecHandlesFormat: no format, so no extra checks
10-19 20:13:50.894  7153 22127 D CCodec  : allocate(c2.android.aac.encoder)
10-19 20:13:50.896  7153 22127 I CCodec  : setting up 'default' as default (vendor) store
10-19 20:13:50.904  7153 22127 I CCodec  : Created component [c2.android.aac.encoder] for [c2.android.aac.encoder]
10-19 20:13:50.904  7153 22127 D CCodecConfig: read media type: audio/mp4a-latm
10-19 20:13:50.911  7153 22127 I CCodecConfig: query failed after returning 10 values (BAD_INDEX)
10-19 20:13:50.911  7153 22127 D CCodecConfig: c2 config diff is Dict {
10-19 20:13:50.911  7153 22127 D CCodecConfig:   c2::u32 coded.bitrate.value = 64000
10-19 20:13:50.911  7153 22127 D CCodecConfig:   c2::u32 coded.pl.level = 0
10-19 20:13:50.911  7153 22127 D CCodecConfig:   c2::u32 coded.pl.profile = 8192
10-19 20:13:50.911  7153 22127 D CCodecConfig:   c2::u32 coding.aac-sbr-mode.value = 3
10-19 20:13:50.911  7153 22127 D CCodecConfig:   c2::u32 input.buffers.max-size.value = 2048
10-19 20:13:50.911  7153 22127 D CCodecConfig:   c2::u32 input.delay.value = 0
10-19 20:13:50.911  7153 22127 D CCodecConfig:   string input.media-type.value = "audio/raw"
10-19 20:13:50.911  7153 22127 D CCodecConfig:   c2::u32 output.large-frame.max-size = 0
10-19 20:13:50.911  7153 22127 D CCodecConfig:   c2::u32 output.large-frame.threshold-size = 0
10-19 20:13:50.911  7153 22127 D CCodecConfig:   string output.media-type.value = "audio/mp4a-latm"
10-19 20:13:50.911  7153 22127 D CCodecConfig:   c2::u32 raw.channel-count.value = 1
10-19 20:13:50.911  7153 22127 D CCodecConfig:   c2::u32 raw.sample-rate.value = 44100
10-19 20:13:50.911  7153 22127 D CCodecConfig: }
10-19 20:13:50.922  7153 22008 I MediaCodec: media_quality service unavailable, skipping updatePictureProfile
10-19 20:13:50.922  7153 22008 D MediaCodec: shapeMediaFormat: deltas(0): AMessage(what = 0x00000000) = {
10-19 20:13:50.922  7153 22008 D MediaCodec:   }
10-19 20:13:50.923  7153 22127 D CCodec  : [c2.android.aac.encoder] buffers are bound to CCodec for this session
10-19 20:13:50.923  7153 22127 D CCodecConfig: no c2 equivalents for flags
10-19 20:13:50.923  7153 22127 D CCodecConfig: no c2 equivalents for encoder
10-19 20:13:50.924  7153 22127 D CCodecConfig: c2 config diff is   c2::u32 coded.bitrate.value = 48000
10-19 20:13:50.924  7153 22127 D CCodecConfig:   c2::u32 coded.pl.profile = 8196
10-19 20:13:50.924  7153 22127 D CCodec  : encoding statistics level = 0
10-19 20:13:50.924  7153 22127 D CCodec  : setup formats input: AMessage(what = 0x00000000) = {
10-19 20:13:50.924  7153 22127 D CCodec  :   int32_t sample-rate = 44100
10-19 20:13:50.924  7153 22127 D CCodec  :   int32_t channel-count = 1
10-19 20:13:50.924  7153 22127 D CCodec  :   int32_t max-input-size = 2048
10-19 20:13:50.924  7153 22127 D CCodec  :   string mime = "audio/raw"
10-19 20:13:50.924  7153 22127 D CCodec  :   int32_t android._config-pcm-encoding = 2
10-19 20:13:50.924  7153 22127 D CCodec  : }
10-19 20:13:50.924  7153 22127 D CCodec  : setup formats output: AMessage(what = 0x00000000) = {
10-19 20:13:50.924  7153 22127 D CCodec  :   int32_t sample-rate = 44100
10-19 20:13:50.924  7153 22127 D CCodec  :   int32_t bitrate = 48000
10-19 20:13:50.924  7153 22127 D CCodec  :   int32_t buffer-batch-max-output-size = 0
10-19 20:13:50.924  7153 22127 D CCodec  :   int32_t buffer-batch-threshold-output-size = 0
10-19 20:13:50.924  7153 22127 D CCodec  :   int32_t channel-count = 1
10-19 20:13:50.924  7153 22127 D CCodec  :   int32_t level = 0
10-19 20:13:50.924  7153 22127 D CCodec  :   int32_t max-bitrate = 48000
10-19 20:13:50.924  7153 22127 D CCodec  :   string mime = "audio/mp4a-latm"
10-19 20:13:50.924  7153 22127 D CCodec  :   int32_t profile = 5
10-19 20:13:50.924  7153 22127 D CCodec  : }
10-19 20:13:50.924  7153 22127 I CCodecConfig: query failed after returning 10 values (BAD_INDEX)
10-19 20:13:50.930  7153 22127 D CCodecBufferChannel: [c2.android.aac.encoder#922] Created input block pool with allocatorID 16 => poolID 195 - OK (0)
10-19 20:13:50.933  7153 22127 I CCodecBufferChannel: [c2.android.aac.encoder#922] Created output block pool with allocatorID 16 => poolID 805 - OK
10-19 20:13:50.933  7153 22127 D CCodecBufferChannel: [c2.android.aac.encoder#922] Configured output block pool ids 805 => OK
10-19 20:13:50.933  1664 24818 E Codec2-ComponentInterface: We have a failed config
10-19 20:13:50.976  7153 21902 I CCodecBufferChannel: [c2.android.hevc.decoder#153] queueBuffer failed: 13
10-19 20:13:50.976  7153 21903 D CCodecBufferChannel: [c2.android.hevc.decoder#153] work failed to complete: 14
10-19 20:13:50.979  7153 21902 I MediaCodec: rendring output error 13
10-19 20:13:50.979  7153 21902 E MediaCodec: Codec reported err 0xe/14 (Unknown error -14), actionCode 0, while in state 6/STARTED
10-19 20:13:51.006  1447  1905 I GCH_ZslSnapshotCaptureSession: Initialize: video sw denoise is enabled in GCH
10-19 20:13:51.009  1447 13532 W Lyric   : stream_info_parser.cc:372: Camera Front unknown stream: {type: Streaminfo, stream_id: 32773, camera_id: Front, format: YCBCR_420_888, width: 1920, height: 1080, usage: [], stream_type: Output, use_case: Default, data_space: DataSpace(Custom)::Arbitrary, is_framework_physical_stream: 0, dynamic_range_profile: Standard, intended_for_max_resolution_mode: 0, group_id: -1, is_tunable: 1} does not fall in any known use case
10-19 20:13:51.009  1447 13532 I Lyric   : stream_info_parser.cc:364: Camera Front Preview stream: {type: Streaminfo, stream_id: 32769, camera_id: Front, format: YCBCR_420_888, width: 1280, height: 720, usage: [HwTexture], stream_type: Output, use_case: Default, data_space: DataSpace(Color)::(Standard: BT709, Transfer: RGB, Range: Full), is_framework_physical_stream: 0, dynamic_range_profile: Standard, intended_for_max_resolution_mode: 0, group_id: -1, is_tunable: 1}
10-19 20:13:51.009  1447 13532 I Lyric   : stream_info_parser.cc:364: Camera FrontVirtual Preview stream: {type: Streaminfo, stream_id: 32768, camera_id: FrontVirtual, format: YCBCR_420_888, width: 1280, height: 720, usage: [HwTexture], stream_type: Output, use_case: Default, data_space: DataSpace(Color)::(Standard: BT709, Transfer: RGB, Range: Full), is_framework_physical_stream: 0, dynamic_range_profile: Standard, intended_for_max_resolution_mode: 0, group_id: -1, is_tunable: 1}
10-19 20:13:51.009  1447 13532 W Lyric   : stream_info_parser.cc:372: Camera FrontVirtual unknown stream: {type: Streaminfo, stream_id: 32772, camera_id: FrontVirtual, format: YCBCR_420_888, width: 1920, height: 1080, usage: [], stream_type: Output, use_case: Default, data_space: DataSpace(Custom)::Arbitrary, is_framework_physical_stream: 0, dynamic_range_profile: Standard, intended_for_max_resolution_mode: 0, group_id: -1, is_tunable: 1} does not fall in any known use case
10-19 20:13:51.010  7153 22094 E MediaCodec: Invalid to call at Released state; only valid in Executing states
10-19 20:13:51.010  1447  2503 I Lyric   : sensor_generic_driver.cc:1959: DOKKAEBIVIRTUAL GetModeIndex requirement {size = {width: 1920, height: 1080}, frame_rate_range = [15, 30], request_binning_mode = false, request_pd_stream = false, only_config_logical_cam_stream = true, camera_id = [<recursive>], require_full_fov = false, is_high_frame_rate = false, crop_margin = 0, is_sibling_camera_participating = true, sub_image_count = 1, is_face_auth = false, is_video_mode = false, is_high_resolution_mode = false, is_arkaroo_enabled = false, is_roshi_enabled = false, is_specific_aspect_ratio_video = false, require_exact_size = false, force_sensor_mode_index = -1, is_multi_cam_usecase = true, raw_stream_usecase = 0, is_high_resolution_standalone_mode = false} required aspect ratio 1.77778 pick_transition_mode 0 require exact size 0
10-19 20:13:51.010  1447  2500 I Lyric   : sensor_generic_driver.cc:1959: DOKKAEBI GetModeIndex requirement {size = {width: 1920, height: 1080}, frame_rate_range = [15, 30], request_binning_mode = false, request_pd_stream = false, only_config_logical_cam_stream = true, camera_id = [<recursive>], require_full_fov = false, is_high_frame_rate = false, crop_margin = 0, is_sibling_camera_participating = true, sub_image_count = 1, is_face_auth = false, is_video_mode = false, is_high_resolution_mode = false, is_arkaroo_enabled = false, is_roshi_enabled = false, is_specific_aspect_ratio_video = false, require_exact_size = false, force_sensor_mode_index = -1, is_multi_cam_usecase = true, raw_stream_usecase = 0, is_high_resolution_standalone_mode = false} required aspect ratio 1.77778 pick_transition_mode 1 require exact size 0
10-19 20:13:51.011  1447  2503 I Lyric   : eaf_node.cc:80: cam6_eaf: stream_id 32768, res 1280x720, pipeline_id 0, is_video_stream false
10-19 20:13:51.011  1447  2503 I Lyric   : zuma_isp_subgraph.cc:532: raw_to_yuv_for_snapshot_exceeding_video: Pipeline (ID: (instance_id: 109714), IPs: [ RawToYuv ], Max Outputs: 1, IPConnections: [ ], Usecase: Snapshot)
10-19 20:13:51.011  1447  2503 I Lyric   : zuma_isp_subgraph.cc:539: video_mesh_warp: Pipeline (ID: (instance_id: 109717), IPs: [ MeshWarp ], Max Outputs: 1, IPConnections: [ ], Usecase: Video)
10-19 20:13:51.011  1447  2503 I Lyric   : zuma_isp_subgraph.cc:541: mesh_warp_for_snapshot_exceeding_video: Pipeline (ID: (instance_id: 109718), IPs: [ MeshWarp ], Max Outputs: 1, IPConnections: [ ], Usecase: Snapshot)
10-19 20:13:51.011  1447  2503 I Lyric   : zuma_isp_subgraph.cc:551: video_scaler: Pipeline (ID: (instance_id: 109722), IPs: [ Scaler ], Max Outputs: 0, IPConnections: [ ], Usecase: Video)
10-19 20:13:51.011  1447  2503 I Lyric   : zuma_isp_subgraph.cc:553: scaler_for_snapshot_exceeding_video: Pipeline (ID: (instance_id: 109723), IPs: [ Scaler ], Max Outputs: 2, IPConnections: [ ], Usecase: Snapshot)
10-19 20:13:51.011  1447  2500 I Lyric   : eaf_node.cc:80: cam5_eaf: stream_id 32769, res 1280x720, pipeline_id 0, is_video_stream false
10-19 20:13:51.011  1447  2500 I Lyric   : zuma_isp_subgraph.cc:532: raw_to_yuv_for_snapshot_exceeding_video: Pipeline (ID: (instance_id: 109732), IPs: [ RawToYuv ], Max Outputs: 1, IPConnections: [ ], Usecase: Snapshot)
10-19 20:13:51.011  1447  2500 I Lyric   : zuma_isp_subgraph.cc:539: video_mesh_warp: Pipeline (ID: (instance_id: 109735), IPs: [ MeshWarp ], Max Outputs: 1, IPConnections: [ ], Usecase: Video)
10-19 20:13:51.011  1447  2500 I Lyric   : zuma_isp_subgraph.cc:541: mesh_warp_for_snapshot_exceeding_video: Pipeline (ID: (instance_id: 109736), IPs: [ MeshWarp ], Max Outputs: 1, IPConnections: [ ], Usecase: Snapshot)
10-19 20:13:51.011  1447  2500 I Lyric   : zuma_isp_subgraph.cc:551: video_scaler: Pipeline (ID: (instance_id: 109740), IPs: [ Scaler ], Max Outputs: 0, IPConnections: [ ], Usecase: Video)
10-19 20:13:51.011  1447  2500 I Lyric   : zuma_isp_subgraph.cc:553: scaler_for_snapshot_exceeding_video: Pipeline (ID: (instance_id: 109741), IPs: [ Scaler ], Max Outputs: 2, IPConnections: [ ], Usecase: Snapshot)
10-19 20:13:51.011  1447  2503 I Lyric   : whi_like_isp_back_end_core_subgraph.cc:933: RawToYuvNode for snapshot exceeding video is configured to output consumer type 2 fmt: HalImageFormat{ pixel_format = YCBCR_420_SPN_10B, stride_alignment = 64, num_buffers = 1 } for FrontVirtual
10-19 20:13:51.012  1447  2500 I Lyric   : whi_like_isp_back_end_core_subgraph.cc:933: RawToYuvNode for snapshot exceeding video is configured to output consumer type 2 fmt: HalImageFormat{ pixel_format = YCBCR_420_SPN_10B, stride_alignment = 64, num_buffers = 1 } for Front
10-19 20:13:51.012  1447  2503 I Lyric   : generic_subgraph.cc:3459: camera_id = 6; is_front_camera = 1; is_1p_camera_app = 0; video_call = 1
10-19 20:13:51.012  1447  2500 I Lyric   : generic_subgraph.cc:3459: camera_id = 5; is_front_camera = 1; is_1p_camera_app = 0; video_call = 1
10-19 20:13:51.015  7153 22094 E sup:VideoDecoderBufferHandler: Video decoder enqueue video frame exception! Diagnostics 
10-19 20:13:51.015  7153 22094 E sup:VideoDecoderBufferHandler: java.lang.IllegalStateException: Invalid to call at Released state; only valid in Executing states
10-19 20:13:51.015  7153 22094 E sup:VideoDecoderBufferHandler: 
10-19 20:13:51.015  7153 22094 E sup:VideoDecoderBufferHandler: 	at android.media.MediaCodec.getBuffer(Native Method)
10-19 20:13:51.015  7153 22094 E sup:VideoDecoderBufferHandler: 	at android.media.MediaCodec.getInputBuffer(MediaCodec.java:4812)
10-19 20:13:51.015  7153 22094 E sup:VideoDecoderBufferHandler: 	at X.vqM.onInputBufferAvailable(:37)
10-19 20:13:51.015  7153 22094 E sup:VideoDecoderBufferHandler: 	at android.media.MediaCodec$EventHandler.handleCallback(MediaCodec.java:1946)
10-19 20:13:51.015  7153 22094 E sup:VideoDecoderBufferHandler: 	at android.media.MediaCodec$EventHandler.handleMessage(MediaCodec.java:1874)
10-19 20:13:51.015  7153 22094 E sup:VideoDecoderBufferHandler: 	at android.os.Handler.dispatchMessage(Handler.java:110)
10-19 20:13:51.015  7153 22094 E sup:VideoDecoderBufferHandler: 	at android.os.Looper.dispatchMessage(Looper.java:315)
10-19 20:13:51.015  7153 22094 E sup:VideoDecoderBufferHandler: 	at android.os.Looper.loopOnce(Looper.java:251)
10-19 20:13:51.015  7153 22094 E sup:VideoDecoderBufferHandler: 	at android.os.Looper.loop(Looper.java:349)
10-19 20:13:51.015  7153 22094 E sup:VideoDecoderBufferHandler: 	at android.os.HandlerThread.run(HandlerThread.java:100)
10-19 20:13:51.015  7153 21902 E MediaCodec: queueInputBuffer() is valid only at Executing states; currently at Released state
10-19 20:13:51.016  1447 13532 I Lyric   : multicam_graph.cc:1366: number of video bokeh nodes connected to multicam routing node = 0
10-19 20:13:51.018  1447 13532 I Lyric   : graph_configuration.cc:374: {type: Streaminfo, stream_id: 32770, camera_id: FrontVirtual, format: BLOB, width: 1920, height: 1080, usage: [], stream_type: Output, use_case: Default, data_space: DataSpace(Color)::(Standard: BT601_625, Transfer: SMPTE_170M, Range: Full), is_framework_physical_stream: 0, dynamic_range_profile: Standard, intended_for_max_resolution_mode: 0, group_id: -1, is_tunable: 1}
10-19 20:13:51.018  1447 13532 I Lyric   : graph_configuration.cc:374: {type: Streaminfo, stream_id: 32769, camera_id: Front, format: YCBCR_420_888, width: 1280, height: 720, usage: [HwTexture], stream_type: Output, use_case: Default, data_space: DataSpace(Color)::(Standard: BT709, Transfer: RGB, Range: Full), is_framework_physical_stream: 0, dynamic_range_profile: Standard, intended_for_max_resolution_mode: 0, group_id: -1, is_tunable: 1}
10-19 20:13:51.018  1447 13532 I Lyric   : graph_configuration.cc:374: {type: Streaminfo, stream_id: 32772, camera_id: FrontVirtual, format: YCBCR_420_888, width: 1920, height: 1080, usage: [], stream_type: Output, use_case: Default, data_space: DataSpace(Custom)::Arbitrary, is_framework_physical_stream: 0, dynamic_range_profile: Standard, intended_for_max_resolution_mode: 0, group_id: -1, is_tunable: 1}
