10-09 17:31:49.882 30773 30773 I DeviceControlCenterRepository: DeviceId: 7F:D9:1B:FB:E8:ED State: DeviceState(connectedState=CONNECTED, peerConnectedState=Disconnected, deviceBatteryDetails=Battery(stateOfCharge=100, isCharging=false, temperature=262, voltage=4376, displayMode=PERCENTAGE, incompatibleChargerDetected=false), caseBatteryDetails=Battery(stateOfCharge=20, isCharging=false, temperature=0, voltage=0, displayMode=DOTS, incompatibleChargerDetected=false), remedies=[], hardwareState=brokenCamera: false, brokenSpeaker: false, brokenMicrophone: false, brokenNotificationLed: false, brokenImu: true, brokenDsp: false, brokenMcu: false, hingeState: OPEN, isTampered: false, thermalState: NORMAL, mediaPeakPowerState: NORMAL, videoCallingPeakPowerState: NORMAL, battery: Battery(stateOfCharge=100, isCharging=false, temperature=262, voltage=4376, displayMode=PERCENTAGE, incompatibleChargerDetected=false), caseBattery: Battery(stateOfCharge=20, isCharging=false, temperature=0, voltage=0, displayMode=DOTS, incompatibleChargerDetected=false), caseSystemInfo: CaseSystemInfo(serialNumber=2R5SB0BF9F060P, firmwareVersion=12.14.5, isPresent=false), audioActive: false, cameraState: CAPTURE_VIDEO_STARTED, storageState: STABLE, isStreamingActive: true, inDeepSleep: false, isMounted: false, hotCarEventOccurred: false, registeredSNApps: [ASSISTANT]isSessionVerified: falseDeviceLockState: NO_LOCKPeakPowerUserExperienceThrottlingInfo: [])
10-09 17:31:53.936 12436 12685 E msys    : E[C mem.context]_LogConnectFailure(4983)=>[Happy Eyeball] Connect failed with source=1, winner stream ip=31.13.66.175, port=5222, dnsResolutionMethod=1, combined_ip_addresses=31.13.66.175
10-09 17:31:54.012 12436 17147 I CCodecBufferChannel: [c2.android.hevc.decoder#975] queueBuffer failed: 13
10-09 17:31:54.012 12436 17147 I MediaCodec: rendring output error 13
10-09 17:31:54.013 12436 17148 D CCodecBufferChannel: [c2.android.hevc.decoder#975] work failed to complete: 14
10-09 17:31:54.013 12436 17147 E MediaCodec: Codec reported err 0xe/14 (Unknown error -14), actionCode 0, while in state 6/STARTED
10-09 17:31:54.102 12436 17166 E MediaCodec: Invalid to call at Released state; only valid in Executing states
10-09 17:31:54.102 12436 17166 E sup:VideoDecoderBufferHandler: Video decoder enqueue video frame exception! Diagnostics 
10-09 17:31:54.102 12436 17166 E sup:VideoDecoderBufferHandler: java.lang.IllegalStateException: Invalid to call at Released state; only valid in Executing states
10-09 17:31:54.102 12436 17166 E sup:VideoDecoderBufferHandler: 
10-09 17:31:54.102 12436 17166 E sup:VideoDecoderBufferHandler: 	at android.media.MediaCodec.getBuffer(Native Method)
10-09 17:31:54.102 12436 17166 E sup:VideoDecoderBufferHandler: 	at android.media.MediaCodec.getInputBuffer(MediaCodec.java:4812)
10-09 17:31:54.102 12436 17166 E sup:VideoDecoderBufferHandler: 	at X.si5.onInputBufferAvailable(:37)
10-09 17:31:54.102 12436 17166 E sup:VideoDecoderBufferHandler: 	at android.media.MediaCodec$EventHandler.handleCallback(MediaCodec.java:1946)
10-09 17:31:54.102 12436 17166 E sup:VideoDecoderBufferHandler: 	at android.media.MediaCodec$EventHandler.handleMessage(MediaCodec.java:1874)
10-09 17:31:54.102 12436 17166 E sup:VideoDecoderBufferHandler: 	at android.os.Handler.dispatchMessage(Handler.java:110)
10-09 17:31:54.102 12436 17166 E sup:VideoDecoderBufferHandler: 	at android.os.Looper.dispatchMessage(Looper.java:315)
10-09 17:31:54.102 12436 17166 E sup:VideoDecoderBufferHandler: 	at android.os.Looper.loopOnce(Looper.java:251)
10-09 17:31:54.102 12436 17166 E sup:VideoDecoderBufferHandler: 	at android.os.Looper.loop(Looper.java:349)
10-09 17:31:54.102 12436 17166 E sup:VideoDecoderBufferHandler: 	at android.os.HandlerThread.run(HandlerThread.java:100)
10-09 17:31:54.102 12436 17147 E MediaCodec: queueInputBuffer() is valid only at Executing states; currently at Released state
10-09 17:31:54.133 12436 12573 E msys    : E[N mns]_OnDiskCacheGetData(632)=>Start post callback cache refresh DNS resolution
10-09 17:31:54.161   988 28160 I GCH_ZslSnapshotCaptureSession: Initialize: video sw denoise is enabled in GCH
10-09 17:31:54.163   988 28120 I Lyric   : stream_info_parser.cc:364: Camera Front Preview stream: {type: Streaminfo, stream_id: 32768, camera_id: Front, format: YCBCR_420_888, width: 3440, height: 2448, usage: [HwTexture], stream_type: Output, use_case: Default, data_space: DataSpace(Color)::(Standard: BT709, Transfer: RGB, Range: Full), is_framework_physical_stream: 0, dynamic_range_profile: Standard, intended_for_max_resolution_mode: 0, group_id: -1, is_tunable: 1}
10-09 17:31:54.163   988 28120 W Lyric   : stream_info_parser.cc:372: Camera Front unknown stream: {type: Streaminfo, stream_id: 32772, camera_id: Front, format: YCBCR_420_888, width: 3440, height: 2448, usage: [], stream_type: Output, use_case: Default, data_space: DataSpace(Custom)::Arbitrary, is_framework_physical_stream: 0, dynamic_range_profile: Standard, intended_for_max_resolution_mode: 0, group_id: -1, is_tunable: 1} does not fall in any known use case
10-09 17:31:54.163   988 28120 W Lyric   : stream_info_parser.cc:372: Camera FrontVirtual unknown stream: {type: Streaminfo, stream_id: 32773, camera_id: FrontVirtual, format: YCBCR_420_888, width: 3440, height: 2448, usage: [], stream_type: Output, use_case: Default, data_space: DataSpace(Custom)::Arbitrary, is_framework_physical_stream: 0, dynamic_range_profile: Standard, intended_for_max_resolution_mode: 0, group_id: -1, is_tunable: 1} does not fall in any known use case
10-09 17:31:54.163   988 28120 I Lyric   : stream_info_parser.cc:364: Camera FrontVirtual Preview stream: {type: Streaminfo, stream_id: 32769, camera_id: FrontVirtual, format: YCBCR_420_888, width: 3440, height: 2448, usage: [HwTexture], stream_type: Output, use_case: Default, data_space: DataSpace(Color)::(Standard: BT709, Transfer: RGB, Range: Full), is_framework_physical_stream: 0, dynamic_range_profile: Standard, intended_for_max_resolution_mode: 0, group_id: -1, is_tunable: 1}
10-09 17:31:54.169   988  2126 I Lyric   : sensor_generic_driver.cc:1959: DOKKAEBI GetModeIndex requirement {size = {width: 3440, height: 2448}, frame_rate_range = [15, 30], request_binning_mode = false, request_pd_stream = false, only_config_logical_cam_stream = true, camera_id = [<recursive>], require_full_fov = true, is_high_frame_rate = false, crop_margin = 0, is_sibling_camera_participating = true, sub_image_count = 1, is_face_auth = false, is_video_mode = false, is_high_resolution_mode = false, is_arkaroo_enabled = false, is_roshi_enabled = false, is_specific_aspect_ratio_video = false, require_exact_size = false, force_sensor_mode_index = -1, is_multi_cam_usecase = true, raw_stream_usecase = 0, is_high_resolution_standalone_mode = false} required aspect ratio 1.40351 pick_transition_mode 1 require exact size 0
10-09 17:31:54.169   988  2123 I Lyric   : sensor_generic_driver.cc:1959: DOKKAEBIVIRTUAL GetModeIndex requirement {size = {width: 3440, height: 2448}, frame_rate_range = [15, 30], request_binning_mode = false, request_pd_stream = false, only_config_logical_cam_stream = true, camera_id = [<recursive>], require_full_fov = true, is_high_frame_rate = false, crop_margin = 0, is_sibling_camera_participating = true, sub_image_count = 1, is_face_auth = false, is_video_mode = false, is_high_resolution_mode = false, is_arkaroo_enabled = false, is_roshi_enabled = false, is_specific_aspect_ratio_video = false, require_exact_size = false, force_sensor_mode_index = -1, is_multi_cam_usecase = true, raw_stream_usecase = 0, is_high_resolution_standalone_mode = false} required aspect ratio 1.40523 pick_transition_mode 0 require exact size 0
10-09 17:31:54.170   988  2123 I Lyric   : zuma_isp_subgraph.cc:532: raw_to_yuv_for_snapshot_exceeding_video: Pipeline (ID: (instance_id: 209873), IPs: [ RawToYuv ], Max Outputs: 1, IPConnections: [ ], Usecase: Snapshot)
10-09 17:31:54.170   988  2126 I Lyric   : zuma_isp_subgraph.cc:532: raw_to_yuv_for_snapshot_exceeding_video: Pipeline (ID: (instance_id: 209875), IPs: [ RawToYuv ], Max Outputs: 1, IPConnections: [ ], Usecase: Snapshot)
10-09 17:31:54.170   988  2123 I Lyric   : zuma_isp_subgraph.cc:539: video_mesh_warp: Pipeline (ID: (instance_id: 209879), IPs: [ MeshWarp ], Max Outputs: 1, IPConnections: [ ], Usecase: Video)
10-09 17:31:54.170   988  2126 I Lyric   : zuma_isp_subgraph.cc:539: video_mesh_warp: Pipeline (ID: (instance_id: 209880), IPs: [ MeshWarp ], Max Outputs: 1, IPConnections: [ ], Usecase: Video)
10-09 17:31:54.170   988  2123 I Lyric   : zuma_isp_subgraph.cc:541: mesh_warp_for_snapshot_exceeding_video: Pipeline (ID: (instance_id: 209883), IPs: [ MeshWarp ], Max Outputs: 1, IPConnections: [ ], Usecase: Snapshot)
10-09 17:31:54.170   988  2126 I Lyric   : zuma_isp_subgraph.cc:541: mesh_warp_for_snapshot_exceeding_video: Pipeline (ID: (instance_id: 209881), IPs: [ MeshWarp ], Max Outputs: 1, IPConnections: [ ], Usecase: Snapshot)
10-09 17:31:54.170   988  2123 I Lyric   : zuma_isp_subgraph.cc:551: video_scaler: Pipeline (ID: (instance_id: 209894), IPs: [ Scaler ], Max Outputs: 0, IPConnections: [ ], Usecase: Video)
10-09 17:31:54.170   988  2126 I Lyric   : zuma_isp_subgraph.cc:551: video_scaler: Pipeline (ID: (instance_id: 209887), IPs: [ Scaler ], Max Outputs: 0, IPConnections: [ ], Usecase: Video)
10-09 17:31:54.170   988  2123 I Lyric   : zuma_isp_subgraph.cc:553: scaler_for_snapshot_exceeding_video: Pipeline (ID: (instance_id: 209896), IPs: [ Scaler ], Max Outputs: 2, IPConnections: [ ], Usecase: Snapshot)
10-09 17:31:54.170   988  2126 I Lyric   : zuma_isp_subgraph.cc:553: scaler_for_snapshot_exceeding_video: Pipeline (ID: (instance_id: 209888), IPs: [ Scaler ], Max Outputs: 2, IPConnections: [ ], Usecase: Snapshot)
10-09 17:31:54.170   988  2123 I Lyric   : whi_like_isp_back_end_core_subgraph.cc:933: RawToYuvNode for snapshot exceeding video is configured to output consumer type 2 fmt: HalImageFormat{ pixel_format = YCBCR_420_SPN_10B, stride_alignment = 64, num_buffers = 1 } for FrontVirtual
10-09 17:31:54.170   988  2126 I Lyric   : whi_like_isp_back_end_core_subgraph.cc:933: RawToYuvNode for snapshot exceeding video is configured to output consumer type 2 fmt: HalImageFormat{ pixel_format = YCBCR_420_SPN_10B, stride_alignment = 64, num_buffers = 1 } for Front
10-09 17:31:54.171   988  2126 I Lyric   : generic_subgraph.cc:3459: camera_id = 5; is_front_camera = 1; is_1p_camera_app = 0; video_call = 0
10-09 17:31:54.171   988  2123 I Lyric   : generic_subgraph.cc:3459: camera_id = 6; is_front_camera = 1; is_1p_camera_app = 0; video_call = 0
10-09 17:31:54.175   988 28120 I Lyric   : multicam_graph.cc:1366: number of video bokeh nodes connected to multicam routing node = 0
10-09 17:31:54.176   988 28120 I Lyric   : graph_configuration.cc:374: {type: Streaminfo, stream_id: 32768, camera_id: Front, format: YCBCR_420_888, width: 3440, height: 2448, usage: [HwTexture], stream_type: Output, use_case: Default, data_space: DataSpace(Color)::(Standard: BT709, Transfer: RGB, Range: Full), is_framework_physical_stream: 0, dynamic_range_profile: Standard, intended_for_max_resolution_mode: 0, group_id: -1, is_tunable: 1}
10-09 17:31:54.176   988 28120 I Lyric   : graph_configuration.cc:374: {type: Streaminfo, stream_id: 32772, camera_id: Front, format: YCBCR_420_888, width: 3440, height: 2448, usage: [], stream_type: Output, use_case: Default, data_space: DataSpace(Custom)::Arbitrary, is_framework_physical_stream: 0, dynamic_range_profile: Standard, intended_for_max_resolution_mode: 0, group_id: -1, is_tunable: 1}
10-09 17:31:54.176   988 28120 I Lyric   : graph_configuration.cc:374: {type: Streaminfo, stream_id: 32771, camera_id: FrontVirtual, format: BLOB, width: 3440, height: 2448, usage: [], stream_type: Output, use_case: Default, data_space: DataSpace(Color)::(Standard: BT601_625, Transfer: SMPTE_170M, Range: Full), is_framework_physical_stream: 0, dynamic_range_profile: Standard, intended_for_max_resolution_mode: 0, group_id: -1, is_tunable: 1}
10-09 17:31:54.176   988 28120 I Lyric   : graph_configuration.cc:374: {type: Streaminfo, stream_id: 32773, camera_id: FrontVirtual, format: YCBCR_420_888, width: 3440, height: 2448, usage: [], stream_type: Output, use_case: Default, data_space: DataSpace(Custom)::Arbitrary, is_framework_physical_stream: 0, dynamic_range_profile: Standard, intended_for_max_resolution_mode: 0, group_id: -1, is_tunable: 1}
10-09 17:31:54.176   988 28120 I Lyric   : graph_configuration.cc:374: {type: Streaminfo, stream_id: 32770, camera_id: Front, format: BLOB, width: 3440, height: 2448, usage: [], stream_type: Output, use_case: Default, data_space: DataSpace(Color)::(Standard: BT601_625, Transfer: SMPTE_170M, Range: Full), is_framework_physical_stream: 0, dynamic_range_profile: Standard, intended_for_max_resolution_mode: 0, group_id: -1, is_tunable: 1}
10-09 17:31:54.176   988 28120 I Lyric   : graph_configuration.cc:374: {type: Streaminfo, stream_id: 32769, camera_id: FrontVirtual, format: YCBCR_420_888, width: 3440, height: 2448, usage: [HwTexture], stream_type: Output, use_case: Default, data_space: DataSpace(Color)::(Standard: BT709, Transfer: RGB, Range: Full), is_framework_physical_stream: 0, dynamic_range_profile: Standard, intended_for_max_resolution_mode: 0, group_id: -1, is_tunable: 1}
10-09 17:31:54.190   988  1444 I G3ACoordinator: ae_session_config_parser_lyric.cc:201: ispfe_raw_input_resolution [width:3440, height:2448]
10-09 17:31:54.197   988  1444 I G3ACoordinator: ae_session_config_parser_lyric.cc:201: ispfe_raw_input_resolution [width:3840, height:2736]
10-09 17:31:54.198   988 17220 I native  : I0000 00:00:1760045514.198825   17220 brute_force_feature_matching.cc:49] Number of bins each image dimension is divided into: 5
10-09 17:31:54.201   988 17220 I native  : I0000 00:00:1760045514.201606   17220 brute_force_feature_matching.cc:49] Number of bins each image dimension is divided into: 5
10-09 17:31:54.334   988  1439 I Lyric   : camera_powerhal_impl.cc:202: CancelPowerBoost CAMERA_VIDEO_RECORDING
10-09 17:31:55.711 12436 17147 D CCodecBufferChannel: [c2.android.hevc.decoder#975] MediaCodec discarded an unknown buffer
10-09 17:31:55.711 12436 17147 D CCodecBufferChannel: [c2.android.hevc.decoder#975] MediaCodec discarded an unknown buffer
10-09 17:31:55.711 12436 17147 D CCodecBufferChannel: [c2.android.hevc.decoder#975] MediaCodec discarded an unknown buffer
10-09 17:31:55.720 12436 17148 D CCodec  : allocate(c2.android.hevc.decoder)
10-09 17:31:55.723 12436 17148 I CCodec  : setting up 'default' as default (vendor) store
10-09 17:31:55.732 12436 17148 I CCodec  : Created component [c2.android.hevc.decoder] for [c2.android.hevc.decoder]
10-09 17:31:55.733 12436 17148 D CCodecConfig: read media type: video/hevc
10-09 17:31:55.744 12436 17148 D CCodecConfig: ignoring local param raw.size (0xd2001800) as it is already supported
10-09 17:31:55.744 12436 17148 D CCodecConfig: ignoring local param default.color (0x5200180b) as it is already supported
10-09 17:31:55.747 12436 17148 I CCodecConfig: query failed after returning 12 values (BAD_INDEX)
10-09 17:31:55.747 12436 17148 D CCodecConfig: c2 config diff is Dict {
10-09 17:31:55.747 12436 17148 D CCodecConfig:   c2::u32 coded.pl.level = 24584
10-09 17:31:55.747 12436 17148 D CCodecConfig:   c2::u32 coded.pl.profile = 24576
10-09 17:31:55.747 12436 17148 D CCodecConfig:   c2::u32 coded.vui.color.matrix = 0
10-09 17:31:55.747 12436 17148 D CCodecConfig:   c2::u32 coded.vui.color.primaries = 0
10-09 17:31:55.747 12436 17148 D CCodecConfig:   c2::u32 coded.vui.color.range = 2
10-09 17:31:55.747 12436 17148 D CCodecConfig:   c2::u32 coded.vui.color.transfer = 0
10-09 17:31:55.747 12436 17148 D CCodecConfig:   c2::u32 default.color.matrix = 0
10-09 17:31:55.747 12436 17148 D CCodecConfig:   c2::u32 default.color.primaries = 0
10-09 17:31:55.747 12436 17148 D CCodecConfig:   c2::u32 default.color.range = 0
10-09 17:31:55.747 12436 17148 D CCodecConfig:   c2::u32 default.color.transfer = 0
10-09 17:31:55.747 12436 17148 D CCodecConfig:   c2::u32 input.buffers.max-size.value = 2097152
10-09 17:31:55.747 12436 17148 D CCodecConfig:   c2::u32 input.delay.value = 0
10-09 17:31:55.747 12436 17148 D CCodecConfig:   string input.media-type.value = "video/hevc"
10-09 17:31:55.747 12436 17148 D CCodecConfig:   c2::u32 output.delay.value = 8
10-09 17:31:55.747 12436 17148 D CCodecConfig:   string output.media-type.value = "video/raw"
10-09 17:31:55.747 12436 17148 D CCodecConfig:   c2::u32 raw.color.matrix = 0
10-09 17:31:55.747 12436 17148 D CCodecConfig:   c2::u32 raw.color.primaries = 0
10-09 17:31:55.747 12436 17148 D CCodecConfig:   c2::u32 raw.color.range = 2
10-09 17:31:55.747 12436 17148 D CCodecConfig:   c2::u32 raw.color.transfer = 0
10-09 17:31:55.747 12436 17148 D CCodecConfig:   c2::u32 raw.max-size.height = 240
10-09 17:31:55.747 12436 17148 D CCodecConfig:   c2::u32 raw.max-size.width = 320
10-09 17:31:55.747 12436 17148 D CCodecConfig:   c2::u32 raw.pixel-format.value = 35
10-09 17:31:55.747 12436 17148 D CCodecConfig:   c2::i32 raw.rotation.flip = 0
10-09 17:31:55.747 12436 17148 D CCodecConfig:   c2::i32 raw.rotation.value = 0
10-09 17:31:55.747 12436 17148 D CCodecConfig:   c2::u32 raw.sar.height = 1
10-09 17:31:55.747 12436 17148 D CCodecConfig:   c2::u32 raw.sar.width = 1
10-09 17:31:55.747 12436 17148 D CCodecConfig:   c2::u32 raw.size.height = 240
10-09 17:31:55.747 12436 17148 D CCodecConfig:   c2::u32 raw.size.width = 320
10-09 17:31:55.747 12436 17148 D CCodecConfig:   c2
10-09 17:31:55.751 12436 17145 I MediaCodec: media_quality service unavailable, skipping updatePictureProfile
10-09 17:31:55.752 12436 17147 I MediaCodec: [c2.android.hevc.decoder] setting surface generation to 12734487
10-09 17:31:55.752 12436 17148 D CCodec  : [c2.android.hevc.decoder] buffers are bound to CCodec for this session
10-09 17:31:55.752 12436 17148 D CCodecConfig: no c2 equivalents for color-format
10-09 17:31:55.752 12436 17148 D CCodecConfig: no c2 equivalents for native-window
10-09 17:31:55.752 12436 17148 D CCodecConfig: no c2 equivalents for native-window-generation
10-09 17:31:55.752 12436 17148 D CCodecConfig: no c2 equivalents for flags
10-09 17:31:55.753 12436 17148 D CCodecConfig: c2 config diff is   c2::u32 raw.size.height = 1280
10-09 17:31:55.753 12436 17148 D CCodecConfig:   c2::u32 raw.size.width = 720
10-09 17:31:55.754 12436 17148 D CCodec  : encoding statistics level = 0
10-09 17:31:55.754 12436 17148 D CCodec  : setup formats input: AMessage(what = 0x00000000) = {
10-09 17:31:55.754 12436 17148 D CCodec  :   int32_t height = 1280
10-09 17:31:55.754 12436 17148 D CCodec  :   int32_t level = 65536
10-09 17:31:55.754 12436 17148 D CCodec  :   int32_t max-input-size = 2097152
10-09 17:31:55.754 12436 17148 D CCodec  :   string mime = "video/hevc"
10-09 17:31:55.754 12436 17148 D CCodec  :   int32_t profile = 1
10-09 17:31:55.754 12436 17148 D CCodec  :   int32_t width = 720
10-09 17:31:55.754 12436 17148 D CCodec  :   Rect crop(0, 0, 719, 1279)
10-09 17:31:55.754 12436 17148 D CCodec  : }
10-09 17:31:55.754 12436 17148 D CCodec  : setup formats output: AMessage(what = 0x00000000) = {
10-09 17:31:55.754 12436 17148 D CCodec  :   int32_t android._color-format = 2135033992
10-09 17:31:55.754 12436 17148 D CCodec  :   int32_t android._video-scaling = 1
10-09 17:31:55.754 12436 17148 D CCodec  :   int32_t rotation-degrees = 0
10-09 17:31:55.754 12436 17148 D CCodec  :   int32_t color-standard = 1
10-09 17:31:55.754 12436 17148 D CCodec  :   int32_t color-range = 2
10-09 17:31:55.754 12436 17148 D CCodec  :   int32_t color-transfer = 3
10-09 17:31:55.754 12436 17148 D CCodec  :   int32_t sar-height = 1
10-09 17:31:55.754 12436 17148 D CCodec  :   int32_t sar-width = 1
10-09 17:31:55.754 12436 17148 D CCodec  :   Rect crop(0, 0, 719, 1279)
10-09 17:31:55.754 12436 17148 D CCodec  :   int32_t width = 720
10-09 17:31:55.754 12436 17148 D CCodec  :   int32_t height = 1280
10-09 17:31:55.754 12436 17148 D CCodec  :   int32_t max-height = 240
10-09 17:31:55.754 12436 17148 D CCodec  :   int32_t max-width = 320
10-09 17:31:55.754 12436 17148 D CCodec  :   string mime = "video/raw"
10-09 17:31:55.754 12436 17148 D CCodec  :   int32_t android._dataspace = 260
10-09 17:31:55.754 12436 17148 D CCodec  :   int32_t color-format = 2135033992
10-09 17:31:55.754 12436 17148 D CCodec  : }
10-09 17:31:55.754 12436 17148 I CCodecConfig: query failed after returning 12 values (BAD_INDEX)
10-09 17:31:55.754 12436 17148 D CCodecConfig: c2 config diff is   c2::u32 raw.max-size.height = 1280
10-09 17:31:55.754 12436 17148 D CCodecConfig:   c2::u32 raw.max-size.width = 720
10-09 17:31:55.755 12436 17147 I MediaCodec: MediaCodec will operate in async mode
10-09 17:31:55.755 12436 17145 D MediaCodec: keep callback message for reclaim
10-09 17:31:55.764 12436 17148 D CCodecBufferChannel: [c2.android.hevc.decoder#705] Created input block pool with allocatorID 16 => poolID 43 - OK (0)
10-09 17:31:55.765 12436 17148 D CCodecBufferChannel: [c2.android.hevc.decoder#705] Query output surface allocator returned 0 params => BAD_INDEX (6)
10-09 17:31:55.765 12436 17148 D Codec2Client: GraphicBufferAllocator created
10-09 17:31:55.767 12436 17148 I CCodecBufferChannel: [c2.android.hevc.decoder#705] Created output block pool with allocatorID 18 => poolID 1028 - OK
10-09 17:31:55.767 12436 17148 D CCodecBufferChannel: [c2.android.hevc.decoder#705] Configured output block pool ids 1028 => OK
10-09 17:31:55.767 12436 17148 D Codec2Client: setOutputSurface -- failed to set consumer usage (6/BAD_INDEX)
10-09 17:31:55.768 12436 17148 D Codec2Client: setOutputSurface -- generation=12734487 consumer usage=0x900
10-09 17:31:55.782 12436 17148 D CCodecConfig: c2 config diff is   c2::u32 output.delay.value = 0
10-09 17:31:55.782 12436 17148 D CCodecConfig:   c2::u32 raw.size.height = 896
10-09 17:31:55.782 12436 17148 D CCodecConfig:   c2::u32 raw.size.width = 504
10-09 17:31:55.793 12436 17148 D CCodecConfig: c2 config diff is   c2::u32 raw.color.matrix = 1
10-09 17:31:55.793 12436 17148 D CCodecConfig:   c2::u32 raw.color.primaries = 1
10-09 17:31:55.793 12436 17148 D CCodecConfig:   c2::u32 raw.color.transfer = 3
10-09 17:31:55.793 12436 17148 D CCodecConfig:   c2::u32 raw.crop.height = 896
10-09 17:31:55.793 12436 17148 D CCodecConfig:   c2::u32 raw.crop.left = 0
10-09 17:31:55.793 12436 17148 D CCodecConfig:   c2::u32 raw.crop.top = 0
10-09 17:31:55.793 12436 17148 D CCodecConfig:   c2::u32 raw.crop.width = 504
10-09 17:31:55.794 12436 17148 D CCodecBuffers: [c2.android.hevc.decoder#705:2D-Output] popFromStashAndRegister: at 108152531574us, output format changed to AMessage(what = 0x00000000) = {
10-09 17:31:55.794 12436 17148 D CCodecBuffers:   int32_t android._color-format = 2135033992
10-09 17:31:55.794 12436 17148 D CCodecBuffers:   int32_t android._video-scaling = 1
10-09 17:31:55.794 12436 17148 D CCodecBuffers:   int32_t rotation-degrees = 0
10-09 17:31:55.794 12436 17148 D CCodecBuffers:   int32_t color-standard = 1
10-09 17:31:55.794 12436 17148 D CCodecBuffers:   int32_t color-range = 2
10-09 17:31:55.794 12436 17148 D CCodecBuffers:   int32_t color-transfer = 3
10-09 17:31:55.794 12436 17148 D CCodecBuffers:   int32_t sar-height = 1
10-09 17:31:55.794 12436 17148 D CCodecBuffers:   int32_t sar-width = 1
10-09 17:31:55.794 12436 17148 D CCodecBuffers:   Rect crop(0, 0, 503, 895)
10-09 17:31:55.794 12436 17148 D CCodecBuffers:   int32_t width = 504
10-09 17:31:55.794 12436 17148 D CCodecBuffers:   int32_t height = 896
10-09 17:31:55.794 12436 17148 D CCodecBuffers:   int32_t max-height = 1280
10-09 17:31:55.794 12436 17148 D CCodecBuffers:   int32_t max-width = 720
10-09 17:31:55.794 12436 17148 D CCodecBuffers:   string mime = "video/raw"
10-09 17:31:55.794 12436 17148 D CCodecBuffers:   int32_t android._dataspace = 260
10-09 17:31:55.794 12436 17148 D CCodecBuffers:   int32_t color-format = 2135033992
10-09 17:31:55.794 12436 17148 D CCodecBuffers: }
10-09 17:31:56.138 12436 17259 W VideoProtocolFactoryWarehouse.cpp: VideoProtocol ProxyEnabled=0
10-09 17:31:56.211 12436 13310 W VideoProtocolClientImpl.cpp: VideoProtocol transport connected
10-09 17:31:56.813 12436 12573 E msys    : E[N mns]_OnDiskCacheGetData(632)=>Start post callback cache refresh DNS resolution
10-09 17:31:58.965 12436 17259 D MediaCodecList: codecHandlesFormat: no format, so no extra checks
10-09 17:31:58.966 12436 17259 D MediaCodecList: codecHandlesFormat: no format, so no extra checks
10-09 17:31:58.977 12436 17269 D CCodec  : allocate(c2.exynos.h264.encoder)
10-09 17:31:58.977  1054 18766 D Hal2AidlMapper: [default] prepareToOpenStream: handle 1294, mixPortHalId 1001, device AudioDevice{type: AudioDeviceDescription{type: IN_MICROPHONE_BACK, connection: }, address: AudioDeviceAddress{id: back}}, flags AudioIoFlags{input: 0}, source CAMCORDER, config AudioConfig{base: AudioConfigBase{sampleRate: 48000, channelMask: AudioChannelLayout{layoutMask: 1}, format: AudioFormatDescription{type: PCM, pcm: INT_16_BIT, encoding: }}, offloadInfo: AudioOffloadInfo{base: AudioConfigBase{sampleRate: 0, channelMask: AudioChannelLayout{none: 0}, format: AudioFormatDescription{type: DEFAULT, pcm: DEFAULT, encoding: }}, streamType: VOICE_CALL, bitRatePerSecond: 0, durationUs: 0, hasVideo: false, isStreaming: false, bitWidth: 16, offloadBufferSize: 0, usage: UNKNOWN, encapsulationMode: NONE, contentId: 0, syncId: 0}, frameCount: 0}, mixport config AudioPortConfig{id: 0, portId: 0, sampleRate: (null), channelMask: (null), format: (null), gain: (null), flags: (null), ext: AudioPortExt{unspecified: false}}
10-09 17:31:58.980 12436 17269 I CCodec  : setting up 'default' as default (vendor) store
10-09 17:31:59.014 12436 17269 I CCodec  : Created component [c2.exynos.h264.encoder] for [c2.exynos.h264.encoder]
10-09 17:31:59.015   980  4862 I ASvc::StreamIn: setMicrophoneFieldDimension (primary-capture) : zoom = 0
10-09 17:31:59.016 12436 17269 D CCodecConfig: read media type: video/avc
10-09 17:31:59.032 12436 17269 D CCodecConfig: ignoring local param raw.color (0xc2001809) as it is already supported
10-09 17:31:59.034 12436 17269 I CCodecConfig: query failed after returning 21 values (BAD_INDEX)
10-09 17:31:59.034 12436 17269 D CCodecConfig: c2 config diff is Dict {
10-09 17:31:59.034 12436 17269 D CCodecConfig:   c2::u32 algo.bitrate-mode.value = 3
10-09 17:31:59.034 12436 17269 D CCodecConfig:   c2::u32 algo.encoding-quality-level.value = 0
10-09 17:31:59.034 12436 17269 D CCodecConfig:   c2::i32 algo.priority.value = 0
10-09 17:31:59.034 12436 17269 D CCodecConfig:   c2::float algo.rate.value = 0
10-09 17:31:59.034 12436 17269 D CCodecConfig:   c2::i32 coded.average-qp.value = 0
10-09 17:31:59.034 12436 17269 D CCodecConfig:   c2::u32 coded.bitrate-mode.value = 1
10-09 17:31:59.034 12436 17269 D CCodecConfig:   c2::u32 coded.bitrate.value = 64000
10-09 17:31:59.034 12436 17269 D CCodecConfig:   c2::float coded.frame-rate.value = 15
10-09 17:31:59.034 12436 17269 D CCodecConfig:   c2::u32 coded.hdr-format.value = 0
10-09 17:31:59.034 12436 17269 D CCodecConfig:   c2::u32 coded.picture-type.value = 0
10-09 17:31:59.034 12436 17269 D CCodecConfig:   c2::u32 coded.pl.level = 20480
10-09 17:31:59.034 12436 17269 D CCodecConfig:   c2::u32 coded.pl.profile = 20484
10-09 17:31:59.034 12436 17269 D CCodecConfig:   c2::u32 coding.intra-refresh.mode = 0
10-09 17:31:59.034 12436 17269 D CCodecConfig:   c2::float coding.intra-refresh.period = 0
10-09 17:31:59.034 12436 17269 D CCodecConfig:   c2::u32 coding.request-sync-frame.value = 0
10-09 17:31:59.034 12436 17269 D CCodecConfig:   c2::i64 coding.sync-frame-interval.value = 1000000
10-09 17:31:59.034 12436 17269 D CCodecConfig:   Buffer coding.temporal-layering = {
10-09 17:31:59.034 12436 17269 D CCodecConfig:     00000000:  10 00 00 00 07 20 01 52  00 00 00 00 00 00 00 00  ..... .R........
10-09 17:31:59.034 12436 17269 D CCodecConfig:   }
10-09 17:31:59.034 12436 17269 D CCodecConfig:   c2::u32 input.delay.value = 0
10-09 17:31:59.034 12436 17269 D CCodecConfig:   string input.media-type.value = "video/raw"
10-09 17:31:59.034 12436 17269 D CCodecConfig:   c2::u32 output.buffers.prepend-header.value = 0
10-09 17:31:59.034 12436 17269 D CCodecConfig:   string output.media-type.value = "video/avc"
10-09 17:31:59.034 12436 17269 D CCodecConfig:   c2::u32 raw.color.matrix = 0
10-09 17:31:59.034 12436 17269 D CCodecConfig:   c2::u32 raw.color.primaries = 0
10-09 17:31:59.034 12436 17269 D CCodecConfig:  
10-09 17:31:59.037 12436 17259 I MediaCodec: media_quality service unavailable, skipping updatePictureProfile
10-09 17:31:59.037 12436 17259 D VQApply : minquality: codec claims to implement minquality=1
10-09 17:31:59.037 12436 17259 D MediaCodec: shapeMediaFormat: deltas(1): AMessage(what = 0x00000000) = {
10-09 17:31:59.037 12436 17259 D MediaCodec:     int32_t android._encoding-quality-level = 1
10-09 17:31:59.037 12436 17259 D MediaCodec:   }
10-09 17:31:59.038 12436 17269 D CCodec  : [c2.exynos.h264.encoder] buffers are bound to CCodec for this session
10-09 17:31:59.038 12436 17269 D CCodecConfig: no c2 equivalents for max-fps-to-encoder
10-09 17:31:59.038 12436 17269 D CCodecConfig: no c2 equivalents for color-format
10-09 17:31:59.038 12436 17269 D CCodecConfig: no c2 equivalents for flags
10-09 17:31:59.038 12436 17269 D CCodecConfig: no c2 equivalents for encoder
10-09 17:31:59.040 12436 17269 D CCodecConfig: c2 config diff is   c2::u32 algo.encoding-quality-level.value = 1
10-09 17:31:59.040 12436 17269 D CCodecConfig:   c2::u32 coded.bitrate.value = 1500000
10-09 17:31:59.040 12436 17269 D CCodecConfig:   c2::float coded.frame-rate.value = 30
10-09 17:31:59.040 12436 17269 D CCodecConfig:   c2::u32 coded.hdr-format.value = 1
10-09 17:31:59.040 12436 17269 D CCodecConfig:   c2::u32 coded.pl.level = 20489
10-09 17:31:59.040 12436 17269 D CCodecConfig:   c2::i64 coding.sync-frame-interval.value = 60000000
10-09 17:31:59.040 12436 17269 D CCodecConfig:   c2::u32 raw.size.height = 896
10-09 17:31:59.040 12436 17269 D CCodecConfig:   c2::u32 raw.size.width = 512
10-09 17:31:59.040 12436 17269 D CCodec  : encoding statistics level = 0
10-09 17:31:59.040 12436 17269 D CCodec  : setup formats input: AMessage(what = 0x00000000) = {
10-09 17:31:59.040 12436 17269 D CCodec  :   int32_t android._color-format = 2130708361
10-09 17:31:59.040 12436 17269 D CCodec  :   int32_t android._dataspace = 0
10-09 17:31:59.040 12436 17269 D CCodec  :   int32_t bitrate-mode = 1
10-09 17:31:59.040 12436 17269 D CCodec  :   int32_t frame-rate = 30
10-09 17:31:59.040 12436 17269 D CCodec  :   int32_t height = 896
10-09 17:31:59.040 12436 17269 D CCodec  :   int32_t intra-refresh-period = 0
10-09 17:31:59.040 12436 17269 D CCodec  :   string mime = "video/raw"
10-09 17:31:59.040 12436 17269 D CCodec  :   int32_t prepend-sps-pps-to-idr-frames = 0
10-09 17:31:59.040 12436 17269 D CCodec  :   int32_t priority = 0
10-09 17:31:59.040 12436 17269 D CCodec  :   int32_t video-qp-average = 0
10-09 17:31:59.040 12436 17269 D CCodec  :   int32_t width = 512
10-09 17:31:59.040 12436 17269 D CCodec  :   Rect crop(0, 0, 511, 895)
10-09 17:31:59.040 12436 17269 D CCodec  :   int64_t android._C2MemoryUsage = 1125899906908160
10-09 17:31:59.040 12436 17269 D CCodec  :   int32_t color-format = 2130708361
10-09 17:31:59.040 12436 17269 D CCodec  : }
10-09 17:31:59.040 12436 17269 D CCodec  : setup formats output: AMessage(what = 0x00000000) = {
10-09 17:31:59.040 12436 17269 D CCodec  :   int32_t bitrate = 1500000
10-09 17:31:59.040 12436 17269 D CCodec  :   int32_t bitrate-mode = 1
10-09 17:31:59.040 12436 17269 D CCodec  :   Rect crop(0, 0, 511, 895)
10-09 17:31:59.040 12436 17269 D CCodec  :   int32_t width = 512
10-09 17:31:59.040 12436 17269 D CCodec  :   int32_t color-standard = 0
10-09 17:31:59.040 12436 17269 D CCodec  :   int32_t color-range = 0
10-09 17:31:59.040 12436 17269 D CCodec  :   int32_t color-transfer = 0
10-09 17:31:59.040 12436 17269 D CCodec  :   int32_t frame-rate = 30
10-09 17:31:59.040 12436 17269 D CCodec  :   int32_t height = 896
10-09 17:31:59.040 12436 17269 D CCodec  :   int32_t intra-refresh-period = 0
10-09 17:31:59.040 12436 17269 D CCodec  :   int32_t level = 512
10-09 17:31:59.040 12436 17269 D CCodec  :   int32_t max-bitrate = 1500000
10-09 17:31:59.040 12436 17269 D CCodec  :   string mime = "video/avc"
10-09 17:31:59.040 12436 17269 D CCodec  :   int32_t prepend-sps-pps-to-idr-frames = 0
10-09 17:31:59.040 12436 17269 D CCodec  :   int32_t priority = 0
10-09 17:31:59.040 12436 17269 D CCodec  :   int32_t profile = 8
10-09 17:31:59.040 12436 17269 D CCodec  :   int32_t video-qp-average = 0
10-09 17:31:59.040 12436 17269 D CCodec  : }
10-09 17:31:59.041 12436 17269 I CCodecConfig: query failed after returning 22 values (BAD_INDEX)
10-09 17:31:59.041 12436 17269 D CCodec  : aidl based PersistentSurface created
10-09 17:31:59.042 12436 17269 D CCodec  : input format changed to AMessage(what = 0x00000000) = {
10-09 17:31:59.042 12436 17269 D CCodec  :   int32_t android._color-format = 2130708361
10-09 17:31:59.042 12436 17269 D CCodec  :   int32_t android._dataspace = 260
10-09 17:31:59.042 12436 17269 D CCodec  :   int32_t bitrate-mode = 1
10-09 17:31:59.042 12436 17269 D CCodec  :   int32_t frame-rate = 30
10-09 17:31:59.042 12436 17269 D CCodec  :   int32_t height = 896
10-09 17:31:59.042 12436 17269 D CCodec  :   int32_t intra-refresh-period = 0
10-09 17:31:59.042 12436 17269 D CCodec  :   string mime = "video/raw"
10-09 17:31:59.042 12436 17269 D CCodec  :   int32_t prepend-sps-pps-to-idr-frames = 0
10-09 17:31:59.042 12436 17269 D CCodec  :   int32_t priority = 0
10-09 17:31:59.042 12436 17269 D CCodec  :   int32_t video-qp-average = 0
10-09 17:31:59.042 12436 17269 D CCodec  :   int32_t width = 512
10-09 17:31:59.042 12436 17269 D CCodec  :   Rect crop(0, 0, 511, 895)
10-09 17:31:59.042 12436 17269 D CCodec  :   int64_t android._C2MemoryUsage = 1125899906908160
10-09 17:31:59.042 12436 17269 D CCodec  :   int32_t color-format = 2130708361
10-09 17:31:59.042 12436 17269 D CCodec  :   int32_t color-range = 2
10-09 17:31:59.042 12436 17269 D CCodec  :   int32_t color-standard = 1
10-09 17:31:59.042 12436 17269 D CCodec  :   int32_t color-transfer = 3
10-09 17:31:59.042 12436 17269 D CCodec  : }
10-09 17:31:59.043 12436 17269 D CCodec  : ISConfig maxFps=30
10-09 17:31:59.044   980 17272 I AHal::GsCapture: UpdateMicrophoneFieldDimension: with zoom 0
10-09 17:31:59.044   980 17272 I AHal::AocRecordTuning: WriteMicrophoneFieldDimension: 0 to value 0
10-09 17:31:59.046  1026 17274 I ExynosC2H264EncComponent: Creating ECOServiceStatsProvider c2.exynos.h264.encoder video/avc
10-09 17:31:59.052  1026 17276 D libexynosv4l2: try node: /dev/video6
10-09 17:31:59.055  1026 17276 D libexynosv4l2: try node: /dev/video7
10-09 17:31:59.055  1026 17276 I libexynosv4l2: node found for device s5p-mfc-enc: /dev/video7
10-09 17:31:59.073  1026 17276 I libexynosv4l2: open video device /dev/video7
10-09 17:31:59.079 12436 17269 D CCodecBufferChannel: [c2.exynos.h264.encoder#114] Created input block pool with allocatorID 17 => poolID 44 - OK (0)
10-09 17:31:59.081 12436 17269 I CCodecBufferChannel: [c2.exynos.h264.encoder#114] Created output block pool with allocatorID 16 => poolID 269 - OK
10-09 17:31:59.081 12436 17269 D CCodecBufferChannel: [c2.exynos.h264.encoder#114] Configured output block pool ids 269 => OK
10-09 17:31:59.088 12436 17259 D MediaCodecList: codecHandlesFormat: no format, so no extra checks
10-09 17:31:59.090 12436 17288 D CCodec  : allocate(c2.android.aac.encoder)
10-09 17:31:59.092 12436 17288 I CCodec  : setting up 'default' as default (vendor) store
10-09 17:31:59.103 12436 17288 I CCodec  : Created component [c2.android.aac.encoder] for [c2.android.aac.encoder]
10-09 17:31:59.103 12436 17288 D CCodecConfig: read media type: audio/mp4a-latm
10-09 17:31:59.111 12436 17288 I CCodecConfig: query failed after returning 10 values (BAD_INDEX)
10-09 17:31:59.111 12436 17288 D CCodecConfig: c2 config diff is Dict {
10-09 17:31:59.111 12436 17288 D CCodecConfig:   c2::u32 coded.bitrate.value = 64000
10-09 17:31:59.111 12436 17288 D CCodecConfig:   c2::u32 coded.pl.level = 0
10-09 17:31:59.111 12436 17288 D CCodecConfig:   c2::u32 coded.pl.profile = 8192
10-09 17:31:59.111 12436 17288 D CCodecConfig:   c2::u32 coding.aac-sbr-mode.value = 3
10-09 17:31:59.111 12436 17288 D CCodecConfig:   c2::u32 input.buffers.max-size.value = 2048
10-09 17:31:59.111 12436 17288 D CCodecConfig:   c2::u32 input.delay.value = 0
10-09 17:31:59.111 12436 17288 D CCodecConfig:   string input.media-type.value = "audio/raw"
10-09 17:31:59.111 12436 17288 D CCodecConfig:   c2::u32 output.large-frame.max-size = 0
10-09 17:31:59.111 12436 17288 D CCodecConfig:   c2::u32 output.large-frame.threshold-size = 0
10-09 17:31:59.111 12436 17288 D CCodecConfig:   string output.media-type.value = "audio/mp4a-latm"
10-09 17:31:59.111 12436 17288 D CCodecConfig:   c2::u32 raw.channel-count.value = 1
10-09 17:31:59.111 12436 17288 D CCodecConfig:   c2::u32 raw.sample-rate.value = 44100
10-09 17:31:59.111 12436 17288 D CCodecConfig: }
10-09 17:31:59.117 12436 17259 I MediaCodec: media_quality service unavailable, skipping updatePictureProfile
10-09 17:31:59.117 12436 17259 D MediaCodec: shapeMediaFormat: deltas(0): AMessage(what = 0x00000000) = {
10-09 17:31:59.117 12436 17259 D MediaCodec:   }
10-09 17:31:59.118 12436 17288 D CCodec  : [c2.android.aac.encoder] buffers are bound to CCodec for this session
10-09 17:31:59.118 12436 17288 D CCodecConfig: no c2 equivalents for flags
10-09 17:31:59.118 12436 17288 D CCodecConfig: no c2 equivalents for encoder
10-09 17:31:59.127 12436 17288 D CCodecConfig: c2 config diff is   c2::u32 coded.bitrate.value = 48000
10-09 17:31:59.127 12436 17288 D CCodecConfig:   c2::u32 coded.pl.profile = 8196
10-09 17:31:59.129 12436 17288 D CCodec  : encoding statistics level = 0
10-09 17:31:59.129 12436 17288 D CCodec  : setup formats input: AMessage(what = 0x00000000) = {
10-09 17:31:59.129 12436 17288 D CCodec  :   int32_t sample-rate = 44100
10-09 17:31:59.129 12436 17288 D CCodec  :   int32_t channel-count = 1
10-09 17:31:59.129 12436 17288 D CCodec  :   int32_t max-input-size = 2048
10-09 17:31:59.129 12436 17288 D CCodec  :   string mime = "audio/raw"
10-09 17:31:59.129 12436 17288 D CCodec  :   int32_t android._config-pcm-encoding = 2
10-09 17:31:59.129 12436 17288 D CCodec  : }
10-09 17:31:59.129 12436 17288 D CCodec  : setup formats output: AMessage(what = 0x00000000) = {
10-09 17:31:59.129 12436 17288 D CCodec  :   int32_t sample-rate = 44100
10-09 17:31:59.129 12436 17288 D CCodec  :   int32_t bitrate = 48000
10-09 17:31:59.129 12436 17288 D CCodec  :   int32_t buffer-batch-max-output-size = 0
10-09 17:31:59.129 12436 17288 D CCodec  :   int32_t buffer-batch-threshold-output-size = 0
10-09 17:31:59.129 12436 17288 D CCodec  :   int32_t channel-count = 1
10-09 17:31:59.129 12436 17288 D CCodec  :   int32_t level = 0
10-09 17:31:59.129 12436 17288 D CCodec  :   int32_t max-bitrate = 48000
10-09 17:31:59.129 12436 17288 D CCodec  :   string mime = "audio/mp4a-latm"
10-09 17:31:59.129 12436 17288 D CCodec  :   int32_t profile = 5
10-09 17:31:59.129 12436 17288 D CCodec  : }
10-09 17:31:59.131 12436 17288 I CCodecConfig: query failed after returning 10 values (BAD_INDEX)
10-09 17:31:59.137 12436 17288 D CCodecBufferChannel: [c2.android.aac.encoder#67] Created input block pool with allocatorID 16 => poolID 45 - OK (0)
10-09 17:31:59.140 12436 17288 I CCodecBufferChannel: [c2.android.aac.encoder#67] Created output block pool with allocatorID 16 => poolID 1030 - OK
10-09 17:31:59.140 12436 17288 D CCodecBufferChannel: [c2.android.aac.encoder#67] Configured output block pool ids 1030 => OK
10-09 17:31:59.140  1274 13861 E Codec2-ComponentInterface: We have a failed config
10-09 17:31:59.173 12436 17147 I CCodecBufferChannel: [c2.android.hevc.decoder#705] queueBuffer failed: 13
10-09 17:31:59.174 12436 17147 I MediaCodec: rendring output error 13
10-09 17:31:59.176 12436 17148 D CCodecBufferChannel: [c2.android.hevc.decoder#705] work failed to complete: 14
10-09 17:31:59.178 12436 17147 E MediaCodec: Codec reported err 0xe/14 (Unknown error -14), actionCode 0, while in state 6/STARTED
10-09 17:31:59.187 12436 17147 W MessageQueue: Handler (android.media.MediaCodec$EventHandler) {d0a883c} sending message to a Handler on a dead thread
10-09 17:31:59.187 12436 17147 W MessageQueue: java.lang.IllegalStateException: Handler (android.media.MediaCodec$EventHandler) {d0a883c} sending message to a Handler on a dead thread
10-09 17:31:59.187 12436 17147 W MessageQueue: 	at android.media.MediaCodec.postEventFromNative(MediaCodec.java:6045)
10-09 17:31:59.227  1274 17293 W mediaswcodec: AIBinder_linkToDeath is being called with a non-null cookie and no onUnlink callback set. This might not be intended. AIBinder_DeathRecipient_setOnUnlinked should be called first.
10-09 17:31:59.232   988 28160 I GCH_ZslSnapshotCaptureSession: Initialize: video sw denoise is enabled in GCH
10-09 17:31:59.235   988  2108 W Lyric   : stream_info_parser.cc:372: Camera Rear unknown stream: {type: Streaminfo, stream_id: 32775, camera_id: Rear, format: YCBCR_420_888, width: 1920, height: 1080, usage: [], stream_type: Output, use_case: Default, data_space: DataSpace(Custom)::Arbitrary, is_framework_physical_stream: 0, dynamic_range_profile: Standard, intended_for_max_resolution_mode: 0, group_id: -1, is_tunable: 1} does not fall in any known use case
10-09 17:31:59.235   988  2108 I Lyric   : stream_info_parser.cc:364: Camera Rear Preview stream: {type: Streaminfo, stream_id: 32769, camera_id: Rear, format: YCBCR_420_888, width: 1280, height: 720, usage: [HwTexture], stream_type: Output, use_case: Default, data_space: DataSpace(Color)::(Standard: BT709, Transfer: RGB, Range: Full), is_framework_physical_stream: 0, dynamic_range_profile: Standard, intended_for_max_resolution_mode: 0, group_id: -1, is_tunable: 1}
10-09 17:31:59.235   988  2108 W Lyric   : stream_info_parser.cc:372: Camera RearWide unknown stream: {type: Streaminfo, stream_id: 32776, camera_id: RearWide, format: YCBCR_420_888, width: 1920, height: 1080, usage: [], stream_type: Output, use_case: Default, data_space: DataSpace(Custom)::Arbitrary, is_framework_physical_stream: 0, dynamic_range_profile: Standard, intended_for_max_resolution_mode: 0, group_id: -1, is_tunable: 1} does not fall in any known use case
10-09 17:31:59.235   988  2108 I Lyric   : stream_info_parser.cc:364: Camera RearWide Preview stream: {type: Streaminfo, stream_id: 32770, camera_id: RearWide, format: YCBCR_420_888, width: 1280, height: 720, usage: [HwTexture], stream_type: Output, use_case: Default, data_space: DataSpace(Color)::(Standard: BT709, Transfer: RGB, Range: Full), is_framework_physical_stream: 0, dynamic_range_profile: Standard, intended_for_max_resolution_mode: 0, group_id: -1, is_tunable: 1}
10-09 17:31:59.235   988  2108 W Lyric   : stream_info_parser.cc:372: Camera RearVirtual unknown stream: {type: Streaminfo, stream_id: 32774, camera_id: RearVirtual, format: YCBCR_420_888, width: 1920, height: 1080, usage: [], stream_type: Output, use_case: Default, data_space: DataSpace(Custom)::Arbitrary, is_framework_physical_stream: 0, dynamic_range_profile: Standard, intended_for_max_resolution_mode: 0, group_id: -1, is_tunable: 1} does not fall in any known use case
10-09 17:31:59.235   988  2108 I Lyric   : stream_info_parser.cc:364: Camera RearVirtual Preview stream: {type: Streaminfo, stream_id: 32768, camera_id: RearVirtual, format: YCBCR_420_888, width: 1280, height: 720, usage: [HwTexture], stream_type: Output, use_case: Default, data_space: DataSpace(Color)::(Standard: BT709, Transfer: RGB, Range: Full), is_framework_physical_stream: 0, dynamic_range_profile: Standard, intended_for_max_resolution_mode: 0, group_id: -1, is_tunable: 1}
10-09 17:31:59.237   988 13130 I Lyric   : sensor_generic_driver.cc:1959: BOITATA GetModeIndex requirement {size = {width: 1920, height: 1080}, frame_rate_range = [15, 30], request_binning_mode = false, request_pd_stream = false, only_config_logical_cam_stream = true, camera_id = [<recursive>], require_full_fov = false, is_high_frame_rate = false, crop_margin = 0, is_sibling_camera_participating = true, sub_image_count = 1, is_face_auth = false, is_video_mode = false, is_high_resolution_mode = false, is_arkaroo_enabled = false, is_roshi_enabled = false, is_specific_aspect_ratio_video = false, require_exact_size = false, force_sensor_mode_index = -1, is_multi_cam_usecase = true, raw_stream_usecase = 0, is_high_resolution_standalone_mode = false} required aspect ratio 1.77778 pick_transition_mode 1 require exact size 0
10-09 17:31:59.237   988  2112 I Lyric   : sensor_generic_driver.cc:1959: SANDWORM GetModeIndex requirement {size = {width: 1920, height: 1080}, frame_rate_range = [15, 30], request_binning_mode = false, request_pd_stream = false, only_config_logical_cam_stream = true, camera_id = [<recursive>], require_full_fov = false, is_high_frame_rate = false, crop_margin = 0, is_sibling_camera_participating = false, sub_image_count = 1, is_face_auth = false, is_video_mode = false, is_high_resolution_mode = false, is_arkaroo_enabled = false, is_roshi_enabled = false, is_specific_aspect_ratio_video = false, require_exact_size = false, force_sensor_mode_index = -1, is_multi_cam_usecase = true, raw_stream_usecase = 0, is_high_resolution_standalone_mode = false} required aspect ratio 1.77778 pick_transition_mode 0 require exact size 0
10-09 17:31:59.238   988 13130 I Lyric   : eaf_node.cc:80: cam2_eaf: stream_id 32769, res 1280x720, pipeline_id 0, is_video_stream false
10-09 17:31:59.238   988  2112 I Lyric   : eaf_node.cc:80: cam3_eaf: stream_id 32770, res 1280x720, pipeline_id 0, is_video_stream false
10-09 17:31:59.238   988 13130 I Lyric   : zuma_isp_subgraph.cc:532: raw_to_yuv_for_snapshot_exceeding_video: Pipeline (ID: (instance_id: 209914), IPs: [ RawToYuv ], Max Outputs: 1, IPConnections: [ ], Usecase: Snapshot)
10-09 17:31:59.238   988  2112 I Lyric   : zuma_isp_subgraph.cc:532: raw_to_yuv_for_snapshot_exceeding_video: Pipeline (ID: (instance_id: 209920), IPs: [ RawToYuv ], Max Outputs: 1, IPConnections: [ ], Usecase: Snapshot)
10-09 17:31:59.238   988 13130 I Lyric   : zuma_isp_subgraph.cc:539: video_mesh_warp: Pipeline (ID: (instance_id: 209917), IPs: [ MeshWarp ], Max Outputs: 1, IPConnections: [ ], Usecase: Video)
10-09 17:31:59.238   988  2112 I Lyric   : zuma_isp_subgraph.cc:539: video_mesh_warp: Pipeline (ID: (instance_id: 209927), IPs: [ MeshWarp ], Max Outputs: 1, IPConnections: [ ], Usecase: Video)
10-09 17:31:59.238   988 13130 I Lyric   : zuma_isp_subgraph.cc:541: mesh_warp_for_snapshot_exceeding_video: Pipeline (ID: (instance_id: 209919), IPs: [ MeshWarp ], Max Outputs: 1, IPConnections: [ ], Usecase: Snapshot)
10-09 17:31:59.238   988  2112 I Lyric   : zuma_isp_subgraph.cc:541: mesh_warp_for_snapshot_exceeding_video: Pipeline (ID: (instance_id: 209928), IPs: [ MeshWarp ], Max Outputs: 1, IPConnections: [ ], Usecase: Snapshot)
10-09 17:31:59.238   988 13130 I Lyric   : zuma_isp_subgraph.cc:551: video_scaler: Pipeline (ID: (instance_id: 209926), IPs: [ Scaler ], Max Outputs: 0, IPConnections: [ ], Usecase: Video)
10-09 17:31:59.238   988 13130 I Lyric   : zuma_isp_subgraph.cc:553: scaler_for_snapshot_exceeding_video: Pipeline (ID: (instance_id: 209929), IPs: [ Scaler ], Max Outputs: 2, IPConnections: [ ], Usecase: Snapshot)
10-09 17:31:59.238   988  2112 I Lyric   : zuma_isp_subgraph.cc:551: video_scaler: Pipeline (ID: (instance_id: 209934), IPs: [ Scaler ], Max Outputs: 0, IPConnections: [ ], Usecase: Video)
10-09 17:31:59.238   988  2112 I Lyric   : zuma_isp_subgraph.cc:553: scaler_for_snapshot_exceeding_video: Pipeline (ID: (instance_id: 209936), IPs: [ Scaler ], Max Outputs: 2, IPConnections: [ ], Usecase: Snapshot)
10-09 17:31:59.239   988 13130 I Lyric   : whi_like_isp_back_end_core_subgraph.cc:933: RawToYuvNode for snapshot exceeding video is configured to output consumer type 2 fmt: HalImageFormat{ pixel_format = YCBCR_420_SPN_10B, stride_alignment = 64, num_buffers = 1 } for Rear
10-09 17:31:59.239   988  2112 I Lyric   : whi_like_isp_back_end_core_subgraph.cc:933: RawToYuvNode for snapshot exceeding video is configured to output consumer type 2 fmt: HalImageFormat{ pixel_format = YCBCR_420_SPN_10B, stride_alignment = 64, num_buffers = 1 } for RearWide
10-09 17:31:59.239   988 13130 I Lyric   : generic_subgraph.cc:3459: camera_id = 2; is_front_camera = 0; is_1p_camera_app = 0; video_call = 0
10-09 17:31:59.239   988  2112 I Lyric   : generic_subgraph.cc:3459: camera_id = 3; is_front_camera = 0; is_1p_camera_app = 0; video_call = 0
10-09 17:31:59.240   988  2118 I Lyric   : sensor_generic_driver.cc:1959: BOITATARM GetModeIndex requirement {size = {width: 1920, height: 1080}, frame_rate_range = [15, 30], request_binning_mode = false, request_pd_stream = false, only_config_logical_cam_stream = true, camera_id = [<recursive>], require_full_fov = false, is_high_frame_rate = false, crop_margin = 0, is_sibling_camera_participating = true, sub_image_count = 1, is_face_auth = false, is_video_mode = false, is_high_resolution_mode = false, is_arkaroo_enabled = false, is_roshi_enabled = false, is_specific_aspect_ratio_video = false, require_exact_size = false, force_sensor_mode_index = -1, is_multi_cam_usecase = true, raw_stream_usecase = 0, is_high_resolution_standalone_mode = false} required aspect ratio 1.77778 pick_transition_mode 0 require exact size 0
10-09 17:31:59.241   988  2118 I Lyric   : eaf_node.cc:80: cam4_eaf: stream_id 32768, res 1280x720, pipeline_id 0, is_video_stream false
