10-09 13:23:38.406 30492 30492 W PrefetchScheduler: shouldEnableVideoSchedulerByPass = true & skipVideoPrefetch = false
10-09 13:23:38.406 30492 30492 W PrefetchScheduler: Video prefetch request is NOT moved to background thread
10-09 13:23:38.406 30492 30492 W PrefetchScheduler: shouldEnableVideoSchedulerByPass = true & skipVideoPrefetch = false
10-09 13:23:38.406 30492 30492 W PrefetchScheduler: Video prefetch request is NOT moved to background thread
10-09 13:23:38.406 30492 30492 W PrefetchScheduler: shouldEnableVideoSchedulerByPass = true & skipVideoPrefetch = false
10-09 13:23:38.406 30492 30492 W PrefetchScheduler: Video prefetch request is NOT moved to background thread
10-09 13:23:38.442   988 28160 I GCH_ZslSnapshotCaptureSession: Initialize: video sw denoise is enabled in GCH
10-09 13:23:38.442 30492 30965 D CCodec  : allocate(c2.google.av1.decoder)
10-09 13:23:38.444 30492 30965 I CCodec  : setting up 'default' as default (vendor) store
10-09 13:23:38.444   988  2119 W Lyric   : stream_info_parser.cc:372: Camera Rear unknown stream: {type: Streaminfo, stream_id: 32774, camera_id: Rear, format: YCBCR_420_888, width: 4032, height: 2268, usage: [], stream_type: Output, use_case: Default, data_space: DataSpace(Custom)::Arbitrary, is_framework_physical_stream: 0, dynamic_range_profile: Standard, intended_for_max_resolution_mode: 0, group_id: -1, is_tunable: 1} does not fall in any known use case
10-09 13:23:38.444   988  2119 I Lyric   : stream_info_parser.cc:364: Camera Rear Preview stream: {type: Streaminfo, stream_id: 32768, camera_id: Rear, format: YCBCR_420_888, width: 1920, height: 1080, usage: [HwTexture], stream_type: Output, use_case: Default, data_space: DataSpace(Color)::(Standard: BT709, Transfer: RGB, Range: Full), is_framework_physical_stream: 0, dynamic_range_profile: Standard, intended_for_max_resolution_mode: 0, group_id: -1, is_tunable: 1}
10-09 13:23:38.444   988  2119 W Lyric   : stream_info_parser.cc:372: Camera RearWide unknown stream: {type: Streaminfo, stream_id: 32776, camera_id: RearWide, format: YCBCR_420_888, width: 4032, height: 2268, usage: [], stream_type: Output, use_case: Default, data_space: DataSpace(Custom)::Arbitrary, is_framework_physical_stream: 0, dynamic_range_profile: Standard, intended_for_max_resolution_mode: 0, group_id: -1, is_tunable: 1} does not fall in any known use case
10-09 13:23:38.444   988  2119 I Lyric   : stream_info_parser.cc:364: Camera RearWide Preview stream: {type: Streaminfo, stream_id: 32770, camera_id: RearWide, format: YCBCR_420_888, width: 1920, height: 1080, usage: [HwTexture], stream_type: Output, use_case: Default, data_space: DataSpace(Color)::(Standard: BT709, Transfer: RGB, Range: Full), is_framework_physical_stream: 0, dynamic_range_profile: Standard, intended_for_max_resolution_mode: 0, group_id: -1, is_tunable: 1}
10-09 13:23:38.444   988  2119 I Lyric   : stream_info_parser.cc:364: Camera RearVirtual Preview stream: {type: Streaminfo, stream_id: 32769, camera_id: RearVirtual, format: YCBCR_420_888, width: 1920, height: 1080, usage: [HwTexture], stream_type: Output, use_case: Default, data_space: DataSpace(Color)::(Standard: BT709, Transfer: RGB, Range: Full), is_framework_physical_stream: 0, dynamic_range_profile: Standard, intended_for_max_resolution_mode: 0, group_id: -1, is_tunable: 1}
10-09 13:23:38.444   988  2119 W Lyric   : stream_info_parser.cc:372: Camera RearVirtual unknown stream: {type: Streaminfo, stream_id: 32775, camera_id: RearVirtual, format: YCBCR_420_888, width: 4032, height: 2268, usage: [], stream_type: Output, use_case: Default, data_space: DataSpace(Custom)::Arbitrary, is_framework_physical_stream: 0, dynamic_range_profile: Standard, intended_for_max_resolution_mode: 0, group_id: -1, is_tunable: 1} does not fall in any known use case
10-09 13:23:38.445   988  2113 I Lyric   : sensor_generic_driver.cc:1959: BOITATA GetModeIndex requirement {size = {width: 4032, height: 2268}, frame_rate_range = [15, 30], request_binning_mode = false, request_pd_stream = false, only_config_logical_cam_stream = true, camera_id = [<recursive>], require_full_fov = false, is_high_frame_rate = false, crop_margin = 0, is_sibling_camera_participating = true, sub_image_count = 1, is_face_auth = false, is_video_mode = false, is_high_resolution_mode = false, is_arkaroo_enabled = false, is_roshi_enabled = false, is_specific_aspect_ratio_video = false, require_exact_size = false, force_sensor_mode_index = -1, is_multi_cam_usecase = true, raw_stream_usecase = 0, is_high_resolution_standalone_mode = false} required aspect ratio 1.77778 pick_transition_mode 1 require exact size 0
10-09 13:23:38.445   988 13138 I Lyric   : sensor_generic_driver.cc:1959: SANDWORM GetModeIndex requirement {size = {width: 4032, height: 2268}, frame_rate_range = [15, 30], request_binning_mode = false, request_pd_stream = false, only_config_logical_cam_stream = true, camera_id = [<recursive>], require_full_fov = false, is_high_frame_rate = false, crop_margin = 0, is_sibling_camera_participating = false, sub_image_count = 1, is_face_auth = false, is_video_mode = false, is_high_resolution_mode = false, is_arkaroo_enabled = false, is_roshi_enabled = false, is_specific_aspect_ratio_video = false, require_exact_size = false, force_sensor_mode_index = -1, is_multi_cam_usecase = true, raw_stream_usecase = 0, is_high_resolution_standalone_mode = false} required aspect ratio 1.77778 pick_transition_mode 0 require exact size 0
10-09 13:23:38.446   988  2113 I Lyric   : eaf_node.cc:80: cam2_eaf: stream_id 32768, res 1920x1080, pipeline_id 0, is_video_stream false
10-09 13:23:38.446   988  2113 I Lyric   : zuma_isp_subgraph.cc:532: raw_to_yuv_for_snapshot_exceeding_video: Pipeline (ID: (instance_id: 97266), IPs: [ RawToYuv ], Max Outputs: 1, IPConnections: [ ], Usecase: Snapshot)
10-09 13:23:38.446   988  2113 I Lyric   : zuma_isp_subgraph.cc:539: video_mesh_warp: Pipeline (ID: (instance_id: 97269), IPs: [ MeshWarp ], Max Outputs: 1, IPConnections: [ ], Usecase: Video)
10-09 13:23:38.446   988  2113 I Lyric   : zuma_isp_subgraph.cc:541: mesh_warp_for_snapshot_exceeding_video: Pipeline (ID: (instance_id: 97270), IPs: [ MeshWarp ], Max Outputs: 1, IPConnections: [ ], Usecase: Snapshot)
10-09 13:23:38.446   988  2113 I Lyric   : zuma_isp_subgraph.cc:551: video_scaler: Pipeline (ID: (instance_id: 97274), IPs: [ Scaler ], Max Outputs: 0, IPConnections: [ ], Usecase: Video)
10-09 13:23:38.446   988  2113 I Lyric   : zuma_isp_subgraph.cc:553: scaler_for_snapshot_exceeding_video: Pipeline (ID: (instance_id: 97275), IPs: [ Scaler ], Max Outputs: 2, IPConnections: [ ], Usecase: Snapshot)
10-09 13:23:38.446   988 13138 I Lyric   : eaf_node.cc:80: cam3_eaf: stream_id 32770, res 1920x1080, pipeline_id 0, is_video_stream false
10-09 13:23:38.446   988  2114 I Lyric   : sensor_generic_driver.cc:1959: BOITATARM GetModeIndex requirement {size = {width: 4032, height: 2268}, frame_rate_range = [15, 30], request_binning_mode = false, request_pd_stream = false, only_config_logical_cam_stream = true, camera_id = [<recursive>], require_full_fov = false, is_high_frame_rate = false, crop_margin = 0, is_sibling_camera_participating = true, sub_image_count = 1, is_face_auth = false, is_video_mode = false, is_high_resolution_mode = false, is_arkaroo_enabled = false, is_roshi_enabled = false, is_specific_aspect_ratio_video = false, require_exact_size = false, force_sensor_mode_index = -1, is_multi_cam_usecase = true, raw_stream_usecase = 0, is_high_resolution_standalone_mode = false} required aspect ratio 1.77778 pick_transition_mode 0 require exact size 0
10-09 13:23:38.446   988 13138 I Lyric   : zuma_isp_subgraph.cc:532: raw_to_yuv_for_snapshot_exceeding_video: Pipeline (ID: (instance_id: 97285), IPs: [ RawToYuv ], Max Outputs: 1, IPConnections: [ ], Usecase: Snapshot)
10-09 13:23:38.446   988  2113 I Lyric   : whi_like_isp_back_end_core_subgraph.cc:933: RawToYuvNode for snapshot exceeding video is configured to output consumer type 2 fmt: HalImageFormat{ pixel_format = YCBCR_420_SPN_10B, stride_alignment = 64, num_buffers = 1 } for Rear
10-09 13:23:38.446   988 13138 I Lyric   : zuma_isp_subgraph.cc:539: video_mesh_warp: Pipeline (ID: (instance_id: 97288), IPs: [ MeshWarp ], Max Outputs: 1, IPConnections: [ ], Usecase: Video)
10-09 13:23:38.446   988 13138 I Lyric   : zuma_isp_subgraph.cc:541: mesh_warp_for_snapshot_exceeding_video: Pipeline (ID: (instance_id: 97289), IPs: [ MeshWarp ], Max Outputs: 1, IPConnections: [ ], Usecase: Snapshot)
10-09 13:23:38.446   988 13138 I Lyric   : zuma_isp_subgraph.cc:551: video_scaler: Pipeline (ID: (instance_id: 97293), IPs: [ Scaler ], Max Outputs: 0, IPConnections: [ ], Usecase: Video)
10-09 13:23:38.446   988 13138 I Lyric   : zuma_isp_subgraph.cc:553: scaler_for_snapshot_exceeding_video: Pipeline (ID: (instance_id: 97294), IPs: [ Scaler ], Max Outputs: 2, IPConnections: [ ], Usecase: Snapshot)
10-09 13:23:38.447   988  2113 I Lyric   : generic_subgraph.cc:3459: camera_id = 2; is_front_camera = 0; is_1p_camera_app = 0; video_call = 0
10-09 13:23:38.447   988  2114 I Lyric   : eaf_node.cc:80: cam4_eaf: stream_id 32769, res 1920x1080, pipeline_id 0, is_video_stream false
10-09 13:23:38.447   988 13138 I Lyric   : whi_like_isp_back_end_core_subgraph.cc:933: RawToYuvNode for snapshot exceeding video is configured to output consumer type 2 fmt: HalImageFormat{ pixel_format = YCBCR_420_SPN_10B, stride_alignment = 64, num_buffers = 1 } for RearWide
10-09 13:23:38.447   988  2114 I Lyric   : zuma_isp_subgraph.cc:532: raw_to_yuv_for_snapshot_exceeding_video: Pipeline (ID: (instance_id: 97304), IPs: [ RawToYuv ], Max Outputs: 1, IPConnections: [ ], Usecase: Snapshot)
10-09 13:23:38.447   988  2114 I Lyric   : zuma_isp_subgraph.cc:539: video_mesh_warp: Pipeline (ID: (instance_id: 97307), IPs: [ MeshWarp ], Max Outputs: 1, IPConnections: [ ], Usecase: Video)
10-09 13:23:38.447   988  2114 I Lyric   : zuma_isp_subgraph.cc:541: mesh_warp_for_snapshot_exceeding_video: Pipeline (ID: (instance_id: 97308), IPs: [ MeshWarp ], Max Outputs: 1, IPConnections: [ ], Usecase: Snapshot)
10-09 13:23:38.447   988  2114 I Lyric   : zuma_isp_subgraph.cc:551: video_scaler: Pipeline (ID: (instance_id: 97312), IPs: [ Scaler ], Max Outputs: 0, IPConnections: [ ], Usecase: Video)
10-09 13:23:38.447   988  2114 I Lyric   : zuma_isp_subgraph.cc:553: scaler_for_snapshot_exceeding_video: Pipeline (ID: (instance_id: 97313), IPs: [ Scaler ], Max Outputs: 2, IPConnections: [ ], Usecase: Snapshot)
10-09 13:23:38.447   988  2114 I Lyric   : whi_like_isp_back_end_core_subgraph.cc:933: RawToYuvNode for snapshot exceeding video is configured to output consumer type 2 fmt: HalImageFormat{ pixel_format = YCBCR_420_SPN_10B, stride_alignment = 64, num_buffers = 1 } for RearVirtual
10-09 13:23:38.448   988 13138 I Lyric   : generic_subgraph.cc:3459: camera_id = 3; is_front_camera = 0; is_1p_camera_app = 0; video_call = 0
10-09 13:23:38.449   988  2114 I Lyric   : generic_subgraph.cc:3459: camera_id = 4; is_front_camera = 0; is_1p_camera_app = 0; video_call = 0
10-09 13:23:38.457   988  2119 I Lyric   : multicam_graph.cc:1366: number of video bokeh nodes connected to multicam routing node = 0
10-09 13:23:38.459   988  2119 I Lyric   : graph_configuration.cc:374: {type: Streaminfo, stream_id: 32769, camera_id: RearVirtual, format: YCBCR_420_888, width: 1920, height: 1080, usage: [HwTexture], stream_type: Output, use_case: Default, data_space: DataSpace(Color)::(Standard: BT709, Transfer: RGB, Range: Full), is_framework_physical_stream: 0, dynamic_range_profile: Standard, intended_for_max_resolution_mode: 0, group_id: -1, is_tunable: 1}
10-09 13:23:38.459   988  2119 I Lyric   : graph_configuration.cc:374: {type: Streaminfo, stream_id: 32772, camera_id: RearVirtual, format: BLOB, width: 4032, height: 2268, usage: [], stream_type: Output, use_case: Default, data_space: DataSpace(Color)::(Standard: BT601_625, Transfer: SMPTE_170M, Range: Full), is_framework_physical_stream: 0, dynamic_range_profile: Standard, intended_for_max_resolution_mode: 0, group_id: -1, is_tunable: 1}
10-09 13:23:38.459   988  2119 I Lyric   : graph_configuration.cc:374: {type: Streaminfo, stream_id: 32775, camera_id: RearVirtual, format: YCBCR_420_888, width: 4032, height: 2268, usage: [], stream_type: Output, use_case: Default, data_space: DataSpace(Custom)::Arbitrary, is_framework_physical_stream: 0, dynamic_range_profile: Standard, intended_for_max_resolution_mode: 0, group_id: -1, is_tunable: 1}
10-09 13:23:38.459   988  2119 I Lyric   : graph_configuration.cc:374: {type: Streaminfo, stream_id: 32773, camera_id: RearWide, format: BLOB, width: 4032, height: 2268, usage: [], stream_type: Output, use_case: Default, data_space: DataSpace(Color)::(Standard: BT601_625, Transfer: SMPTE_170M, Range: Full), is_framework_physical_stream: 0, dynamic_range_profile: Standard, intended_for_max_resolution_mode: 0, group_id: -1, is_tunable: 1}
10-09 13:23:38.459   988  2119 I Lyric   : graph_configuration.cc:374: {type: Streaminfo, stream_id: 32776, camera_id: RearWide, format: YCBCR_420_888, width: 4032, height: 2268, usage: [], stream_type: Output, use_case: Default, data_space: DataSpace(Custom)::Arbitrary, is_framework_physical_stream: 0, dynamic_range_profile: Standard, intended_for_max_resolution_mode: 0, group_id: -1, is_tunable: 1}
10-09 13:23:38.459   988  2119 I Lyric   : graph_configuration.cc:374: {type: Streaminfo, stream_id: 32770, camera_id: RearWide, format: YCBCR_420_888, width: 1920, height: 1080, usage: [HwTexture], stream_type: Output, use_case: Default, data_space: DataSpace(Color)::(Standard: BT709, Transfer: RGB, Range: Full), is_framework_physical_stream: 0, dynamic_range_profile: Standard, intended_for_max_resolution_mode: 0, group_id: -1, is_tunable: 1}
10-09 13:23:38.459   988  2119 I Lyric   : graph_configuration.cc:374: {type: Streaminfo, stream_id: 32768, camera_id: Rear, format: YCBCR_420_888, width: 1920, height: 1080, usage: [HwTexture], stream_type: Output, use_case: Default, data_space: DataSpace(Color)::(Standard: BT709, Transfer: RGB, Range: Full), is_framework_physical_stream: 0, dynamic_range_profile: Standard, intended_for_max_resolution_mode: 0, group_id: -1, is_tunable: 1}
10-09 13:23:38.459   988  2119 I Lyric   : graph_configuration.cc:374: {type: Streaminfo, stream_id: 32771, camera_id: Rear, format: BLOB, width: 4032, height: 2268, usage: [], stream_type: Output, use_case: Default, data_space: DataSpace(Color)::(Standard: BT601_625, Transfer: SMPTE_170M, Range: Full), is_framework_physical_stream: 0, dynamic_range_profile: Standard, intended_for_max_resolution_mode: 0, group_id: -1, is_tunable: 1}
10-09 13:23:38.459   988  2119 I Lyric   : graph_configuration.cc:374: {type: Streaminfo, stream_id: 32774, camera_id: Rear, format: YCBCR_420_888, width: 4032, height: 2268, usage: [], stream_type: Output, use_case: Default, data_space: DataSpace(Custom)::Arbitrary, is_framework_physical_stream: 0, dynamic_range_profile: Standard, intended_for_max_resolution_mode: 0, group_id: -1, is_tunable: 1}
10-09 13:23:38.462   988 28160 I native  : I0000 00:00:1760030618.462755   28160 node_export.cc:193] CatNodeCreate(EspVideoNode) took 0.06368 ms
10-09 13:23:38.468   988 30973 I native  : I0000 00:00:1760030618.468007   30973 llv_manager.cc:193] LLV DIMENSION: 1920x1080
10-09 13:23:38.471 30492 30965 I CCodec  : Created component [c2.google.av1.decoder] for [c2.google.av1.decoder]
10-09 13:23:38.471 30492 30965 D CCodecConfig: read media type: video/av01
10-09 13:23:38.473   988 30971 I native  : I0000 00:00:1760030618.473445   30971 brute_force_feature_matching.cc:49] Number of bins each image dimension is divided into: 5
10-09 13:23:38.475   988 30971 I native  : I0000 00:00:1760030618.475323   30971 brute_force_feature_matching.cc:49] Number of bins each image dimension is divided into: 5
10-09 13:23:38.475 30492 30965 D CCodecConfig: ignoring local param raw.size (0xd2001800) as it is already supported
10-09 13:23:38.475 30492 30965 D CCodecConfig: ignoring local param default.color (0x5200180b) as it is already supported
10-09 13:23:38.475 30492 30965 D CCodecConfig: ignoring local param raw.hdr-static-info (0xd200180a) as it is already supported
10-09 13:23:38.476 30492 30965 I CCodecConfig: query failed after returning 18 values (BAD_INDEX)
10-09 13:23:38.476 30492 30965 D CCodecConfig: c2 config diff is Dict {
10-09 13:23:38.476 30492 30965 D CCodecConfig:   c2::u32 algo.delay.value = 0
10-09 13:23:38.476 30492 30965 D CCodecConfig:   c2::i32 algo.priority.value = 0
10-09 13:23:38.476 30492 30965 D CCodecConfig:   c2::float algo.rate.value = 0
10-09 13:23:38.476 30492 30965 D CCodecConfig:   c2::u32 coded.pl.level = 36865
10-09 13:23:38.476 30492 30965 D CCodecConfig:   c2::u32 coded.pl.profile = 36864
10-09 13:23:38.476 30492 30965 D CCodecConfig:   c2::u32 coded.vui.color.matrix = 0
10-09 13:23:38.476 30492 30965 D CCodecConfig:   c2::u32 coded.vui.color.primaries = 0
10-09 13:23:38.476 30492 30965 D CCodecConfig:   c2::u32 coded.vui.color.range = 2
10-09 13:23:38.476 30492 30965 D CCodecConfig:   c2::u32 coded.vui.color.transfer = 0
10-09 13:23:38.476 30492 30965 D CCodecConfig:   c2::u32 default.color.matrix = 0
10-09 13:23:38.476 30492 30965 D CCodecConfig:   c2::u32 default.color.primaries = 0
10-09 13:23:38.476 30492 30965 D CCodecConfig:   c2::u32 default.color.range = 0
10-09 13:23:38.476 30492 30965 D CCodecConfig:   c2::u32 default.color.transfer = 0
10-09 13:23:38.476 30492 30965 D CCodecConfig:   c2::u32 input.buffers.max-size.value = 13271040
10-09 13:23:38.476 30492 30965 D CCodecConfig:   c2::u32 input.delay.value = 0
10-09 13:23:38.476 30492 30965 D CCodecConfig:   Buffer input.hdr10-plus-info.value = {
10-09 13:23:38.476 30492 30965 D CCodecConfig:   }
10-09 13:23:38.476 30492 30965 D CCodecConfig:   string input.media-type.value = "video/av01"
10-09 13:23:38.476 30492 30965 D CCodecConfig:   c2::u32 output.delay.value = 12
10-09 13:23:38.476 30492 30965 D CCodecConfig:   Buffer output.hdr10-plus-info.value = {
10-09 13:23:38.476 30492 30965 D CCodecConfig:   }
10-09 13:23:38.476 30492 30965 D CCodecConfig:   string output.media-type.value = "video/raw"
10-09 13:23:38.476 30492 30965 D CCodecConfig:   c2::u32 raw.color.matrix = 0
10-09 13:23:38.476 30492 30965 D CCodecConfig:   c2::u32 raw.color.primaries = 0
10-09 13:23:38.476 30492 30965 D CCodecConfig:   c2::u32 raw.color.range = 2
10-09 13:23:38.476 30492 30965 D CCodecConfig:   c2::u32 raw.color.transfer = 0
10-09 13:23:38.476 30492 30965 D CCodecConfig:   c2::float raw.hdr-static-info.mastering.blue.x = 0
10-09 13:23:38.476 30492 30965 D CCodecConfig:   c2::float raw.hdr-static-info.mastering.blue.y = 0
10-09 13:23:38.476 30492 30965 D CCodecConfig:   
10-09 13:23:38.478 30492 30961 I MediaCodec: media_quality service unavailable, skipping updatePictureProfile
10-09 13:23:38.478 30492 30964 I MediaCodec: [c2.google.av1.decoder] setting surface generation to 31223809
10-09 13:23:38.478 30492 30965 D CCodec  : [c2.google.av1.decoder] buffers are bound to CCodec for this session
10-09 13:23:38.478 30492 30965 D CCodecConfig: no c2 equivalents for color-standard
10-09 13:23:38.478 30492 30965 D CCodecConfig: no c2 equivalents for native-window
10-09 13:23:38.478 30492 30965 D CCodecConfig: no c2 equivalents for native-window-generation
10-09 13:23:38.478 30492 30965 D CCodecConfig: no c2 equivalents for flags
10-09 13:23:38.479 30492 30965 D CCodecConfig: c2 config diff is   c2::u32 default.color.matrix = 1
10-09 13:23:38.479 30492 30965 D CCodecConfig:   c2::u32 default.color.primaries = 1
10-09 13:23:38.479 30492 30965 D CCodecConfig:   c2::u32 default.color.range = 2
10-09 13:23:38.479 30492 30965 D CCodecConfig:   c2::u32 default.color.transfer = 3
10-09 13:23:38.479 30492 30965 D CCodecConfig:   c2::u32 raw.size.height = 1920
10-09 13:23:38.479 30492 30965 D CCodecConfig:   c2::u32 raw.size.width = 1080
10-09 13:23:38.480 30492 30965 D CCodec  : encoding statistics level = 0
10-09 13:23:38.480 30492 30965 D CCodec  : setup formats input: AMessage(what = 0x00000000) = {
10-09 13:23:38.480 30492 30965 D CCodec  :   int32_t height = 1920
10-09 13:23:38.480 30492 30965 D CCodec  :   int32_t level = 2
10-09 13:23:38.480 30492 30965 D CCodec  :   int32_t max-input-size = 13271040
10-09 13:23:38.480 30492 30965 D CCodec  :   string mime = "video/av01"
10-09 13:23:38.480 30492 30965 D CCodec  :   int32_t priority = 0
10-09 13:23:38.480 30492 30965 D CCodec  :   int32_t profile = 1
10-09 13:23:38.480 30492 30965 D CCodec  :   int32_t width = 1080
10-09 13:23:38.480 30492 30965 D CCodec  :   Rect crop(0, 0, 1079, 1919)
10-09 13:23:38.480 30492 30965 D CCodec  : }
10-09 13:23:38.480 30492 30965 D CCodec  : setup formats output: AMessage(what = 0x00000000) = {
10-09 13:23:38.480 30492 30965 D CCodec  :   int32_t android._color-format = 2130708361
10-09 13:23:38.480 30492 30965 D CCodec  :   int32_t android._video-scaling = 1
10-09 13:23:38.480 30492 30965 D CCodec  :   int32_t android._dataspace = 260
10-09 13:23:38.480 30492 30965 D CCodec  :   int32_t color-standard = 1
10-09 13:23:38.480 30492 30965 D CCodec  :   int32_t color-range = 2
10-09 13:23:38.480 30492 30965 D CCodec  :   int32_t color-transfer = 3
10-09 13:23:38.480 30492 30965 D CCodec  :   int32_t sar-height = 1
10-09 13:23:38.480 30492 30965 D CCodec  :   int32_t rotation-degrees = 0
10-09 13:23:38.480 30492 30965 D CCodec  :   Buffer hdr-static-info = {
10-09 13:23:38.480 30492 30965 D CCodec  :     00000000:  00 00 00 00 00 00 00 00  00 00 00 00 00 00 00 00  ................
10-09 13:23:38.480 30492 30965 D CCodec  :     00000010:  00 00 00 00 00 00 00 00  00                       .........
10-09 13:23:38.480 30492 30965 D CCodec  :   }
10-09 13:23:38.480 30492 30965 D CCodec  :   int32_t sar-width = 1
10-09 13:23:38.480 30492 30965 D CCodec  :   Rect crop(0, 0, 1079, 1919)
10-09 13:23:38.480 30492 30965 D CCodec  :   int32_t width = 1080
10-09 13:23:38.480 30492 30965 D CCodec  :   Buffer hdr10-plus-info = {
10-09 13:23:38.480 30492 30965 D CCodec  :   }
10-09 13:23:38.480 30492 30965 D CCodec  :   int32_t height = 1920
10-09 13:23:38.480 30492 30965 D CCodec  :   int32_t max-height = 2160
10-09 13:23:38.480 30492 30965 D CCodec  :   int32_t max-width = 4096
10-09 13:23:38.480 30492 30965 D CCodec  :   string mime = "video/raw"
10-09 13:23:38.480 30492 30965 D CCodec  :   int32_t priority = 0
10-09 13:23:38.480 30492 30965 D CCodec  :   int32_t color-format = 2130708361
10-09 13:23:38.480 30492 30965 D CCodec  : }
10-09 13:23:38.481 30492 30965 I CCodecConfig: query failed after returning 18 values (BAD_INDEX)
10-09 13:23:38.481   988 30973 I native  : I0000 00:00:1760030618.481183   30973 noise_model.cc:372] Profile resolution 120 x 68
10-09 13:23:38.481 30492 30965 D CCodecConfig: c2 config diff is   c2::u32 raw.color.matrix = 1
10-09 13:23:38.481 30492 30965 D CCodecConfig:   c2::u32 raw.color.primaries = 1
10-09 13:23:38.481 30492 30965 D CCodecConfig:   c2::u32 raw.color.transfer = 3
10-09 13:23:38.488 30492 30965 D CCodecBufferChannel: [c2.google.av1.decoder#897] Created input block pool with allocatorID 16 => poolID 17 - OK (0)
10-09 13:23:38.488 30492 30965 D Codec2Client: GraphicBufferAllocator created
10-09 13:23:38.490 30492 30965 I CCodecBufferChannel: [c2.google.av1.decoder#897] Created output block pool with allocatorID 18 => poolID 96 - OK
10-09 13:23:38.490 30492 30965 D CCodecBufferChannel: [c2.google.av1.decoder#897] Configured output block pool ids 96 => OK
10-09 13:23:38.491 30492 30965 D Codec2Client: setOutputSurface -- generation=31223809 consumer usage=0x900
10-09 13:23:38.493   988  1443 I G3ACoordinator: ae_session_config_parser_lyric.cc:201: ispfe_raw_input_resolution [width:4080, height:3072]
10-09 13:23:38.516   988  1444 I G3ACoordinator: ae_session_config_parser_lyric.cc:201: ispfe_raw_input_resolution [width:4032, height:2272]
10-09 13:23:38.526   988  1443 I G3ACoordinator: ae_session_config_parser_lyric.cc:201: ispfe_raw_input_resolution [width:4080, height:3072]
10-09 13:23:38.537 30492 30965 D CCodecConfig: c2 config diff is   c2::u32 raw.crop.height = 1920
10-09 13:23:38.537 30492 30965 D CCodecConfig:   c2::u32 raw.crop.left = 0
10-09 13:23:38.537 30492 30965 D CCodecConfig:   c2::u32 raw.crop.top = 0
10-09 13:23:38.537 30492 30965 D CCodecConfig:   c2::u32 raw.crop.width = 1080
10-09 13:23:38.537 30492 30965 D CCodecConfig:   c2::float raw.hdr-static-info.mastering.blue.x = 0.131
10-09 13:23:38.537 30492 30965 D CCodecConfig:   c2::float raw.hdr-static-info.mastering.blue.y = 0.046
10-09 13:23:38.537 30492 30965 D CCodecConfig:   c2::float raw.hdr-static-info.mastering.green.x = 0.17
10-09 13:23:38.537 30492 30965 D CCodecConfig:   c2::float raw.hdr-static-info.mastering.green.y = 0.797
10-09 13:23:38.537 30492 30965 D CCodecConfig:   c2::float raw.hdr-static-info.mastering.max-luminance = 1000
10-09 13:23:38.537 30492 30965 D CCodecConfig:   c2::float raw.hdr-static-info.mastering.min-luminance = 0.1
10-09 13:23:38.537 30492 30965 D CCodecConfig:   c2::float raw.hdr-static-info.mastering.red.x = 0.708
10-09 13:23:38.537 30492 30965 D CCodecConfig:   c2::float raw.hdr-static-info.mastering.red.y = 0.292
10-09 13:23:38.537 30492 30965 D CCodecConfig:   c2::float raw.hdr-static-info.mastering.white.x = 0.3127
10-09 13:23:38.537 30492 30965 D CCodecConfig:   c2::float raw.hdr-static-info.mastering.white.y = 0.329
10-09 13:23:38.537 30492 30965 D CCodecConfig:   c2::float raw.hdr-static-info.max-cll = 1000
10-09 13:23:38.537 30492 30965 D CCodecConfig:   c2::float raw.hdr-static-info.max-fall = 120
10-09 13:23:38.538 30492 30965 D CCodecBuffers: [c2.google.av1.decoder#897:2D-Output] popFromStashAndRegister: at 1000000000000us, output format changed to AMessage(what = 0x00000000) = {
10-09 13:23:38.538 30492 30965 D CCodecBuffers:   int32_t android._color-format = 2130708361
10-09 13:23:38.538 30492 30965 D CCodecBuffers:   int32_t android._video-scaling = 1
10-09 13:23:38.538 30492 30965 D CCodecBuffers:   int32_t android._dataspace = 260
10-09 13:23:38.538 30492 30965 D CCodecBuffers:   int32_t color-standard = 1
10-09 13:23:38.538 30492 30965 D CCodecBuffers:   int32_t color-range = 2
10-09 13:23:38.538 30492 30965 D CCodecBuffers:   int32_t color-transfer = 3
10-09 13:23:38.538 30492 30965 D CCodecBuffers:   int32_t sar-height = 1
10-09 13:23:38.538 30492 30965 D CCodecBuffers:   int32_t rotation-degrees = 0
10-09 13:23:38.538 30492 30965 D CCodecBuffers:   Buffer hdr-static-info = {
10-09 13:23:38.538 30492 30965 D CCodecBuffers:     00000000:  00 48 8a 08 39 34 21 aa  9b 96 19 fc 08 13 3d 42  .H..94!.......=B
10-09 13:23:38.538 30492 30965 D CCodecBuffers:     00000010:  40 e8 03 e8 03 e8 03 78  00                       @......x.
10-09 13:23:38.538 30492 30965 D CCodecBuffers:   }
10-09 13:23:38.538 30492 30965 D CCodecBuffers:   int32_t sar-width = 1
10-09 13:23:38.538 30492 30965 D CCodecBuffers:   Rect crop(0, 0, 1079, 1919)
10-09 13:23:38.538 30492 30965 D CCodecBuffers:   int32_t width = 1080
10-09 13:23:38.538 30492 30965 D CCodecBuffers:   Buffer hdr10-plus-info = {
10-09 13:23:38.538 30492 30965 D CCodecBuffers:   }
10-09 13:23:38.538 30492 30965 D CCodecBuffers:   int32_t height = 1920
10-09 13:23:38.538 30492 30965 D CCodecBuffers:   int32_t max-height = 2160
10-09 13:23:38.538 30492 30965 D CCodecBuffers:   int32_t max-width = 4096
10-09 13:23:38.538 30492 30965 D CCodecBuffers:   string mime = "video/raw"
10-09 13:23:38.538 30492 30965 D CCodecBuffers:   int32_t priority = 0
10-09 13:23:38.538 30492 30965 D CCodecBuffers:   int32_t color-format = 2130708361
10-09 13:23:38.538 30492 30965 D CCodecBuffers: }
10-09 13:23:38.564   988 28160 I GCH_Utils: IsSessionParameterCompatible: Ignore fps (15, 30) to (15, 30). video_60_to_30fps_thermal_throttle: 0. video_fps_throttle: 0.
10-09 13:23:38.596   988  2111 I Lyric   : scaler_node.cc:1017: The 0th output HalPixelFormat for cam2_preview_scaler YCBCR_420_888 resolution: 1920x1080
10-09 13:23:38.596   988  2111 I Lyric   : scaler_node.cc:1017: The 1th output HalPixelFormat for cam2_preview_scaler YCBCR_420_888 resolution: 4032x2268
10-09 13:23:38.605   988  2113 E native  : E0000 00:00:1760030618.605329    2113 llv_node.cc:1311] Dimension is not expected! width = 1920, height = 1080, stride_pixels = 1920, stride_bytes = 1920, width_uv = 960, height_uv = 540, stride_uv_pixels = 960, stride_uv_bytes = 1920
10-09 13:23:38.685 30773 29730 I DeviceHardwareStateManager: New device state brokenCamera: false, brokenSpeaker: false, brokenMicrophone: false, brokenNotificationLed: false, brokenImu: false, brokenDsp: false, brokenMcu: false, hingeState: OPEN, isTampered: false, thermalState: NORMAL, mediaPeakPowerState: NORMAL, videoCallingPeakPowerState: NORMAL, battery: Battery(stateOfCharge=100, isCharging=false, temperature=233, voltage=4014, displayMode=PERCENTAGE, incompatibleChargerDetected=false), caseBattery: Battery(stateOfCharge=255, isCharging=false, temperature=0, voltage=0, displayMode=DOTS, incompatibleChargerDetected=false), caseSystemInfo: CaseSystemInfo(serialNumber=null, firmwareVersion=null, isPresent=null), audioActive: false, cameraState: CAPTURE_READY, storageState: STABLE, isStreamingActive: false, inDeepSleep: false, isMounted: true, hotCarEventOccurred: false, registeredSNApps: [ASSISTANT]isSessionVerified: falseDeviceLockState: NO_LOCKPeakPowerUserExperienceThrottlingInfo: []
10-09 13:23:38.686 30773 29340 I SupernovaDeviceStateServiceImpl: Device DeviceRecord(identifier=77:0A:FA:69:00:21, name=RB Meta 000X, type=3, userData=null, pairedStateData=null, observingPresence=true, customName=null, customDeviceInfo=null, productRegistry=258) emitting state DeviceState(connectedState=CONNECTED, peerConnectedState=Disconnected, deviceBatteryDetails=Battery(stateOfCharge=100, isCharging=false, temperature=233, voltage=4014, displayMode=PERCENTAGE, incompatibleChargerDetected=false), caseBatteryDetails=Battery(stateOfCharge=255, isCharging=false, temperature=0, voltage=0, displayMode=DOTS, incompatibleChargerDetected=false), remedies=[], hardwareState=brokenCamera: false, brokenSpeaker: false, brokenMicrophone: false, brokenNotificationLed: false, brokenImu: false, brokenDsp: false, brokenMcu: false, hingeState: OPEN, isTampered: false, thermalState: NORMAL, mediaPeakPowerState: NORMAL, videoCallingPeakPowerState: NORMAL, battery: Battery(stateOfCharge=100, isCharging=false, temperature=233, voltage=4014, displayMode=PERCENTAGE, incompatibleChargerDetected=false), caseBattery: Battery(stateOfCharge=255, isCharging=false, temperature=0, voltage=0, displayMode=DOTS, incompatibleChargerDetected=false), caseSystemInfo: CaseSystemInfo(serialNumber=null, firmwareVersion=null, isPresent=null), audioActive: false, cameraState: CAPTURE_READY, storageState: STABLE, isStreamingActive: false, inDeepSleep: false, isMounted: true, hotCarEventOccurred: false, registeredSNApps: [ASSISTANT]isSessionVerified: falseDeviceLockState: NO_LOCKPeakPowerUserExperienceThrottlingInfo: [])
10-09 13:23:38.762 30492 30492 W PrefetchScheduler: shouldEnableVideoSchedulerByPass = true & skipVideoPrefetch = false
10-09 13:23:38.762 30492 30492 W PrefetchScheduler: Video prefetch request is NOT moved to background thread
10-09 13:23:38.762 30492 30492 W PrefetchScheduler: shouldEnableVideoSchedulerByPass = true & skipVideoPrefetch = false
10-09 13:23:38.762 30492 30492 W PrefetchScheduler: Video prefetch request is NOT moved to background thread
10-09 13:23:38.762 30492 30492 W PrefetchScheduler: shouldEnableVideoSchedulerByPass = true & skipVideoPrefetch = false
10-09 13:23:38.762 30492 30492 W PrefetchScheduler: Video prefetch request is NOT moved to background thread
10-09 13:23:39.045 30492 30793 W HeroManager: 	Codec: av01.0.05M.08.0.111.01.01.01.0
10-09 13:23:39.045 30492 30793 W HeroManager: 	renderMode: AUDIO_VIDEO
10-09 13:23:39.080 30492 31063 W VideoPrefetchScheduler: start prefetching bypassed
10-09 13:23:39.147   988 13140 I Lyric   : stream_info_parser.cc:364: Camera Rear Preview stream: {type: Streaminfo, stream_id: 32768, camera_id: Rear, format: YCBCR_420_888, width: 320, height: 240, usage: [HwComposer], stream_type: Output, use_case: Default, data_space: DataSpace(Color)::(Standard: BT709, Transfer: RGB, Range: Full), is_framework_physical_stream: 0, dynamic_range_profile: Standard, intended_for_max_resolution_mode: 0, group_id: -1, is_tunable: 1}
10-09 13:23:39.147   988 13140 I Lyric   : generic_subgraph.cc:1094: Rear request sensor binning for resolution 320x240
10-09 13:23:39.147   988 13140 I Lyric   : stream_info_parser.cc:364: Camera RearWide Preview stream: {type: Streaminfo, stream_id: 32769, camera_id: RearWide, format: YCBCR_420_888, width: 320, height: 240, usage: [HwComposer], stream_type: Output, use_case: Default, data_space: DataSpace(Color)::(Standard: BT709, Transfer: RGB, Range: Full), is_framework_physical_stream: 0, dynamic_range_profile: Standard, intended_for_max_resolution_mode: 0, group_id: -1, is_tunable: 1}
10-09 13:23:39.147   988 13140 I Lyric   : generic_subgraph.cc:1094: RearWide request sensor binning for resolution 320x240
10-09 13:23:39.148   988 13131 I Lyric   : sensor_generic_driver.cc:1959: SANDWORM GetModeIndex requirement {size = {width: 320, height: 240}, frame_rate_range = [15, 30], request_binning_mode = true, request_pd_stream = false, only_config_logical_cam_stream = true, camera_id = [<recursive>], require_full_fov = true, is_high_frame_rate = false, crop_margin = 0, is_sibling_camera_participating = false, sub_image_count = 1, is_face_auth = false, is_video_mode = false, is_high_resolution_mode = false, is_arkaroo_enabled = false, is_roshi_enabled = false, is_specific_aspect_ratio_video = false, require_exact_size = false, force_sensor_mode_index = -1, is_multi_cam_usecase = true, raw_stream_usecase = 0, is_high_resolution_standalone_mode = false} required aspect ratio 1.33687 pick_transition_mode 0 require exact size 0
10-09 13:23:39.148   988 13135 I Lyric   : sensor_generic_driver.cc:1959: BOITATA GetModeIndex requirement {size = {width: 320, height: 240}, frame_rate_range = [15, 30], request_binning_mode = true, request_pd_stream = false, only_config_logical_cam_stream = true, camera_id = [<recursive>], require_full_fov = true, is_high_frame_rate = false, crop_margin = 0, is_sibling_camera_participating = false, sub_image_count = 1, is_face_auth = false, is_video_mode = false, is_high_resolution_mode = false, is_arkaroo_enabled = false, is_roshi_enabled = false, is_specific_aspect_ratio_video = false, require_exact_size = false, force_sensor_mode_index = -1, is_multi_cam_usecase = true, raw_stream_usecase = 0, is_high_resolution_standalone_mode = false} required aspect ratio 1.32812 pick_transition_mode 0 require exact size 0
10-09 13:23:39.150   988 13131 I Lyric   : eaf_node.cc:80: cam3_eaf: stream_id 32769, res 320x240, pipeline_id 0, is_video_stream false
10-09 13:23:39.150   988 13131 I Lyric   : zuma_isp_subgraph.cc:532: raw_to_yuv_for_snapshot_exceeding_video: Pipeline (ID: (instance_id: 97391), IPs: [ RawToYuv ], Max Outputs: 1, IPConnections: [ ], Usecase: Snapshot)
10-09 13:23:39.150   988 13131 I Lyric   : zuma_isp_subgraph.cc:539: video_mesh_warp: Pipeline (ID: (instance_id: 97394), IPs: [ MeshWarp ], Max Outputs: 1, IPConnections: [ ], Usecase: Video)
10-09 13:23:39.150   988 13131 I Lyric   : zuma_isp_subgraph.cc:541: mesh_warp_for_snapshot_exceeding_video: Pipeline (ID: (instance_id: 97395), IPs: [ MeshWarp ], Max Outputs: 1, IPConnections: [ ], Usecase: Snapshot)
10-09 13:23:39.150   988 13131 I Lyric   : zuma_isp_subgraph.cc:551: video_scaler: Pipeline (ID: (instance_id: 97399), IPs: [ Scaler ], Max Outputs: 0, IPConnections: [ ], Usecase: Video)
10-09 13:23:39.150   988 13131 I Lyric   : zuma_isp_subgraph.cc:553: scaler_for_snapshot_exceeding_video: Pipeline (ID: (instance_id: 97400), IPs: [ Scaler ], Max Outputs: 0, IPConnections: [ ], Usecase: Snapshot)
10-09 13:23:39.150   988 13135 I Lyric   : eaf_node.cc:80: cam2_eaf: stream_id 32768, res 320x240, pipeline_id 0, is_video_stream false
10-09 13:23:39.150   988 13135 I Lyric   : zuma_isp_subgraph.cc:532: raw_to_yuv_for_snapshot_exceeding_video: Pipeline (ID: (instance_id: 97409), IPs: [ RawToYuv ], Max Outputs: 1, IPConnections: [ ], Usecase: Snapshot)
10-09 13:23:39.150   988 13135 I Lyric   : zuma_isp_subgraph.cc:539: video_mesh_warp: Pipeline (ID: (instance_id: 97412), IPs: [ MeshWarp ], Max Outputs: 1, IPConnections: [ ], Usecase: Video)
10-09 13:23:39.150   988 13135 I Lyric   : zuma_isp_subgraph.cc:541: mesh_warp_for_snapshot_exceeding_video: Pipeline (ID: (instance_id: 97413), IPs: [ MeshWarp ], Max Outputs: 1, IPConnections: [ ], Usecase: Snapshot)
10-09 13:23:39.150   988 13135 I Lyric   : zuma_isp_subgraph.cc:551: video_scaler: Pipeline (ID: (instance_id: 97417), IPs: [ Scaler ], Max Outputs: 0, IPConnections: [ ], Usecase: Video)
10-09 13:23:39.150   988 13135 I Lyric   : zuma_isp_subgraph.cc:553: scaler_for_snapshot_exceeding_video: Pipeline (ID: (instance_id: 97418), IPs: [ Scaler ], Max Outputs: 0, IPConnections: [ ], Usecase: Snapshot)
10-09 13:23:39.151   988 13131 I Lyric   : whi_like_isp_back_end_core_subgraph.cc:933: RawToYuvNode for snapshot exceeding video is configured to output consumer type 2 fmt: HalImageFormat{ pixel_format = YCBCR_420_SPN_10B, stride_alignment = 64, num_buffers = 1 } for RearWide
10-09 13:23:39.151   988 13135 I Lyric   : whi_like_isp_back_end_core_subgraph.cc:933: RawToYuvNode for snapshot exceeding video is configured to output consumer type 2 fmt: HalImageFormat{ pixel_format = YCBCR_420_SPN_10B, stride_alignment = 64, num_buffers = 1 } for Rear
10-09 13:23:39.151   988 13131 I Lyric   : generic_subgraph.cc:3459: camera_id = 3; is_front_camera = 0; is_1p_camera_app = 0; video_call = 0
10-09 13:23:39.151   988 13135 I Lyric   : generic_subgraph.cc:3459: camera_id = 2; is_front_camera = 0; is_1p_camera_app = 0; video_call = 0
10-09 13:23:39.155   988 13140 I Lyric   : multicam_graph.cc:1366: number of video bokeh nodes connected to multicam routing node = 0
10-09 13:23:39.156   988 13140 I Lyric   : graph_configuration.cc:374: {type: Streaminfo, stream_id: 32768, camera_id: Rear, format: YCBCR_420_888, width: 320, height: 240, usage: [HwComposer], stream_type: Output, use_case: Default, data_space: DataSpace(Color)::(Standard: BT709, Transfer: RGB, Range: Full), is_framework_physical_stream: 0, dynamic_range_profile: Standard, intended_for_max_resolution_mode: 0, group_id: -1, is_tunable: 1}
10-09 13:23:39.156   988 13140 I Lyric   : graph_configuration.cc:374: {type: Streaminfo, stream_id: 32769, camera_id: RearWide, format: YCBCR_420_888, width: 320, height: 240, usage: [HwComposer], stream_type: Output, use_case: Default, data_space: DataSpace(Color)::(Standard: BT709, Transfer: RGB, Range: Full), is_framework_physical_stream: 0, dynamic_range_profile: Standard, intended_for_max_resolution_mode: 0, group_id: -1, is_tunable: 1}
10-09 13:23:39.162   988 31094 I native  : I0000 00:00:1760030619.162491   31094 brute_force_feature_matching.cc:49] Number of bins each image dimension is divided into: 5
10-09 13:23:39.164   988 31094 I native  : I0000 00:00:1760030619.164957   31094 brute_force_feature_matching.cc:49] Number of bins each image dimension is divided into: 5
10-09 13:23:39.166   988 31097 I native  : I0000 00:00:1760030619.166855   31097 llv_manager.cc:193] LLV DIMENSION: 320x240
10-09 13:23:39.169   988 31097 I native  : I0000 00:00:1760030619.168998   31097 noise_model.cc:372] Profile resolution 20 x 15
10-09 13:23:39.176   988  1443 I G3ACoordinator: ae_session_config_parser_lyric.cc:201: ispfe_raw_input_resolution [width:2032, height:1536]
10-09 13:23:39.181   988  1442 I G3ACoordinator: ae_session_config_parser_lyric.cc:201: ispfe_raw_input_resolution [width:2016, height:1508]
10-09 13:23:39.190 30773 30773 I DeviceControlCenterRepository: DeviceId: 77:0A:FA:69:00:21 State: DeviceState(connectedState=CONNECTED, peerConnectedState=Disconnected, deviceBatteryDetails=Battery(stateOfCharge=100, isCharging=false, temperature=233, voltage=4014, displayMode=PERCENTAGE, incompatibleChargerDetected=false), caseBatteryDetails=Battery(stateOfCharge=255, isCharging=false, temperature=0, voltage=0, displayMode=DOTS, incompatibleChargerDetected=false), remedies=[], hardwareState=brokenCamera: false, brokenSpeaker: false, brokenMicrophone: false, brokenNotificationLed: false, brokenImu: false, brokenDsp: false, brokenMcu: false, hingeState: OPEN, isTampered: false, thermalState: NORMAL, mediaPeakPowerState: NORMAL, videoCallingPeakPowerState: NORMAL, battery: Battery(stateOfCharge=100, isCharging=false, temperature=233, voltage=4014, displayMode=PERCENTAGE, incompatibleChargerDetected=false), caseBattery: Battery(stateOfCharge=255, isCharging=false, temperature=0, voltage=0, displayMode=DOTS, incompatibleChargerDetected=false), caseSystemInfo: CaseSystemInfo(serialNumber=null, firmwareVersion=null, isPresent=null), audioActive: false, cameraState: CAPTURE_READY, storageState: STABLE, isStreamingActive: false, inDeepSleep: false, isMounted: true, hotCarEventOccurred: false, registeredSNApps: [ASSISTANT]isSessionVerified: falseDeviceLockState: NO_LOCKPeakPowerUserExperienceThrottlingInfo: [])
10-09 13:23:39.217   988  2112 I Lyric   : stream_info_parser.cc:364: Camera Rear Preview stream: {type: Streaminfo, stream_id: 32768, camera_id: Rear, format: YCBCR_P010, width: 1920, height: 1080, usage: [HwTexture], stream_type: Output, use_case: Default, data_space: DataSpace(Color)::(Standard: BT2020, Transfer: HLG, Range: Limited), is_framework_physical_stream: 0, dynamic_range_profile: HLG10, intended_for_max_resolution_mode: 0, group_id: -1, is_tunable: 1}
10-09 13:23:39.217   988  2112 I Lyric   : stream_info_parser.cc:364: Camera RearWide Preview stream: {type: Streaminfo, stream_id: 32769, camera_id: RearWide, format: YCBCR_P010, width: 1920, height: 1080, usage: [HwTexture], stream_type: Output, use_case: Default, data_space: DataSpace(Color)::(Standard: BT2020, Transfer: HLG, Range: Limited), is_framework_physical_stream: 0, dynamic_range_profile: HLG10, intended_for_max_resolution_mode: 0, group_id: -1, is_tunable: 1}
10-09 13:23:39.217   988  2112 I Lyric   : stream_info_parser.cc:364: Camera RearVirtual Preview stream: {type: Streaminfo, stream_id: 32770, camera_id: RearVirtual, format: YCBCR_P010, width: 1920, height: 1080, usage: [HwTexture], stream_type: Output, use_case: Default, data_space: DataSpace(Color)::(Standard: BT2020, Transfer: HLG, Range: Limited), is_framework_physical_stream: 0, dynamic_range_profile: HLG10, intended_for_max_resolution_mode: 0, group_id: -1, is_tunable: 1}
10-09 13:23:39.218   988  2115 I Lyric   : sensor_generic_driver.cc:1959: SANDWORM GetModeIndex requirement {size = {width: 4032, height: 2268}, frame_rate_range = [15, 30], request_binning_mode = false, request_pd_stream = false, only_config_logical_cam_stream = true, camera_id = [<recursive>], require_full_fov = false, is_high_frame_rate = false, crop_margin = 0, is_sibling_camera_participating = false, sub_image_count = 1, is_face_auth = false, is_video_mode = false, is_high_resolution_mode = false, is_arkaroo_enabled = false, is_roshi_enabled = false, is_specific_aspect_ratio_video = false, require_exact_size = false, force_sensor_mode_index = -1, is_multi_cam_usecase = true, raw_stream_usecase = 0, is_high_resolution_standalone_mode = false} required aspect ratio 1.77778 pick_transition_mode 0 require exact size 0
10-09 13:23:39.218   988  2111 I Lyric   : sensor_generic_driver.cc:1959: BOITATARM GetModeIndex requirement {size = {width: 4032, height: 2268}, frame_rate_range = [15, 30], request_binning_mode = false, request_pd_stream = false, only_config_logical_cam_stream = true, camera_id = [<recursive>], require_full_fov = false, is_high_frame_rate = false, crop_margin = 0, is_sibling_camera_participating = true, sub_image_count = 1, is_face_auth = false, is_video_mode = false, is_high_resolution_mode = false, is_arkaroo_enabled = false, is_roshi_enabled = false, is_specific_aspect_ratio_video = false, require_exact_size = false, force_sensor_mode_index = -1, is_multi_cam_usecase = true, raw_stream_usecase = 0, is_high_resolution_standalone_mode = false} required aspect ratio 1.77778 pick_transition_mode 0 require exact size 0
10-09 13:23:39.219   988  2111 I Lyric   : zuma_isp_subgraph.cc:532: raw_to_yuv_for_snapshot_exceeding_video: Pipeline (ID: (instance_id: 97446), IPs: [ RawToYuv ], Max Outputs: 1, IPConnections: [ ], Usecase: Snapshot)
10-09 13:23:39.219   988  2115 I Lyric   : zuma_isp_subgraph.cc:532: raw_to_yuv_for_snapshot_exceeding_video: Pipeline (ID: (instance_id: 97433), IPs: [ RawToYuv ], Max Outputs: 1, IPConnections: [ ], Usecase: Snapshot)
10-09 13:23:39.219   988  2111 I Lyric   : zuma_isp_subgraph.cc:539: video_mesh_warp: Pipeline (ID: (instance_id: 97452), IPs: [ MeshWarp ], Max Outputs: 1, IPConnections: [ ], Usecase: Video)
10-09 13:23:39.219   988  2115 I Lyric   : zuma_isp_subgraph.cc:539: video_mesh_warp: Pipeline (ID: (instance_id: 97436), IPs: [ MeshWarp ], Max Outputs: 1, IPConnections: [ ], Usecase: Video)
10-09 13:23:39.219   988  2111 I Lyric   : zuma_isp_subgraph.cc:541: mesh_warp_for_snapshot_exceeding_video: Pipeline (ID: (instance_id: 97454), IPs: [ MeshWarp ], Max Outputs: 1, IPConnections: [ ], Usecase: Snapshot)
10-09 13:23:39.219   988  2115 I Lyric   : zuma_isp_subgraph.cc:541: mesh_warp_for_snapshot_exceeding_video: Pipeline (ID: (instance_id: 97437), IPs: [ MeshWarp ], Max Outputs: 1, IPConnections: [ ], Usecase: Snapshot)
10-09 13:23:39.219   988  2111 I Lyric   : zuma_isp_subgraph.cc:551: video_scaler: Pipeline (ID: (instance_id: 97458), IPs: [ Scaler ], Max Outputs: 0, IPConnections: [ ], Usecase: Video)
10-09 13:23:39.219   988  2115 I Lyric   : zuma_isp_subgraph.cc:551: video_scaler: Pipeline (ID: (instance_id: 97441), IPs: [ Scaler ], Max Outputs: 0, IPConnections: [ ], Usecase: Video)
10-09 13:23:39.219   988  2111 I Lyric   : zuma_isp_subgraph.cc:553: scaler_for_snapshot_exceeding_video: Pipeline (ID: (instance_id: 97459), IPs: [ Scaler ], Max Outputs: 2, IPConnections: [ ], Usecase: Snapshot)
10-09 13:23:39.219   988  2115 I Lyric   : zuma_isp_subgraph.cc:553: scaler_for_snapshot_exceeding_video: Pipeline (ID: (instance_id: 97442), IPs: [ Scaler ], Max Outputs: 2, IPConnections: [ ], Usecase: Snapshot)
10-09 13:23:39.220   988  2111 I Lyric   : whi_like_isp_back_end_core_subgraph.cc:933: RawToYuvNode for snapshot exceeding video is configured to output consumer type 2 fmt: HalImageFormat{ pixel_format = YCBCR_420_SPN_10B, stride_alignment = 64, num_buffers = 1 } for RearVirtual
10-09 13:23:39.220   988  2115 I Lyric   : whi_like_isp_back_end_core_subgraph.cc:933: RawToYuvNode for snapshot exceeding video is configured to output consumer type 2 fmt: HalImageFormat{ pixel_format = YCBCR_420_SPN_10B, stride_alignment = 64, num_buffers = 1 } for RearWide
10-09 13:23:39.220   988  2118 I Lyric   : sensor_generic_driver.cc:1959: BOITATA GetModeIndex requirement {size = {width: 4032, height: 2268}, frame_rate_range = [15, 30], request_binning_mode = false, request_pd_stream = false, only_config_logical_cam_stream = true, camera_id = [<recursive>], require_full_fov = false, is_high_frame_rate = false, crop_margin = 0, is_sibling_camera_participating = true, sub_image_count = 1, is_face_auth = false, is_video_mode = false, is_high_resolution_mode = false, is_arkaroo_enabled = false, is_roshi_enabled = false, is_specific_aspect_ratio_video = false, require_exact_size = false, force_sensor_mode_index = -1, is_multi_cam_usecase = true, raw_stream_usecase = 0, is_high_resolution_standalone_mode = false} required aspect ratio 1.77778 pick_transition_mode 1 require exact size 0
10-09 13:23:39.220   988  2111 I Lyric   : generic_subgraph.cc:3459: camera_id = 4; is_front_camera = 0; is_1p_camera_app = 0; video_call = 0
10-09 13:23:39.221   988  2115 I Lyric   : generic_subgraph.cc:3459: camera_id = 3; is_front_camera = 0; is_1p_camera_app = 0; video_call = 0
10-09 13:23:39.221   988  2118 I Lyric   : zuma_isp_subgraph.cc:532: raw_to_yuv_for_snapshot_exceeding_video: Pipeline (ID: (instance_id: 97471), IPs: [ RawToYuv ], Max Outputs: 1, IPConnections: [ ], Usecase: Snapshot)
10-09 13:23:39.221   988  2118 I Lyric   : zuma_isp_subgraph.cc:539: video_mesh_warp: Pipeline (ID: (instance_id: 97474), IPs: [ MeshWarp ], Max Outputs: 1, IPConnections: [ ], Usecase: Video)
10-09 13:23:39.221   988  2118 I Lyric   : zuma_isp_subgraph.cc:541: mesh_warp_for_snapshot_exceeding_video: Pipeline (ID: (instance_id: 97475), IPs: [ MeshWarp ], Max Outputs: 1, IPConnections: [ ], Usecase: Snapshot)
10-09 13:23:39.221   988  2118 I Lyric   : zuma_isp_subgraph.cc:551: video_scaler: Pipeline (ID: (instance_id: 97479), IPs: [ Scaler ], Max Outputs: 0, IPConnections: [ ], Usecase: Video)
10-09 13:23:39.221   988  2118 I Lyric   : zuma_isp_subgraph.cc:553: scaler_for_snapshot_exceeding_video: Pipeline (ID: (instance_id: 97480), IPs: [ Scaler ], Max Outputs: 2, IPConnections: [ ], Usecase: Snapshot)
10-09 13:23:39.222   988  2118 I Lyric   : whi_like_isp_back_end_core_subgraph.cc:933: RawToYuvNode for snapshot exceeding video is configured to output consumer type 2 fmt: HalImageFormat{ pixel_format = YCBCR_420_SPN_10B, stride_alignment = 64, num_buffers = 1 } for Rear
10-09 13:23:39.223   988  2118 I Lyric   : generic_subgraph.cc:3459: camera_id = 2; is_front_camera = 0; is_1p_camera_app = 0; video_call = 0
10-09 13:23:39.228   988  2112 I Lyric   : multicam_graph.cc:1366: number of video bokeh nodes connected to multicam routing node = 0
