10-31 14:43:33.326 13426 14225 D CCodec  : allocate(c2.android.hevc.decoder)
10-31 14:43:33.332 13426 14225 I CCodec  : setting up 'default' as default (vendor) store
10-31 14:43:33.344 13426 14225 I CCodec  : Created component [c2.android.hevc.decoder] for [c2.android.hevc.decoder]
10-31 14:43:33.345 13426 14225 D CCodecConfig: read media type: video/hevc
10-31 14:43:33.362 13426 14225 D CCodecConfig: ignoring local param raw.size (0xd2001800) as it is already supported
10-31 14:43:33.362 13426 14225 D CCodecConfig: ignoring local param default.color (0x5200180b) as it is already supported
10-31 14:43:33.364 13426 14225 I CCodecConfig: query failed after returning 12 values (BAD_INDEX)
10-31 14:43:33.365 13426 14225 D CCodecConfig: c2 config diff is Dict {
10-31 14:43:33.365 13426 14225 D CCodecConfig:   c2::u32 coded.pl.level = 24584
10-31 14:43:33.365 13426 14225 D CCodecConfig:   c2::u32 coded.pl.profile = 24576
10-31 14:43:33.365 13426 14225 D CCodecConfig:   c2::u32 coded.vui.color.matrix = 0
10-31 14:43:33.365 13426 14225 D CCodecConfig:   c2::u32 coded.vui.color.primaries = 0
10-31 14:43:33.365 13426 14225 D CCodecConfig:   c2::u32 coded.vui.color.range = 2
10-31 14:43:33.365 13426 14225 D CCodecConfig:   c2::u32 coded.vui.color.transfer = 0
10-31 14:43:33.365 13426 14225 D CCodecConfig:   c2::u32 default.color.matrix = 0
10-31 14:43:33.365 13426 14225 D CCodecConfig:   c2::u32 default.color.primaries = 0
10-31 14:43:33.365 13426 14225 D CCodecConfig:   c2::u32 default.color.range = 0
10-31 14:43:33.365 13426 14225 D CCodecConfig:   c2::u32 default.color.transfer = 0
10-31 14:43:33.365 13426 14225 D CCodecConfig:   c2::u32 input.buffers.max-size.value = 2097152
10-31 14:43:33.365 13426 14225 D CCodecConfig:   c2::u32 input.delay.value = 0
10-31 14:43:33.365 13426 14225 D CCodecConfig:   string input.media-type.value = "video/hevc"
10-31 14:43:33.365 13426 14225 D CCodecConfig:   c2::u32 output.delay.value = 8
10-31 14:43:33.365 13426 14225 D CCodecConfig:   string output.media-type.value = "video/raw"
10-31 14:43:33.365 13426 14225 D CCodecConfig:   c2::u32 raw.color.matrix = 0
10-31 14:43:33.365 13426 14225 D CCodecConfig:   c2::u32 raw.color.primaries = 0
10-31 14:43:33.365 13426 14225 D CCodecConfig:   c2::u32 raw.color.range = 2
10-31 14:43:33.365 13426 14225 D CCodecConfig:   c2::u32 raw.color.transfer = 0
10-31 14:43:33.365 13426 14225 D CCodecConfig:   c2::u32 raw.max-size.height = 240
10-31 14:43:33.365 13426 14225 D CCodecConfig:   c2::u32 raw.max-size.width = 320
10-31 14:43:33.365 13426 14225 D CCodecConfig:   c2::u32 raw.pixel-format.value = 35
10-31 14:43:33.365 13426 14225 D CCodecConfig:   c2::i32 raw.rotation.flip = 0
10-31 14:43:33.365 13426 14225 D CCodecConfig:   c2::i32 raw.rotation.value = 0
10-31 14:43:33.365 13426 14225 D CCodecConfig:   c2::u32 raw.sar.height = 1
10-31 14:43:33.365 13426 14225 D CCodecConfig:   c2::u32 raw.sar.width = 1
10-31 14:43:33.365 13426 14225 D CCodecConfig:   c2::u32 raw.size.height = 240
10-31 14:43:33.365 13426 14225 D CCodecConfig:   c2::u32 raw.size.width = 320
10-31 14:43:33.365 13426 14225 D CCodecConfig:   c2
10-31 14:43:33.369 13426 19603 I MediaCodec: media_quality service unavailable, skipping updatePictureProfile
10-31 14:43:33.371 13426 14224 I MediaCodec: [c2.android.hevc.decoder] setting surface generation to 13748268
10-31 14:43:33.371 13426 14225 D CCodec  : [c2.android.hevc.decoder] buffers are bound to CCodec for this session
10-31 14:43:33.372 13426 14225 D CCodecConfig: no c2 equivalents for color-format
10-31 14:43:33.372 13426 14225 D CCodecConfig: no c2 equivalents for native-window
10-31 14:43:33.372 13426 14225 D CCodecConfig: no c2 equivalents for native-window-generation
10-31 14:43:33.372 13426 14225 D CCodecConfig: no c2 equivalents for flags
10-31 14:43:33.375 13426 14225 D CCodecConfig: c2 config diff is   c2::u32 raw.size.height = 1280
10-31 14:43:33.375 13426 14225 D CCodecConfig:   c2::u32 raw.size.width = 720
10-31 14:43:33.377 13426 14225 D CCodec  : encoding statistics level = 0
10-31 14:43:33.377 13426 14225 D CCodec  : setup formats input: AMessage(what = 0x00000000) = {
10-31 14:43:33.377 13426 14225 D CCodec  :   int32_t height = 1280
10-31 14:43:33.377 13426 14225 D CCodec  :   int32_t level = 65536
10-31 14:43:33.377 13426 14225 D CCodec  :   int32_t max-input-size = 2097152
10-31 14:43:33.377 13426 14225 D CCodec  :   string mime = "video/hevc"
10-31 14:43:33.377 13426 14225 D CCodec  :   int32_t profile = 1
10-31 14:43:33.377 13426 14225 D CCodec  :   int32_t width = 720
10-31 14:43:33.377 13426 14225 D CCodec  :   Rect crop(0, 0, 719, 1279)
10-31 14:43:33.377 13426 14225 D CCodec  : }
10-31 14:43:33.377 13426 14225 D CCodec  : setup formats output: AMessage(what = 0x00000000) = {
10-31 14:43:33.377 13426 14225 D CCodec  :   int32_t android._color-format = 2135033992
10-31 14:43:33.377 13426 14225 D CCodec  :   int32_t android._video-scaling = 1
10-31 14:43:33.377 13426 14225 D CCodec  :   int32_t rotation-degrees = 0
10-31 14:43:33.377 13426 14225 D CCodec  :   int32_t color-standard = 1
10-31 14:43:33.377 13426 14225 D CCodec  :   int32_t color-range = 2
10-31 14:43:33.377 13426 14225 D CCodec  :   int32_t color-transfer = 3
10-31 14:43:33.377 13426 14225 D CCodec  :   int32_t sar-height = 1
10-31 14:43:33.377 13426 14225 D CCodec  :   int32_t sar-width = 1
10-31 14:43:33.377 13426 14225 D CCodec  :   Rect crop(0, 0, 719, 1279)
10-31 14:43:33.377 13426 14225 D CCodec  :   int32_t width = 720
10-31 14:43:33.377 13426 14225 D CCodec  :   int32_t height = 1280
10-31 14:43:33.377 13426 14225 D CCodec  :   int32_t max-height = 240
10-31 14:43:33.377 13426 14225 D CCodec  :   int32_t max-width = 320
10-31 14:43:33.377 13426 14225 D CCodec  :   string mime = "video/raw"
10-31 14:43:33.377 13426 14225 D CCodec  :   int32_t android._dataspace = 260
10-31 14:43:33.377 13426 14225 D CCodec  :   int32_t color-format = 2135033992
10-31 14:43:33.377 13426 14225 D CCodec  : }
10-31 14:43:33.377 13426 14225 I CCodecConfig: query failed after returning 12 values (BAD_INDEX)
10-31 14:43:33.378 13426 14225 D CCodecConfig: c2 config diff is   c2::u32 raw.max-size.height = 1280
10-31 14:43:33.378 13426 14225 D CCodecConfig:   c2::u32 raw.max-size.width = 720
10-31 14:43:33.380 13426 14224 I MediaCodec: MediaCodec will operate in async mode
10-31 14:43:33.381 13426 19603 D MediaCodec: keep callback message for reclaim
10-31 14:43:33.398 13426 14225 D CCodecBufferChannel: [c2.android.hevc.decoder#159] Created input block pool with allocatorID 16 => poolID 95 - OK (0)
10-31 14:43:33.400 13426 14225 D CCodecBufferChannel: [c2.android.hevc.decoder#159] Query output surface allocator returned 0 params => BAD_INDEX (6)
10-31 14:43:33.400 13426 14225 D Codec2Client: GraphicBufferAllocator created
10-31 14:43:33.404 13426 14225 I CCodecBufferChannel: [c2.android.hevc.decoder#159] Created output block pool with allocatorID 18 => poolID 2184 - OK
10-31 14:43:33.405 13426 14225 D CCodecBufferChannel: [c2.android.hevc.decoder#159] Configured output block pool ids 2184 => OK
10-31 14:43:33.405 13426 14225 D Codec2Client: setOutputSurface -- failed to set consumer usage (6/BAD_INDEX)
10-31 14:43:33.405 13426 14225 D Codec2Client: setOutputSurface -- generation=13748268 consumer usage=0x900
10-31 14:43:33.432 13426 14225 D CCodecConfig: c2 config diff is   c2::u32 output.delay.value = 0
10-31 14:43:33.432 13426 14225 D CCodecConfig:   c2::u32 raw.size.height = 640
10-31 14:43:33.432 13426 14225 D CCodecConfig:   c2::u32 raw.size.width = 360
10-31 14:43:33.446 13426 14225 D CCodecConfig: c2 config diff is   c2::u32 raw.color.matrix = 1
10-31 14:43:33.446 13426 14225 D CCodecConfig:   c2::u32 raw.color.primaries = 1
10-31 14:43:33.446 13426 14225 D CCodecConfig:   c2::u32 raw.color.transfer = 3
10-31 14:43:33.446 13426 14225 D CCodecConfig:   c2::u32 raw.crop.height = 640
10-31 14:43:33.446 13426 14225 D CCodecConfig:   c2::u32 raw.crop.left = 0
10-31 14:43:33.446 13426 14225 D CCodecConfig:   c2::u32 raw.crop.top = 0
10-31 14:43:33.446 13426 14225 D CCodecConfig:   c2::u32 raw.crop.width = 360
10-31 14:43:33.447 13426 14225 D CCodecBuffers: [c2.android.hevc.decoder#159:2D-Output] popFromStashAndRegister: at 236154721508us, output format changed to AMessage(what = 0x00000000) = {
10-31 14:43:33.447 13426 14225 D CCodecBuffers:   int32_t android._color-format = 2135033992
10-31 14:43:33.447 13426 14225 D CCodecBuffers:   int32_t android._video-scaling = 1
10-31 14:43:33.447 13426 14225 D CCodecBuffers:   int32_t rotation-degrees = 0
10-31 14:43:33.447 13426 14225 D CCodecBuffers:   int32_t color-standard = 1
10-31 14:43:33.447 13426 14225 D CCodecBuffers:   int32_t color-range = 2
10-31 14:43:33.447 13426 14225 D CCodecBuffers:   int32_t color-transfer = 3
10-31 14:43:33.447 13426 14225 D CCodecBuffers:   int32_t sar-height = 1
10-31 14:43:33.447 13426 14225 D CCodecBuffers:   int32_t sar-width = 1
10-31 14:43:33.447 13426 14225 D CCodecBuffers:   Rect crop(0, 0, 359, 639)
10-31 14:43:33.447 13426 14225 D CCodecBuffers:   int32_t width = 360
10-31 14:43:33.447 13426 14225 D CCodecBuffers:   int32_t height = 640
10-31 14:43:33.447 13426 14225 D CCodecBuffers:   int32_t max-height = 1280
10-31 14:43:33.447 13426 14225 D CCodecBuffers:   int32_t max-width = 720
10-31 14:43:33.447 13426 14225 D CCodecBuffers:   string mime = "video/raw"
10-31 14:43:33.447 13426 14225 D CCodecBuffers:   int32_t android._dataspace = 260
10-31 14:43:33.447 13426 14225 D CCodecBuffers:   int32_t color-format = 2135033992
10-31 14:43:33.447 13426 14225 D CCodecBuffers: }
10-31 14:43:33.696 13426 16264 W VideoProtocolClientImpl.cpp: VideoProtocol transport connected
10-31 14:43:34.920 13426 16265 D MediaCodecList: codecHandlesFormat: no format, so no extra checks
10-31 14:43:34.921  1077  9852 D Hal2AidlMapper: [default] prepareToOpenStream: handle 2014, mixPortHalId 1001, device AudioDevice{type: AudioDeviceDescription{type: IN_MICROPHONE_BACK, connection: }, address: AudioDeviceAddress{id: back}}, flags AudioIoFlags{input: 0}, source CAMCORDER, config AudioConfig{base: AudioConfigBase{sampleRate: 48000, channelMask: AudioChannelLayout{layoutMask: 1}, format: AudioFormatDescription{type: PCM, pcm: INT_16_BIT, encoding: }}, offloadInfo: AudioOffloadInfo{base: AudioConfigBase{sampleRate: 0, channelMask: AudioChannelLayout{none: 0}, format: AudioFormatDescription{type: DEFAULT, pcm: DEFAULT, encoding: }}, streamType: VOICE_CALL, bitRatePerSecond: 0, durationUs: 0, hasVideo: false, isStreaming: false, bitWidth: 16, offloadBufferSize: 0, usage: UNKNOWN, encapsulationMode: NONE, contentId: 0, syncId: 0}, frameCount: 0}, mixport config AudioPortConfig{id: 0, portId: 0, sampleRate: (null), channelMask: (null), format: (null), gain: (null), flags: (null), ext: AudioPortExt{unspecified: false}}
10-31 14:43:34.922 13426 16265 D MediaCodecList: codecHandlesFormat: no format, so no extra checks
10-31 14:43:34.928 13426 22030 D CCodec  : allocate(c2.exynos.h264.encoder)
10-31 14:43:34.931 13426 22030 I CCodec  : setting up 'default' as default (vendor) store
10-31 14:43:34.943 13426 22030 I CCodec  : Created component [c2.exynos.h264.encoder] for [c2.exynos.h264.encoder]
10-31 14:43:34.944 13426 22030 D CCodecConfig: read media type: video/avc
10-31 14:43:34.965   975   975 I ASvc::StreamIn: setMicrophoneFieldDimension (primary-capture) : zoom = 0
10-31 14:43:34.967 13426 22030 D CCodecConfig: ignoring local param raw.color (0xc2001809) as it is already supported
10-31 14:43:34.969 13426 22030 I CCodecConfig: query failed after returning 21 values (BAD_INDEX)
10-31 14:43:34.969 13426 22030 D CCodecConfig: c2 config diff is Dict {
10-31 14:43:34.969 13426 22030 D CCodecConfig:   c2::u32 algo.bitrate-mode.value = 3
10-31 14:43:34.969 13426 22030 D CCodecConfig:   c2::u32 algo.encoding-quality-level.value = 0
10-31 14:43:34.969 13426 22030 D CCodecConfig:   c2::i32 algo.priority.value = 0
10-31 14:43:34.969 13426 22030 D CCodecConfig:   c2::float algo.rate.value = 0
10-31 14:43:34.969 13426 22030 D CCodecConfig:   c2::i32 coded.average-qp.value = 0
10-31 14:43:34.969 13426 22030 D CCodecConfig:   c2::u32 coded.bitrate-mode.value = 1
10-31 14:43:34.969 13426 22030 D CCodecConfig:   c2::u32 coded.bitrate.value = 64000
10-31 14:43:34.969 13426 22030 D CCodecConfig:   c2::float coded.frame-rate.value = 15
10-31 14:43:34.969 13426 22030 D CCodecConfig:   c2::u32 coded.hdr-format.value = 0
10-31 14:43:34.969 13426 22030 D CCodecConfig:   c2::u32 coded.picture-type.value = 0
10-31 14:43:34.969 13426 22030 D CCodecConfig:   c2::u32 coded.pl.level = 20480
10-31 14:43:34.969 13426 22030 D CCodecConfig:   c2::u32 coded.pl.profile = 20484
10-31 14:43:34.969 13426 22030 D CCodecConfig:   c2::u32 coding.intra-refresh.mode = 0
10-31 14:43:34.969 13426 22030 D CCodecConfig:   c2::float coding.intra-refresh.period = 0
10-31 14:43:34.969 13426 22030 D CCodecConfig:   c2::u32 coding.request-sync-frame.value = 0
10-31 14:43:34.969 13426 22030 D CCodecConfig:   c2::i64 coding.sync-frame-interval.value = 1000000
10-31 14:43:34.969 13426 22030 D CCodecConfig:   Buffer coding.temporal-layering = {
10-31 14:43:34.969 13426 22030 D CCodecConfig:     00000000:  10 00 00 00 07 20 01 52  00 00 00 00 00 00 00 00  ..... .R........
10-31 14:43:34.969 13426 22030 D CCodecConfig:   }
10-31 14:43:34.969 13426 22030 D CCodecConfig:   c2::u32 input.delay.value = 0
10-31 14:43:34.969 13426 22030 D CCodecConfig:   string input.media-type.value = "video/raw"
10-31 14:43:34.969 13426 22030 D CCodecConfig:   c2::u32 output.buffers.prepend-header.value = 0
10-31 14:43:34.969 13426 22030 D CCodecConfig:   string output.media-type.value = "video/avc"
10-31 14:43:34.969 13426 22030 D CCodecConfig:   c2::u32 raw.color.matrix = 0
10-31 14:43:34.969 13426 22030 D CCodecConfig:   c2::u32 raw.color.primaries = 0
10-31 14:43:34.969 13426 22030 D CCodecConfig:  
10-31 14:43:34.973 13426 16265 I MediaCodec: media_quality service unavailable, skipping updatePictureProfile
10-31 14:43:34.973 13426 16265 D VQApply : minquality: codec claims to implement minquality=1
10-31 14:43:34.973 13426 16265 D MediaCodec: shapeMediaFormat: deltas(1): AMessage(what = 0x00000000) = {
10-31 14:43:34.973 13426 16265 D MediaCodec:     int32_t android._encoding-quality-level = 1
10-31 14:43:34.973 13426 16265 D MediaCodec:   }
10-31 14:43:34.973 13426 22030 D CCodec  : [c2.exynos.h264.encoder] buffers are bound to CCodec for this session
10-31 14:43:34.974 13426 22030 D CCodecConfig: no c2 equivalents for max-fps-to-encoder
10-31 14:43:34.974 13426 22030 D CCodecConfig: no c2 equivalents for color-format
10-31 14:43:34.974 13426 22030 D CCodecConfig: no c2 equivalents for flags
10-31 14:43:34.974 13426 22030 D CCodecConfig: no c2 equivalents for encoder
10-31 14:43:34.976 13426 22030 D CCodecConfig: c2 config diff is   c2::u32 algo.encoding-quality-level.value = 1
10-31 14:43:34.976 13426 22030 D CCodecConfig:   c2::u32 coded.bitrate.value = 1500000
10-31 14:43:34.976 13426 22030 D CCodecConfig:   c2::float coded.frame-rate.value = 30
10-31 14:43:34.976 13426 22030 D CCodecConfig:   c2::u32 coded.hdr-format.value = 1
10-31 14:43:34.976 13426 22030 D CCodecConfig:   c2::u32 coded.pl.level = 20489
10-31 14:43:34.976 13426 22030 D CCodecConfig:   c2::i64 coding.sync-frame-interval.value = 60000000
10-31 14:43:34.976 13426 22030 D CCodecConfig:   c2::u32 raw.size.height = 896
10-31 14:43:34.976 13426 22030 D CCodecConfig:   c2::u32 raw.size.width = 512
10-31 14:43:34.977 13426 22030 D CCodec  : encoding statistics level = 0
10-31 14:43:34.977 13426 22030 D CCodec  : setup formats input: AMessage(what = 0x00000000) = {
10-31 14:43:34.977 13426 22030 D CCodec  :   int32_t android._color-format = 2130708361
10-31 14:43:34.977 13426 22030 D CCodec  :   int32_t android._dataspace = 0
10-31 14:43:34.977 13426 22030 D CCodec  :   int32_t bitrate-mode = 1
10-31 14:43:34.977 13426 22030 D CCodec  :   int32_t frame-rate = 30
10-31 14:43:34.977 13426 22030 D CCodec  :   int32_t height = 896
10-31 14:43:34.977 13426 22030 D CCodec  :   int32_t intra-refresh-period = 0
10-31 14:43:34.977 13426 22030 D CCodec  :   string mime = "video/raw"
10-31 14:43:34.977 13426 22030 D CCodec  :   int32_t prepend-sps-pps-to-idr-frames = 0
10-31 14:43:34.977 13426 22030 D CCodec  :   int32_t priority = 0
10-31 14:43:34.977 13426 22030 D CCodec  :   int32_t video-qp-average = 0
10-31 14:43:34.977 13426 22030 D CCodec  :   int32_t width = 512
10-31 14:43:34.977 13426 22030 D CCodec  :   Rect crop(0, 0, 511, 895)
10-31 14:43:34.977 13426 22030 D CCodec  :   int64_t android._C2MemoryUsage = 1125899906908160
10-31 14:43:34.977 13426 22030 D CCodec  :   int32_t color-format = 2130708361
10-31 14:43:34.977 13426 22030 D CCodec  : }
10-31 14:43:34.977 13426 22030 D CCodec  : setup formats output: AMessage(what = 0x00000000) = {
10-31 14:43:34.977 13426 22030 D CCodec  :   int32_t bitrate = 1500000
10-31 14:43:34.977 13426 22030 D CCodec  :   int32_t bitrate-mode = 1
10-31 14:43:34.977 13426 22030 D CCodec  :   Rect crop(0, 0, 511, 895)
10-31 14:43:34.977 13426 22030 D CCodec  :   int32_t width = 512
10-31 14:43:34.977 13426 22030 D CCodec  :   int32_t color-standard = 0
10-31 14:43:34.977 13426 22030 D CCodec  :   int32_t color-range = 0
10-31 14:43:34.977 13426 22030 D CCodec  :   int32_t color-transfer = 0
10-31 14:43:34.977 13426 22030 D CCodec  :   int32_t frame-rate = 30
10-31 14:43:34.977 13426 22030 D CCodec  :   int32_t height = 896
10-31 14:43:34.977 13426 22030 D CCodec  :   int32_t intra-refresh-period = 0
10-31 14:43:34.977 13426 22030 D CCodec  :   int32_t level = 512
10-31 14:43:34.977 13426 22030 D CCodec  :   int32_t max-bitrate = 1500000
10-31 14:43:34.977 13426 22030 D CCodec  :   string mime = "video/avc"
10-31 14:43:34.977 13426 22030 D CCodec  :   int32_t prepend-sps-pps-to-idr-frames = 0
10-31 14:43:34.977 13426 22030 D CCodec  :   int32_t priority = 0
10-31 14:43:34.977 13426 22030 D CCodec  :   int32_t profile = 8
10-31 14:43:34.977 13426 22030 D CCodec  :   int32_t video-qp-average = 0
10-31 14:43:34.977 13426 22030 D CCodec  : }
10-31 14:43:34.978 13426 22030 I CCodecConfig: query failed after returning 22 values (BAD_INDEX)
10-31 14:43:34.983 13426 22030 D CCodec  : aidl based PersistentSurface created
10-31 14:43:34.985 13426 22030 D CCodec  : input format changed to AMessage(what = 0x00000000) = {
10-31 14:43:34.985 13426 22030 D CCodec  :   int32_t android._color-format = 2130708361
10-31 14:43:34.985 13426 22030 D CCodec  :   int32_t android._dataspace = 260
10-31 14:43:34.985 13426 22030 D CCodec  :   int32_t bitrate-mode = 1
10-31 14:43:34.985 13426 22030 D CCodec  :   int32_t frame-rate = 30
10-31 14:43:34.985 13426 22030 D CCodec  :   int32_t height = 896
10-31 14:43:34.985 13426 22030 D CCodec  :   int32_t intra-refresh-period = 0
10-31 14:43:34.985 13426 22030 D CCodec  :   string mime = "video/raw"
10-31 14:43:34.985 13426 22030 D CCodec  :   int32_t prepend-sps-pps-to-idr-frames = 0
10-31 14:43:34.985 13426 22030 D CCodec  :   int32_t priority = 0
10-31 14:43:34.985 13426 22030 D CCodec  :   int32_t video-qp-average = 0
10-31 14:43:34.985 13426 22030 D CCodec  :   int32_t width = 512
10-31 14:43:34.985 13426 22030 D CCodec  :   Rect crop(0, 0, 511, 895)
10-31 14:43:34.985 13426 22030 D CCodec  :   int64_t android._C2MemoryUsage = 1125899906908160
10-31 14:43:34.985 13426 22030 D CCodec  :   int32_t color-format = 2130708361
10-31 14:43:34.985 13426 22030 D CCodec  :   int32_t color-range = 2
10-31 14:43:34.985 13426 22030 D CCodec  :   int32_t color-standard = 1
10-31 14:43:34.985 13426 22030 D CCodec  :   int32_t color-transfer = 3
10-31 14:43:34.985 13426 22030 D CCodec  : }
10-31 14:43:34.986 13426 22030 D CCodec  : ISConfig maxFps=30
10-31 14:43:35.001  1020 22034 I ExynosC2H264EncComponent: Creating ECOServiceStatsProvider c2.exynos.h264.encoder video/avc
10-31 14:43:35.003  1020 22036 D libexynosv4l2: try node: /dev/video6
10-31 14:43:35.004  1020 22036 D libexynosv4l2: try node: /dev/video7
10-31 14:43:35.004  1020 22036 I libexynosv4l2: node found for device s5p-mfc-enc: /dev/video7
10-31 14:43:35.012  1020 22036 I libexynosv4l2: open video device /dev/video7
10-31 14:43:35.013   975 22032 I AHal::GsCapture: UpdateMicrophoneFieldDimension: with zoom 0
10-31 14:43:35.013   975 22032 I AHal::AocRecordTuning: WriteMicrophoneFieldDimension: 0 to value 0
10-31 14:43:35.019 13426 22030 D CCodecBufferChannel: [c2.exynos.h264.encoder#265] Created input block pool with allocatorID 17 => poolID 96 - OK (0)
10-31 14:43:35.021 13426 22030 I CCodecBufferChannel: [c2.exynos.h264.encoder#265] Created output block pool with allocatorID 16 => poolID 431 - OK
10-31 14:43:35.021 13426 22030 D CCodecBufferChannel: [c2.exynos.h264.encoder#265] Configured output block pool ids 431 => OK
10-31 14:43:35.026 13426 16265 D MediaCodecList: codecHandlesFormat: no format, so no extra checks
10-31 14:43:35.027 13426 22044 D CCodec  : allocate(c2.android.aac.encoder)
10-31 14:43:35.031 13426 22044 I CCodec  : setting up 'default' as default (vendor) store
10-31 14:43:35.042 13426 22044 I CCodec  : Created component [c2.android.aac.encoder] for [c2.android.aac.encoder]
10-31 14:43:35.043 13426 22044 D CCodecConfig: read media type: audio/mp4a-latm
10-31 14:43:35.058 13426 22044 I CCodecConfig: query failed after returning 10 values (BAD_INDEX)
10-31 14:43:35.058 13426 22044 D CCodecConfig: c2 config diff is Dict {
10-31 14:43:35.058 13426 22044 D CCodecConfig:   c2::u32 coded.bitrate.value = 64000
10-31 14:43:35.058 13426 22044 D CCodecConfig:   c2::u32 coded.pl.level = 0
10-31 14:43:35.058 13426 22044 D CCodecConfig:   c2::u32 coded.pl.profile = 8192
10-31 14:43:35.058 13426 22044 D CCodecConfig:   c2::u32 coding.aac-sbr-mode.value = 3
10-31 14:43:35.058 13426 22044 D CCodecConfig:   c2::u32 input.buffers.max-size.value = 2048
10-31 14:43:35.058 13426 22044 D CCodecConfig:   c2::u32 input.delay.value = 0
10-31 14:43:35.058 13426 22044 D CCodecConfig:   string input.media-type.value = "audio/raw"
10-31 14:43:35.058 13426 22044 D CCodecConfig:   c2::u32 output.large-frame.max-size = 0
10-31 14:43:35.058 13426 22044 D CCodecConfig:   c2::u32 output.large-frame.threshold-size = 0
10-31 14:43:35.058 13426 22044 D CCodecConfig:   string output.media-type.value = "audio/mp4a-latm"
10-31 14:43:35.058 13426 22044 D CCodecConfig:   c2::u32 raw.channel-count.value = 1
10-31 14:43:35.058 13426 22044 D CCodecConfig:   c2::u32 raw.sample-rate.value = 44100
10-31 14:43:35.058 13426 22044 D CCodecConfig: }
10-31 14:43:35.064 13426 16265 I MediaCodec: media_quality service unavailable, skipping updatePictureProfile
10-31 14:43:35.064 13426 16265 D MediaCodec: shapeMediaFormat: deltas(0): AMessage(what = 0x00000000) = {
10-31 14:43:35.064 13426 16265 D MediaCodec:   }
10-31 14:43:35.065 13426 22044 D CCodec  : [c2.android.aac.encoder] buffers are bound to CCodec for this session
10-31 14:43:35.065 13426 22044 D CCodecConfig: no c2 equivalents for flags
10-31 14:43:35.065 13426 22044 D CCodecConfig: no c2 equivalents for encoder
10-31 14:43:35.066 13426 22044 D CCodecConfig: c2 config diff is   c2::u32 coded.bitrate.value = 48000
10-31 14:43:35.066 13426 22044 D CCodecConfig:   c2::u32 coded.pl.profile = 8196
10-31 14:43:35.067 13426 22044 D CCodec  : encoding statistics level = 0
10-31 14:43:35.067 13426 22044 D CCodec  : setup formats input: AMessage(what = 0x00000000) = {
10-31 14:43:35.067 13426 22044 D CCodec  :   int32_t sample-rate = 44100
10-31 14:43:35.067 13426 22044 D CCodec  :   int32_t channel-count = 1
10-31 14:43:35.067 13426 22044 D CCodec  :   int32_t max-input-size = 2048
10-31 14:43:35.067 13426 22044 D CCodec  :   string mime = "audio/raw"
10-31 14:43:35.067 13426 22044 D CCodec  :   int32_t android._config-pcm-encoding = 2
10-31 14:43:35.067 13426 22044 D CCodec  : }
10-31 14:43:35.068 13426 22044 D CCodec  : setup formats output: AMessage(what = 0x00000000) = {
10-31 14:43:35.068 13426 22044 D CCodec  :   int32_t sample-rate = 44100
10-31 14:43:35.068 13426 22044 D CCodec  :   int32_t bitrate = 48000
10-31 14:43:35.068 13426 22044 D CCodec  :   int32_t buffer-batch-max-output-size = 0
10-31 14:43:35.068 13426 22044 D CCodec  :   int32_t buffer-batch-threshold-output-size = 0
10-31 14:43:35.068 13426 22044 D CCodec  :   int32_t channel-count = 1
10-31 14:43:35.068 13426 22044 D CCodec  :   int32_t level = 0
10-31 14:43:35.068 13426 22044 D CCodec  :   int32_t max-bitrate = 48000
10-31 14:43:35.068 13426 22044 D CCodec  :   string mime = "audio/mp4a-latm"
10-31 14:43:35.068 13426 22044 D CCodec  :   int32_t profile = 5
10-31 14:43:35.068 13426 22044 D CCodec  : }
10-31 14:43:35.068 13426 22044 I CCodecConfig: query failed after returning 10 values (BAD_INDEX)
10-31 14:43:35.078 13426 22044 D CCodecBufferChannel: [c2.android.aac.encoder#782] Created input block pool with allocatorID 16 => poolID 97 - OK (0)
10-31 14:43:35.081 13426 22044 I CCodecBufferChannel: [c2.android.aac.encoder#782] Created output block pool with allocatorID 16 => poolID 2186 - OK
10-31 14:43:35.081 13426 22044 D CCodecBufferChannel: [c2.android.aac.encoder#782] Configured output block pool ids 2186 => OK
10-31 14:43:35.082  1206 11866 E Codec2-ComponentInterface: We have a failed config
10-31 14:43:35.124   978   978 I GCH_ZslSnapshotCaptureSession: Initialize: video sw denoise is enabled in GCH
10-31 14:43:35.127   978  2023 W Lyric   : stream_info_parser.cc:372: Camera Front unknown stream: {type: Streaminfo, stream_id: 32773, camera_id: Front, format: YCBCR_420_888, width: 1920, height: 1080, usage: [], stream_type: Output, use_case: Default, data_space: DataSpace(Custom)::Arbitrary, is_framework_physical_stream: 0, dynamic_range_profile: Standard, intended_for_max_resolution_mode: 0, group_id: -1, is_tunable: 1} does not fall in any known use case
10-31 14:43:35.127   978  2023 I Lyric   : stream_info_parser.cc:364: Camera Front Preview stream: {type: Streaminfo, stream_id: 32769, camera_id: Front, format: YCBCR_420_888, width: 1280, height: 720, usage: [HwTexture], stream_type: Output, use_case: Default, data_space: DataSpace(Color)::(Standard: BT709, Transfer: RGB, Range: Full), is_framework_physical_stream: 0, dynamic_range_profile: Standard, intended_for_max_resolution_mode: 0, group_id: -1, is_tunable: 1}
10-31 14:43:35.127   978  2023 W Lyric   : stream_info_parser.cc:372: Camera FrontVirtual unknown stream: {type: Streaminfo, stream_id: 32772, camera_id: FrontVirtual, format: YCBCR_420_888, width: 1920, height: 1080, usage: [], stream_type: Output, use_case: Default, data_space: DataSpace(Custom)::Arbitrary, is_framework_physical_stream: 0, dynamic_range_profile: Standard, intended_for_max_resolution_mode: 0, group_id: -1, is_tunable: 1} does not fall in any known use case
10-31 14:43:35.127   978  2023 I Lyric   : stream_info_parser.cc:364: Camera FrontVirtual Preview stream: {type: Streaminfo, stream_id: 32768, camera_id: FrontVirtual, format: YCBCR_420_888, width: 1280, height: 720, usage: [HwTexture], stream_type: Output, use_case: Default, data_space: DataSpace(Color)::(Standard: BT709, Transfer: RGB, Range: Full), is_framework_physical_stream: 0, dynamic_range_profile: Standard, intended_for_max_resolution_mode: 0, group_id: -1, is_tunable: 1}
10-31 14:43:35.131   978 28470 I Lyric   : sensor_generic_driver.cc:1959: DOKKAEBIVIRTUAL GetModeIndex requirement {size = {width: 1920, height: 1080}, frame_rate_range = [15, 30], request_binning_mode = false, request_pd_stream = false, only_config_logical_cam_stream = true, camera_id = [<recursive>], require_full_fov = false, is_high_frame_rate = false, crop_margin = 0, is_sibling_camera_participating = true, sub_image_count = 1, is_face_auth = false, is_video_mode = false, is_high_resolution_mode = false, is_arkaroo_enabled = false, is_roshi_enabled = false, is_specific_aspect_ratio_video = false, require_exact_size = false, force_sensor_mode_index = -1, is_multi_cam_usecase = true, raw_stream_usecase = 0, is_high_resolution_standalone_mode = false} required aspect ratio 1.77778 pick_transition_mode 0 require exact size 0
10-31 14:43:35.131   978  2029 I Lyric   : sensor_generic_driver.cc:1959: DOKKAEBI GetModeIndex requirement {size = {width: 1920, height: 1080}, frame_rate_range = [15, 30], request_binning_mode = false, request_pd_stream = false, only_config_logical_cam_stream = true, camera_id = [<recursive>], require_full_fov = false, is_high_frame_rate = false, crop_margin = 0, is_sibling_camera_participating = true, sub_image_count = 1, is_face_auth = false, is_video_mode = false, is_high_resolution_mode = false, is_arkaroo_enabled = false, is_roshi_enabled = false, is_specific_aspect_ratio_video = false, require_exact_size = false, force_sensor_mode_index = -1, is_multi_cam_usecase = true, raw_stream_usecase = 0, is_high_resolution_standalone_mode = false} required aspect ratio 1.77778 pick_transition_mode 1 require exact size 0
10-31 14:43:35.131   978  2029 I Lyric   : eaf_node.cc:80: cam5_eaf: stream_id 32769, res 1280x720, pipeline_id 0, is_video_stream false
10-31 14:43:35.131   978 28470 I Lyric   : eaf_node.cc:80: cam6_eaf: stream_id 32768, res 1280x720, pipeline_id 0, is_video_stream false
10-31 14:43:35.132   978  2029 I Lyric   : zuma_isp_subgraph.cc:532: raw_to_yuv_for_snapshot_exceeding_video: Pipeline (ID: (instance_id: 1595829), IPs: [ RawToYuv ], Max Outputs: 1, IPConnections: [ ], Usecase: Snapshot)
10-31 14:43:35.132   978 28470 I Lyric   : zuma_isp_subgraph.cc:532: raw_to_yuv_for_snapshot_exceeding_video: Pipeline (ID: (instance_id: 1595836), IPs: [ RawToYuv ], Max Outputs: 1, IPConnections: [ ], Usecase: Snapshot)
10-31 14:43:35.132   978  2029 I Lyric   : zuma_isp_subgraph.cc:539: video_mesh_warp: Pipeline (ID: (instance_id: 1595832), IPs: [ MeshWarp ], Max Outputs: 1, IPConnections: [ ], Usecase: Video)
10-31 14:43:35.132   978 28470 I Lyric   : zuma_isp_subgraph.cc:539: video_mesh_warp: Pipeline (ID: (instance_id: 1595841), IPs: [ MeshWarp ], Max Outputs: 1, IPConnections: [ ], Usecase: Video)
10-31 14:43:35.132   978  2029 I Lyric   : zuma_isp_subgraph.cc:541: mesh_warp_for_snapshot_exceeding_video: Pipeline (ID: (instance_id: 1595833), IPs: [ MeshWarp ], Max Outputs: 1, IPConnections: [ ], Usecase: Snapshot)
10-31 14:43:35.132   978 28470 I Lyric   : zuma_isp_subgraph.cc:541: mesh_warp_for_snapshot_exceeding_video: Pipeline (ID: (instance_id: 1595842), IPs: [ MeshWarp ], Max Outputs: 1, IPConnections: [ ], Usecase: Snapshot)
10-31 14:43:35.132   978  2029 I Lyric   : zuma_isp_subgraph.cc:551: video_scaler: Pipeline (ID: (instance_id: 1595843), IPs: [ Scaler ], Max Outputs: 0, IPConnections: [ ], Usecase: Video)
10-31 14:43:35.132   978 28470 I Lyric   : zuma_isp_subgraph.cc:551: video_scaler: Pipeline (ID: (instance_id: 1595854), IPs: [ Scaler ], Max Outputs: 0, IPConnections: [ ], Usecase: Video)
10-31 14:43:35.132   978  2029 I Lyric   : zuma_isp_subgraph.cc:553: scaler_for_snapshot_exceeding_video: Pipeline (ID: (instance_id: 1595845), IPs: [ Scaler ], Max Outputs: 2, IPConnections: [ ], Usecase: Snapshot)
10-31 14:43:35.132   978 28470 I Lyric   : zuma_isp_subgraph.cc:553: scaler_for_snapshot_exceeding_video: Pipeline (ID: (instance_id: 1595855), IPs: [ Scaler ], Max Outputs: 2, IPConnections: [ ], Usecase: Snapshot)
10-31 14:43:35.132   978 28470 I Lyric   : whi_like_isp_back_end_core_subgraph.cc:933: RawToYuvNode for snapshot exceeding video is configured to output consumer type 2 fmt: HalImageFormat{ pixel_format = YCBCR_420_SPN_10B, stride_alignment = 64, num_buffers = 1 } for FrontVirtual
10-31 14:43:35.132   978  2029 I Lyric   : whi_like_isp_back_end_core_subgraph.cc:933: RawToYuvNode for snapshot exceeding video is configured to output consumer type 2 fmt: HalImageFormat{ pixel_format = YCBCR_420_SPN_10B, stride_alignment = 64, num_buffers = 1 } for Front
10-31 14:43:35.133   978  2029 I Lyric   : generic_subgraph.cc:3459: camera_id = 5; is_front_camera = 1; is_1p_camera_app = 0; video_call = 1
10-31 14:43:35.133   978 28470 I Lyric   : generic_subgraph.cc:3459: camera_id = 6; is_front_camera = 1; is_1p_camera_app = 0; video_call = 1
10-31 14:43:35.138   978  2023 I Lyric   : multicam_graph.cc:1366: number of video bokeh nodes connected to multicam routing node = 0
10-31 14:43:35.139   978  2023 I Lyric   : graph_configuration.cc:374: {type: Streaminfo, stream_id: 32769, camera_id: Front, format: YCBCR_420_888, width: 1280, height: 720, usage: [HwTexture], stream_type: Output, use_case: Default, data_space: DataSpace(Color)::(Standard: BT709, Transfer: RGB, Range: Full), is_framework_physical_stream: 0, dynamic_range_profile: Standard, intended_for_max_resolution_mode: 0, group_id: -1, is_tunable: 1}
10-31 14:43:35.139   978  2023 I Lyric   : graph_configuration.cc:374: {type: Streaminfo, stream_id: 32771, camera_id: Front, format: BLOB, width: 1920, height: 1080, usage: [], stream_type: Output, use_case: Default, data_space: DataSpace(Color)::(Standard: BT601_625, Transfer: SMPTE_170M, Range: Full), is_framework_physical_stream: 0, dynamic_range_profile: Standard, intended_for_max_resolution_mode: 0, group_id: -1, is_tunable: 1}
10-31 14:43:35.139   978  2023 I Lyric   : graph_configuration.cc:374: {type: Streaminfo, stream_id: 32768, camera_id: FrontVirtual, format: YCBCR_420_888, width: 1280, height: 720, usage: [HwTexture], stream_type: Output, use_case: Default, data_space: DataSpace(Color)::(Standard: BT709, Transfer: RGB, Range: Full), is_framework_physical_stream: 0, dynamic_range_profile: Standard, intended_for_max_resolution_mode: 0, group_id: -1, is_tunable: 1}
10-31 14:43:35.139   978  2023 I Lyric   : graph_configuration.cc:374: {type: Streaminfo, stream_id: 32773, camera_id: Front, format: YCBCR_420_888, width: 1920, height: 1080, usage: [], stream_type: Output, use_case: Default, data_space: DataSpace(Custom)::Arbitrary, is_framework_physical_stream: 0, dynamic_range_profile: Standard, intended_for_max_resolution_mode: 0, group_id: -1, is_tunable: 1}
10-31 14:43:35.139   978  2023 I Lyric   : graph_configuration.cc:374: {type: Streaminfo, stream_id: 32770, camera_id: FrontVirtual, format: BLOB, width: 1920, height: 1080, usage: [], stream_type: Output, use_case: Default, data_space: DataSpace(Color)::(Standard: BT601_625, Transfer: SMPTE_170M, Range: Full), is_framework_physical_stream: 0, dynamic_range_profile: Standard, intended_for_max_resolution_mode: 0, group_id: -1, is_tunable: 1}
10-31 14:43:35.139   978  2023 I Lyric   : graph_configuration.cc:374: {type: Streaminfo, stream_id: 32772, camera_id: FrontVirtual, format: YCBCR_420_888, width: 1920, height: 1080, usage: [], stream_type: Output, use_case: Default, data_space: DataSpace(Custom)::Arbitrary, is_framework_physical_stream: 0, dynamic_range_profile: Standard, intended_for_max_resolution_mode: 0, group_id: -1, is_tunable: 1}
10-31 14:43:35.141   978   978 I native  : I0000 00:00:1761936215.141733     978 node_export.cc:193] CatNodeCreate(EspVideoNode) took 0.034383 ms
10-31 14:43:35.144   978 22062 I native  : I0000 00:00:1761936215.144583   22062 llv_manager.cc:193] LLV DIMENSION: 1280x720
10-31 14:43:35.151   978 22059 I native  : I0000 00:00:1761936215.151234   22059 brute_force_feature_matching.cc:49] Number of bins each image dimension is divided into: 5
10-31 14:43:35.153   978 22059 I native  : I0000 00:00:1761936215.153111   22059 brute_force_feature_matching.cc:49] Number of bins each image dimension is divided into: 5
10-31 14:43:35.155   978  1465 I G3ACoordinator: ae_session_config_parser_lyric.cc:201: ispfe_raw_input_resolution [width:3440, height:2000]
10-31 14:43:35.160   978 22062 I native  : I0000 00:00:1761936215.160402   22062 noise_model.cc:372] Profile resolution 80 x 45
10-31 14:43:35.162   978  1464 I G3ACoordinator: ae_session_config_parser_lyric.cc:201: ispfe_raw_input_resolution [width:3840, height:2236]
10-31 14:43:35.170  1206 22045 W mediaswcodec: AIBinder_linkToDeath is being called with a non-null cookie and no onUnlink callback set. This might not be intended. AIBinder_DeathRecipient_setOnUnlinked should be called first.
10-31 14:43:35.186 13426 14224 W MessageQueue: Handler (android.media.MediaCodec$EventHandler) {d94e9c2} sending message to a Handler on a dead thread
10-31 14:43:35.186 13426 14224 W MessageQueue: java.lang.IllegalStateException: Handler (android.media.MediaCodec$EventHandler) {d94e9c2} sending message to a Handler on a dead thread
10-31 14:43:35.186 13426 14224 W MessageQueue: 	at android.media.MediaCodec.postEventFromNative(MediaCodec.java:6045)
10-31 14:43:35.284   978 28491 I Lyric   : camera_powerhal_impl.cc:202: CancelPowerBoost CAMERA_VIDEO_RECORDING
10-31 14:43:37.242 13426 14224 D CCodecBufferChannel: [c2.android.hevc.decoder#159] MediaCodec discarded an unknown buffer
10-31 14:43:37.242 13426 14224 D CCodecBufferChannel: [c2.android.hevc.decoder#159] MediaCodec discarded an unknown buffer
10-31 14:43:37.242 13426 14224 D CCodecBufferChannel: [c2.android.hevc.decoder#159] MediaCodec discarded an unknown buffer
10-31 14:43:37.246 13426 14224 D CCodecBufferChannel: [c2.android.hevc.decoder#159] MediaCodec discarded an unknown buffer
10-31 14:43:37.247 13426 14224 D CCodecBufferChannel: [c2.android.hevc.decoder#159] MediaCodec discarded an unknown buffer
10-31 14:43:37.247 13426 14224 D CCodecBufferChannel: [c2.android.hevc.decoder#159] MediaCodec discarded an unknown buffer
10-31 14:43:37.247 13426 14224 D CCodecBufferChannel: [c2.android.hevc.decoder#159] MediaCodec discarded an unknown buffer
10-31 14:43:37.263 13426 14225 D CCodec  : allocate(c2.android.hevc.decoder)
10-31 14:43:37.266 13426 14225 I CCodec  : setting up 'default' as default (vendor) store
10-31 14:43:37.274 13426 14225 I CCodec  : Created component [c2.android.hevc.decoder] for [c2.android.hevc.decoder]
10-31 14:43:37.275 13426 14225 D CCodecConfig: read media type: video/hevc
10-31 14:43:37.291 13426 14225 D CCodecConfig: ignoring local param raw.size (0xd2001800) as it is already supported
10-31 14:43:37.291 13426 14225 D CCodecConfig: ignoring local param default.color (0x5200180b) as it is already supported
10-31 14:43:37.295 13426 14225 I CCodecConfig: query failed after returning 12 values (BAD_INDEX)
10-31 14:43:37.295 13426 14225 D CCodecConfig: c2 config diff is Dict {
10-31 14:43:37.295 13426 14225 D CCodecConfig:   c2::u32 coded.pl.level = 24584
10-31 14:43:37.295 13426 14225 D CCodecConfig:   c2::u32 coded.pl.profile = 24576
10-31 14:43:37.295 13426 14225 D CCodecConfig:   c2::u32 coded.vui.color.matrix = 0
10-31 14:43:37.295 13426 14225 D CCodecConfig:   c2::u32 coded.vui.color.primaries = 0
10-31 14:43:37.295 13426 14225 D CCodecConfig:   c2::u32 coded.vui.color.range = 2
10-31 14:43:37.295 13426 14225 D CCodecConfig:   c2::u32 coded.vui.color.transfer = 0
10-31 14:43:37.295 13426 14225 D CCodecConfig:   c2::u32 default.color.matrix = 0
10-31 14:43:37.295 13426 14225 D CCodecConfig:   c2::u32 default.color.primaries = 0
10-31 14:43:37.295 13426 14225 D CCodecConfig:   c2::u32 default.color.range = 0
10-31 14:43:37.295 13426 14225 D CCodecConfig:   c2::u32 default.color.transfer = 0
10-31 14:43:37.295 13426 14225 D CCodecConfig:   c2::u32 input.buffers.max-size.value = 2097152
10-31 14:43:37.295 13426 14225 D CCodecConfig:   c2::u32 input.delay.value = 0
10-31 14:43:37.295 13426 14225 D CCodecConfig:   string input.media-type.value = "video/hevc"
10-31 14:43:37.295 13426 14225 D CCodecConfig:   c2::u32 output.delay.value = 8
10-31 14:43:37.295 13426 14225 D CCodecConfig:   string output.media-type.value = "video/raw"
10-31 14:43:37.295 13426 14225 D CCodecConfig:   c2::u32 raw.color.matrix = 0
10-31 14:43:37.295 13426 14225 D CCodecConfig:   c2::u32 raw.color.primaries = 0
10-31 14:43:37.295 13426 14225 D CCodecConfig:   c2::u32 raw.color.range = 2
10-31 14:43:37.295 13426 14225 D CCodecConfig:   c2::u32 raw.color.transfer = 0
10-31 14:43:37.295 13426 14225 D CCodecConfig:   c2::u32 raw.max-size.height = 240
10-31 14:43:37.295 13426 14225 D CCodecConfig:   c2::u32 raw.max-size.width = 320
10-31 14:43:37.295 13426 14225 D CCodecConfig:   c2::u32 raw.pixel-format.value = 35
10-31 14:43:37.295 13426 14225 D CCodecConfig:   c2::i32 raw.rotation.flip = 0
10-31 14:43:37.295 13426 14225 D CCodecConfig:   c2::i32 raw.rotation.value = 0
10-31 14:43:37.295 13426 14225 D CCodecConfig:   c2::u32 raw.sar.height = 1
10-31 14:43:37.295 13426 14225 D CCodecConfig:   c2::u32 raw.sar.width = 1
10-31 14:43:37.295 13426 14225 D CCodecConfig:   c2::u32 raw.size.height = 240
10-31 14:43:37.295 13426 14225 D CCodecConfig:   c2::u32 raw.size.width = 320
10-31 14:43:37.295 13426 14225 D CCodecConfig:   c2
10-31 14:43:37.303 13426 19603 I MediaCodec: media_quality service unavailable, skipping updatePictureProfile
10-31 14:43:37.305 13426 14224 I MediaCodec: [c2.android.hevc.decoder] setting surface generation to 13748269
10-31 14:43:37.306 13426 14225 D CCodec  : [c2.android.hevc.decoder] buffers are bound to CCodec for this session
10-31 14:43:37.307 13426 14225 D CCodecConfig: no c2 equivalents for color-format
10-31 14:43:37.307 13426 14225 D CCodecConfig: no c2 equivalents for native-window
10-31 14:43:37.307 13426 14225 D CCodecConfig: no c2 equivalents for native-window-generation
10-31 14:43:37.307 13426 14225 D CCodecConfig: no c2 equivalents for flags
10-31 14:43:37.309 13426 14225 D CCodecConfig: c2 config diff is   c2::u32 raw.size.height = 1280
10-31 14:43:37.309 13426 14225 D CCodecConfig:   c2::u32 raw.size.width = 720
10-31 14:43:37.310 13426 14225 D CCodec  : encoding statistics level = 0
10-31 14:43:37.310 13426 14225 D CCodec  : setup formats input: AMessage(what = 0x00000000) = {
10-31 14:43:37.310 13426 14225 D CCodec  :   int32_t height = 1280
10-31 14:43:37.310 13426 14225 D CCodec  :   int32_t level = 65536
10-31 14:43:37.310 13426 14225 D CCodec  :   int32_t max-input-size = 2097152
10-31 14:43:37.310 13426 14225 D CCodec  :   string mime = "video/hevc"
10-31 14:43:37.310 13426 14225 D CCodec  :   int32_t profile = 1
10-31 14:43:37.310 13426 14225 D CCodec  :   int32_t width = 720
10-31 14:43:37.310 13426 14225 D CCodec  :   Rect crop(0, 0, 719, 1279)
10-31 14:43:37.310 13426 14225 D CCodec  : }
10-31 14:43:37.310 13426 14225 D CCodec  : setup formats output: AMessage(what = 0x00000000) = {
10-31 14:43:37.310 13426 14225 D CCodec  :   int32_t android._color-format = 2135033992
10-31 14:43:37.310 13426 14225 D CCodec  :   int32_t android._video-scaling = 1
10-31 14:43:37.310 13426 14225 D CCodec  :   int32_t rotation-degrees = 0
10-31 14:43:37.310 13426 14225 D CCodec  :   int32_t color-standard = 1
10-31 14:43:37.310 13426 14225 D CCodec  :   int32_t color-range = 2
10-31 14:43:37.310 13426 14225 D CCodec  :   int32_t color-transfer = 3
10-31 14:43:37.310 13426 14225 D CCodec  :   int32_t sar-height = 1
10-31 14:43:37.310 13426 14225 D CCodec  :   int32_t sar-width = 1
10-31 14:43:37.310 13426 14225 D CCodec  :   Rect crop(0, 0, 719, 1279)
10-31 14:43:37.310 13426 14225 D CCodec  :   int32_t width = 720
10-31 14:43:37.310 13426 14225 D CCodec  :   int32_t height = 1280
10-31 14:43:37.310 13426 14225 D CCodec  :   int32_t max-height = 240
10-31 14:43:37.310 13426 14225 D CCodec  :   int32_t max-width = 320
10-31 14:43:37.310 13426 14225 D CCodec  :   string mime = "video/raw"
10-31 14:43:37.310 13426 14225 D CCodec  :   int32_t android._dataspace = 260
10-31 14:43:37.310 13426 14225 D CCodec  :   int32_t color-format = 2135033992
10-31 14:43:37.310 13426 14225 D CCodec  : }
10-31 14:43:37.311 13426 14225 I CCodecConfig: query failed after returning 12 values (BAD_INDEX)
10-31 14:43:37.311 13426 14225 D CCodecConfig: c2 config diff is   c2::u32 raw.max-size.height = 1280
10-31 14:43:37.311 13426 14225 D CCodecConfig:   c2::u32 raw.max-size.width = 720
10-31 14:43:37.313 13426 14224 I MediaCodec: MediaCodec will operate in async mode
10-31 14:43:37.314 13426 19603 D MediaCodec: keep callback message for reclaim
10-31 14:43:37.329 13426 14225 D CCodecBufferChannel: [c2.android.hevc.decoder#159] Created input block pool with allocatorID 16 => poolID 98 - OK (0)
10-31 14:43:37.329 13426 14225 D CCodecBufferChannel: [c2.android.hevc.decoder#159] Query output surface allocator returned 0 params => BAD_INDEX (6)
10-31 14:43:37.329 13426 14225 D Codec2Client: GraphicBufferAllocator created
10-31 14:43:37.333 13426 14225 I CCodecBufferChannel: [c2.android.hevc.decoder#159] Created output block pool with allocatorID 18 => poolID 2187 - OK
10-31 14:43:37.342 13426 14225 D CCodecBufferChannel: [c2.android.hevc.decoder#159] Configured output block pool ids 2187 => OK
10-31 14:43:37.342 13426 14225 D Codec2Client: setOutputSurface -- failed to set consumer usage (6/BAD_INDEX)
10-31 14:43:37.342 13426 14225 D Codec2Client: setOutputSurface -- generation=13748269 consumer usage=0x900
10-31 14:43:37.366 13426 14225 D CCodecConfig: c2 config diff is   c2::u32 output.delay.value = 0
10-31 14:43:37.366 13426 14225 D CCodecConfig:   c2::u32 raw.size.height = 768
10-31 14:43:37.366 13426 14225 D CCodecConfig:   c2::u32 raw.size.width = 432
10-31 14:43:37.380 13426 14225 D CCodecConfig: c2 config diff is   c2::u32 raw.color.matrix = 1
10-31 14:43:37.380 13426 14225 D CCodecConfig:   c2::u32 raw.color.primaries = 1
10-31 14:43:37.380 13426 14225 D CCodecConfig:   c2::u32 raw.color.transfer = 3
10-31 14:43:37.380 13426 14225 D CCodecConfig:   c2::u32 raw.crop.height = 768
10-31 14:43:37.380 13426 14225 D CCodecConfig:   c2::u32 raw.crop.left = 0
10-31 14:43:37.380 13426 14225 D CCodecConfig:   c2::u32 raw.crop.top = 0
10-31 14:43:37.380 13426 14225 D CCodecConfig:   c2::u32 raw.crop.width = 432
10-31 14:43:37.381 13426 14225 D CCodecBuffers: [c2.android.hevc.decoder#159:2D-Output] popFromStashAndRegister: at 236157721188us, output format changed to AMessage(what = 0x00000000) = {
10-31 14:43:37.381 13426 14225 D CCodecBuffers:   int32_t android._color-format = 2135033992
10-31 14:43:37.381 13426 14225 D CCodecBuffers:   int32_t android._video-scaling = 1
10-31 14:43:37.381 13426 14225 D CCodecBuffers:   int32_t rotation-degrees = 0
10-31 14:43:37.381 13426 14225 D CCodecBuffers:   int32_t color-standard = 1
10-31 14:43:37.381 13426 14225 D CCodecBuffers:   int32_t color-range = 2
10-31 14:43:37.381 13426 14225 D CCodecBuffers:   int32_t color-transfer = 3
10-31 14:43:37.381 13426 14225 D CCodecBuffers:   int32_t sar-height = 1
10-31 14:43:37.381 13426 14225 D CCodecBuffers:   int32_t sar-width = 1
10-31 14:43:37.381 13426 14225 D CCodecBuffers:   Rect crop(0, 0, 431, 767)
10-31 14:43:37.381 13426 14225 D CCodecBuffers:   int32_t width = 432
10-31 14:43:37.381 13426 14225 D CCodecBuffers:   int32_t height = 768
10-31 14:43:37.381 13426 14225 D CCodecBuffers:   int32_t max-height = 1280
10-31 14:43:37.381 13426 14225 D CCodecBuffers:   int32_t max-width = 720
10-31 14:43:37.381 13426 14225 D CCodecBuffers:   string mime = "video/raw"
10-31 14:43:37.381 13426 14225 D CCodecBuffers:   int32_t android._dataspace = 260
10-31 14:43:37.381 13426 14225 D CCodecBuffers:   int32_t color-format = 2135033992
10-31 14:43:37.381 13426 14225 D CCodecBuffers: }
10-31 14:43:37.416  1020 22036 V ExynosVideoOSAL: Codec_OSAL_SetControls: QP[0] range (5 / 50)
10-31 14:43:37.416  1020 22036 V ExynosVideoOSAL: Codec_OSAL_SetControls: QP[1] range (5 / 50)
10-31 14:43:37.416  1020 22036 V ExynosVideoOSAL: Codec_OSAL_SetControls: QP[2] range (5 / 50)
10-31 14:43:37.417  1020 22040 V ExynosVideoOSAL: Codec_OSAL_SetControls: QP[0] range (5 / 50)
10-31 14:43:37.417  1020 22040 V ExynosVideoOSAL: Codec_OSAL_SetControls: QP[1] range (5 / 50)
10-31 14:43:37.417  1020 22040 V ExynosVideoOSAL: Codec_OSAL_SetControls: QP[2] range (5 / 50)
10-31 14:43:37.436 13426 22030 D CCodecConfig: c2 config diff is   Buffer coded.init-data.value = {
10-31 14:43:37.436 13426 22030 D CCodecConfig:     00000000:  00 00 00 01 67 64 00 1f  ac b4 04 00 e3 4d 40 40  ....gd.......M@@
10-31 14:43:37.436 13426 22030 D CCodecConfig:     00000010:  40 41 e2 85 54 00 00 00  01 68 ee 0d 8b           @A..T....h...
10-31 14:43:38.672 13426 14225 D CCodecConfig: c2 config diff is   c2::u32 raw.size.height = 640
10-31 14:43:38.672 13426 14225 D CCodecConfig:   c2::u32 raw.size.width = 360
10-31 14:43:38.705 13426 14225 D CCodecConfig: c2 config diff is   c2::u32 raw.crop.height = 640
10-31 14:43:38.705 13426 14225 D CCodecConfig:   c2::u32 raw.crop.width = 360
10-31 14:43:38.706 13426 14225 D CCodecBuffers: [c2.android.hevc.decoder#159:2D-Output] popFromStashAndRegister: at 236158754411us, output format changed to AMessage(what = 0x00000000) = {
10-31 14:43:38.706 13426 14225 D CCodecBuffers:   int32_t android._color-format = 2135033992
10-31 14:43:38.706 13426 14225 D CCodecBuffers:   int32_t android._video-scaling = 1
10-31 14:43:38.706 13426 14225 D CCodecBuffers:   int32_t rotation-degrees = 0
10-31 14:43:38.706 13426 14225 D CCodecBuffers:   int32_t color-standard = 1
10-31 14:43:38.706 13426 14225 D CCodecBuffers:   int32_t color-range = 2
10-31 14:43:38.706 13426 14225 D CCodecBuffers:   int32_t color-transfer = 3
10-31 14:43:38.706 13426 14225 D CCodecBuffers:   int32_t sar-height = 1
10-31 14:43:38.706 13426 14225 D CCodecBuffers:   int32_t sar-width = 1
10-31 14:43:38.706 13426 14225 D CCodecBuffers:   Rect crop(0, 0, 359, 639)
10-31 14:43:38.706 13426 14225 D CCodecBuffers:   int32_t width = 360
10-31 14:43:38.706 13426 14225 D CCodecBuffers:   int32_t height = 640
10-31 14:43:38.706 13426 14225 D CCodecBuffers:   int32_t max-height = 1280
10-31 14:43:38.706 13426 14225 D CCodecBuffers:   int32_t max-width = 720
10-31 14:43:38.706 13426 14225 D CCodecBuffers:   string mime = "video/raw"
10-31 14:43:38.706 13426 14225 D CCodecBuffers:   int32_t android._dataspace = 260
10-31 14:43:38.706 13426 14225 D CCodecBuffers:   int32_t color-format = 2135033992
10-31 14:43:38.706 13426 14225 D CCodecBuffers: }
10-31 14:43:39.471 13426 22029 D CCodec  : ISConfig not changed
