10-09 11:39:26.689  1481  3994 I Telecom : TelecomServiceImpl$1: registerPhoneAccount: account=[[ ] PhoneAccount: ComponentInfo{com.google.android.apps.tachyon/com.google.android.apps.tachyon}, ***, UserHandle{0} Capabilities: SelfManaged SuppVideo Video TransactOps  Audio Routes: BESW Schemes: tel  Extras: Bundle[{isCoreTelecomAccount=true}] GroupId: *** SC Restrictions: [NONE]]: TSI.rPA(cgaat)@X5A
10-09 11:39:26.692  1481  3994 I Telecom : CallsManager: handlePhoneAccountChanged: phoneAccount=[[X] PhoneAccount: ComponentInfo{com.google.android.apps.tachyon/com.google.android.apps.tachyon}, ***, UserHandle{0} Capabilities: SelfManaged SuppVideo Video TransactOps  Audio Routes: BESW Schemes: tel  Extras: Bundle[{isCoreTelecomAccount=true}] GroupId: *** SC Restrictions: [NONE]]: TSI.rPA(cgaat)@X5A
10-09 12:28:56.366  1481 25032 D TransparencyService: Preload com.google.android.videos at /data/app/~~ROzeRHQ7u76mXbOoRxTRPQ==/com.google.android.videos-sQOd95A7EMgSX81mgQ5ddg== has likely been updated.
10-09 13:15:42.356 25279 29073 W Glide   : Load failed for [] with dimensions [-2147483648x-2147483648]
10-09 13:15:42.396   980  1601 D AHal::Cs35l41Codec: CheckAllSpeakers: get ctl [PCM Source] = 1, expects 1
10-09 13:15:42.396   980  1601 D AHal::Cs35l41Codec: CheckAllSpeakers: get ctl [R PCM Source] = 1, expects 1
10-09 13:15:45.223   980  1601 I AHal::Cs35l41Codec: skip health data provide
10-09 13:16:54.343   980  1061 I AHal::Cs35l41Codec: EnableHibernate off
10-09 13:16:54.343   980  1061 D AHal::Cs35l41Codec: SetAllSpeakers: set ctl [Hibernate Force Wake] = 0
10-09 13:16:54.343   980  1061 D AHal::Cs35l41Codec: SetAllSpeakers: set ctl [R Hibernate Force Wake] = 0
10-09 13:18:40.387   980  4862 I AHal::Cs35l41Codec: EnableHibernate on
10-09 13:18:40.397   980  4862 D AHal::Cs35l41Codec: SetAllSpeakers: set ctl [Hibernate Force Wake] = 1
10-09 13:18:40.406   980  4862 D AHal::Cs35l41Codec: SetAllSpeakers: set ctl [R Hibernate Force Wake] = 1
10-09 13:18:43.329   980  1601 D AHal::Cs35l41Codec: CheckAllSpeakers: get ctl [PCM Source] = 1, expects 1
10-09 13:18:43.330   980  1601 D AHal::Cs35l41Codec: CheckAllSpeakers: get ctl [R PCM Source] = 1, expects 1
10-09 13:18:44.531   980  1601 I AHal::Cs35l41Codec: skip health data provide
10-09 13:18:54.847   980  1061 I AHal::Cs35l41Codec: EnableHibernate off
10-09 13:18:54.847   980  1061 D AHal::Cs35l41Codec: SetAllSpeakers: set ctl [Hibernate Force Wake] = 0
10-09 13:18:54.847   980  1061 D AHal::Cs35l41Codec: SetAllSpeakers: set ctl [R Hibernate Force Wake] = 0
10-09 13:20:02.171   980  1061 I AHal::Cs35l41Codec: EnableHibernate on
10-09 13:20:02.181   980  1061 D AHal::Cs35l41Codec: SetAllSpeakers: set ctl [Hibernate Force Wake] = 1
10-09 13:20:02.190   980  1061 D AHal::Cs35l41Codec: SetAllSpeakers: set ctl [R Hibernate Force Wake] = 1
10-09 13:20:06.013   980  1601 D AHal::Cs35l41Codec: CheckAllSpeakers: get ctl [PCM Source] = 1, expects 1
10-09 13:20:06.013   980  1601 D AHal::Cs35l41Codec: CheckAllSpeakers: get ctl [R PCM Source] = 1, expects 1
10-09 13:20:06.897 30773 30901 I SilverstoneVideoPrefetcher: Creating video source for prefetching: for videoId: 806763452522920_cover_media_id adaptive : true progressive: false
10-09 13:20:06.903 30773 30901 D HeroService: 	renderMode: AUDIO_VIDEO
10-09 13:20:06.914 30773 30901 D UnifiedPrefetchManager: video: 806763452522920_cover_media_id representation id: 2254409868356235v, width: 464 from origin homefeed and suborigin null and source(tag) SilverstoneVideoPrefetcher is being prefetched
10-09 13:20:06.915 30773 30901 D UnifiedPrefetchManager: video prefetch: 806763452522920_cover_media_id url: https://scontent-bos5-1.xx.fbcdn.net/o1/v/t2/f2/m412/AQMBtOfEcbUNSSdEf4dvPdAhCYMPLFnEYtuEfcA3oXxWpXC1H_qqq7is8Od86xhH3fBcSJcxaUdz7UaH3rInsz6HKHIF-8ar0aNP-uk.mp4?_nc_cat=1&_nc_sid=9ca052&_nc_ht=scontent-bos5-1.xx.fbcdn.net&_nc_ohc=q39uX17LzBIQ7kNvwH8HgGY&efg=eyJ2ZW5jb2RlX3RhZyI6ImRhc2hfaDI2NC1iYXNpYy1nZW4yXzcyMHAiLCJ2aWRlb19pZCI6bnVsbCwib2lsX3VybGdlbl9hcHBfaWQiOjgzMDU0NzE2NDAzNjAxMiwiY2xpZW50X25hbWUiOiJ1bmtub3duIiwieHB2X2Fzc2V0X2lkIjoxMjE1ODczODEwMzYzMjgzLCJ2aV91c2VjYXNlX2lkIjoxMDk4MCwiZHVyYXRpb25fcyI6MTQsInVybGdlbl9zb3VyY2UiOiJ3d3cifQ%3D%3D&ccb=17-1&_nc_gid=AoavMUGalVCLrqdr7sBT1A&_nc_zt=28&oh=00_Afd-pMfmRzl9nwTg3AjwmtRLJvGUK9rfG6J_HupZxn3i3w&oe=68EDDB13 1750358
10-09 13:20:06.915 30773 30901 D UnifiedPrefetchManager: video: 806763452522920_cover_media_id queuing prefetch task, from origin homefeed subOrigin null with tag SilverstoneVideoPrefetcher and module SilverstoneVideoPrefetcher
10-09 13:20:06.916 30773 30901 D UnifiedPrefetchManager: video: 806763452522920_cover_media_id representation id: 1551078669220096a, width: -1 from origin homefeed and suborigin null and source(tag) SilverstoneVideoPrefetcher is being prefetched
10-09 13:20:06.916 30773 30901 D UnifiedPrefetchManager: video prefetch: 806763452522920_cover_media_id url: https://scontent-bos5-1.xx.fbcdn.net/o1/v/t2/f2/m412/AQPvr41Tdm7L8Rlwe3CCzbB0FBjAX8Tk4rQmJ8wSxHeBV0rX7wQFnDNLPAo4JFL67TxN3kYYO_bSrIHak9zBl56x3OYUkgBig5aNTx4.mp4?_nc_cat=1&_nc_sid=9ca052&_nc_ht=scontent-bos5-1.xx.fbcdn.net&_nc_ohc=yjxF1o864PYQ7kNvwE-KCVs&efg=eyJ2ZW5jb2RlX3RhZyI6ImRhc2gtYXVkaW9faDI2NC1iYXNpYy1nZW4yXzM2MHAiLCJ2aWRlb19pZCI6bnVsbCwib2lsX3VybGdlbl9hcHBfaWQiOjgzMDU0NzE2NDAzNjAxMiwiY2xpZW50X25hbWUiOiJ1bmtub3duIiwieHB2X2Fzc2V0X2lkIjoxMjE1ODczODEwMzYzMjgzLCJ2aV91c2VjYXNlX2lkIjoxMDk4MCwiZHVyYXRpb25fcyI6MTQsInVybGdlbl9zb3VyY2UiOiJ3d3cifQ%3D%3D&ccb=17-1&_nc_gid=AoavMUGalVCLrqdr7sBT1A&_nc_zt=28&oh=00_AfdBXdhUecjYFk94SslJrUlmYC9Bb0oBifVam7X2RMUPLg&oe=68EDC3DF 32930
10-09 13:20:06.917 30773 30901 D UnifiedPrefetchManager: video: 806763452522920_cover_media_id queuing prefetch task, from origin homefeed subOrigin null with tag SilverstoneVideoPrefetcher and module SilverstoneVideoPrefetcher
10-09 13:20:06.917 30773 30901 D SilverstoneVideoPrefetcher: Created request to prefetch videos for post id: JZaZnGwiHzJ video id: 806763452522920_cover_media_id isStartupPrefetch: false
10-09 13:20:06.917 30773 30901 I SilverstoneVideoPrefetcher: Creating video source for prefetching: for videoId: 756252124245808_cover_media_id adaptive : true progressive: false
10-09 13:20:06.917 30773 30901 D HeroService: 	renderMode: AUDIO_VIDEO
10-09 13:20:06.920 30773 30901 D UnifiedPrefetchManager: video: 756252124245808_cover_media_id representation id: 761685529952567v, width: 464 from origin homefeed and suborigin null and source(tag) SilverstoneVideoPrefetcher is being prefetched
10-09 13:20:06.920 30773 30901 D UnifiedPrefetchManager: video prefetch: 756252124245808_cover_media_id url: https://scontent-bos5-1.xx.fbcdn.net/o1/v/t2/f2/m412/AQOjhfQ9LsHgNRvNWQgWR8S_xoxwDOfZxWMnNNBi-QOgNO2gXjvD3VUqIMy3Jt4JxGHHpKsXI_NlGdpnDLD4_puB-D0FMB9fFcQcKFo.mp4?_nc_cat=1&_nc_sid=9ca052&_nc_ht=scontent-bos5-1.xx.fbcdn.net&_nc_ohc=E-ydbtKRBoEQ7kNvwF73DIg&efg=eyJ2ZW5jb2RlX3RhZyI6ImRhc2hfaDI2NC1iYXNpYy1nZW4yXzcyMHAiLCJ2aWRlb19pZCI6bnVsbCwib2lsX3VybGdlbl9hcHBfaWQiOjgzMDU0NzE2NDAzNjAxMiwiY2xpZW50X25hbWUiOiJ1bmtub3duIiwieHB2X2Fzc2V0X2lkIjo3NTYyNTIxNjc1NzkxMzcsInZpX3VzZWNhc2VfaWQiOjEwOTg3LCJkdXJhdGlvbl9zIjo5LCJ1cmxnZW5fc291cmNlIjoid3d3In0%3D&ccb=17-1&_nc_gid=AoavMUGalVCLrqdr7sBT1A&_nc_zt=28&oh=00_AfeQS8YrlQPssFBVwO3rbE64ia3CMOeYgIAp3p8ytynWvA&oe=68EDAA94 1456886
10-09 13:20:06.920 30773 30901 D UnifiedPrefetchManager: video: 756252124245808_cover_media_id queuing prefetch task, from origin homefeed subOrigin null with tag SilverstoneVideoPrefetcher and module SilverstoneVideoPrefetcher
10-09 13:20:06.921 30773 30901 D UnifiedPrefetchManager: video: 756252124245808_cover_media_id representation id: 810835947998410a, width: -1 from origin homefeed and suborigin null and source(tag) SilverstoneVideoPrefetcher is being prefetched
10-09 13:20:06.921 30773 30901 D UnifiedPrefetchManager: video prefetch: 756252124245808_cover_media_id url: https://scontent-bos5-1.xx.fbcdn.net/o1/v/t2/f2/m412/AQPsIGknldDGUHAPviMYRuUjx_FIrf2y8CTQwPytfLE7NtH-B_myVrUaQ3HujLnrx0zUMb-8y9NPlPzig0YIMIqeC24VNucw0F_OI-c.mp4?_nc_cat=1&_nc_sid=9ca052&_nc_ht=scontent-bos5-1.xx.fbcdn.net&_nc_ohc=WrdWO3p6elAQ7kNvwHc-gpy&efg=eyJ2ZW5jb2RlX3RhZyI6ImRhc2gtYXVkaW9faDI2NC1iYXNpYy1nZW4yXzM2MHAiLCJ2aWRlb19pZCI6bnVsbCwib2lsX3VybGdlbl9hcHBfaWQiOjgzMDU0NzE2NDAzNjAxMiwiY2xpZW50X25hbWUiOiJ1bmtub3duIiwieHB2X2Fzc2V0X2lkIjo3NTYyNTIxNjc1NzkxMzcsInZpX3VzZWNhc2VfaWQiOjEwOTg3LCJkdXJhdGlvbl9zIjo5LCJ1cmxnZW5fc291cmNlIjoid3d3In0%3D&ccb=17-1&_nc_gid=AoavMUGalVCLrqdr7sBT1A&_nc_zt=28&oh=00_AffqCmMOrJz54UBS0MRnx6zBbjhWOfHXZM3bKuNoda3JBA&oe=68EDB0C4 32916
10-09 13:20:06.921 30773 30901 D UnifiedPrefetchManager: video: 756252124245808_cover_media_id queuing prefetch task, from origin homefeed subOrigin null with tag SilverstoneVideoPrefetcher and module SilverstoneVideoPrefetcher
10-09 13:20:06.921 30773 30901 D SilverstoneVideoPrefetcher: Created request to prefetch videos for post id: vJ6HqtCL4Cp video id: 756252124245808_cover_media_id isStartupPrefetch: false
10-09 13:20:06.922 30773 29327 D CacheManager_default: Created Apache Data Source for video 806763452522920_cover_media_id (timeout_ms connect=8000 read=8000)
10-09 13:20:06.927 30773 29327 D CacheManager_default: Prefetched VideoId 806763452522920_cover_media_id, PrefetchLength 32930, total read 32930, fetched length from network 0, CacheKey 806763452522920_cover_media_id.null.1551078669220096a.-1.5591d800f345838312012b1fb02a0b5155b19383
10-09 13:20:06.927 30773 29327 D CacheManager_default: Created Apache Data Source for video 756252124245808_cover_media_id (timeout_ms connect=8000 read=8000)
10-09 13:20:06.928 30773 29327 D CacheManager_default: Prefetched VideoId 756252124245808_cover_media_id, PrefetchLength 32916, total read 32916, fetched length from network 0, CacheKey 756252124245808_cover_media_id.null.810835947998410a.-1.0645956f601238f2b046b06d2461a60b8496e7bc
10-09 13:20:06.928 30773 29327 D CacheManager_default: Created Apache Data Source for video 756252124245808_cover_media_id (timeout_ms connect=8000 read=8000)
10-09 13:20:06.928 30773 29327 D FbHttpCacheDataSource: Cache data source open spec(Cached). RequestType: PREFETCH, StreamType:DASH_VIDEO, Offset:0, FilePos:0, Length:102400, Vid:756252124245808_cover_media_id, Key:756252124245808_cover_media_id.null.761685529952567v.-1.a50538b84f3b0d7a20d6e7643bc74d58079e9fe2
10-09 13:20:06.929 30773 29327 D FbHttpCacheDataSource: Cache data source open spec. RequestType: PREFETCH, StreamType:DASH_VIDEO, Position:0/0, Length:1456886, Vid:756252124245808_cover_media_id, Key:756252124245808_cover_media_id.null.761685529952567v.-1.a50538b84f3b0d7a20d6e7643bc74d58079e9fe2
10-09 13:20:06.930 30773 29327 D FbHttpCacheDataSource: Cache data source open spec(Cached). RequestType: PREFETCH, StreamType:DASH_VIDEO, Offset:102400, FilePos:0, Length:102400, Vid:756252124245808_cover_media_id, Key:756252124245808_cover_media_id.null.761685529952567v.-1.a50538b84f3b0d7a20d6e7643bc74d58079e9fe2
10-09 13:20:06.930 30773 29327 D FbHttpCacheDataSource: Cache data source open spec(Cached). RequestType: PREFETCH, StreamType:DASH_VIDEO, Offset:204800, FilePos:0, Length:102400, Vid:756252124245808_cover_media_id, Key:756252124245808_cover_media_id.null.761685529952567v.-1.a50538b84f3b0d7a20d6e7643bc74d58079e9fe2
10-09 13:20:06.931 30773 29327 D FbHttpCacheDataSource: Cache data source open spec(Cached). RequestType: PREFETCH, StreamType:DASH_VIDEO, Offset:307200, FilePos:0, Length:102400, Vid:756252124245808_cover_media_id, Key:756252124245808_cover_media_id.null.761685529952567v.-1.a50538b84f3b0d7a20d6e7643bc74d58079e9fe2
10-09 13:20:06.932 30773 29327 D FbHttpCacheDataSource: Cache data source open spec(Cached). RequestType: PREFETCH, StreamType:DASH_VIDEO, Offset:409600, FilePos:0, Length:102400, Vid:756252124245808_cover_media_id, Key:756252124245808_cover_media_id.null.761685529952567v.-1.a50538b84f3b0d7a20d6e7643bc74d58079e9fe2
10-09 13:20:06.933 30773 29327 D FbHttpCacheDataSource: Cache data source open spec(Cached). RequestType: PREFETCH, StreamType:DASH_VIDEO, Offset:512000, FilePos:0, Length:102400, Vid:756252124245808_cover_media_id, Key:756252124245808_cover_media_id.null.761685529952567v.-1.a50538b84f3b0d7a20d6e7643bc74d58079e9fe2
10-09 13:20:06.933 30773 29327 D FbHttpCacheDataSource: Cache data source open spec(Cached). RequestType: PREFETCH, StreamType:DASH_VIDEO, Offset:614400, FilePos:0, Length:102400, Vid:756252124245808_cover_media_id, Key:756252124245808_cover_media_id.null.761685529952567v.-1.a50538b84f3b0d7a20d6e7643bc74d58079e9fe2
10-09 13:20:06.934 30773 29327 D FbHttpCacheDataSource: Cache data source open spec(Cached). RequestType: PREFETCH, StreamType:DASH_VIDEO, Offset:716800, FilePos:0, Length:102400, Vid:756252124245808_cover_media_id, Key:756252124245808_cover_media_id.null.761685529952567v.-1.a50538b84f3b0d7a20d6e7643bc74d58079e9fe2
10-09 13:20:06.935 30773 29327 D FbHttpCacheDataSource: Cache data source open spec(Cached). RequestType: PREFETCH, StreamType:DASH_VIDEO, Offset:819200, FilePos:0, Length:102400, Vid:756252124245808_cover_media_id, Key:756252124245808_cover_media_id.null.761685529952567v.-1.a50538b84f3b0d7a20d6e7643bc74d58079e9fe2
10-09 13:20:06.936 30773 29327 D FbHttpCacheDataSource: Cache data source open spec(Cached). RequestType: PREFETCH, StreamType:DASH_VIDEO, Offset:921600, FilePos:0, Length:102400, Vid:756252124245808_cover_media_id, Key:756252124245808_cover_media_id.null.761685529952567v.-1.a50538b84f3b0d7a20d6e7643bc74d58079e9fe2
10-09 13:20:06.936 30773 29327 D FbHttpCacheDataSource: Cache data source open spec(Cached). RequestType: PREFETCH, StreamType:DASH_VIDEO, Offset:1024000, FilePos:0, Length:102400, Vid:756252124245808_cover_media_id, Key:756252124245808_cover_media_id.null.761685529952567v.-1.a50538b84f3b0d7a20d6e7643bc74d58079e9fe2
10-09 13:20:06.937 30773 29327 D FbHttpCacheDataSource: Cache data source open spec(Cached). RequestType: PREFETCH, StreamType:DASH_VIDEO, Offset:1126400, FilePos:0, Length:102400, Vid:756252124245808_cover_media_id, Key:756252124245808_cover_media_id.null.761685529952567v.-1.a50538b84f3b0d7a20d6e7643bc74d58079e9fe2
10-09 13:20:06.938 30773 29327 D FbHttpCacheDataSource: Cache data source open spec(Cached). RequestType: PREFETCH, StreamType:DASH_VIDEO, Offset:1228800, FilePos:0, Length:102400, Vid:756252124245808_cover_media_id, Key:756252124245808_cover_media_id.null.761685529952567v.-1.a50538b84f3b0d7a20d6e7643bc74d58079e9fe2
10-09 13:20:06.938 30773 29327 D FbHttpCacheDataSource: Cache data source open spec(Cached). RequestType: PREFETCH, StreamType:DASH_VIDEO, Offset:1331200, FilePos:0, Length:102400, Vid:756252124245808_cover_media_id, Key:756252124245808_cover_media_id.null.761685529952567v.-1.a50538b84f3b0d7a20d6e7643bc74d58079e9fe2
10-09 13:20:06.939 30773 29327 D FbHttpCacheDataSource: Cache data source open spec(Cached). RequestType: PREFETCH, StreamType:DASH_VIDEO, Offset:1433600, FilePos:0, Length:23286, Vid:756252124245808_cover_media_id, Key:756252124245808_cover_media_id.null.761685529952567v.-1.a50538b84f3b0d7a20d6e7643bc74d58079e9fe2
10-09 13:20:06.940 30773 29327 D CacheManager_default: Prefetched VideoId 756252124245808_cover_media_id, PrefetchLength 1456886, total read 1456886, fetched length from network 0, CacheKey 756252124245808_cover_media_id.null.761685529952567v.-1.a50538b84f3b0d7a20d6e7643bc74d58079e9fe2
10-09 13:20:06.940 30773 29327 D CacheManager_default: Created Apache Data Source for video 806763452522920_cover_media_id (timeout_ms connect=8000 read=8000)
10-09 13:20:06.941 30773 29327 D FbHttpCacheDataSource: Cache data source open spec(Cached). RequestType: PREFETCH, StreamType:DASH_VIDEO, Offset:0, FilePos:0, Length:102400, Vid:806763452522920_cover_media_id, Key:806763452522920_cover_media_id.null.2254409868356235v.-1.91df49a94ff1c52928ad324254560e4eab19827e
10-09 13:20:06.941 30773 29327 D FbHttpCacheDataSource: Cache data source open spec. RequestType: PREFETCH, StreamType:DASH_VIDEO, Position:0/0, Length:1750358, Vid:806763452522920_cover_media_id, Key:806763452522920_cover_media_id.null.2254409868356235v.-1.91df49a94ff1c52928ad324254560e4eab19827e
10-09 13:20:06.942 30773 29327 D FbHttpCacheDataSource: Cache data source open spec(Cached). RequestType: PREFETCH, StreamType:DASH_VIDEO, Offset:102400, FilePos:0, Length:102400, Vid:806763452522920_cover_media_id, Key:806763452522920_cover_media_id.null.2254409868356235v.-1.91df49a94ff1c52928ad324254560e4eab19827e
10-09 13:20:06.943 30773 29327 D FbHttpCacheDataSource: Cache data source open spec(Cached). RequestType: PREFETCH, StreamType:DASH_VIDEO, Offset:204800, FilePos:0, Length:102400, Vid:806763452522920_cover_media_id, Key:806763452522920_cover_media_id.null.2254409868356235v.-1.91df49a94ff1c52928ad324254560e4eab19827e
10-09 13:20:06.944 30773 29327 D FbHttpCacheDataSource: Cache data source open spec(Cached). RequestType: PREFETCH, StreamType:DASH_VIDEO, Offset:307200, FilePos:0, Length:102400, Vid:806763452522920_cover_media_id, Key:806763452522920_cover_media_id.null.2254409868356235v.-1.91df49a94ff1c52928ad324254560e4eab19827e
10-09 13:20:06.945 30773 29327 D FbHttpCacheDataSource: Cache data source open spec(Cached). RequestType: PREFETCH, StreamType:DASH_VIDEO, Offset:409600, FilePos:0, Length:102400, Vid:806763452522920_cover_media_id, Key:806763452522920_cover_media_id.null.2254409868356235v.-1.91df49a94ff1c52928ad324254560e4eab19827e
10-09 13:20:06.946 30773 29327 D FbHttpCacheDataSource: Cache data source open spec(Cached). RequestType: PREFETCH, StreamType:DASH_VIDEO, Offset:512000, FilePos:0, Length:102400, Vid:806763452522920_cover_media_id, Key:806763452522920_cover_media_id.null.2254409868356235v.-1.91df49a94ff1c52928ad324254560e4eab19827e
10-09 13:20:06.947 30773 29327 D FbHttpCacheDataSource: Cache data source open spec(Cached). RequestType: PREFETCH, StreamType:DASH_VIDEO, Offset:614400, FilePos:0, Length:102400, Vid:806763452522920_cover_media_id, Key:806763452522920_cover_media_id.null.2254409868356235v.-1.91df49a94ff1c52928ad324254560e4eab19827e
10-09 13:20:06.948 30773 29327 D FbHttpCacheDataSource: Cache data source open spec(Cached). RequestType: PREFETCH, StreamType:DASH_VIDEO, Offset:716800, FilePos:0, Length:102400, Vid:806763452522920_cover_media_id, Key:806763452522920_cover_media_id.null.2254409868356235v.-1.91df49a94ff1c52928ad324254560e4eab19827e
10-09 13:20:06.949 30773 29327 D FbHttpCacheDataSource: Cache data source open spec(Cached). RequestType: PREFETCH, StreamType:DASH_VIDEO, Offset:819200, FilePos:0, Length:102400, Vid:806763452522920_cover_media_id, Key:806763452522920_cover_media_id.null.2254409868356235v.-1.91df49a94ff1c52928ad324254560e4eab19827e
10-09 13:20:06.950 30773 29327 D FbHttpCacheDataSource: Cache data source open spec(Cached). RequestType: PREFETCH, StreamType:DASH_VIDEO, Offset:921600, FilePos:0, Length:102400, Vid:806763452522920_cover_media_id, Key:806763452522920_cover_media_id.null.2254409868356235v.-1.91df49a94ff1c52928ad324254560e4eab19827e
10-09 13:20:06.951 30773 29327 D FbHttpCacheDataSource: Cache data source open spec(Cached). RequestType: PREFETCH, StreamType:DASH_VIDEO, Offset:1024000, FilePos:0, Length:102400, Vid:806763452522920_cover_media_id, Key:806763452522920_cover_media_id.null.2254409868356235v.-1.91df49a94ff1c52928ad324254560e4eab19827e
10-09 13:20:06.951 30773 29327 D FbHttpCacheDataSource: Cache data source open spec(Cached). RequestType: PREFETCH, StreamType:DASH_VIDEO, Offset:1126400, FilePos:0, Length:102400, Vid:806763452522920_cover_media_id, Key:806763452522920_cover_media_id.null.2254409868356235v.-1.91df49a94ff1c52928ad324254560e4eab19827e
10-09 13:20:06.952 30773 29327 D FbHttpCacheDataSource: Cache data source open spec(Cached). RequestType: PREFETCH, StreamType:DASH_VIDEO, Offset:1228800, FilePos:0, Length:102400, Vid:806763452522920_cover_media_id, Key:806763452522920_cover_media_id.null.2254409868356235v.-1.91df49a94ff1c52928ad324254560e4eab19827e
10-09 13:20:06.953 30773 29327 D FbHttpCacheDataSource: Cache data source open spec(Cached). RequestType: PREFETCH, StreamType:DASH_VIDEO, Offset:1331200, FilePos:0, Length:102400, Vid:806763452522920_cover_media_id, Key:806763452522920_cover_media_id.null.2254409868356235v.-1.91df49a94ff1c52928ad324254560e4eab19827e
10-09 13:20:06.953 30773 29327 D FbHttpCacheDataSource: Cache data source open spec(Cached). RequestType: PREFETCH, StreamType:DASH_VIDEO, Offset:1433600, FilePos:0, Length:102400, Vid:806763452522920_cover_media_id, Key:806763452522920_cover_media_id.null.2254409868356235v.-1.91df49a94ff1c52928ad324254560e4eab19827e
10-09 13:20:06.954 30773 29327 D FbHttpCacheDataSource: Cache data source open spec(Cached). RequestType: PREFETCH, StreamType:DASH_VIDEO, Offset:1536000, FilePos:0, Length:102400, Vid:806763452522920_cover_media_id, Key:806763452522920_cover_media_id.null.2254409868356235v.-1.91df49a94ff1c52928ad324254560e4eab19827e
10-09 13:20:06.955 30773 29327 D FbHttpCacheDataSource: Cache data source open spec(Cached). RequestType: PREFETCH, StreamType:DASH_VIDEO, Offset:1638400, FilePos:0, Length:102400, Vid:806763452522920_cover_media_id, Key:806763452522920_cover_media_id.null.2254409868356235v.-1.91df49a94ff1c52928ad324254560e4eab19827e
10-09 13:20:06.955 30773 29327 D FbHttpCacheDataSource: Cache data source open spec(Cached). RequestType: PREFETCH, StreamType:DASH_VIDEO, Offset:1740800, FilePos:0, Length:9558, Vid:806763452522920_cover_media_id, Key:806763452522920_cover_media_id.null.2254409868356235v.-1.91df49a94ff1c52928ad324254560e4eab19827e
10-09 13:20:06.956 30773 29327 D CacheManager_default: Prefetched VideoId 806763452522920_cover_media_id, PrefetchLength 1750358, total read 1750358, fetched length from network 0, CacheKey 806763452522920_cover_media_id.null.2254409868356235v.-1.91df49a94ff1c52928ad324254560e4eab19827e
10-09 13:20:07.357 30773 30773 I MwaVideoPlayerExo: 185646455 created
10-09 13:20:07.358 30773 30773 I MwaVideoPlayerExo: 185646455 disableAudio
10-09 13:20:07.358 30773 30773 I MwaVideoPlayerExo: 185646455 setRepeatMode: ONE
10-09 13:20:07.358 30773 30773 I MwaVideoPlayerExo: 185646455 setVideoScalingMode: SCALE_TO_FIT_WITH_CROPPING
10-09 13:20:07.358 30773 30773 I MwaVideoPlayerExo: 185646455 playWhenReady: true
10-09 13:20:07.362 30773 30773 I MwaVideoPlayerExo: 185646455 disableAudio
10-09 13:20:07.381 30773  1389 E AddonBasedHomeTabItemsProvider: These HomeCards are duplicate: [77:0A:FA:69:00:21CAPTURE_FRAMING, 77:0A:FA:69:00:21LISTEN, 77:0A:FA:69:00:21PRODUCT_TOUR] . All cards: [77:0A:FA:69:00:21CAPTURE_FRAMING, 77:0A:FA:69:00:21LISTEN, 77:0A:FA:69:00:21HANDS_FREE, 77:0A:FA:69:00:21SPOTIFY_TAP, 77:0A:FA:69:00:21LIVESTREAM, 77:0A:FA:69:00:21COMMS, 77:0A:FA:69:00:21VOICE_SELECTION, 77:0A:FA:69:00:21PRODUCT_TOUR, 77:0A:FA:69:00:21META_AI_MULTIMODAL, 77:0A:FA:69:00:21META_AI, 77:0A:FA:69:00:21SHARE_FROM_GLASSES, 77:0A:FA:69:00:21VIDEO_CALLING, 77:0A:FA:69:00:21VOICE_MESSAGING, 77:0A:FA:69:00:21AUTO_IMPORT, 77:0A:FA:69:00:21MUSIC_EDUCATION, 77:0A:FA:69:00:21REMINDERS, 77:0A:FA:69:00:21PRIVACY_CHECKUP, 77:0A:FA:69:00:21LEARN_ABOUT_GESTURES_AND_LEDS, 77:0A:FA:69:00:21WELLNESS_PARTNER_1, 77:0A:FA:69:00:21PRODUCT_TOUR, 77:0A:FA:69:00:21CAPTURE_FRAMING, 77:0A:FA:69:00:21LISTEN]
10-09 13:20:07.632 30773 30773 I MwaVideoPlayerExo: 185646455 prepareCached TextureView for PromotionalCard https://scontent.xx.fbcdn.net/mci_ab/uap/asset_manager/?ab_b=e&ab_page=ras&ab_entry=AQAClbOJAOGz
10-09 13:20:07.635 30773 30773 I MwaVideoPlayerExo: 185646455 onPlaybackStateChanged: BUFFERING
10-09 13:20:07.635 30773 30773 I MwaVideoPlayerExo: 185646455 playWhenReady: true
10-09 13:20:07.635 30773 30773 I MwaVideoPlayerExo: 185646455 playWhenReady: true
10-09 13:20:07.635 30773 30773 I MwaVideoPlayerExo: 185646455 resume
10-09 13:20:07.696 30773 29364 D CCodec  : allocate(c2.exynos.h264.decoder)
10-09 13:20:07.711 30773 29299 E exception: adding cache card: VIDEO_CALLING
10-09 13:20:07.726 30773 29331 E exception: adding cache card: VIDEO_CALLING
10-09 13:20:07.732 30773 29364 I ApexCodecsLazy: ApexCodecs loaded
10-09 13:20:07.732 30773 29364 I Codec2Client: Available Codec2 services: "default" "default1" "default2" "software" "__ApexCodecs__"
10-09 13:20:07.734 30773 29364 I CCodec  : setting up 'default' as default (vendor) store
10-09 13:20:07.748 30773 29303 E exception: adding cache card: VIDEO_CALLING
10-09 13:20:07.749 30773 29364 I CCodec  : Created component [c2.exynos.h264.decoder] for [c2.exynos.h264.decoder]
10-09 13:20:07.749 30773 29364 D CCodecConfig: read media type: video/avc
10-09 13:20:07.756 30773 29364 D CCodecConfig: ignoring local param raw.size (0xd2001800) as it is already supported
10-09 13:20:07.756 30773 29364 D CCodecConfig: ignoring local param default.color (0x5200180b) as it is already supported
10-09 13:20:07.757 30773 29364 I CCodecConfig: query failed after returning 15 values (BAD_INDEX)
10-09 13:20:07.757 30773 29364 D CCodecConfig: c2 config diff is Dict {
10-09 13:20:07.757 30773 29364 D CCodecConfig:   c2::u32 algo.low-latency.value = 0
10-09 13:20:07.757 30773 29364 D CCodecConfig:   c2::i32 algo.priority.value = 0
10-09 13:20:07.757 30773 29364 D CCodecConfig:   c2::float algo.rate.value = 0
10-09 13:20:07.757 30773 29364 D CCodecConfig:   c2::u32 coded.pl.level = 20496
10-09 13:20:07.757 30773 29364 D CCodecConfig:   c2::u32 coded.pl.profile = 20481
10-09 13:20:07.757 30773 29364 D CCodecConfig:   c2::u32 coded.vui.color.matrix = 0
10-09 13:20:07.757 30773 29364 D CCodecConfig:   c2::u32 coded.vui.color.primaries = 0
10-09 13:20:07.757 30773 29364 D CCodecConfig:   c2::u32 coded.vui.color.range = 0
10-09 13:20:07.757 30773 29364 D CCodecConfig:   c2::u32 coded.vui.color.transfer = 0
10-09 13:20:07.757 30773 29364 D CCodecConfig:   c2::u32 default.color.matrix = 0
10-09 13:20:07.757 30773 29364 D CCodecConfig:   c2::u32 default.color.primaries = 0
10-09 13:20:07.757 30773 29364 D CCodecConfig:   c2::u32 default.color.range = 0
10-09 13:20:07.757 30773 29364 D CCodecConfig:   c2::u32 default.color.transfer = 0
10-09 13:20:07.757 30773 29364 D CCodecConfig:   c2::u32 input.buffers.max-size.value = 7340032
10-09 13:20:07.757 30773 29364 D CCodecConfig:   string input.media-type.value = "video/avc"
10-09 13:20:07.757 30773 29364 D CCodecConfig:   c2::u32 output.delay.value = 3
10-09 13:20:07.757 30773 29364 D CCodecConfig:   string output.media-type.value = "video/raw"
10-09 13:20:07.757 30773 29364 D CCodecConfig:   c2::u32 raw.color.matrix = 0
10-09 13:20:07.757 30773 29364 D CCodecConfig:   c2::u32 raw.color.primaries = 0
10-09 13:20:07.757 30773 29364 D CCodecConfig:   c2::u32 raw.color.range = 0
10-09 13:20:07.757 30773 29364 D CCodecConfig:   c2::u32 raw.color.transfer = 0
10-09 13:20:07.757 30773 29364 D CCodecConfig:   c2::float raw.hdr-static-info.max-cll = 0
10-09 13:20:07.757 30773 29364 D CCodecConfig:   c2::float raw.hdr-static-info.max-fall = 0
10-09 13:20:07.757 30773 29364 D CCodecConfig:   c2::u32 raw.max-size.height = 240
10-09 13:20:07.757 30773 29364 D CCodecConfig:   c2::u32 raw.max-size.width = 320
10-09 13:20:07.757 30773 29364 D CCodecConfig:   c2::u32 raw.pixel-format.value = 34
10-09 13:20:07.757 30773 29364 D CCodecConfig:   c2::i32 raw.rotation.flip = 
10-09 13:20:07.760 30773 29330 I MediaCodec: media_quality service unavailable, skipping updatePictureProfile
10-09 13:20:07.761 30773 29363 I MediaCodec: [c2.exynos.h264.decoder] setting surface generation to 31511553
10-09 13:20:07.761 30773 29364 D CCodec  : [c2.exynos.h264.decoder] buffers are bound to CCodec for this session
10-09 13:20:07.762 30773 29364 D CCodecConfig: no c2 equivalents for csd-1
10-09 13:20:07.762 30773 29364 D CCodecConfig: no c2 equivalents for native-window
10-09 13:20:07.762 30773 29364 D CCodecConfig: no c2 equivalents for native-window-generation
10-09 13:20:07.762 30773 29364 D CCodecConfig: no c2 equivalents for flags
10-09 13:20:07.763 30773 29364 D CCodecConfig: c2 config diff is   c2::u32 raw.max-size.width = 510
10-09 13:20:07.763 30773 29364 D CCodecConfig:   c2::u32 raw.size.height = 156
10-09 13:20:07.763 30773 29364 D CCodecConfig:   c2::u32 raw.size.width = 510
10-09 13:20:07.763 30773 29364 D CCodec  : client requested max input size 48457, which is smaller than what component recommended (7340032); overriding with component recommendation.
10-09 13:20:07.763 30773 29364 W CCodec  : This behavior is subject to change. It is recommended that app developers double check whether the requested max input size is in reasonable range.
10-09 13:20:07.763 30773 29364 D CCodec  : encoding statistics level = 0
10-09 13:20:07.763 30773 29364 D CCodec  : setup formats input: AMessage(what = 0x00000000) = {
10-09 13:20:07.763 30773 29364 D CCodec  :   int32_t height = 156
10-09 13:20:07.763 30773 29364 D CCodec  :   int32_t level = 65536
10-09 13:20:07.763 30773 29364 D CCodec  :   int32_t max-input-size = 7340032
10-09 13:20:07.763 30773 29364 D CCodec  :   string mime = "video/avc"
10-09 13:20:07.763 30773 29364 D CCodec  :   int32_t priority = 0
10-09 13:20:07.763 30773 29364 D CCodec  :   int32_t profile = 65536
10-09 13:20:07.763 30773 29364 D CCodec  :   int32_t width = 510
10-09 13:20:07.763 30773 29364 D CCodec  :   Rect crop(0, 0, 509, 155)
10-09 13:20:07.763 30773 29364 D CCodec  : }
10-09 13:20:07.763 30773 29364 D CCodec  : setup formats output: AMessage(what = 0x00000000) = {
10-09 13:20:07.763 30773 29364 D CCodec  :   int32_t android._color-format = 2130708361
10-09 13:20:07.763 30773 29364 D CCodec  :   int32_t android._video-scaling = 1
10-09 13:20:07.763 30773 29364 D CCodec  :   int32_t rotation-degrees = 0
10-09 13:20:07.763 30773 29364 D CCodec  :   int32_t color-standard = 2
10-09 13:20:07.763 30773 29364 D CCodec  :   int32_t color-range = 2
10-09 13:20:07.763 30773 29364 D CCodec  :   int32_t color-transfer = 3
10-09 13:20:07.763 30773 29364 D CCodec  :   float cta861.max-cll = 0.000000
10-09 13:20:07.763 30773 29364 D CCodec  :   float cta861.max-fall = 0.000000
10-09 13:20:07.763 30773 29364 D CCodec  :   int32_t sar-height = 1
10-09 13:20:07.763 30773 29364 D CCodec  :   int32_t sar-width = 1
10-09 13:20:07.763 30773 29364 D CCodec  :   Rect crop(0, 0, 509, 155)
10-09 13:20:07.763 30773 29364 D CCodec  :   int32_t width = 510
10-09 13:20:07.763 30773 29364 D CCodec  :   int32_t height = 156
10-09 13:20:07.763 30773 29364 D CCodec  :   int32_t max-height = 240
10-09 13:20:07.763 30773 29364 D CCodec  :   int32_t max-width = 510
10-09 13:20:07.763 30773 29364 D CCodec  :   string mime = "video/raw"
10-09 13:20:07.763 30773 29364 D CCodec  :   int32_t priority = 0
10-09 13:20:07.763 30773 29364 D CCodec  :   int32_t android._dataspace = 258
10-09 13:20:07.763 30773 29364 D CCodec  :   int32_t color-format = 2130708361
10-09 13:20:07.763 30773 29364 D CCodec  : }
10-09 13:20:07.764 30773 29364 I CCodecConfig: query failed after returning 15 values (BAD_INDEX)
10-09 13:20:07.767  1026 29372 D libexynosv4l2: try node: /dev/video6
10-09 13:20:07.768  1026 29372 I libexynosv4l2: node found for device s5p-mfc-dec: /dev/video6
10-09 13:20:07.780  1026 29372 I libexynosv4l2: open video device /dev/video6
10-09 13:20:07.787 30773 29364 D CCodecBufferChannel: [c2.exynos.h264.decoder#667] Created input block pool with allocatorID 16 => poolID 17 - OK (0)
10-09 13:20:07.788 30773 29364 D Codec2Client: GraphicBufferAllocator created
10-09 13:20:07.789 30773 29364 I CCodecBufferChannel: [c2.exynos.h264.decoder#667] Created output block pool with allocatorID 18 => poolID 141 - OK
10-09 13:20:07.789 30773 29364 D CCodecBufferChannel: [c2.exynos.h264.decoder#667] Configured output block pool ids 141 => OK
10-09 13:20:07.789 30773 29364 D Codec2Client: setOutputSurface -- failed to set consumer usage (6/BAD_INDEX)
10-09 13:20:07.790 30773 29364 D Codec2Client: setOutputSurface -- generation=31511553 consumer usage=0x900
10-09 13:20:07.800  1026 29372 D ExynosVideoDecoder: MFC_Decoder_Enqueue_Inbuf: DATA with flags(0x20000000)
10-09 13:20:07.802  1026 29372 I ExynosVideoCodecDec-H264Dec: [updateResolution] resolution info : 512 x 160 (0, 0, 510, 156)
10-09 13:20:07.803  1026 29384 D ExynosVideoDecoder: MFC_Decoder_Enqueue_Inbuf: DATA with flags(0x20000000)
10-09 13:20:07.803 30773 29364 D CCodecConfig: c2 config diff is   c2::u32 output.delay.value = 18
10-09 13:20:07.804  1026 29384 D ExynosVideoDecoder: MFC_Decoder_Enqueue_Inbuf: DATA with flags(0x20000000)
10-09 13:20:07.810 30773 24952 D CCodecBufferChannel: [c2.exynos.h264.decoder#667] Ignoring stale input buffer done callback: last flush index = 0, frameIndex = 0
10-09 13:20:07.856 30773 29364 D CCodecConfig: c2 config diff is   c2::u32 raw.color.matrix = 3
10-09 13:20:07.856 30773 29364 D CCodecConfig:   c2::u32 raw.color.primaries = 4
10-09 13:20:07.856 30773 29364 D CCodecConfig:   c2::u32 raw.color.range = 2
10-09 13:20:07.856 30773 29364 D CCodecConfig:   c2::u32 raw.color.transfer = 3
10-09 13:20:07.856 30773 29364 D CCodecConfig:   c2::u32 raw.crop.height = 156
10-09 13:20:07.856 30773 29364 D CCodecConfig:   c2::u32 raw.crop.left = 0
10-09 13:20:07.856 30773 29364 D CCodecConfig:   c2::u32 raw.crop.top = 0
10-09 13:20:07.856 30773 29364 D CCodecConfig:   c2::u32 raw.crop.width = 510
10-09 13:20:07.856 30773 29364 D CCodecConfig:   c2::u32 raw.max-size.width = 512
10-09 13:20:07.856 30773 29364 D CCodecConfig:   c2::u32 raw.size.height = 160
10-09 13:20:07.856 30773 29364 D CCodecConfig:   c2::u32 raw.size.width = 512
10-09 13:20:07.857 30773 29364 D CCodecBuffers: [c2.exynos.h264.decoder#667:2D-Output] popFromStashAndRegister: at 0us, output format changed to AMessage(what = 0x00000000) = {
10-09 13:20:07.857 30773 29364 D CCodecBuffers:   int32_t android._color-format = 2130708361
10-09 13:20:07.857 30773 29364 D CCodecBuffers:   int32_t android._video-scaling = 1
10-09 13:20:07.857 30773 29364 D CCodecBuffers:   int32_t rotation-degrees = 0
10-09 13:20:07.857 30773 29364 D CCodecBuffers:   int32_t color-standard = 4
10-09 13:20:07.857 30773 29364 D CCodecBuffers:   int32_t color-range = 2
10-09 13:20:07.857 30773 29364 D CCodecBuffers:   int32_t color-transfer = 3
10-09 13:20:07.857 30773 29364 D CCodecBuffers:   float cta861.max-cll = 0.000000
10-09 13:20:07.857 30773 29364 D CCodecBuffers:   float cta861.max-fall = 0.000000
10-09 13:20:07.857 30773 29364 D CCodecBuffers:   int32_t sar-height = 1
10-09 13:20:07.857 30773 29364 D CCodecBuffers:   int32_t sar-width = 1
10-09 13:20:07.857 30773 29364 D CCodecBuffers:   Rect crop(0, 0, 509, 155)
10-09 13:20:07.857 30773 29364 D CCodecBuffers:   int32_t width = 512
10-09 13:20:07.857 30773 29364 D CCodecBuffers:   int32_t height = 160
10-09 13:20:07.857 30773 29364 D CCodecBuffers:   int32_t max-height = 240
10-09 13:20:07.857 30773 29364 D CCodecBuffers:   int32_t max-width = 512
10-09 13:20:07.857 30773 29364 D CCodecBuffers:   string mime = "video/raw"
10-09 13:20:07.857 30773 29364 D CCodecBuffers:   int32_t priority = 0
10-09 13:20:07.857 30773 29364 D CCodecBuffers:   int32_t android._dataspace = 259
10-09 13:20:07.857 30773 29364 D CCodecBuffers:   int32_t color-format = 2130708361
10-09 13:20:07.857 30773 29364 D CCodecBuffers: }
10-09 13:20:07.862 30773 30773 I MwaVideoPlayerExo: 185646455 onVideoSizeChanged: 510 x 156
10-09 13:20:07.878 30773 30773 I MwaVideoPlayerExo: 185646455 onRenderedFirstFrame
10-09 13:20:07.878 30773 30773 I MwaVideoPlayerExo: 185646455 onPlaybackStateChanged: READY
10-09 13:20:07.878 30773 30773 I MwaVideoPlayerExo: 185646455 onIsPlayingChanged: true
10-09 13:20:08.291   980  1601 I AHal::Cs35l41Codec: skip health data provide
10-09 13:20:18.058 11494 11527 I bluetooth-a2dp: android/app/jni/com_android_bluetooth_a2dp.cpp:194 bta2dp_mandatory_codec_preferred_callback: xx:xx:xx:xx:e0:c0
10-09 13:20:18.574 11494 11515 I bluetooth-a2dp: system/btif/co/bta_av_co.cc:1326 SetCodecOtaConfig: peer_address=xx:xx:xx:xx:e0:c0, codec: 	name: AAC
10-09 13:20:18.574 11494 11515 I bluetooth-a2dp: system/btif/co/bta_av_co.cc:968 ReportSourceCodecState: peer xx:xx:xx:xx:e0:c0 codec_config={}
10-09 13:20:18.575 11494 11527 I bluetooth-a2dp: android/app/jni/com_android_bluetooth_a2dp.cpp:130 bta2dp_audio_config_callback: xx:xx:xx:xx:e0:c0: codec: AAC, local codecs: Opus, LDAC, aptX HD, aptX, AAC, SBC, selectable codecs: AAC
10-09 13:20:18.611 11494 11515 I bluetooth-a2dp: system/btif/co/bta_av_co.cc:968 ReportSourceCodecState: peer xx:xx:xx:xx:e0:c0 codec_config={}
10-09 13:20:18.611 11494 11527 I bluetooth-a2dp: android/app/jni/com_android_bluetooth_a2dp.cpp:130 bta2dp_audio_config_callback: xx:xx:xx:xx:e0:c0: codec: AAC, local codecs: Opus, LDAC, aptX HD, aptX, AAC, SBC, selectable codecs: AAC, SBC
10-09 13:20:18.617 11494 11494 I A2dpCodecConfig: enableOptionalCodecs: already using optional codec AAC
10-09 13:20:18.636   980  1061 I BTAudioProviderFactoryAIDL: getProviderCapabilities - SessionType=A2DP_SOFTWARE_ENCODING_DATAPATH supports 1 codecs
10-09 13:20:18.639   980  1061 I BTAudioProviderFactoryAIDL: getProviderCapabilities - SessionType=A2DP_HARDWARE_OFFLOAD_ENCODING_DATAPATH supports 6 codecs
10-09 13:20:18.639 11494 11515 I bluetooth-a2dp: system/btif/src/btif_a2dp_source.cc:617 btif_a2dp_source_setup_codec: peer_address=xx:xx:xx:xx:e0:c0 state=STATE_RUNNING
10-09 13:20:18.639 11494 11515 I bluetooth-a2dp: system/btif/co/bta_av_co.cc:685 SetActivePeer: codec = 	name: AAC
10-09 13:20:18.639 11494 11515 I bluetooth-a2dp: system/btif/co/bta_av_co.cc:968 ReportSourceCodecState: peer xx:xx:xx:xx:e0:c0 codec_config={}
10-09 13:20:18.639 11494 11527 I bluetooth-a2dp: android/app/jni/com_android_bluetooth_a2dp.cpp:130 bta2dp_audio_config_callback: xx:xx:xx:xx:e0:c0: codec: AAC, local codecs: Opus, LDAC, aptX HD, aptX, AAC, SBC, selectable codecs: AAC, SBC
10-09 13:20:18.645 11494 11515 I BTAudioA2dpAIDL: system/audio_hal_interface/aidl/a2dp/a2dp_encoding_aidl.cc:294 a2dp_get_selected_hal_codec_config: CodecConfiguration=CodecConfiguration{codecType: AAC, encodedAudioBitrate: 320000, peerMtu: 978, isScmstEnabled: false, config: CodecSpecific{aacConfig: AacConfiguration{objectType: MPEG2_LC, sampleRateHz: 44100, channelMode: STEREO, variableBitRateEnabled: true, bitsPerSample: 16, adaptiveBitRateSupported: false}}}
10-09 13:20:18.645 11494 11515 I BTAudioCodecStatusAIDL: system/audio_hal_interface/aidl/a2dp/codec_status_aidl.cc:106 aac_offloading_capability_match: offloading codec=AacConfiguration{objectType: MPEG2_LC, sampleRateHz: 44100, channelMode: STEREO, variableBitRateEnabled: true, bitsPerSample: 16, adaptiveBitRateSupported: false} capability=AacCapabilities{objectType: [MPEG2_LC], sampleRateHz: [44100, 48000], channelMode: [STEREO], variableBitRateSupported: true, bitsPerSample: [16], adaptiveBitRateSupported: false}
10-09 13:20:18.646   980  4862 I BTAudioSessionAidl: OnSessionStarted - SessionType=A2DP_HARDWARE_OFFLOAD_ENCODING_DATAPATH - All LatencyModes= FREE, AudioConfiguration=AudioConfiguration{a2dpConfig: CodecConfiguration{codecType: AAC, encodedAudioBitrate: 320000, peerMtu: 978, isScmstEnabled: false, config: CodecSpecific{aacConfig: AacConfiguration{objectType: MPEG2_LC, sampleRateHz: 44100, channelMode: STEREO, variableBitRateEnabled: true, bitsPerSample: 16, adaptiveBitRateSupported: false}}}}
10-09 13:20:18.658  1481  2026 D BluetoothA2dp: getCodecStatus(XX:XX:XX:XX:00:21)
10-09 13:20:18.683  1054  4796 D Hal2AidlMapper: [default] prepareToOpenStream: handle 421, mixPortHalId 7, device AudioDevice{type: AudioDeviceDescription{type: OUT_DEVICE, connection: bt-a2dp}, address: AudioDeviceAddress{mac: [119, 10, 250, 105, 0, 33]}}, flags AudioIoFlags{output: 65536}, source SYS_RESERVED_INVALID, config AudioConfig{base: AudioConfigBase{sampleRate: 48000, channelMask: AudioChannelLayout{layoutMask: 63}, format: AudioFormatDescription{type: PCM, pcm: FLOAT_32_BIT, encoding: }}, offloadInfo: AudioOffloadInfo{base: AudioConfigBase{sampleRate: 0, channelMask: AudioChannelLayout{none: 0}, format: AudioFormatDescription{type: DEFAULT, pcm: DEFAULT, encoding: }}, streamType: VOICE_CALL, bitRatePerSecond: 0, durationUs: 0, hasVideo: false, isStreaming: false, bitWidth: 16, offloadBufferSize: 0, usage: UNKNOWN, encapsulationMode: NONE, contentId: 0, syncId: 0}, frameCount: 0}, mixport config AudioPortConfig{id: 0, portId: 0, sampleRate: (null), channelMask: (null), format: (null), gain: (null), flags: (null), ext: AudioPortExt{unspecified: 
10-09 13:20:18.687 11494 11515 I bluetooth-a2dp: system/bta/av/bta_av_api.cc:612 BTA_AvSetLatency: Set audio/video stream low latency bta_handle:65, is_low_latency:false
10-09 13:20:18.700  1054 29457 D EffectConversionHelperAidl: handleSetConfig at state INIT, opening effect with input AudioConfig{base: AudioConfigBase{sampleRate: 48000, channelMask: AudioChannelLayout{layoutMask: 63}, format: AudioFormatDescription{type: PCM, pcm: FLOAT_32_BIT, encoding: }}, offloadInfo: AudioOffloadInfo{base: AudioConfigBase{sampleRate: 0, channelMask: AudioChannelLayout{none: 0}, format: AudioFormatDescription{type: DEFAULT, pcm: DEFAULT, encoding: }}, streamType: INVALID, bitRatePerSecond: 0, durationUs: 0, hasVideo: false, isStreaming: false, bitWidth: 16, offloadBufferSize: 0, usage: INVALID, encapsulationMode: INVALID, contentId: 0, syncId: 0}, frameCount: 480} output AudioConfig{base: AudioConfigBase{sampleRate: 48000, channelMask: AudioChannelLayout{layoutMask: 63}, format: AudioFormatDescription{type: PCM, pcm: FLOAT_32_BIT, encoding: }}, offloadInfo: AudioOffloadInfo{base: AudioConfigBase{sampleRate: 0, channelMask: AudioChannelLayout{none: 0}, format: AudioFormatDescription{type: DEFAULT, pcm: DEFAULT, encoding: }}, streamType: INVALID, b
10-09 13:20:18.701  1054 29457 D EffectConversionHelperAidl: handleSetConfig at state INIT, opening effect with input AudioConfig{base: AudioConfigBase{sampleRate: 48000, channelMask: AudioChannelLayout{layoutMask: 63}, format: AudioFormatDescription{type: PCM, pcm: FLOAT_32_BIT, encoding: }}, offloadInfo: AudioOffloadInfo{base: AudioConfigBase{sampleRate: 0, channelMask: AudioChannelLayout{none: 0}, format: AudioFormatDescription{type: DEFAULT, pcm: DEFAULT, encoding: }}, streamType: INVALID, bitRatePerSecond: 0, durationUs: 0, hasVideo: false, isStreaming: false, bitWidth: 16, offloadBufferSize: 0, usage: INVALID, encapsulationMode: INVALID, contentId: 0, syncId: 0}, frameCount: 480} output AudioConfig{base: AudioConfigBase{sampleRate: 48000, channelMask: AudioChannelLayout{layoutMask: 63}, format: AudioFormatDescription{type: PCM, pcm: FLOAT_32_BIT, encoding: }}, offloadInfo: AudioOffloadInfo{base: AudioConfigBase{sampleRate: 0, channelMask: AudioChannelLayout{none: 0}, format: AudioFormatDescription{type: DEFAULT, pcm: DEFAULT, encoding: }}, streamType: INVALID, b
10-09 13:20:18.776  1054  4796 D Hal2AidlMapper: [default] prepareToOpenStream: handle 429, mixPortHalId 3, device AudioDevice{type: AudioDeviceDescription{type: OUT_DEVICE, connection: bt-a2dp}, address: AudioDeviceAddress{mac: [119, 10, 250, 105, 0, 33]}}, flags AudioIoFlags{output: 32817}, source SYS_RESERVED_INVALID, config AudioConfig{base: AudioConfigBase{sampleRate: 8000, channelMask: AudioChannelLayout{layoutMask: 1}, format: AudioFormatDescription{type: DEFAULT, pcm: DEFAULT, encoding: audio/mpeg}}, offloadInfo: AudioOffloadInfo{base: AudioConfigBase{sampleRate: 8000, channelMask: AudioChannelLayout{layoutMask: 1}, format: AudioFormatDescription{type: DEFAULT, pcm: DEFAULT, encoding: audio/mpeg}}, streamType: SYS_RESERVED_DEFAULT, bitRatePerSecond: 0, durationUs: 0, hasVideo: false, isStreaming: false, bitWidth: 16, offloadBufferSize: 0, usage: UNKNOWN, encapsulationMode: NONE, contentId: 0, syncId: 0}, frameCount: 0}, mixport config AudioPortConfig{id: 0, portId: 0, sampleRate: (null), channelMask: (null), format: (null), gain: (null), flags: (nu
10-09 13:20:18.777   980  1061 I ASvc::Module: openOutputStream: open output stream on the port config 400201, bufferSizeFrames = 1024, sourceMetadata = SourceMetadata{tracks: [PlaybackTrackMetadata{usage: UNKNOWN, contentType: UNKNOWN, gain: 0.000000, channelMask: AudioChannelLayout{none: 0}, sourceDevice: (null), tags: []}]}, offloadInfo = AudioOffloadInfo{base: AudioConfigBase{sampleRate: 8000, channelMask: AudioChannelLayout{layoutMask: 1}, format: AudioFormatDescription{type: DEFAULT, pcm: DEFAULT, encoding: audio/mpeg}}, streamType: SYS_RESERVED_DEFAULT, bitRatePerSecond: 0, durationUs: 0, hasVideo: false, isStreaming: false, bitWidth: 16, offloadBufferSize: 0, usage: UNKNOWN, encapsulationMode: NONE, contentId: 0, syncId: 0}
10-09 13:20:18.777 11494 11515 I bluetooth-a2dp: system/bta/av/bta_av_api.cc:612 BTA_AvSetLatency: Set audio/video stream low latency bta_handle:65, is_low_latency:false
10-09 13:20:18.783 11494 11515 I bluetooth-a2dp: system/bta/av/bta_av_api.cc:612 BTA_AvSetLatency: Set audio/video stream low latency bta_handle:65, is_low_latency:false
10-09 13:20:18.807 30773 30773 I MwaVideoPlayerExo: 185646455 onRenderedFirstFrame
10-09 13:20:18.866 11494 11515 I bluetooth-a2dp: system/bta/av/bta_av_api.cc:612 BTA_AvSetLatency: Set audio/video stream low latency bta_handle:65, is_low_latency:false
10-09 13:20:18.867  1054  4796 D Hal2AidlMapper: [bluetooth] prepareToOpenStream: handle 437, mixPortHalId 1, device AudioDevice{type: AudioDeviceDescription{type: OUT_DEVICE, connection: bt-a2dp}, address: AudioDeviceAddress{mac: [119, 10, 250, 105, 0, 33]}}, flags AudioIoFlags{output: 65536}, source SYS_RESERVED_INVALID, config AudioConfig{base: AudioConfigBase{sampleRate: 0, channelMask: AudioChannelLayout{none: 0}, format: AudioFormatDescription{type: DEFAULT, pcm: DEFAULT, encoding: }}, offloadInfo: AudioOffloadInfo{base: AudioConfigBase{sampleRate: 0, channelMask: AudioChannelLayout{none: 0}, format: AudioFormatDescription{type: DEFAULT, pcm: DEFAULT, encoding: }}, streamType: VOICE_CALL, bitRatePerSecond: 0, durationUs: 0, hasVideo: false, isStreaming: false, bitWidth: 16, offloadBufferSize: 0, usage: UNKNOWN, encapsulationMode: NONE, contentId: 0, syncId: 0}, frameCount: 0}, mixport config AudioPortConfig{id: 0, portId: 0, sampleRate: (null), channelMask: (null), format: (null), gain: (null), flags: (null), ext: AudioPortExt{unspecified: false}}
10-09 13:20:18.873 11494 11515 I bluetooth-a2dp: system/bta/av/bta_av_api.cc:612 BTA_AvSetLatency: Set audio/video stream low latency bta_handle:65, is_low_latency:false
10-09 13:20:18.881 11494 11515 I bluetooth-a2dp: system/bta/av/bta_av_api.cc:612 BTA_AvSetLatency: Set audio/video stream low latency bta_handle:65, is_low_latency:false
10-09 13:20:18.911  1054  1705 D Hal2AidlMapper: [default] prepareToOpenStream: handle 445, mixPortHalId 7, device AudioDevice{type: AudioDeviceDescription{type: OUT_DEVICE, connection: bt-a2dp}, address: AudioDeviceAddress{mac: [119, 10, 250, 105, 0, 33]}}, flags AudioIoFlags{output: 65536}, source SYS_RESERVED_INVALID, config AudioConfig{base: AudioConfigBase{sampleRate: 48000, channelMask: AudioChannelLayout{layoutMask: 63}, format: AudioFormatDescription{type: PCM, pcm: FLOAT_32_BIT, encoding: }}, offloadInfo: AudioOffloadInfo{base: AudioConfigBase{sampleRate: 0, channelMask: AudioChannelLayout{none: 0}, format: AudioFormatDescription{type: DEFAULT, pcm: DEFAULT, encoding: }}, streamType: VOICE_CALL, bitRatePerSecond: 0, durationUs: 0, hasVideo: false, isStreaming: false, bitWidth: 16, offloadBufferSize: 0, usage: UNKNOWN, encapsulationMode: NONE, contentId: 0, syncId: 0}, frameCount: 0}, mixport config AudioPortConfig{id: 0, portId: 0, sampleRate: (null), channelMask: (null), format: (null), gain: (null), flags: (null), ext: AudioPortExt{unspecified: 
10-09 13:20:18.914 11494 11515 I bluetooth-a2dp: system/bta/av/bta_av_api.cc:612 BTA_AvSetLatency: Set audio/video stream low latency bta_handle:65, is_low_latency:false
10-09 13:20:18.918  1054 29470 D EffectConversionHelperAidl: handleSetConfig at state INIT, opening effect with input AudioConfig{base: AudioConfigBase{sampleRate: 48000, channelMask: AudioChannelLayout{layoutMask: 63}, format: AudioFormatDescription{type: PCM, pcm: FLOAT_32_BIT, encoding: }}, offloadInfo: AudioOffloadInfo{base: AudioConfigBase{sampleRate: 0, channelMask: AudioChannelLayout{none: 0}, format: AudioFormatDescription{type: DEFAULT, pcm: DEFAULT, encoding: }}, streamType: INVALID, bitRatePerSecond: 0, durationUs: 0, hasVideo: false, isStreaming: false, bitWidth: 16, offloadBufferSize: 0, usage: INVALID, encapsulationMode: INVALID, contentId: 0, syncId: 0}, frameCount: 480} output AudioConfig{base: AudioConfigBase{sampleRate: 48000, channelMask: AudioChannelLayout{layoutMask: 63}, format: AudioFormatDescription{type: PCM, pcm: FLOAT_32_BIT, encoding: }}, offloadInfo: AudioOffloadInfo{base: AudioConfigBase{sampleRate: 0, channelMask: AudioChannelLayout{none: 0}, format: AudioFormatDescription{type: DEFAULT, pcm: DEFAULT, encoding: }}, streamType: INVALID, b
10-09 13:20:18.919  1054 29470 D EffectConversionHelperAidl: handleSetConfig at state INIT, opening effect with input AudioConfig{base: AudioConfigBase{sampleRate: 48000, channelMask: AudioChannelLayout{layoutMask: 63}, format: AudioFormatDescription{type: PCM, pcm: FLOAT_32_BIT, encoding: }}, offloadInfo: AudioOffloadInfo{base: AudioConfigBase{sampleRate: 0, channelMask: AudioChannelLayout{none: 0}, format: AudioFormatDescription{type: DEFAULT, pcm: DEFAULT, encoding: }}, streamType: INVALID, bitRatePerSecond: 0, durationUs: 0, hasVideo: false, isStreaming: false, bitWidth: 16, offloadBufferSize: 0, usage: INVALID, encapsulationMode: INVALID, contentId: 0, syncId: 0}, frameCount: 480} output AudioConfig{base: AudioConfigBase{sampleRate: 48000, channelMask: AudioChannelLayout{layoutMask: 63}, format: AudioFormatDescription{type: PCM, pcm: FLOAT_32_BIT, encoding: }}, offloadInfo: AudioOffloadInfo{base: AudioConfigBase{sampleRate: 0, channelMask: AudioChannelLayout{none: 0}, format: AudioFormatDescription{type: DEFAULT, pcm: DEFAULT, encoding: }}, streamType: INVALID, b
