10-28 15:16:46.973  1897  9691 I Telecom : Event: RecordEntry TC@16: VIDEO_STATE_CHANGED, Audio Tx Rx: TSI.pC(cfo)@lP4
10-28 15:16:47.039  1897  3293 I Telecom : CallAudioRouteController: skipEarpiece for video call?false: TSI.pC->CM.fOCP->CM.sOCPA->CM.dSMCP->CM.mROC->CM.dSPA->CM.pASP->CAMSM.pM_2001->CARC.pM_SWITCH_FOCUS(cfo)@lP4
10-28 15:16:47.047 24202 24202 I TelecomFramework: RtcSelfManagedConnectionService: createConnection, callManagerAccount: ComponentInfo{com.facebook.orca/com.facebook.rtc.connectionservice.RtcSelfManagedConnectionService}, ***, UserHandle{0}, callId: TC@16_1, request: ConnectionRequest xx-xxxxxxxxxxxxxxxxxx-xxxx-xxxx-xxxx-xxxxxxxxxxxx Bundle[android.telecom.extra.ADD_SELF_MANAGED_CALLS_TO_INCALLSERVICE=true, android.telecom.extra.START_CALL_WITH_VIDEO_STATE=3, call_id=c9504e71-bcf1-4527-b70d-12fbb1f98f79, CALL_APP=rp_parties, UI_CAPABILITY_BITMASK=7, android.telecom.extra.CALL_TELECOM_ROUTING_END_TIME_MILLIS=1197883649, android.telecom.extra.CALL_TELECOM_ROUTING_START_TIME_MILLIS=1197883647, ] isAdhocConf: N, isIncoming: false, isUnknown: false, isLegacyHandover: false, isHandover: false,  addSelfManaged: true: (SBC.oSC)->CS.crCo->H.CS.crCo->H.CS.crCo.pICR(cfo/cast)@E-lQM
10-28 15:16:48.368  1447 13538 I Lyric   : stream_info_parser.cc:364: Camera Front Preview stream: {type: Streaminfo, stream_id: 32769, camera_id: Front, format: YCBCR_420_888, width: 1920, height: 1080, usage: [HwTexture], stream_type: Output, use_case: Default, data_space: DataSpace(Color)::(Standard: BT709, Transfer: RGB, Range: Full), is_framework_physical_stream: 0, dynamic_range_profile: Standard, intended_for_max_resolution_mode: 0, group_id: -1, is_tunable: 1}
10-28 15:16:48.368  1447 13538 W Lyric   : stream_info_parser.cc:372: Camera Front unknown stream: {type: Streaminfo, stream_id: 32773, camera_id: Front, format: YCBCR_420_888, width: 1920, height: 1080, usage: [], stream_type: Output, use_case: Default, data_space: DataSpace(Custom)::Arbitrary, is_framework_physical_stream: 0, dynamic_range_profile: Standard, intended_for_max_resolution_mode: 0, group_id: -1, is_tunable: 1} does not fall in any known use case
10-28 15:16:48.368  1447 13538 W Lyric   : stream_info_parser.cc:372: Camera Front unknown stream: {type: Streaminfo, stream_id: 32771, camera_id: Front, format: YCBCR_420_888, width: 1920, height: 1080, usage: [], stream_type: Output, use_case: Default, data_space: DataSpace(Color)::(Standard: BT601_625, Transfer: SMPTE_170M, Range: Full), is_framework_physical_stream: 0, dynamic_range_profile: Standard, intended_for_max_resolution_mode: 0, group_id: -1, is_tunable: 1} does not fall in any known use case
10-28 15:16:48.368  1447 13538 I Lyric   : stream_info_parser.cc:364: Camera FrontVirtual Preview stream: {type: Streaminfo, stream_id: 32768, camera_id: FrontVirtual, format: YCBCR_420_888, width: 1920, height: 1080, usage: [HwTexture], stream_type: Output, use_case: Default, data_space: DataSpace(Color)::(Standard: BT709, Transfer: RGB, Range: Full), is_framework_physical_stream: 0, dynamic_range_profile: Standard, intended_for_max_resolution_mode: 0, group_id: -1, is_tunable: 1}
10-28 15:16:48.368  1447 13538 W Lyric   : stream_info_parser.cc:372: Camera FrontVirtual unknown stream: {type: Streaminfo, stream_id: 32772, camera_id: FrontVirtual, format: YCBCR_420_888, width: 1920, height: 1080, usage: [], stream_type: Output, use_case: Default, data_space: DataSpace(Custom)::Arbitrary, is_framework_physical_stream: 0, dynamic_range_profile: Standard, intended_for_max_resolution_mode: 0, group_id: -1, is_tunable: 1} does not fall in any known use case
10-28 15:16:48.368  1447 13538 W Lyric   : stream_info_parser.cc:372: Camera FrontVirtual unknown stream: {type: Streaminfo, stream_id: 32770, camera_id: FrontVirtual, format: YCBCR_420_888, width: 1920, height: 1080, usage: [], stream_type: Output, use_case: Default, data_space: DataSpace(Color)::(Standard: BT601_625, Transfer: SMPTE_170M, Range: Full), is_framework_physical_stream: 0, dynamic_range_profile: Standard, intended_for_max_resolution_mode: 0, group_id: -1, is_tunable: 1} does not fall in any known use case
10-28 15:16:48.370  1447  2497 I Lyric   : sensor_generic_driver.cc:1959: DOKKAEBIVIRTUAL GetModeIndex requirement {size = {width: 1920, height: 1080}, frame_rate_range = [15, 30], request_binning_mode = false, request_pd_stream = false, only_config_logical_cam_stream = true, camera_id = [<recursive>], require_full_fov = false, is_high_frame_rate = false, crop_margin = 0, is_sibling_camera_participating = true, sub_image_count = 1, is_face_auth = false, is_video_mode = false, is_high_resolution_mode = false, is_arkaroo_enabled = false, is_roshi_enabled = false, is_specific_aspect_ratio_video = false, require_exact_size = false, force_sensor_mode_index = -1, is_multi_cam_usecase = true, raw_stream_usecase = 0, is_high_resolution_standalone_mode = false} required aspect ratio 1.77778 pick_transition_mode 0 require exact size 0
10-28 15:16:48.370  1447  2497 I Lyric   : eaf_node.cc:80: cam6_eaf: stream_id 32768, res 1920x1080, pipeline_id 0, is_video_stream false
10-28 15:16:48.370  1447  2497 I Lyric   : zuma_isp_subgraph.cc:532: raw_to_yuv_for_snapshot_exceeding_video: Pipeline (ID: (instance_id: 488564), IPs: [ RawToYuv ], Max Outputs: 1, IPConnections: [ ], Usecase: Snapshot)
10-28 15:16:48.370  1447  2497 I Lyric   : zuma_isp_subgraph.cc:539: video_mesh_warp: Pipeline (ID: (instance_id: 488567), IPs: [ MeshWarp ], Max Outputs: 1, IPConnections: [ ], Usecase: Video)
10-28 15:16:48.370  1447  2497 I Lyric   : zuma_isp_subgraph.cc:541: mesh_warp_for_snapshot_exceeding_video: Pipeline (ID: (instance_id: 488568), IPs: [ MeshWarp ], Max Outputs: 1, IPConnections: [ ], Usecase: Snapshot)
10-28 15:16:48.370  1447  2504 I Lyric   : sensor_generic_driver.cc:1959: DOKKAEBI GetModeIndex requirement {size = {width: 1920, height: 1080}, frame_rate_range = [15, 30], request_binning_mode = false, request_pd_stream = false, only_config_logical_cam_stream = true, camera_id = [<recursive>], require_full_fov = false, is_high_frame_rate = false, crop_margin = 0, is_sibling_camera_participating = true, sub_image_count = 1, is_face_auth = false, is_video_mode = false, is_high_resolution_mode = false, is_arkaroo_enabled = false, is_roshi_enabled = false, is_specific_aspect_ratio_video = false, require_exact_size = false, force_sensor_mode_index = -1, is_multi_cam_usecase = true, raw_stream_usecase = 0, is_high_resolution_standalone_mode = false} required aspect ratio 1.77778 pick_transition_mode 1 require exact size 0
10-28 15:16:48.370  1447  2497 I Lyric   : zuma_isp_subgraph.cc:551: video_scaler: Pipeline (ID: (instance_id: 488572), IPs: [ Scaler ], Max Outputs: 0, IPConnections: [ ], Usecase: Video)
10-28 15:16:48.370  1447  2497 I Lyric   : zuma_isp_subgraph.cc:553: scaler_for_snapshot_exceeding_video: Pipeline (ID: (instance_id: 488573), IPs: [ Scaler ], Max Outputs: 0, IPConnections: [ ], Usecase: Snapshot)
10-28 15:16:48.370  1447  2497 I Lyric   : whi_like_isp_back_end_core_subgraph.cc:933: RawToYuvNode for snapshot exceeding video is configured to output consumer type 2 fmt: HalImageFormat{ pixel_format = YCBCR_420_SPN_10B, stride_alignment = 64, num_buffers = 1 } for FrontVirtual
10-28 15:16:48.371  1447  2504 I Lyric   : eaf_node.cc:80: cam5_eaf: stream_id 32769, res 1920x1080, pipeline_id 0, is_video_stream false
10-28 15:16:48.371  1447  2504 I Lyric   : zuma_isp_subgraph.cc:532: raw_to_yuv_for_snapshot_exceeding_video: Pipeline (ID: (instance_id: 488583), IPs: [ RawToYuv ], Max Outputs: 1, IPConnections: [ ], Usecase: Snapshot)
10-28 15:16:48.371  1447  2504 I Lyric   : zuma_isp_subgraph.cc:539: video_mesh_warp: Pipeline (ID: (instance_id: 488586), IPs: [ MeshWarp ], Max Outputs: 1, IPConnections: [ ], Usecase: Video)
10-28 15:16:48.371  1447  2504 I Lyric   : zuma_isp_subgraph.cc:541: mesh_warp_for_snapshot_exceeding_video: Pipeline (ID: (instance_id: 488587), IPs: [ MeshWarp ], Max Outputs: 1, IPConnections: [ ], Usecase: Snapshot)
10-28 15:16:48.371  1447  2504 I Lyric   : zuma_isp_subgraph.cc:551: video_scaler: Pipeline (ID: (instance_id: 488591), IPs: [ Scaler ], Max Outputs: 0, IPConnections: [ ], Usecase: Video)
10-28 15:16:48.371  1447  2504 I Lyric   : zuma_isp_subgraph.cc:553: scaler_for_snapshot_exceeding_video: Pipeline (ID: (instance_id: 488592), IPs: [ Scaler ], Max Outputs: 0, IPConnections: [ ], Usecase: Snapshot)
10-28 15:16:48.371  1447  2497 I Lyric   : generic_subgraph.cc:3459: camera_id = 6; is_front_camera = 1; is_1p_camera_app = 0; video_call = 0
10-28 15:16:48.371  1447  2504 I Lyric   : whi_like_isp_back_end_core_subgraph.cc:933: RawToYuvNode for snapshot exceeding video is configured to output consumer type 2 fmt: HalImageFormat{ pixel_format = YCBCR_420_SPN_10B, stride_alignment = 64, num_buffers = 1 } for Front
10-28 15:16:48.371  1447  2504 I Lyric   : generic_subgraph.cc:3459: camera_id = 5; is_front_camera = 1; is_1p_camera_app = 0; video_call = 0
10-28 15:16:48.375  1447 13538 I Lyric   : multicam_graph.cc:1366: number of video bokeh nodes connected to multicam routing node = 0
10-28 15:16:48.376  1447 13538 I Lyric   : graph_configuration.cc:374: {type: Streaminfo, stream_id: 32769, camera_id: Front, format: YCBCR_420_888, width: 1920, height: 1080, usage: [HwTexture], stream_type: Output, use_case: Default, data_space: DataSpace(Color)::(Standard: BT709, Transfer: RGB, Range: Full), is_framework_physical_stream: 0, dynamic_range_profile: Standard, intended_for_max_resolution_mode: 0, group_id: -1, is_tunable: 1}
10-28 15:16:48.376  1447 13538 I Lyric   : graph_configuration.cc:374: {type: Streaminfo, stream_id: 32771, camera_id: Front, format: YCBCR_420_888, width: 1920, height: 1080, usage: [], stream_type: Output, use_case: Default, data_space: DataSpace(Color)::(Standard: BT601_625, Transfer: SMPTE_170M, Range: Full), is_framework_physical_stream: 0, dynamic_range_profile: Standard, intended_for_max_resolution_mode: 0, group_id: -1, is_tunable: 1}
10-28 15:16:48.376  1447 13538 I Lyric   : graph_configuration.cc:374: {type: Streaminfo, stream_id: 32768, camera_id: FrontVirtual, format: YCBCR_420_888, width: 1920, height: 1080, usage: [HwTexture], stream_type: Output, use_case: Default, data_space: DataSpace(Color)::(Standard: BT709, Transfer: RGB, Range: Full), is_framework_physical_stream: 0, dynamic_range_profile: Standard, intended_for_max_resolution_mode: 0, group_id: -1, is_tunable: 1}
10-28 15:16:48.376  1447 13538 I Lyric   : graph_configuration.cc:374: {type: Streaminfo, stream_id: 32773, camera_id: Front, format: YCBCR_420_888, width: 1920, height: 1080, usage: [], stream_type: Output, use_case: Default, data_space: DataSpace(Custom)::Arbitrary, is_framework_physical_stream: 0, dynamic_range_profile: Standard, intended_for_max_resolution_mode: 0, group_id: -1, is_tunable: 1}
10-28 15:16:48.376  1447 13538 I Lyric   : graph_configuration.cc:374: {type: Streaminfo, stream_id: 32770, camera_id: FrontVirtual, format: YCBCR_420_888, width: 1920, height: 1080, usage: [], stream_type: Output, use_case: Default, data_space: DataSpace(Color)::(Standard: BT601_625, Transfer: SMPTE_170M, Range: Full), is_framework_physical_stream: 0, dynamic_range_profile: Standard, intended_for_max_resolution_mode: 0, group_id: -1, is_tunable: 1}
10-28 15:16:48.376  1447 13538 I Lyric   : graph_configuration.cc:374: {type: Streaminfo, stream_id: 32772, camera_id: FrontVirtual, format: YCBCR_420_888, width: 1920, height: 1080, usage: [], stream_type: Output, use_case: Default, data_space: DataSpace(Custom)::Arbitrary, is_framework_physical_stream: 0, dynamic_range_profile: Standard, intended_for_max_resolution_mode: 0, group_id: -1, is_tunable: 1}
10-28 15:16:48.403  1447  1910 I G3ACoordinator: ae_session_config_parser_lyric.cc:201: ispfe_raw_input_resolution [width:3440, height:2000]
10-28 15:16:48.425  1447  1911 I G3ACoordinator: ae_session_config_parser_lyric.cc:201: ispfe_raw_input_resolution [width:3840, height:2236]
10-28 15:16:48.501  1447  2500 I Lyric   : scaler_node.cc:1017: The 0th output HalPixelFormat for cam6_preview_scaler YCBCR_420_888 resolution: 1920x1080
10-28 15:16:48.501  1447  2500 I Lyric   : scaler_node.cc:1017: The 1th output HalPixelFormat for cam6_preview_scaler YCBCR_420_888 resolution: 1920x1080
10-28 15:16:48.501  1447  2500 I Lyric   : scaler_node.cc:1017: The 2th output HalPixelFormat for cam6_preview_scaler YCBCR_420_888 resolution: 1920x1080
10-28 15:17:05.069  1897  3293 I Telecom : CallAudioRouteController: skipEarpiece for video call?false: CSW.sDc->CAMSM.pM_1001->CARC.pM_SWITCH_FOCUS(cfo)@lRM
10-28 15:17:05.094  1897  3293 I Telecom : CallAudioRouteController: skipEarpiece for video call?false: BSR.oR->CARC.pM_SWITCH_BASELINE_ROUTE@lRo
10-28 15:17:05.396  1447 12524 I Lyric   : camera_powerhal_impl.cc:202: CancelPowerBoost CAMERA_VIDEO_RECORDING
10-28 15:17:30.514  2987  3356 I bluetooth-a2dp: system/bta/av/bta_av_api.cc:612 BTA_AvSetLatency: Set audio/video stream low latency bta_handle:65, is_low_latency:false
10-28 15:17:30.521  2987  3356 I bluetooth-a2dp: system/bta/av/bta_av_api.cc:612 BTA_AvSetLatency: Set audio/video stream low latency bta_handle:65, is_low_latency:false
10-28 15:17:30.527  2042 28959 D CCodec  : allocate(c2.exynos.vp9.decoder)
10-28 15:17:30.527  2042 28959 I CCodec  : setting up 'default' as default (vendor) store
10-28 15:17:30.535  2042 28959 I CCodec  : Created component [c2.exynos.vp9.decoder] for [c2.exynos.vp9.decoder]
10-28 15:17:30.536  2042 28959 D CCodecConfig: read media type: video/x-vnd.on2.vp9
10-28 15:17:30.542  2042 28959 D CCodecConfig: ignoring local param raw.size (0xd2001800) as it is already supported
10-28 15:17:30.542  2042 28959 D CCodecConfig: ignoring local param default.color (0x5200180b) as it is already supported
10-28 15:17:30.542  2042 28959 D CCodecConfig: ignoring local param raw.hdr-static-info (0xd200180a) as it is already supported
10-28 15:17:30.542  2042 28959 I CCodecConfig: query failed after returning 17 values (BAD_INDEX)
10-28 15:17:30.543  2042 28959 D CCodecConfig: c2 config diff is Dict {
10-28 15:17:30.543  2042 28959 D CCodecConfig:   c2::u32 algo.low-latency.value = 0
10-28 15:17:30.543  2042 28959 D CCodecConfig:   c2::i32 algo.priority.value = 0
10-28 15:17:30.543  2042 28959 D CCodecConfig:   c2::float algo.rate.value = 0
10-28 15:17:30.543  2042 28959 D CCodecConfig:   c2::u32 coded.pl.level = 28680
10-28 15:17:30.543  2042 28959 D CCodecConfig:   c2::u32 coded.pl.profile = 28672
10-28 15:17:30.543  2042 28959 D CCodecConfig:   c2::u32 coded.vui.color.matrix = 0
10-28 15:17:30.543  2042 28959 D CCodecConfig:   c2::u32 coded.vui.color.primaries = 0
10-28 15:17:30.543  2042 28959 D CCodecConfig:   c2::u32 coded.vui.color.range = 0
10-28 15:17:30.543  2042 28959 D CCodecConfig:   c2::u32 coded.vui.color.transfer = 0
10-28 15:17:30.543  2042 28959 D CCodecConfig:   c2::u32 default.color.matrix = 0
10-28 15:17:30.543  2042 28959 D CCodecConfig:   c2::u32 default.color.primaries = 0
10-28 15:17:30.543  2042 28959 D CCodecConfig:   c2::u32 default.color.range = 0
10-28 15:17:30.543  2042 28959 D CCodecConfig:   c2::u32 default.color.transfer = 0
10-28 15:17:30.543  2042 28959 D CCodecConfig:   c2::u32 input.buffers.max-size.value = 7340032
10-28 15:17:30.543  2042 28959 D CCodecConfig:   Buffer input.hdr-dynamic-info.data = {
10-28 15:17:30.543  2042 28959 D CCodecConfig:   }
10-28 15:17:30.543  2042 28959 D CCodecConfig:   c2::u32 input.hdr-dynamic-info.type = 1
10-28 15:17:30.543  2042 28959 D CCodecConfig:   string input.media-type.value = "video/x-vnd.on2.vp9"
10-28 15:17:30.543  2042 28959 D CCodecConfig:   c2::u32 output.delay.value = 3
10-28 15:17:30.543  2042 28959 D CCodecConfig:   Buffer output.hdr-dynamic-info.data = {
10-28 15:17:30.543  2042 28959 D CCodecConfig:   }
10-28 15:17:30.543  2042 28959 D CCodecConfig:   c2::u32 output.hdr-dynamic-info.type = 1
10-28 15:17:30.543  2042 28959 D CCodecConfig:   string output.media-type.value = "video/raw"
10-28 15:17:30.543  2042 28959 D CCodecConfig:   c2::u32 raw.color.matrix = 0
10-28 15:17:30.543  2042 28959 D CCodecConfig:   c2::u32 raw.color.primaries = 0
10-28 15:17:30.543  2042 28959 D CCodecConfig:   c2::u32 raw.color.range = 0
10-28 15:17:30.543  2042 28959 D CCodecConfig:   c2::u32 raw.color.transfer = 0
10-28 15:17:30.543  2042 28959 D CCodecConfig:   c2::float raw.hdr-static-info.mastering.
10-28 15:17:30.545  2042 28956 I MediaCodec: media_quality service unavailable, skipping updatePictureProfile
10-28 15:17:30.545  2042 28958 I MediaCodec: [c2.exynos.vp9.decoder] setting surface generation to 2091026
10-28 15:17:30.545  2042 28959 D CCodec  : [c2.exynos.vp9.decoder] buffers are bound to CCodec for this session
10-28 15:17:30.546  2042 28959 D CCodecConfig: no c2 equivalents for color-standard
10-28 15:17:30.546  2042 28959 D CCodecConfig: no c2 equivalents for native-window
10-28 15:17:30.546  2042 28959 D CCodecConfig: no c2 equivalents for native-window-generation
10-28 15:17:30.546  2042 28959 D CCodecConfig: no c2 equivalents for flags
10-28 15:17:30.547  2042 28959 D CCodecConfig: c2 config diff is   c2::u32 default.color.matrix = 1
10-28 15:17:30.547  2042 28959 D CCodecConfig:   c2::u32 default.color.primaries = 1
10-28 15:17:30.547  2042 28959 D CCodecConfig:   c2::u32 default.color.range = 2
10-28 15:17:30.547  2042 28959 D CCodecConfig:   c2::u32 default.color.transfer = 3
10-28 15:17:30.547  2042 28959 D CCodecConfig:   c2::u32 raw.max-size.height = 1920
10-28 15:17:30.547  2042 28959 D CCodecConfig:   c2::u32 raw.max-size.width = 1080
10-28 15:17:30.547  2042 28959 D CCodecConfig:   c2::u32 raw.size.height = 1920
10-28 15:17:30.547  2042 28959 D CCodecConfig:   c2::u32 raw.size.width = 1080
10-28 15:17:30.547  2042 28959 D CCodec  : client requested max input size 777600, which is smaller than what component recommended (7340032); overriding with component recommendation.
10-28 15:17:30.547  2042 28959 W CCodec  : This behavior is subject to change. It is recommended that app developers double check whether the requested max input size is in reasonable range.
10-28 15:17:30.547  2042 28959 D CCodec  : encoding statistics level = 0
10-28 15:17:30.547  2042 28959 D CCodec  : setup formats input: AMessage(what = 0x00000000) = {
10-28 15:17:30.547  2042 28959 D CCodec  :   int32_t height = 1920
10-28 15:17:30.547  2042 28959 D CCodec  :   int32_t level = 256
10-28 15:17:30.547  2042 28959 D CCodec  :   int32_t max-input-size = 7340032
10-28 15:17:30.547  2042 28959 D CCodec  :   string mime = "video/x-vnd.on2.vp9"
10-28 15:17:30.547  2042 28959 D CCodec  :   int32_t priority = 0
10-28 15:17:30.547  2042 28959 D CCodec  :   int32_t profile = 1
10-28 15:17:30.547  2042 28959 D CCodec  :   int32_t width = 1080
10-28 15:17:30.547  2042 28959 D CCodec  :   Rect crop(0, 0, 1079, 1919)
10-28 15:17:30.547  2042 28959 D CCodec  : }
10-28 15:17:30.547  2042 28959 D CCodec  : setup formats output: AMessage(what = 0x00000000) = {
10-28 15:17:30.547  2042 28959 D CCodec  :   int32_t android._color-format = 2130708361
10-28 15:17:30.547  2042 28959 D CCodec  :   int32_t android._video-scaling = 1
10-28 15:17:30.547  2042 28959 D CCodec  :   int32_t android._dataspace = 260
10-28 15:17:30.547  2042 28959 D CCodec  :   int32_t color-standard = 1
10-28 15:17:30.547  2042 28959 D CCodec  :   int32_t color-range = 2
10-28 15:17:30.547  2042 28959 D CCodec  :   int32_t color-transfer = 3
10-28 15:17:30.547  2042 28959 D CCodec  :   int32_t sar-height = 1
10-28 15:17:30.547  2042 28959 D CCodec  :   int32_t rotation-degrees = 0
10-28 15:17:30.547  2042 28959 D CCodec  :   Buffer hdr-static-info = {
10-28 15:17:30.547  2042 28959 D CCodec  :     00000000:  00 00 00 00 00 00 00 00  00 00 00 00 00 00 00 00  ................
10-28 15:17:30.547  2042 28959 D CCodec  :     00000010:  00 00 00 00 00 00 00 00  00                       .........
10-28 15:17:30.547  2042 28959 D CCodec  :   }
10-28 15:17:30.547  2042 28959 D CCodec  :   int32_t sar-width = 1
10-28 15:17:30.547  2042 28959 D CCodec  :   Rect crop(0, 0, 1079, 1919)
10-28 15:17:30.547  2042 28959 D CCodec  :   int32_t width = 1080
10-28 15:17:30.547  2042 28959 D CCodec  :   int32_t height = 1920
10-28 15:17:30.547  2042 28959 D CCodec  :   int32_t max-height = 1920
10-28 15:17:30.547  2042 28959 D CCodec  :   int32_t max-width = 1080
10-28 15:17:30.547  2042 28959 D CCodec  :   string mime = "video/raw"
10-28 15:17:30.547  2042 28959 D CCodec  :   int32_t priority = 0
10-28 15:17:30.547  2042 28959 D CCodec  :   Buffer hdr10-plus-info = {
10-28 15:17:30.547  2042 28959 D CCodec  :   }
10-28 15:17:30.547  2042 28959 D CCodec  :   int32_t color-format = 2130708361
10-28 15:17:30.547  2042 28959 D CCodec  : }
10-28 15:17:30.547  2042 28959 I CCodecConfig: query failed after returning 17 values (BAD_INDEX)
10-28 15:17:30.547  2042 28959 D CCodecConfig: c2 config diff is   c2::u32 raw.color.matrix = 1
10-28 15:17:30.547  2042 28959 D CCodecConfig:   c2::u32 raw.color.primaries = 1
10-28 15:17:30.547  2042 28959 D CCodecConfig:   c2::u32 raw.color.range = 2
10-28 15:17:30.547  2042 28959 D CCodecConfig:   c2::u32 raw.color.transfer = 3
10-28 15:17:30.549  1484 28962 D libexynosv4l2: try node: /dev/video6
10-28 15:17:30.550  1484 28962 I libexynosv4l2: node found for device s5p-mfc-dec: /dev/video6
10-28 15:17:30.555  1484 28962 I libexynosv4l2: open video device /dev/video6
10-28 15:17:30.557  2042 28959 D CCodecBufferChannel: [c2.exynos.vp9.decoder#795] Created input block pool with allocatorID 16 => poolID 86 - OK (0)
10-28 15:17:30.557  2042 28959 D Codec2Client: GraphicBufferAllocator created
10-28 15:17:30.558  2042 28959 I CCodecBufferChannel: [c2.exynos.vp9.decoder#795] Created output block pool with allocatorID 18 => poolID 586 - OK
10-28 15:17:30.558  2042 28959 D CCodecBufferChannel: [c2.exynos.vp9.decoder#795] Configured output block pool ids 586 => OK
10-28 15:17:30.558  2042 28959 D Codec2Client: setOutputSurface -- failed to set consumer usage (6/BAD_INDEX)
10-28 15:17:30.558  2042 28959 D Codec2Client: setOutputSurface -- generation=2091026 consumer usage=0x900
10-28 15:17:30.562  2042  2334 W fb4a.HeroManager: 	Uri: https://video-bos5-1.xx.fbcdn.net/o1/v/t2/f2/m366/AQNx8NhQEuI8FhrSifv8w_wOHmjNnG_F9eSL-BY6bxNO2GKdpI5XbEuoHsab8RmhUSA215zIrE_UWMRJ8BDm9b6KWY9R5xshMadcdlxab4e08m5G91E.mp4?_nc_cat=104&_nc_sid=8bf8fe&_nc_ht=video-bos5-1.xx.fbcdn.net&_nc_ohc=t3u8gt70YpEQ7kNvwFAZAP8&efg=eyJ2ZW5jb2RlX3RhZyI6Inhwdl9wcm9ncmVzc2l2ZS5GQUNFQk9PSy4uQzNlLjQzMi5zZCIsInhwdl9hc3NldF9pZCI6MTM0OTk5OTI1MDE2MjE4MiwidmlfdXNlY2FzZV9pZCI6MTAxMjUsImR1cmF0aW9uX3MiOjAsInVybGdlbl9zb3VyY2UiOiJ3d3cifQ%3D%3D&ccb=17-1&_nc_zt=28&oh=00_Afeo_ECIGxm3IcAml233WVDPmm33RhVN6YVCobPwYVzllw&oe=6906D973&bitrate=453437&tag=sd
10-28 15:17:30.562  2042  2334 W fb4a.HeroManager: 	renderMode: AUDIO_VIDEO
10-28 15:17:30.565  1484 28962 I ExynosVideoCodecDec-Vp9Dec: [updateResolution] resolution info : 1080 x 1920 (0, 0, 1080, 1920)
10-28 15:17:30.567  2042 28959 D CCodecConfig: c2 config diff is   c2::u32 output.delay.value = 12
10-28 15:17:30.574  2042 19382 D CCodecBufferChannel: [c2.exynos.vp9.decoder#795] Ignoring stale input buffer done callback: last flush index = 0, frameIndex = 0
10-28 15:17:30.575  2042 28959 D CCodecConfig: c2 config diff is   c2::u32 raw.crop.height = 1920
10-28 15:17:30.575  2042 28959 D CCodecConfig:   c2::u32 raw.crop.left = 0
10-28 15:17:30.575  2042 28959 D CCodecConfig:   c2::u32 raw.crop.top = 0
10-28 15:17:30.575  2042 28959 D CCodecConfig:   c2::u32 raw.crop.width = 1080
10-28 15:17:30.575  2042 28959 D CCodecConfig:   c2::float raw.hdr-static-info.mastering.blue.x = 0.131
10-28 15:17:30.575  2042 28959 D CCodecConfig:   c2::float raw.hdr-static-info.mastering.blue.y = 0.046
10-28 15:17:30.575  2042 28959 D CCodecConfig:   c2::float raw.hdr-static-info.mastering.green.x = 0.17
10-28 15:17:30.575  2042 28959 D CCodecConfig:   c2::float raw.hdr-static-info.mastering.green.y = 0.797
10-28 15:17:30.575  2042 28959 D CCodecConfig:   c2::float raw.hdr-static-info.mastering.max-luminance = 1000
10-28 15:17:30.575  2042 28959 D CCodecConfig:   c2::float raw.hdr-static-info.mastering.red.x = 0.708
10-28 15:17:30.575  2042 28959 D CCodecConfig:   c2::float raw.hdr-static-info.mastering.red.y = 0.292
10-28 15:17:30.575  2042 28959 D CCodecConfig:   c2::float raw.hdr-static-info.mastering.white.x = 0.3127
10-28 15:17:30.575  2042 28959 D CCodecConfig:   c2::float raw.hdr-static-info.mastering.white.y = 0.329
10-28 15:17:30.575  2042 28959 D CCodecConfig:   c2::float raw.hdr-static-info.max-fall = 65536
10-28 15:17:30.575  2042 28959 D CCodecConfig: found invalid HDR static metadata AMessage(what = 0x00000000) = {
10-28 15:17:30.575  2042 28959 D CCodecConfig:           int32_t android._color-format = 2130708361
10-28 15:17:30.575  2042 28959 D CCodecConfig:           int32_t android._video-scaling = 1
10-28 15:17:30.575  2042 28959 D CCodecConfig:           float smpte2086.green.y = 0.797000
10-28 15:17:30.575  2042 28959 D CCodecConfig:           int32_t color-standard = 1
10-28 15:17:30.575  2042 28959 D CCodecConfig:           int32_t color-range = 2
10-28 15:17:30.575  2042 28959 D CCodecConfig:           int32_t color-transfer = 3
10-28 15:17:30.575  2042 28959 D CCodecConfig:           float smpte2086.red.y = 0.292000
10-28 15:17:30.575  2042 28959 D CCodecConfig:           int32_t width = 1080
10-28 15:17:30.575  2042 28959 D CCodecConfig:           float smpte2086.white.y = 0.329000
10-28 15:17:30.575  2042 28959 D CCodecConfig:           float smpte2086.white.x = 0.312700
10-28 15:17:30.575  2042 28959 D CCodecConfig:           float cta861.max-cll = 0.000000
10-28 15:17:30.575  2042 28959 D CCodecConfig:           float cta861.max-fall = 65536.000000
10-28 15:17:30.575  2042 28959 D CCodecConfig:           float smpte2086.max-luminance = 1000.000000
10-28 15:17:30.575  2042 28959 D CCodecConfig:           float smpte2086.min-luminance = 0.000000
10-28 15:17:30.575  2042 28959 D CCodecConfig:           Rect crop(0, 0, 1079, 1919)
10-28 15:17:30.575  2042 28959 D CCodecConfig:           float smpte2086.red.x = 0.708000
10-28 15:17:30.575  2042 28959 D CCodecConfig:           int32_t height = 1920
10-28 15:17:30.575  2042 28959 D CCodecConfig:           int32_t max-height = 1920
10-28 15:17:30.575  2042 28959 D CCodecConfig:           int32_t max-width = 1080
10-28 15:17:30.575  2042 28959 D CCodecConfig:           string mime = "video/raw"
10-28 15:17:30.575  2042 28959 D CCodecConfig:           Buffer output.hdr-dynamic-info.data = {
10-28 15:17:30.575  2042 28959 D CCodecConfig:           }
10-28 15:17:30.575  2042 28959 D CCodecConfig:           int32_t output.hdr-dynamic-info.type = 1
10-28 15:17:30.575  2042 28959 D CCodecConfig:           int32
10-28 15:17:30.607  2042 28988 D CCodec  : allocate(c2.exynos.h264.decoder)
10-28 15:17:30.608  2042 28988 I CCodec  : setting up 'default' as default (vendor) store
10-28 15:17:30.610  2042 28988 I CCodec  : Created component [c2.exynos.h264.decoder] for [c2.exynos.h264.decoder]
10-28 15:17:30.610  2042 28988 D CCodecConfig: read media type: video/avc
10-28 15:17:30.623  2042 28988 D CCodecConfig: ignoring local param raw.size (0xd2001800) as it is already supported
10-28 15:17:30.623  2042 28988 D CCodecConfig: ignoring local param default.color (0x5200180b) as it is already supported
10-28 15:17:30.623  2042 28988 I CCodecConfig: query failed after returning 15 values (BAD_INDEX)
10-28 15:17:30.623  2042 28988 D CCodecConfig: c2 config diff is Dict {
10-28 15:17:30.623  2042 28988 D CCodecConfig:   c2::u32 algo.low-latency.value = 0
10-28 15:17:30.623  2042 28988 D CCodecConfig:   c2::i32 algo.priority.value = 0
10-28 15:17:30.623  2042 28988 D CCodecConfig:   c2::float algo.rate.value = 0
10-28 15:17:30.623  2042 28988 D CCodecConfig:   c2::u32 coded.pl.level = 20496
10-28 15:17:30.623  2042 28988 D CCodecConfig:   c2::u32 coded.pl.profile = 20481
10-28 15:17:30.623  2042 28988 D CCodecConfig:   c2::u32 coded.vui.color.matrix = 0
10-28 15:17:30.623  2042 28988 D CCodecConfig:   c2::u32 coded.vui.color.primaries = 0
10-28 15:17:30.623  2042 28988 D CCodecConfig:   c2::u32 coded.vui.color.range = 0
10-28 15:17:30.623  2042 28988 D CCodecConfig:   c2::u32 coded.vui.color.transfer = 0
10-28 15:17:30.623  2042 28988 D CCodecConfig:   c2::u32 default.color.matrix = 0
10-28 15:17:30.623  2042 28988 D CCodecConfig:   c2::u32 default.color.primaries = 0
10-28 15:17:30.623  2042 28988 D CCodecConfig:   c2::u32 default.color.range = 0
10-28 15:17:30.623  2042 28988 D CCodecConfig:   c2::u32 default.color.transfer = 0
10-28 15:17:30.623  2042 28988 D CCodecConfig:   c2::u32 input.buffers.max-size.value = 7340032
10-28 15:17:30.623  2042 28988 D CCodecConfig:   string input.media-type.value = "video/avc"
10-28 15:17:30.623  2042 28988 D CCodecConfig:   c2::u32 output.delay.value = 3
10-28 15:17:30.623  2042 28988 D CCodecConfig:   string output.media-type.value = "video/raw"
10-28 15:17:30.623  2042 28988 D CCodecConfig:   c2::u32 raw.color.matrix = 0
10-28 15:17:30.623  2042 28988 D CCodecConfig:   c2::u32 raw.color.primaries = 0
10-28 15:17:30.623  2042 28988 D CCodecConfig:   c2::u32 raw.color.range = 0
10-28 15:17:30.623  2042 28988 D CCodecConfig:   c2::u32 raw.color.transfer = 0
10-28 15:17:30.623  2042 28988 D CCodecConfig:   c2::float raw.hdr-static-info.max-cll = 0
10-28 15:17:30.623  2042 28988 D CCodecConfig:   c2::float raw.hdr-static-info.max-fall = 0
10-28 15:17:30.623  2042 28988 D CCodecConfig:   c2::u32 raw.max-size.height = 240
10-28 15:17:30.623  2042 28988 D CCodecConfig:   c2::u32 raw.max-size.width = 320
10-28 15:17:30.623  2042 28988 D CCodecConfig:   c2::u32 raw.pixel-format.value = 34
10-28 15:17:30.623  2042 28988 D CCodecConfig:   c2::i32 raw.rotation.flip = 
10-28 15:17:30.625  2042 28983 I MediaCodec: media_quality service unavailable, skipping updatePictureProfile
10-28 15:17:30.625  2042 28987 I MediaCodec: [c2.exynos.h264.decoder] setting surface generation to 2091027
10-28 15:17:30.625  2042 28988 D CCodec  : [c2.exynos.h264.decoder] buffers are bound to CCodec for this session
10-28 15:17:30.625  2042 28988 D CCodecConfig: no c2 equivalents for color-standard
10-28 15:17:30.625  2042 28988 D CCodecConfig: no c2 equivalents for csd-1
10-28 15:17:30.625  2042 28988 D CCodecConfig: no c2 equivalents for native-window
10-28 15:17:30.626  2042 28988 D CCodecConfig: no c2 equivalents for native-window-generation
10-28 15:17:30.626  2042 28988 D CCodecConfig: no c2 equivalents for flags
10-28 15:17:30.626  2042 28988 D CCodecConfig: c2 config diff is   c2::u32 default.color.matrix = 1
10-28 15:17:30.626  2042 28988 D CCodecConfig:   c2::u32 default.color.primaries = 1
10-28 15:17:30.626  2042 28988 D CCodecConfig:   c2::u32 default.color.range = 2
10-28 15:17:30.626  2042 28988 D CCodecConfig:   c2::u32 default.color.transfer = 3
10-28 15:17:30.626  2042 28988 D CCodecConfig:   c2::u32 raw.max-size.height = 640
10-28 15:17:30.626  2042 28988 D CCodecConfig:   c2::u32 raw.max-size.width = 360
10-28 15:17:30.626  2042 28988 D CCodecConfig:   c2::u32 raw.size.height = 640
10-28 15:17:30.626  2042 28988 D CCodecConfig:   c2::u32 raw.size.width = 360
10-28 15:17:30.627  2042 28988 D CCodec  : client requested max input size 176640, which is smaller than what component recommended (7340032); overriding with component recommendation.
10-28 15:17:30.627  2042 28988 W CCodec  : This behavior is subject to change. It is recommended that app developers double check whether the requested max input size is in reasonable range.
10-28 15:17:30.627  2042 28988 D CCodec  : encoding statistics level = 0
10-28 15:17:30.627  2042 28988 D CCodec  : setup formats input: AMessage(what = 0x00000000) = {
10-28 15:17:30.627  2042 28988 D CCodec  :   int32_t height = 640
10-28 15:17:30.627  2042 28988 D CCodec  :   int32_t level = 65536
10-28 15:17:30.627  2042 28988 D CCodec  :   int32_t max-input-size = 7340032
10-28 15:17:30.627  2042 28988 D CCodec  :   string mime = "video/avc"
10-28 15:17:30.627  2042 28988 D CCodec  :   int32_t priority = 0
10-28 15:17:30.627  2042 28988 D CCodec  :   int32_t profile = 65536
10-28 15:17:30.627  2042 28988 D CCodec  :   int32_t width = 360
10-28 15:17:30.627  2042 28988 D CCodec  :   Rect crop(0, 0, 359, 639)
10-28 15:17:30.627  2042 28988 D CCodec  : }
10-28 15:17:30.627  2042 28988 D CCodec  : setup formats output: AMessage(what = 0x00000000) = {
10-28 15:17:30.627  2042 28988 D CCodec  :   int32_t android._color-format = 2130708361
10-28 15:17:30.627  2042 28988 D CCodec  :   int32_t android._video-scaling = 1
10-28 15:17:30.627  2042 28988 D CCodec  :   int32_t rotation-degrees = 0
10-28 15:17:30.627  2042 28988 D CCodec  :   int32_t color-standard = 4
10-28 15:17:30.627  2042 28988 D CCodec  :   int32_t color-range = 2
10-28 15:17:30.627  2042 28988 D CCodec  :   int32_t color-transfer = 3
10-28 15:17:30.627  2042 28988 D CCodec  :   float cta861.max-cll = 0.000000
10-28 15:17:30.627  2042 28988 D CCodec  :   float cta861.max-fall = 0.000000
10-28 15:17:30.627  2042 28988 D CCodec  :   int32_t sar-height = 1
10-28 15:17:30.627  2042 28988 D CCodec  :   int32_t sar-width = 1
10-28 15:17:30.627  2042 28988 D CCodec  :   Rect crop(0, 0, 359, 639)
10-28 15:17:30.627  2042 28988 D CCodec  :   int32_t width = 360
10-28 15:17:30.627  2042 28988 D CCodec  :   int32_t height = 640
10-28 15:17:30.627  2042 28988 D CCodec  :   int32_t max-height = 640
10-28 15:17:30.627  2042 28988 D CCodec  :   int32_t max-width = 360
10-28 15:17:30.627  2042 28988 D CCodec  :   string mime = "video/raw"
10-28 15:17:30.627  2042 28988 D CCodec  :   int32_t priority = 0
10-28 15:17:30.627  2042 28988 D CCodec  :   int32_t android._dataspace = 259
10-28 15:17:30.627  2042 28988 D CCodec  :   int32_t color-format = 2130708361
10-28 15:17:30.627  2042 28988 D CCodec  : }
10-28 15:17:30.627  2042 28988 I CCodecConfig: query failed after returning 15 values (BAD_INDEX)
10-28 15:17:30.627  2042 28988 D CCodecConfig: c2 config diff is   c2::u32 raw.color.matrix = 1
10-28 15:17:30.627  2042 28988 D CCodecConfig:   c2::u32 raw.color.primaries = 1
10-28 15:17:30.627  2042 28988 D CCodecConfig:   c2::u32 raw.color.range = 2
10-28 15:17:30.627  2042 28988 D CCodecConfig:   c2::u32 raw.color.transfer = 3
10-28 15:17:30.628  1484 28990 D libexynosv4l2: try node: /dev/video6
10-28 15:17:30.628  1484 28990 I libexynosv4l2: node found for device s5p-mfc-dec: /dev/video6
10-28 15:17:30.636  1484 28990 I libexynosv4l2: open video device /dev/video6
10-28 15:17:30.639  2042 28988 D CCodecBufferChannel: [c2.exynos.h264.decoder#445] Created input block pool with allocatorID 16 => poolID 87 - OK (0)
10-28 15:17:30.639  2042 28988 D Codec2Client: GraphicBufferAllocator created
10-28 15:17:30.640  2042 28988 I CCodecBufferChannel: [c2.exynos.h264.decoder#445] Created output block pool with allocatorID 18 => poolID 587 - OK
10-28 15:17:30.640  2042 28988 D CCodecBufferChannel: [c2.exynos.h264.decoder#445] Configured output block pool ids 587 => OK
10-28 15:17:30.640  2042 28988 D Codec2Client: setOutputSurface -- failed to set consumer usage (6/BAD_INDEX)
10-28 15:17:30.640  2042 28988 D Codec2Client: setOutputSurface -- generation=2091027 consumer usage=0x900
10-28 15:17:30.646  2042 29000 D CCodec  : allocate(c2.android.aac.decoder)
10-28 15:17:30.647  2042 29000 I CCodec  : setting up 'default' as default (vendor) store
10-28 15:17:30.649  2042 29000 I CCodec  : Created component [c2.android.aac.decoder] for [c2.android.aac.decoder]
10-28 15:17:30.649  2042 29000 D CCodecConfig: read media type: audio/mp4a-latm
10-28 15:17:30.654  1484 28990 D ExynosVideoDecoder: MFC_Decoder_Enqueue_Inbuf: DATA with flags(0x20000000)
10-28 15:17:30.656  2042 29000 I CCodecConfig: query failed after returning 21 values (BAD_INDEX)
10-28 15:17:30.656  2042 29000 D CCodecConfig: c2 config diff is Dict {
10-28 15:17:30.656  2042 29000 D CCodecConfig:   c2::u32 coded.aac-packaging.value = 0
10-28 15:17:30.656  2042 29000 D CCodecConfig:   c2::u32 coded.bitrate.value = 64000
10-28 15:17:30.656  2042 29000 D CCodecConfig:   c2::u32 coded.pl.level = 0
10-28 15:17:30.656  2042 29000 D CCodecConfig:   c2::u32 coded.pl.profile = 8192
10-28 15:17:30.656  2042 29000 D CCodecConfig:   c2::i32 coding.drc.album-mode.value = 0
10-28 15:17:30.656  2042 29000 D CCodecConfig:   c2::float coding.drc.attenuation-factor.value = 1
10-28 15:17:30.656  2042 29000 D CCodecConfig:   c2::float coding.drc.boost-factor.value = 1
10-28 15:17:30.656  2042 29000 D CCodecConfig:   c2::i32 coding.drc.compression-mode.value = 3
10-28 15:17:30.656  2042 29000 D CCodecConfig:   c2::i32 coding.drc.effect-type.value = 3
10-28 15:17:30.656  2042 29000 D CCodecConfig:   c2::float coding.drc.encoded-level.value = 0.25
10-28 15:17:30.656  2042 29000 D CCodecConfig:   c2::float coding.drc.reference-level.value = -16
10-28 15:17:30.656  2042 29000 D CCodecConfig:   c2::u32 input.buffers.max-size.value = 8192
10-28 15:17:30.656  2042 29000 D CCodecConfig:   c2::u32 input.delay.value = 0
10-28 15:17:30.656  2042 29000 D CCodecConfig:   string input.media-type.value = "audio/mp4a-latm"
10-28 15:17:30.656  2042 29000 D CCodecConfig:   c2::u32 output.delay.value = 2
10-28 15:17:30.656  2042 29000 D CCodecConfig:   c2::float output.drc.output-loudness.value = 0.25
10-28 15:17:30.656  2042 29000 D CCodecConfig:   c2::u32 output.large-frame.max-size = 0
10-28 15:17:30.656  2042 29000 D CCodecConfig:   c2::u32 output.large-frame.threshold-size = 0
10-28 15:17:30.656  2042 29000 D CCodecConfig:   string output.media-type.value = "audio/raw"
10-28 15:17:30.656  2042 29000 D CCodecConfig:   c2::u32 raw.channel-count.value = 1
10-28 15:17:30.656  2042 29000 D CCodecConfig:   c2::u32 raw.channel-mask.value = 0
10-28 15:17:30.656  2042 29000 D CCodecConfig:   c2::u32 raw.max-channel-count.value = 8
10-28 15:17:30.656  2042 29000 D CCodecConfig:   c2::u32 raw.sample-rate.value = 44100
10-28 15:17:30.656  2042 29000 D CCodecConfig: }
10-28 15:17:30.658  2042 28983 I MediaCodec: media_quality service unavailable, skipping updatePictureProfile
10-28 15:17:30.658  2042 29000 D CCodec  : [c2.android.aac.decoder] buffers are bound to CCodec for this session
10-28 15:17:30.658  2042 29000 D CCodecConfig: no c2 equivalents for flags
10-28 15:17:30.658  2042 29000 D CCodecConfig: c2 config diff is   c2::u32 raw.channel-count.value = 2
10-28 15:17:30.658  2042 29000 D CCodecConfig:   c2::u32 raw.sample-rate.value = 48000
10-28 15:17:30.659  2042 29000 D CCodec  : encoding statistics level = 0
10-28 15:17:30.659  2042 29000 D CCodec  : setup formats input: AMessage(what = 0x00000000) = {
10-28 15:17:30.659  2042 29000 D CCodec  :   int32_t aac-drc-album-mode = 0
10-28 15:17:30.659  2042 29000 D CCodec  :   int32_t aac-drc-boost-level = 127
10-28 15:17:30.659  2042 29000 D CCodec  :   int32_t aac-drc-cut-level = 127
10-28 15:17:30.659  2042 29000 D CCodec  :   int32_t aac-drc-effect-type = 3
10-28 15:17:30.659  2042 29000 D CCodec  :   int32_t aac-encoded-target-level = -1
10-28 15:17:30.659  2042 29000 D CCodec  :   int32_t aac-max-output-channel_count = 8
10-28 15:17:30.659  2042 29000 D CCodec  :   int32_t aac-target-ref-level = 64
10-28 15:17:30.659  2042 29000 D CCodec  :   int32_t bitrate = 64000
10-28 15:17:30.659  2042 29000 D CCodec  :   int32_t channel-count = 2
10-28 15:17:30.659  2042 29000 D CCodec  :   int32_t channel-mask = 0
10-28 15:17:30.659  2042 29000 D CCodec  :   int32_t level = 0
10-28 15:17:30.659  2042 29000 D CCodec  :   int32_t max-input-size = 8192
10-28 15:17:30.659  2042 29000 D CCodec  :   int32_t max-output-channel-count = 8
10-28 15:17:30.659  2042 29000 D CCodec  :   string mime = "audio/mp4a-latm"
10-28 15:17:30.659  2042 29000 D CCodec  :   int32_t profile = 2
10-28 15:17:30.659  2042 29000 D CCodec  :   int32_t sample-rate = 48000
10-28 15:17:30.659  2042 29000 D CCodec  : }
10-28 15:17:30.659  2042 29000 D CCodec  : setup formats output: AMessage(what = 0x00000000) = {
10-28 15:17:30.659  2042 29000 D CCodec  :   int32_t aac-drc-album-mode = 0
10-28 15:17:30.659  2042 29000 D CCodec  :   int32_t aac-drc-boost-level = 127
10-28 15:17:30.659  2042 29000 D CCodec  :   int32_t aac-drc-cut-level = 127
10-28 15:17:30.659  2042 29000 D CCodec  :   int32_t aac-drc-effect-type = 3
10-28 15:17:30.659  2042 29000 D CCodec  :   int32_t aac-drc-output-loudness = -1
10-28 15:17:30.659  2042 29000 D CCodec  :   int32_t aac-encoded-target-level = -1
10-28 15:17:30.659  2042 29000 D CCodec  :   int32_t aac-max-output-channel_count = 8
10-28 15:17:30.659  2042 29000 D CCodec  :   int32_t aac-target-ref-level = 64
10-28 15:17:30.659  2042 29000 D CCodec  :   int32_t buffer-batch-max-output-size = 0
10-28 15:17:30.659  2042 29000 D CCodec  :   int32_t buffer-batch-threshold-output-size = 0
10-28 15:17:30.659  2042 29000 D CCodec  :   int32_t channel-count = 2
10-28 15:17:30.659  2042 29000 D CCodec  :   int32_t channel-mask = 0
10-28 15:17:30.659  2042 29000 D CCodec  :   int32_t max-output-channel-count = 8
10-28 15:17:30.659  2042 29000 D CCodec  :   string mime = "audio/raw"
10-28 15:17:30.659  2042 29000 D CCodec  :   int32_t sample-rate = 48000
10-28 15:17:30.659  2042 29000 D CCodec  :   int32_t android._config-pcm-encoding = 2
10-28 15:17:30.659  2042 29000 D CCodec  : }
10-28 15:17:30.659  2042 29000 I CCodecConfig: query failed after returning 21 values (BAD_INDEX)
10-28 15:17:30.661  2042 29000 D CCodecBufferChannel: [c2.android.aac.decoder#384] Created input block pool with allocatorID 16 => poolID 88 - OK (0)
10-28 15:17:30.662  2042 29000 I CCodecBufferChannel: [c2.android.aac.decoder#384] Created output block pool with allocatorID 16 => poolID 2106 - OK
10-28 15:17:30.662  2042 29000 D CCodecBufferChannel: [c2.android.aac.decoder#384] Configured output block pool ids 2106 => OK
10-28 15:17:30.662  1664 20599 E Codec2-ComponentInterface: We have a failed config
10-28 15:17:30.666  1484 28990 I ExynosVideoCodecDec-H264Dec: [updateResolution] resolution info : 368 x 640 (0, 0, 360, 640)
10-28 15:17:30.674  1664 29001 W mediaswcodec: AIBinder_linkToDeath is being called with a non-null cookie and no onUnlink callback set. This might not be intended. AIBinder_DeathRecipient_setOnUnlinked should be called first.
10-28 15:17:30.675  2042 29000 D CCodecConfig: c2 config diff is   c2::u32 raw.channel-mask.value = 12
10-28 15:17:30.675  2042 29000 D CCodecBuffers: [c2.android.aac.decoder#384:Output[N]] popFromStashAndRegister: at 1000000000000us, output format changed to AMessage(what = 0x00000000) = {
10-28 15:17:30.675  2042 29000 D CCodecBuffers:   int32_t aac-drc-album-mode = 0
10-28 15:17:30.675  2042 29000 D CCodecBuffers:   int32_t aac-drc-boost-level = 127
10-28 15:17:30.675  2042 29000 D CCodecBuffers:   int32_t aac-drc-cut-level = 127
10-28 15:17:30.675  2042 29000 D CCodecBuffers:   int32_t aac-drc-effect-type = 3
10-28 15:17:30.675  2042 29000 D CCodecBuffers:   int32_t aac-drc-output-loudness = -1
10-28 15:17:30.675  2042 29000 D CCodecBuffers:   int32_t aac-encoded-target-level = -1
10-28 15:17:30.675  2042 29000 D CCodecBuffers:   int32_t aac-max-output-channel_count = 8
10-28 15:17:30.675  2042 29000 D CCodecBuffers:   int32_t aac-target-ref-level = 64
10-28 15:17:30.675  2042 29000 D CCodecBuffers:   int32_t buffer-batch-max-output-size = 0
10-28 15:17:30.675  2042 29000 D CCodecBuffers:   int32_t buffer-batch-threshold-output-size = 0
10-28 15:17:30.675  2042 29000 D CCodecBuffers:   int32_t channel-count = 2
10-28 15:17:30.675  2042 29000 D CCodecBuffers:   int32_t channel-mask = 12
10-28 15:17:30.675  2042 29000 D CCodecBuffers:   int32_t max-output-channel-count = 8
10-28 15:17:30.675  2042 29000 D CCodecBuffers:   string mime = "audio/raw"
10-28 15:17:30.675  2042 29000 D CCodecBuffers:   int32_t sample-rate = 48000
10-28 15:17:30.675  2042 29000 D CCodecBuffers:   int32_t android._config-pcm-encoding = 2
10-28 15:17:30.675  2042 29000 D CCodecBuffers: }
10-28 15:17:30.681  1484 28992 D ExynosVideoDecoder: MFC_Decoder_Enqueue_Inbuf: DATA with flags(0x20000000)
10-28 15:17:30.681  1484 28992 D ExynosVideoDecoder: MFC_Decoder_Enqueue_Inbuf: DATA with flags(0x20000000)
10-28 15:17:30.687  2042  7731 D CCodecBufferChannel: [c2.exynos.h264.decoder#445] Ignoring stale input buffer done callback: last flush index = 0, frameIndex = 0
10-28 15:17:30.688  1484 28994 D ExynosVideoDecoder: [MFC_Decoder_Dequeue_Outbuf] error type : 1
10-28 15:17:30.691  2042 28988 D CCodecConfig: c2 config diff is   c2::u32 raw.crop.height = 640
10-28 15:17:30.691  2042 28988 D CCodecConfig:   c2::u32 raw.crop.left = 0
10-28 15:17:30.691  2042 28988 D CCodecConfig:   c2::u32 raw.crop.top = 0
10-28 15:17:30.691  2042 28988 D CCodecConfig:   c2::u32 raw.crop.width = 360
10-28 15:17:30.691  2042 28988 D CCodecConfig:   c2::u32 raw.max-size.width = 368
10-28 15:17:30.691  2042 28988 D CCodecConfig:   c2::u32 raw.size.width = 368
10-28 15:17:30.692  2042 28988 D CCodecBuffers: [c2.exynos.h264.decoder#445:2D-Output] popFromStashAndRegister: at 1000000000000us, output format changed to AMessage(what = 0x00000000) = {
10-28 15:17:30.692  2042 28988 D CCodecBuffers:   int32_t android._color-format = 2130708361
10-28 15:17:30.692  2042 28988 D CCodecBuffers:   int32_t android._video-scaling = 1
10-28 15:17:30.692  2042 28988 D CCodecBuffers:   int32_t rotation-degrees = 0
10-28 15:17:30.692  2042 28988 D CCodecBuffers:   int32_t color-standard = 1
10-28 15:17:30.692  2042 28988 D CCodecBuffers:   int32_t color-range = 2
10-28 15:17:30.692  2042 28988 D CCodecBuffers:   int32_t color-transfer = 3
10-28 15:17:30.692  2042 28988 D CCodecBuffers:   float cta861.max-cll = 0.000000
10-28 15:17:30.692  2042 28988 D CCodecBuffers:   float cta861.max-fall = 0.000000
10-28 15:17:30.692  2042 28988 D CCodecBuffers:   int32_t sar-height = 1
10-28 15:17:30.692  2042 28988 D CCodecBuffers:   int32_t sar-width = 1
10-28 15:17:30.692  2042 28988 D CCodecBuffers:   Rect crop(0, 0, 359, 639)
10-28 15:17:30.692  2042 28988 D CCodecBuffers:   int32_t width = 368
10-28 15:17:30.692  2042 28988 D CCodecBuffers:   int32_t height = 640
10-28 15:17:30.692  2042 28988 D CCodecBuffers:   int32_t max-height = 640
10-28 15:17:30.692  2042 28988 D CCodecBuffers:   int32_t max-width = 368
10-28 15:17:30.692  2042 28988 D CCodecBuffers:   string mime = "video/raw"
10-28 15:17:30.692  2042 28988 D CCodecBuffers:   int32_t priority = 0
10-28 15:17:30.692  2042 28988 D CCodecBuffers:   int32_t android._dataspace = 260
10-28 15:17:30.692  2042 28988 D CCodecBuffers:   int32_t color-format = 2130708361
10-28 15:17:30.692  2042 28988 D CCodecBuffers: }
10-28 15:17:30.757  2987  3356 I bluetooth-a2dp: system/bta/av/bta_av_api.cc:612 BTA_AvSetLatency: Set audio/video stream low latency bta_handle:65, is_low_latency:false
10-28 15:17:30.762  2987  3356 I bluetooth-a2dp: system/bta/av/bta_av_api.cc:612 BTA_AvSetLatency: Set audio/video stream low latency bta_handle:65, is_low_latency:false
10-28 15:17:31.004  2987  3356 I bluetooth-a2dp: system/bta/av/bta_av_api.cc:612 BTA_AvSetLatency: Set audio/video stream low latency bta_handle:65, is_low_latency:false
10-28 15:17:31.011  2987 27236 D bluetooth: system/bta/le_audio/codec_manager.cc:571 IsUsingCodecExtensibility: Using codec extensibility AIDL: true
10-28 15:17:31.063  2042  2334 W fb4a.HeroManager: 	Uri: https://video-bos5-1.xx.fbcdn.net/o1/v/t2/f2/m69/AQMZfPIKn-bthK55F0aDJgLj-Rgn6DrFUc3vkfkIdXwu8qUXGHhmHgv26kiU32F0JlDvlgmMlEbafAVMRs5DlI9x.mp4?strext=1&_nc_cat=105&_nc_sid=8bf8fe&_nc_ht=video-bos5-1.xx.fbcdn.net&_nc_ohc=CBajek3-WewQ7kNvwFurX-D&efg=eyJ2ZW5jb2RlX3RhZyI6Inhwdl9wcm9ncmVzc2l2ZS5GQUNFQk9PSy4uQzNlLjM2MC5wcm9ncmVzc2l2ZV9oMjY0LWJhc2ljLWdlbjJfMzYwcCIsInhwdl9hc3NldF9pZCI6MTUxMDM4NTk2MDEwNTY0MiwidmlfdXNlY2FzZV9pZCI6MTAxMDAsImR1cmF0aW9uX3MiOjE1LCJ1cmxnZW5fc291cmNlIjoid3d3In0%3D&ccb=17-1&_nc_zt=28&oh=00_AfdXWL-1K_hjCcxJxxc87zqmvMb688DcOxODeeSFghO1zA&oe=6906E4AD&bitrate=193981&tag=progressive_h264-basic-gen2_360p
10-28 15:17:31.063  2042  2334 W fb4a.HeroManager: 	renderMode: AUDIO_VIDEO
10-28 15:17:31.078  2042 28887 D CCodecBufferChannel: [c2.android.aac.decoder#658] MediaCodec discarded an unknown buffer
10-28 15:17:31.078  2042 28887 D CCodecBufferChannel: [c2.android.aac.decoder#658] MediaCodec discarded an unknown buffer
10-28 15:17:31.078  2042 28887 D CCodecBufferChannel: [c2.android.aac.decoder#658] MediaCodec discarded an unknown buffer
10-28 15:17:31.078  2042 28887 D CCodecBufferChannel: [c2.android.aac.decoder#658] MediaCodec discarded an unknown buffer
10-28 15:17:31.078  2042 28887 D CCodecBufferChannel: [c2.android.aac.decoder#658] MediaCodec discarded an unknown buffer
10-28 15:17:31.078  2042 28887 D CCodecBufferChannel: [c2.android.aac.decoder#658] MediaCodec discarded an unknown buffer
10-28 15:17:31.100  2042 29023 D CCodec  : allocate(c2.android.aac.decoder)
10-28 15:17:31.101  2042 29023 I CCodec  : setting up 'default' as default (vendor) store
10-28 15:17:31.103  2042 29023 I CCodec  : Created component [c2.android.aac.decoder] for [c2.android.aac.decoder]
10-28 15:17:31.103  2042 29023 D CCodecConfig: read media type: audio/mp4a-latm
10-28 15:17:31.109  2042 29023 I CCodecConfig: query failed after returning 21 values (BAD_INDEX)
10-28 15:17:31.109  2042 29023 D CCodecConfig: c2 config diff is Dict {
10-28 15:17:31.109  2042 29023 D CCodecConfig:   c2::u32 coded.aac-packaging.value = 0
10-28 15:17:31.109  2042 29023 D CCodecConfig:   c2::u32 coded.bitrate.value = 64000
10-28 15:17:31.109  2042 29023 D CCodecConfig:   c2::u32 coded.pl.level = 0
10-28 15:17:31.109  2042 29023 D CCodecConfig:   c2::u32 coded.pl.profile = 8192
10-28 15:17:31.109  2042 29023 D CCodecConfig:   c2::i32 coding.drc.album-mode.value = 0
10-28 15:17:31.109  2042 29023 D CCodecConfig:   c2::float coding.drc.attenuation-factor.value = 1
