10-31 12:52:17.263 12410 31839 D CCodec  :   int32_t height = 896
10-31 12:52:17.263 12410 31839 D CCodec  :   int32_t intra-refresh-period = 0
10-31 12:52:17.263 12410 31839 D CCodec  :   string mime = "video/raw"
10-31 12:52:17.263 12410 31839 D CCodec  :   int32_t prepend-sps-pps-to-idr-frames = 0
10-31 12:52:17.263 12410 31839 D CCodec  :   int32_t priority = 0
10-31 12:52:17.263 12410 31839 D CCodec  :   int32_t video-qp-average = 0
10-31 12:52:17.263 12410 31839 D CCodec  :   int32_t width = 512
10-31 12:52:17.263 12410 31839 D CCodec  :   Rect crop(0, 0, 511, 895)
10-31 12:52:17.263 12410 31839 D CCodec  :   int64_t android._C2MemoryUsage = 1125899906908160
10-31 12:52:17.263 12410 31839 D CCodec  :   int32_t color-format = 2130708361
10-31 12:52:17.263 12410 31839 D CCodec  :   int32_t color-range = 2
10-31 12:52:17.263 12410 31839 D CCodec  :   int32_t color-standard = 1
10-31 12:52:17.263 12410 31839 D CCodec  :   int32_t color-transfer = 3
10-31 12:52:17.263 12410 31839 D CCodec  : }
10-31 12:52:17.263 12410 31839 D CCodec  : ISConfig maxFps=30
10-31 12:52:17.267  1020 31844 I ExynosC2H264EncComponent: Creating ECOServiceStatsProvider c2.exynos.h264.encoder video/avc
10-31 12:52:17.272  1020 31846 D libexynosv4l2: try node: /dev/video6
10-31 12:52:17.273  1020 31846 D libexynosv4l2: try node: /dev/video7
10-31 12:52:17.273  1020 31846 I libexynosv4l2: node found for device s5p-mfc-enc: /dev/video7
10-31 12:52:17.281  1020 31846 I libexynosv4l2: open video device /dev/video7
10-31 12:52:17.284 12410 31839 D CCodecBufferChannel: [c2.exynos.h264.encoder#433] Created input block pool with allocatorID 17 => poolID 44 - OK (0)
10-31 12:52:17.288 12410 31839 I CCodecBufferChannel: [c2.exynos.h264.encoder#433] Created output block pool with allocatorID 16 => poolID 387 - OK
10-31 12:52:17.289 12410 31839 D CCodecBufferChannel: [c2.exynos.h264.encoder#433] Configured output block pool ids 387 => OK
10-31 12:52:17.300 12410 31706 D MediaCodecList: codecHandlesFormat: no format, so no extra checks
10-31 12:52:17.303 12410 31859 D CCodec  : allocate(c2.android.aac.encoder)
10-31 12:52:17.304 12410 31859 I CCodec  : setting up 'default' as default (vendor) store
10-31 12:52:17.311 12410 31859 I CCodec  : Created component [c2.android.aac.encoder] for [c2.android.aac.encoder]
10-31 12:52:17.312 12410 31859 D CCodecConfig: read media type: audio/mp4a-latm
10-31 12:52:17.316 12410 31859 I CCodecConfig: query failed after returning 10 values (BAD_INDEX)
10-31 12:52:17.316 12410 31859 D CCodecConfig: c2 config diff is Dict {
10-31 12:52:17.316 12410 31859 D CCodecConfig:   c2::u32 coded.bitrate.value = 64000
10-31 12:52:17.316 12410 31859 D CCodecConfig:   c2::u32 coded.pl.level = 0
10-31 12:52:17.316 12410 31859 D CCodecConfig:   c2::u32 coded.pl.profile = 8192
10-31 12:52:17.316 12410 31859 D CCodecConfig:   c2::u32 coding.aac-sbr-mode.value = 3
10-31 12:52:17.316 12410 31859 D CCodecConfig:   c2::u32 input.buffers.max-size.value = 2048
10-31 12:52:17.316 12410 31859 D CCodecConfig:   c2::u32 input.delay.value = 0
10-31 12:52:17.316 12410 31859 D CCodecConfig:   string input.media-type.value = "audio/raw"
10-31 12:52:17.316 12410 31859 D CCodecConfig:   c2::u32 output.large-frame.max-size = 0
10-31 12:52:17.316 12410 31859 D CCodecConfig:   c2::u32 output.large-frame.threshold-size = 0
10-31 12:52:17.316 12410 31859 D CCodecConfig:   string output.media-type.value = "audio/mp4a-latm"
10-31 12:52:17.316 12410 31859 D CCodecConfig:   c2::u32 raw.channel-count.value = 1
10-31 12:52:17.316 12410 31859 D CCodecConfig:   c2::u32 raw.sample-rate.value = 44100
10-31 12:52:17.316 12410 31859 D CCodecConfig: }
10-31 12:52:17.320 12410 31706 I MediaCodec: media_quality service unavailable, skipping updatePictureProfile
10-31 12:52:17.320 12410 31706 D MediaCodec: shapeMediaFormat: deltas(0): AMessage(what = 0x00000000) = {
10-31 12:52:17.320 12410 31706 D MediaCodec:   }
10-31 12:52:17.320 12410 31859 D CCodec  : [c2.android.aac.encoder] buffers are bound to CCodec for this session
10-31 12:52:17.320 12410 31859 D CCodecConfig: no c2 equivalents for flags
10-31 12:52:17.320 12410 31859 D CCodecConfig: no c2 equivalents for encoder
10-31 12:52:17.322 12410 31859 D CCodecConfig: c2 config diff is   c2::u32 coded.bitrate.value = 48000
10-31 12:52:17.322 12410 31859 D CCodecConfig:   c2::u32 coded.pl.profile = 8196
10-31 12:52:17.322 12410 31859 D CCodec  : encoding statistics level = 0
10-31 12:52:17.322 12410 31859 D CCodec  : setup formats input: AMessage(what = 0x00000000) = {
10-31 12:52:17.322 12410 31859 D CCodec  :   int32_t sample-rate = 44100
10-31 12:52:17.322 12410 31859 D CCodec  :   int32_t channel-count = 1
10-31 12:52:17.322 12410 31859 D CCodec  :   int32_t max-input-size = 2048
10-31 12:52:17.322 12410 31859 D CCodec  :   string mime = "audio/raw"
10-31 12:52:17.322 12410 31859 D CCodec  :   int32_t android._config-pcm-encoding = 2
10-31 12:52:17.322 12410 31859 D CCodec  : }
10-31 12:52:17.322 12410 31859 D CCodec  : setup formats output: AMessage(what = 0x00000000) = {
10-31 12:52:17.322 12410 31859 D CCodec  :   int32_t sample-rate = 44100
10-31 12:52:17.322 12410 31859 D CCodec  :   int32_t bitrate = 48000
10-31 12:52:17.322 12410 31859 D CCodec  :   int32_t buffer-batch-max-output-size = 0
10-31 12:52:17.322 12410 31859 D CCodec  :   int32_t buffer-batch-threshold-output-size = 0
10-31 12:52:17.322 12410 31859 D CCodec  :   int32_t channel-count = 1
10-31 12:52:17.322 12410 31859 D CCodec  :   int32_t level = 0
10-31 12:52:17.322 12410 31859 D CCodec  :   int32_t max-bitrate = 48000
10-31 12:52:17.322 12410 31859 D CCodec  :   string mime = "audio/mp4a-latm"
10-31 12:52:17.322 12410 31859 D CCodec  :   int32_t profile = 5
10-31 12:52:17.322 12410 31859 D CCodec  : }
10-31 12:52:17.322 12410 31859 I CCodecConfig: query failed after returning 10 values (BAD_INDEX)
10-31 12:52:17.325 12410 31859 D CCodecBufferChannel: [c2.android.aac.encoder#527] Created input block pool with allocatorID 16 => poolID 45 - OK (0)
10-31 12:52:17.326 12410 31859 I CCodecBufferChannel: [c2.android.aac.encoder#527] Created output block pool with allocatorID 16 => poolID 2040 - OK
10-31 12:52:17.326 12410 31859 D CCodecBufferChannel: [c2.android.aac.encoder#527] Configured output block pool ids 2040 => OK
10-31 12:52:17.326  1206 18274 E Codec2-ComponentInterface: We have a failed config
10-31 12:52:17.358 12410 31253 D CCodecBufferChannel: [c2.android.hevc.decoder#209] work failed to complete: 14
10-31 12:52:17.358 12410 31252 I CCodecBufferChannel: [c2.android.hevc.decoder#209] queueBuffer failed: 13
10-31 12:52:17.358 12410 31252 I MediaCodec: rendring output error 13
10-31 12:52:17.358 12410 31252 E MediaCodec: Codec reported err 0xe/14 (Unknown error -14), actionCode 0, while in state 6/STARTED
10-31 12:52:17.370   978 31684 I GCH_ZslSnapshotCaptureSession: Initialize: video sw denoise is enabled in GCH
10-31 12:52:17.373   978  8803 I Lyric   : stream_info_parser.cc:364: Camera Rear Preview stream: {type: Streaminfo, stream_id: 32770, camera_id: Rear, format: YCBCR_420_888, width: 1280, height: 720, usage: [HwTexture], stream_type: Output, use_case: Default, data_space: DataSpace(Color)::(Standard: BT709, Transfer: RGB, Range: Full), is_framework_physical_stream: 0, dynamic_range_profile: Standard, intended_for_max_resolution_mode: 0, group_id: -1, is_tunable: 1}
10-31 12:52:17.373   978  8803 W Lyric   : stream_info_parser.cc:372: Camera Rear unknown stream: {type: Streaminfo, stream_id: 32776, camera_id: Rear, format: YCBCR_420_888, width: 1920, height: 1080, usage: [], stream_type: Output, use_case: Default, data_space: DataSpace(Custom)::Arbitrary, is_framework_physical_stream: 0, dynamic_range_profile: Standard, intended_for_max_resolution_mode: 0, group_id: -1, is_tunable: 1} does not fall in any known use case
10-31 12:52:17.373   978  8803 W Lyric   : stream_info_parser.cc:372: Camera RearWide unknown stream: {type: Streaminfo, stream_id: 32775, camera_id: RearWide, format: YCBCR_420_888, width: 1920, height: 1080, usage: [], stream_type: Output, use_case: Default, data_space: DataSpace(Custom)::Arbitrary, is_framework_physical_stream: 0, dynamic_range_profile: Standard, intended_for_max_resolution_mode: 0, group_id: -1, is_tunable: 1} does not fall in any known use case
10-31 12:52:17.373   978  8803 I Lyric   : stream_info_parser.cc:364: Camera RearWide Preview stream: {type: Streaminfo, stream_id: 32769, camera_id: RearWide, format: YCBCR_420_888, width: 1280, height: 720, usage: [HwTexture], stream_type: Output, use_case: Default, data_space: DataSpace(Color)::(Standard: BT709, Transfer: RGB, Range: Full), is_framework_physical_stream: 0, dynamic_range_profile: Standard, intended_for_max_resolution_mode: 0, group_id: -1, is_tunable: 1}
10-31 12:52:17.374   978  8803 W Lyric   : stream_info_parser.cc:372: Camera RearVirtual unknown stream: {type: Streaminfo, stream_id: 32774, camera_id: RearVirtual, format: YCBCR_420_888, width: 1920, height: 1080, usage: [], stream_type: Output, use_case: Default, data_space: DataSpace(Custom)::Arbitrary, is_framework_physical_stream: 0, dynamic_range_profile: Standard, intended_for_max_resolution_mode: 0, group_id: -1, is_tunable: 1} does not fall in any known use case
10-31 12:52:17.374   978  8803 I Lyric   : stream_info_parser.cc:364: Camera RearVirtual Preview stream: {type: Streaminfo, stream_id: 32768, camera_id: RearVirtual, format: YCBCR_420_888, width: 1280, height: 720, usage: [HwTexture], stream_type: Output, use_case: Default, data_space: DataSpace(Color)::(Standard: BT709, Transfer: RGB, Range: Full), is_framework_physical_stream: 0, dynamic_range_profile: Standard, intended_for_max_resolution_mode: 0, group_id: -1, is_tunable: 1}
10-31 12:52:17.374   978  2012 I Lyric   : sensor_generic_driver.cc:1959: BOITATA GetModeIndex requirement {size = {width: 1920, height: 1080}, frame_rate_range = [15, 30], request_binning_mode = false, request_pd_stream = false, only_config_logical_cam_stream = true, camera_id = [<recursive>], require_full_fov = false, is_high_frame_rate = false, crop_margin = 0, is_sibling_camera_participating = true, sub_image_count = 1, is_face_auth = false, is_video_mode = false, is_high_resolution_mode = false, is_arkaroo_enabled = false, is_roshi_enabled = false, is_specific_aspect_ratio_video = false, require_exact_size = false, force_sensor_mode_index = -1, is_multi_cam_usecase = true, raw_stream_usecase = 0, is_high_resolution_standalone_mode = false} required aspect ratio 1.77778 pick_transition_mode 1 require exact size 0
10-31 12:52:17.375   978  2014 I Lyric   : sensor_generic_driver.cc:1959: SANDWORM GetModeIndex requirement {size = {width: 1920, height: 1080}, frame_rate_range = [15, 30], request_binning_mode = false, request_pd_stream = false, only_config_logical_cam_stream = true, camera_id = [<recursive>], require_full_fov = false, is_high_frame_rate = false, crop_margin = 0, is_sibling_camera_participating = false, sub_image_count = 1, is_face_auth = false, is_video_mode = false, is_high_resolution_mode = false, is_arkaroo_enabled = false, is_roshi_enabled = false, is_specific_aspect_ratio_video = false, require_exact_size = false, force_sensor_mode_index = -1, is_multi_cam_usecase = true, raw_stream_usecase = 0, is_high_resolution_standalone_mode = false} required aspect ratio 1.77778 pick_transition_mode 0 require exact size 0
10-31 12:52:17.375   978  2012 I Lyric   : eaf_node.cc:80: cam2_eaf: stream_id 32770, res 1280x720, pipeline_id 0, is_video_stream false
10-31 12:52:17.375   978  2014 I Lyric   : eaf_node.cc:80: cam3_eaf: stream_id 32769, res 1280x720, pipeline_id 0, is_video_stream false
10-31 12:52:17.375   978  2012 I Lyric   : zuma_isp_subgraph.cc:532: raw_to_yuv_for_snapshot_exceeding_video: Pipeline (ID: (instance_id: 1532077), IPs: [ RawToYuv ], Max Outputs: 1, IPConnections: [ ], Usecase: Snapshot)
10-31 12:52:17.375   978  2012 I Lyric   : zuma_isp_subgraph.cc:539: video_mesh_warp: Pipeline (ID: (instance_id: 1532080), IPs: [ MeshWarp ], Max Outputs: 1, IPConnections: [ ], Usecase: Video)
10-31 12:52:17.375   978  2012 I Lyric   : zuma_isp_subgraph.cc:541: mesh_warp_for_snapshot_exceeding_video: Pipeline (ID: (instance_id: 1532081), IPs: [ MeshWarp ], Max Outputs: 1, IPConnections: [ ], Usecase: Snapshot)
10-31 12:52:17.375   978  2012 I Lyric   : zuma_isp_subgraph.cc:551: video_scaler: Pipeline (ID: (instance_id: 1532085), IPs: [ Scaler ], Max Outputs: 0, IPConnections: [ ], Usecase: Video)
10-31 12:52:17.375   978  2012 I Lyric   : zuma_isp_subgraph.cc:553: scaler_for_snapshot_exceeding_video: Pipeline (ID: (instance_id: 1532086), IPs: [ Scaler ], Max Outputs: 2, IPConnections: [ ], Usecase: Snapshot)
10-31 12:52:17.375   978  2014 I Lyric   : zuma_isp_subgraph.cc:532: raw_to_yuv_for_snapshot_exceeding_video: Pipeline (ID: (instance_id: 1532095), IPs: [ RawToYuv ], Max Outputs: 1, IPConnections: [ ], Usecase: Snapshot)
10-31 12:52:17.375   978  2014 I Lyric   : zuma_isp_subgraph.cc:539: video_mesh_warp: Pipeline (ID: (instance_id: 1532098), IPs: [ MeshWarp ], Max Outputs: 1, IPConnections: [ ], Usecase: Video)
10-31 12:52:17.375   978  2014 I Lyric   : zuma_isp_subgraph.cc:541: mesh_warp_for_snapshot_exceeding_video: Pipeline (ID: (instance_id: 1532099), IPs: [ MeshWarp ], Max Outputs: 1, IPConnections: [ ], Usecase: Snapshot)
10-31 12:52:17.375   978  2014 I Lyric   : zuma_isp_subgraph.cc:551: video_scaler: Pipeline (ID: (instance_id: 1532103), IPs: [ Scaler ], Max Outputs: 0, IPConnections: [ ], Usecase: Video)
10-31 12:52:17.375   978  2014 I Lyric   : zuma_isp_subgraph.cc:553: scaler_for_snapshot_exceeding_video: Pipeline (ID: (instance_id: 1532104), IPs: [ Scaler ], Max Outputs: 2, IPConnections: [ ], Usecase: Snapshot)
10-31 12:52:17.376   978  2012 I Lyric   : whi_like_isp_back_end_core_subgraph.cc:933: RawToYuvNode for snapshot exceeding video is configured to output consumer type 2 fmt: HalImageFormat{ pixel_format = YCBCR_420_SPN_10B, stride_alignment = 64, num_buffers = 1 } for Rear
10-31 12:52:17.376   978  2014 I Lyric   : whi_like_isp_back_end_core_subgraph.cc:933: RawToYuvNode for snapshot exceeding video is configured to output consumer type 2 fmt: HalImageFormat{ pixel_format = YCBCR_420_SPN_10B, stride_alignment = 64, num_buffers = 1 } for RearWide
10-31 12:52:17.376   978  2012 I Lyric   : generic_subgraph.cc:3459: camera_id = 2; is_front_camera = 0; is_1p_camera_app = 0; video_call = 0
10-31 12:52:17.376   978  2014 I Lyric   : generic_subgraph.cc:3459: camera_id = 3; is_front_camera = 0; is_1p_camera_app = 0; video_call = 0
10-31 12:52:17.377   978  2017 I Lyric   : sensor_generic_driver.cc:1959: BOITATARM GetModeIndex requirement {size = {width: 1920, height: 1080}, frame_rate_range = [15, 30], request_binning_mode = false, request_pd_stream = false, only_config_logical_cam_stream = true, camera_id = [<recursive>], require_full_fov = false, is_high_frame_rate = false, crop_margin = 0, is_sibling_camera_participating = true, sub_image_count = 1, is_face_auth = false, is_video_mode = false, is_high_resolution_mode = false, is_arkaroo_enabled = false, is_roshi_enabled = false, is_specific_aspect_ratio_video = false, require_exact_size = false, force_sensor_mode_index = -1, is_multi_cam_usecase = true, raw_stream_usecase = 0, is_high_resolution_standalone_mode = false} required aspect ratio 1.77778 pick_transition_mode 0 require exact size 0
10-31 12:52:17.378   978  2017 I Lyric   : eaf_node.cc:80: cam4_eaf: stream_id 32768, res 1280x720, pipeline_id 0, is_video_stream false
10-31 12:52:17.378   978  2017 I Lyric   : zuma_isp_subgraph.cc:532: raw_to_yuv_for_snapshot_exceeding_video: Pipeline (ID: (instance_id: 1532115), IPs: [ RawToYuv ], Max Outputs: 1, IPConnections: [ ], Usecase: Snapshot)
10-31 12:52:17.378   978  2017 I Lyric   : zuma_isp_subgraph.cc:539: video_mesh_warp: Pipeline (ID: (instance_id: 1532118), IPs: [ MeshWarp ], Max Outputs: 1, IPConnections: [ ], Usecase: Video)
10-31 12:52:17.378   978  2017 I Lyric   : zuma_isp_subgraph.cc:541: mesh_warp_for_snapshot_exceeding_video: Pipeline (ID: (instance_id: 1532119), IPs: [ MeshWarp ], Max Outputs: 1, IPConnections: [ ], Usecase: Snapshot)
10-31 12:52:17.378   978  2017 I Lyric   : zuma_isp_subgraph.cc:551: video_scaler: Pipeline (ID: (instance_id: 1532123), IPs: [ Scaler ], Max Outputs: 0, IPConnections: [ ], Usecase: Video)
10-31 12:52:17.378   978  2017 I Lyric   : zuma_isp_subgraph.cc:553: scaler_for_snapshot_exceeding_video: Pipeline (ID: (instance_id: 1532124), IPs: [ Scaler ], Max Outputs: 2, IPConnections: [ ], Usecase: Snapshot)
10-31 12:52:17.378   978  2017 I Lyric   : whi_like_isp_back_end_core_subgraph.cc:933: RawToYuvNode for snapshot exceeding video is configured to output consumer type 2 fmt: HalImageFormat{ pixel_format = YCBCR_420_SPN_10B, stride_alignment = 64, num_buffers = 1 } for RearVirtual
10-31 12:52:17.380   978  2017 I Lyric   : generic_subgraph.cc:3459: camera_id = 4; is_front_camera = 0; is_1p_camera_app = 0; video_call = 0
10-31 12:52:17.386   978  8803 I Lyric   : multicam_graph.cc:1366: number of video bokeh nodes connected to multicam routing node = 0
10-31 12:52:17.389   978  8803 I Lyric   : graph_configuration.cc:374: {type: Streaminfo, stream_id: 32768, camera_id: RearVirtual, format: YCBCR_420_888, width: 1280, height: 720, usage: [HwTexture], stream_type: Output, use_case: Default, data_space: DataSpace(Color)::(Standard: BT709, Transfer: RGB, Range: Full), is_framework_physical_stream: 0, dynamic_range_profile: Standard, intended_for_max_resolution_mode: 0, group_id: -1, is_tunable: 1}
10-31 12:52:17.389   978  8803 I Lyric   : graph_configuration.cc:374: {type: Streaminfo, stream_id: 32771, camera_id: RearVirtual, format: BLOB, width: 1920, height: 1080, usage: [], stream_type: Output, use_case: Default, data_space: DataSpace(Color)::(Standard: BT601_625, Transfer: SMPTE_170M, Range: Full), is_framework_physical_stream: 0, dynamic_range_profile: Standard, intended_for_max_resolution_mode: 0, group_id: -1, is_tunable: 1}
10-31 12:52:17.389   978  8803 I Lyric   : graph_configuration.cc:374: {type: Streaminfo, stream_id: 32774, camera_id: RearVirtual, format: YCBCR_420_888, width: 1920, height: 1080, usage: [], stream_type: Output, use_case: Default, data_space: DataSpace(Custom)::Arbitrary, is_framework_physical_stream: 0, dynamic_range_profile: Standard, intended_for_max_resolution_mode: 0, group_id: -1, is_tunable: 1}
10-31 12:52:17.389   978  8803 I Lyric   : graph_configuration.cc:374: {type: Streaminfo, stream_id: 32770, camera_id: Rear, format: YCBCR_420_888, width: 1280, height: 720, usage: [HwTexture], stream_type: Output, use_case: Default, data_space: DataSpace(Color)::(Standard: BT709, Transfer: RGB, Range: Full), is_framework_physical_stream: 0, dynamic_range_profile: Standard, intended_for_max_resolution_mode: 0, group_id: -1, is_tunable: 1}
10-31 12:52:17.389   978  8803 I Lyric   : graph_configuration.cc:374: {type: Streaminfo, stream_id: 32773, camera_id: Rear, format: BLOB, width: 1920, height: 1080, usage: [], stream_type: Output, use_case: Default, data_space: DataSpace(Color)::(Standard: BT601_625, Transfer: SMPTE_170M, Range: Full), is_framework_physical_stream: 0, dynamic_range_profile: Standard, intended_for_max_resolution_mode: 0, group_id: -1, is_tunable: 1}
10-31 12:52:17.389   978  8803 I Lyric   : graph_configuration.cc:374: {type: Streaminfo, stream_id: 32776, camera_id: Rear, format: YCBCR_420_888, width: 1920, height: 1080, usage: [], stream_type: Output, use_case: Default, data_space: DataSpace(Custom)::Arbitrary, is_framework_physical_stream: 0, dynamic_range_profile: Standard, intended_for_max_resolution_mode: 0, group_id: -1, is_tunable: 1}
10-31 12:52:17.389   978  8803 I Lyric   : graph_configuration.cc:374: {type: Streaminfo, stream_id: 32772, camera_id: RearWide, format: BLOB, width: 1920, height: 1080, usage: [], stream_type: Output, use_case: Default, data_space: DataSpace(Color)::(Standard: BT601_625, Transfer: SMPTE_170M, Range: Full), is_framework_physical_stream: 0, dynamic_range_profile: Standard, intended_for_max_resolution_mode: 0, group_id: -1, is_tunable: 1}
10-31 12:52:17.389   978  8803 I Lyric   : graph_configuration.cc:374: {type: Streaminfo, stream_id: 32769, camera_id: RearWide, format: YCBCR_420_888, width: 1280, height: 720, usage: [HwTexture], stream_type: Output, use_case: Default, data_space: DataSpace(Color)::(Standard: BT709, Transfer: RGB, Range: Full), is_framework_physical_stream: 0, dynamic_range_profile: Standard, intended_for_max_resolution_mode: 0, group_id: -1, is_tunable: 1}
10-31 12:52:17.389   978  8803 I Lyric   : graph_configuration.cc:374: {type: Streaminfo, stream_id: 32775, camera_id: RearWide, format: YCBCR_420_888, width: 1920, height: 1080, usage: [], stream_type: Output, use_case: Default, data_space: DataSpace(Custom)::Arbitrary, is_framework_physical_stream: 0, dynamic_range_profile: Standard, intended_for_max_resolution_mode: 0, group_id: -1, is_tunable: 1}
10-31 12:52:17.389 12410 31697 E MediaCodec: Invalid to call at Released state; only valid in Executing states
10-31 12:52:17.390 12410 31697 E sup:VideoDecoderBufferHandler: Video decoder enqueue video frame exception! Diagnostics 
10-31 12:52:17.390 12410 31697 E sup:VideoDecoderBufferHandler: java.lang.IllegalStateException: Invalid to call at Released state; only valid in Executing states
10-31 12:52:17.390 12410 31697 E sup:VideoDecoderBufferHandler: 
10-31 12:52:17.390 12410 31697 E sup:VideoDecoderBufferHandler: 	at android.media.MediaCodec.getBuffer(Native Method)
10-31 12:52:17.390 12410 31697 E sup:VideoDecoderBufferHandler: 	at android.media.MediaCodec.getInputBuffer(MediaCodec.java:4812)
10-31 12:52:17.390 12410 31697 E sup:VideoDecoderBufferHandler: 	at X.p0U.onInputBufferAvailable(:37)
10-31 12:52:17.390 12410 31697 E sup:VideoDecoderBufferHandler: 	at android.media.MediaCodec$EventHandler.handleCallback(MediaCodec.java:1946)
10-31 12:52:17.390 12410 31697 E sup:VideoDecoderBufferHandler: 	at android.media.MediaCodec$EventHandler.handleMessage(MediaCodec.java:1874)
10-31 12:52:17.390 12410 31697 E sup:VideoDecoderBufferHandler: 	at android.os.Handler.dispatchMessage(Handler.java:110)
10-31 12:52:17.390 12410 31697 E sup:VideoDecoderBufferHandler: 	at android.os.Looper.dispatchMessage(Looper.java:315)
10-31 12:52:17.390 12410 31697 E sup:VideoDecoderBufferHandler: 	at android.os.Looper.loopOnce(Looper.java:251)
10-31 12:52:17.390 12410 31697 E sup:VideoDecoderBufferHandler: 	at android.os.Looper.loop(Looper.java:349)
10-31 12:52:17.390 12410 31697 E sup:VideoDecoderBufferHandler: 	at android.os.HandlerThread.run(HandlerThread.java:100)
10-31 12:52:17.390 12410 31252 E MediaCodec: queueInputBuffer() is valid only at Executing states; currently at Released state
10-31 12:52:17.391   978 31684 I native  : I0000 00:00:1761929537.391726   31684 node_export.cc:193] CatNodeCreate(EspVideoNode) took 0.050089 ms
10-31 12:52:17.393   978 31880 I native  : I0000 00:00:1761929537.393831   31880 llv_manager.cc:193] LLV DIMENSION: 1280x720
10-31 12:52:17.407   978 31879 I native  : I0000 00:00:1761929537.407603   31879 brute_force_feature_matching.cc:49] Number of bins each image dimension is divided into: 5
10-31 12:52:17.409   978 31879 I native  : I0000 00:00:1761929537.409220   31879 brute_force_feature_matching.cc:49] Number of bins each image dimension is divided into: 5
10-31 12:52:17.414   978 31880 I native  : I0000 00:00:1761929537.414411   31880 noise_model.cc:372] Profile resolution 80 x 45
10-31 12:52:17.422  1206 31860 W mediaswcodec: AIBinder_linkToDeath is being called with a non-null cookie and no onUnlink callback set. This might not be intended. AIBinder_DeathRecipient_setOnUnlinked should be called first.
10-31 12:52:17.424   978  1465 I G3ACoordinator: ae_session_config_parser_lyric.cc:201: ispfe_raw_input_resolution [width:4080, height:3072]
10-31 12:52:17.435   978  1465 I G3ACoordinator: ae_session_config_parser_lyric.cc:201: ispfe_raw_input_resolution [width:4080, height:3072]
10-31 12:52:17.441   978  1464 I G3ACoordinator: ae_session_config_parser_lyric.cc:201: ispfe_raw_input_resolution [width:4032, height:2272]
10-31 12:52:17.523 12410 31252 D CCodecBufferChannel: [c2.android.hevc.decoder#209] MediaCodec discarded an unknown buffer
10-31 12:52:17.523 12410 31252 D CCodecBufferChannel: [c2.android.hevc.decoder#209] MediaCodec discarded an unknown buffer
10-31 12:52:17.523 12410 31252 D CCodecBufferChannel: [c2.android.hevc.decoder#209] MediaCodec discarded an unknown buffer
10-31 12:52:17.530 12410 31253 D CCodec  : allocate(c2.android.hevc.decoder)
10-31 12:52:17.532 12410 31253 I CCodec  : setting up 'default' as default (vendor) store
10-31 12:52:17.537 12410 31253 I CCodec  : Created component [c2.android.hevc.decoder] for [c2.android.hevc.decoder]
10-31 12:52:17.537 12410 31253 D CCodecConfig: read media type: video/hevc
10-31 12:52:17.542 12410 31253 D CCodecConfig: ignoring local param raw.size (0xd2001800) as it is already supported
10-31 12:52:17.542 12410 31253 D CCodecConfig: ignoring local param default.color (0x5200180b) as it is already supported
10-31 12:52:17.542 12410 31253 I CCodecConfig: query failed after returning 12 values (BAD_INDEX)
10-31 12:52:17.543 12410 31253 D CCodecConfig: c2 config diff is Dict {
10-31 12:52:17.543 12410 31253 D CCodecConfig:   c2::u32 coded.pl.level = 24584
10-31 12:52:17.543 12410 31253 D CCodecConfig:   c2::u32 coded.pl.profile = 24576
10-31 12:52:17.543 12410 31253 D CCodecConfig:   c2::u32 coded.vui.color.matrix = 0
10-31 12:52:17.543 12410 31253 D CCodecConfig:   c2::u32 coded.vui.color.primaries = 0
10-31 12:52:17.543 12410 31253 D CCodecConfig:   c2::u32 coded.vui.color.range = 2
10-31 12:52:17.543 12410 31253 D CCodecConfig:   c2::u32 coded.vui.color.transfer = 0
10-31 12:52:17.543 12410 31253 D CCodecConfig:   c2::u32 default.color.matrix = 0
10-31 12:52:17.543 12410 31253 D CCodecConfig:   c2::u32 default.color.primaries = 0
10-31 12:52:17.543 12410 31253 D CCodecConfig:   c2::u32 default.color.range = 0
10-31 12:52:17.543 12410 31253 D CCodecConfig:   c2::u32 default.color.transfer = 0
10-31 12:52:17.543 12410 31253 D CCodecConfig:   c2::u32 input.buffers.max-size.value = 2097152
10-31 12:52:17.543 12410 31253 D CCodecConfig:   c2::u32 input.delay.value = 0
10-31 12:52:17.543 12410 31253 D CCodecConfig:   string input.media-type.value = "video/hevc"
10-31 12:52:17.543 12410 31253 D CCodecConfig:   c2::u32 output.delay.value = 8
10-31 12:52:17.543 12410 31253 D CCodecConfig:   string output.media-type.value = "video/raw"
10-31 12:52:17.543 12410 31253 D CCodecConfig:   c2::u32 raw.color.matrix = 0
10-31 12:52:17.543 12410 31253 D CCodecConfig:   c2::u32 raw.color.primaries = 0
10-31 12:52:17.543 12410 31253 D CCodecConfig:   c2::u32 raw.color.range = 2
10-31 12:52:17.543 12410 31253 D CCodecConfig:   c2::u32 raw.color.transfer = 0
10-31 12:52:17.543 12410 31253 D CCodecConfig:   c2::u32 raw.max-size.height = 240
10-31 12:52:17.543 12410 31253 D CCodecConfig:   c2::u32 raw.max-size.width = 320
10-31 12:52:17.543 12410 31253 D CCodecConfig:   c2::u32 raw.pixel-format.value = 35
10-31 12:52:17.543 12410 31253 D CCodecConfig:   c2::i32 raw.rotation.flip = 0
10-31 12:52:17.543 12410 31253 D CCodecConfig:   c2::i32 raw.rotation.value = 0
10-31 12:52:17.543 12410 31253 D CCodecConfig:   c2::u32 raw.sar.height = 1
10-31 12:52:17.543 12410 31253 D CCodecConfig:   c2::u32 raw.sar.width = 1
10-31 12:52:17.543 12410 31253 D CCodecConfig:   c2::u32 raw.size.height = 240
10-31 12:52:17.543 12410 31253 D CCodecConfig:   c2::u32 raw.size.width = 320
10-31 12:52:17.543 12410 31253 D CCodecConfig:   c2
10-31 12:52:17.544 12410 31250 I MediaCodec: media_quality service unavailable, skipping updatePictureProfile
10-31 12:52:17.544 12410 31252 I MediaCodec: [c2.android.hevc.decoder] setting surface generation to 12707864
10-31 12:52:17.544 12410 31253 D CCodec  : [c2.android.hevc.decoder] buffers are bound to CCodec for this session
10-31 12:52:17.544 12410 31253 D CCodecConfig: no c2 equivalents for color-format
10-31 12:52:17.544 12410 31253 D CCodecConfig: no c2 equivalents for native-window
10-31 12:52:17.544 12410 31253 D CCodecConfig: no c2 equivalents for native-window-generation
10-31 12:52:17.544 12410 31253 D CCodecConfig: no c2 equivalents for flags
10-31 12:52:17.545 12410 31253 D CCodecConfig: c2 config diff is   c2::u32 raw.size.height = 1280
10-31 12:52:17.545 12410 31253 D CCodecConfig:   c2::u32 raw.size.width = 720
10-31 12:52:17.545 12410 31253 D CCodec  : encoding statistics level = 0
10-31 12:52:17.545 12410 31253 D CCodec  : setup formats input: AMessage(what = 0x00000000) = {
10-31 12:52:17.545 12410 31253 D CCodec  :   int32_t height = 1280
10-31 12:52:17.545 12410 31253 D CCodec  :   int32_t level = 65536
10-31 12:52:17.545 12410 31253 D CCodec  :   int32_t max-input-size = 2097152
10-31 12:52:17.545 12410 31253 D CCodec  :   string mime = "video/hevc"
10-31 12:52:17.545 12410 31253 D CCodec  :   int32_t profile = 1
10-31 12:52:17.545 12410 31253 D CCodec  :   int32_t width = 720
10-31 12:52:17.545 12410 31253 D CCodec  :   Rect crop(0, 0, 719, 1279)
10-31 12:52:17.545 12410 31253 D CCodec  : }
10-31 12:52:17.545 12410 31253 D CCodec  : setup formats output: AMessage(what = 0x00000000) = {
10-31 12:52:17.545 12410 31253 D CCodec  :   int32_t android._color-format = 2135033992
10-31 12:52:17.545 12410 31253 D CCodec  :   int32_t android._video-scaling = 1
10-31 12:52:17.545 12410 31253 D CCodec  :   int32_t rotation-degrees = 0
10-31 12:52:17.545 12410 31253 D CCodec  :   int32_t color-standard = 1
10-31 12:52:17.545 12410 31253 D CCodec  :   int32_t color-range = 2
10-31 12:52:17.545 12410 31253 D CCodec  :   int32_t color-transfer = 3
10-31 12:52:17.545 12410 31253 D CCodec  :   int32_t sar-height = 1
10-31 12:52:17.545 12410 31253 D CCodec  :   int32_t sar-width = 1
10-31 12:52:17.545 12410 31253 D CCodec  :   Rect crop(0, 0, 719, 1279)
10-31 12:52:17.545 12410 31253 D CCodec  :   int32_t width = 720
10-31 12:52:17.545 12410 31253 D CCodec  :   int32_t height = 1280
10-31 12:52:17.545 12410 31253 D CCodec  :   int32_t max-height = 240
10-31 12:52:17.545 12410 31253 D CCodec  :   int32_t max-width = 320
10-31 12:52:17.545 12410 31253 D CCodec  :   string mime = "video/raw"
10-31 12:52:17.545 12410 31253 D CCodec  :   int32_t android._dataspace = 260
10-31 12:52:17.545 12410 31253 D CCodec  :   int32_t color-format = 2135033992
10-31 12:52:17.545 12410 31253 D CCodec  : }
10-31 12:52:17.545 12410 31253 I CCodecConfig: query failed after returning 12 values (BAD_INDEX)
10-31 12:52:17.545 12410 31253 D CCodecConfig: c2 config diff is   c2::u32 raw.max-size.height = 1280
10-31 12:52:17.545 12410 31253 D CCodecConfig:   c2::u32 raw.max-size.width = 720
10-31 12:52:17.546 12410 31252 I MediaCodec: MediaCodec will operate in async mode
10-31 12:52:17.546 12410 31250 D MediaCodec: keep callback message for reclaim
10-31 12:52:17.551 12410 31253 D CCodecBufferChannel: [c2.android.hevc.decoder#209] Created input block pool with allocatorID 16 => poolID 46 - OK (0)
10-31 12:52:17.551 12410 31253 D CCodecBufferChannel: [c2.android.hevc.decoder#209] Query output surface allocator returned 0 params => BAD_INDEX (6)
10-31 12:52:17.551 12410 31253 D Codec2Client: GraphicBufferAllocator created
10-31 12:52:17.552 12410 31253 I CCodecBufferChannel: [c2.android.hevc.decoder#209] Created output block pool with allocatorID 18 => poolID 2041 - OK
10-31 12:52:17.552 12410 31253 D CCodecBufferChannel: [c2.android.hevc.decoder#209] Configured output block pool ids 2041 => OK
10-31 12:52:17.553 12410 31253 D Codec2Client: setOutputSurface -- failed to set consumer usage (6/BAD_INDEX)
10-31 12:52:17.553 12410 31253 D Codec2Client: setOutputSurface -- generation=12707864 consumer usage=0x900
10-31 12:52:17.561 12410 31253 D CCodecConfig: c2 config diff is   c2::u32 output.delay.value = 0
10-31 12:52:17.595 12410 31253 D CCodecConfig: c2 config diff is   c2::u32 raw.color.matrix = 1
10-31 12:52:17.595 12410 31253 D CCodecConfig:   c2::u32 raw.color.primaries = 1
10-31 12:52:17.595 12410 31253 D CCodecConfig:   c2::u32 raw.color.transfer = 3
10-31 12:52:17.595 12410 31253 D CCodecConfig:   c2::u32 raw.crop.height = 1280
10-31 12:52:17.595 12410 31253 D CCodecConfig:   c2::u32 raw.crop.left = 0
10-31 12:52:17.595 12410 31253 D CCodecConfig:   c2::u32 raw.crop.top = 0
10-31 12:52:17.595 12410 31253 D CCodecConfig:   c2::u32 raw.crop.width = 720
10-31 12:52:17.637  1020 31846 V ExynosVideoOSAL: Codec_OSAL_SetControls: QP[0] range (5 / 50)
10-31 12:52:17.637  1020 31846 V ExynosVideoOSAL: Codec_OSAL_SetControls: QP[1] range (5 / 50)
10-31 12:52:17.637  1020 31846 V ExynosVideoOSAL: Codec_OSAL_SetControls: QP[2] range (5 / 50)
10-31 12:52:17.637  1020 31853 V ExynosVideoOSAL: Codec_OSAL_SetControls: QP[0] range (5 / 50)
10-31 12:52:17.637  1020 31853 V ExynosVideoOSAL: Codec_OSAL_SetControls: QP[1] range (5 / 50)
10-31 12:52:17.637  1020 31853 V ExynosVideoOSAL: Codec_OSAL_SetControls: QP[2] range (5 / 50)
10-31 12:52:17.653 12410 31839 D CCodecConfig: c2 config diff is   Buffer coded.init-data.value = {
10-31 12:52:17.653 12410 31839 D CCodecConfig:     00000000:  00 00 00 01 67 64 00 1f  ac b4 04 00 e3 4d 40 40  ....gd.......M@@
10-31 12:52:17.653 12410 31839 D CCodecConfig:     00000010:  40 41 e2 85 54 00 00 00  01 68 ee 0d 8b           @A..T....h...
10-31 12:52:17.669   978   978 I Lyric   : camera_powerhal_impl.cc:202: CancelPowerBoost CAMERA_VIDEO_RECORDING
10-31 12:52:17.818 12410 12491 E msys    : E[N mns]_OnDiskCacheGetData(632)=>Start post callback cache refresh DNS resolution
10-31 12:52:17.842 12410 31253 D CCodecConfig: c2 config diff is   c2::u32 raw.size.height = 896
10-31 12:52:17.842 12410 31253 D CCodecConfig:   c2::u32 raw.size.width = 504
10-31 12:52:17.869 12410 31253 D CCodecConfig: c2 config diff is   c2::u32 raw.crop.height = 896
10-31 12:52:17.869 12410 31253 D CCodecConfig:   c2::u32 raw.crop.width = 504
10-31 12:52:17.869 12410 31253 D CCodecBuffers: [c2.android.hevc.decoder#209:2D-Output] popFromStashAndRegister: at 229542283717us, output format changed to AMessage(what = 0x00000000) = {
10-31 12:52:17.869 12410 31253 D CCodecBuffers:   int32_t android._color-format = 2135033992
10-31 12:52:17.869 12410 31253 D CCodecBuffers:   int32_t android._video-scaling = 1
10-31 12:52:17.869 12410 31253 D CCodecBuffers:   int32_t rotation-degrees = 0
10-31 12:52:17.869 12410 31253 D CCodecBuffers:   int32_t color-standard = 1
10-31 12:52:17.869 12410 31253 D CCodecBuffers:   int32_t color-range = 2
10-31 12:52:17.869 12410 31253 D CCodecBuffers:   int32_t color-transfer = 3
10-31 12:52:17.869 12410 31253 D CCodecBuffers:   int32_t sar-height = 1
10-31 12:52:17.869 12410 31253 D CCodecBuffers:   int32_t sar-width = 1
10-31 12:52:17.869 12410 31253 D CCodecBuffers:   Rect crop(0, 0, 503, 895)
10-31 12:52:17.869 12410 31253 D CCodecBuffers:   int32_t width = 504
10-31 12:52:17.869 12410 31253 D CCodecBuffers:   int32_t height = 896
10-31 12:52:17.869 12410 31253 D CCodecBuffers:   int32_t max-height = 1280
10-31 12:52:17.869 12410 31253 D CCodecBuffers:   int32_t max-width = 720
10-31 12:52:17.869 12410 31253 D CCodecBuffers:   string mime = "video/raw"
10-31 12:52:17.869 12410 31253 D CCodecBuffers:   int32_t android._dataspace = 260
10-31 12:52:17.869 12410 31253 D CCodecBuffers:   int32_t color-format = 2135033992
10-31 12:52:17.869 12410 31253 D CCodecBuffers: }
10-31 12:52:18.021 20281 10371 I DeviceHardwareStateManager: New device state brokenCamera: false, brokenSpeaker: false, brokenMicrophone: false, brokenNotificationLed: false, brokenImu: true, brokenDsp: false, brokenMcu: false, hingeState: OPEN, waterDetectState: UNKNOWN, isTampered: false, thermalState: NORMAL, mediaPeakPowerState: NORMAL, videoCallingPeakPowerState: NORMAL, battery: Battery(stateOfCharge=39, isCharging=false, temperature=245, voltage=3623, displayMode=PERCENTAGE, incompatibleChargerDetected=false), caseBattery: Battery(stateOfCharge=255, isCharging=false, temperature=0, voltage=0, displayMode=DOTS, incompatibleChargerDetected=false), caseSystemInfo: CaseSystemInfo(serialNumber=null, firmwareVersion=null, isPresent=null), audioActive: false, cameraState: CAPTURE_VIDEO_STARTED, storageState: STABLE, isStreamingActive: true, inDeepSleep: false, isMounted: false, hotCarEventOccurred: false, registeredSNApps: [ASSISTANT]isSessionVerified: falseDeviceLockState: NO_LOCKPeakPowerUserExperienceThrottlingInfo: []
10-31 12:52:18.027 20281 29917 I SupernovaDeviceStateServiceImpl: Device DeviceRecord(identifier=79:C2:90:5E:BC:2C, name=RB Meta 000X, type=3, userData=null, pairedStateData=null, observingPresence=true, customName=null, customDeviceInfo=null, productRegistry=258) emitting state DeviceState(connectedState=CONNECTED, peerConnectedState=Disconnected, deviceBatteryDetails=Battery(stateOfCharge=39, isCharging=false, temperature=245, voltage=3623, displayMode=PERCENTAGE, incompatibleChargerDetected=false), caseBatteryDetails=Battery(stateOfCharge=255, isCharging=false, temperature=0, voltage=0, displayMode=DOTS, incompatibleChargerDetected=false), remedies=[], hardwareState=brokenCamera: false, brokenSpeaker: false, brokenMicrophone: false, brokenNotificationLed: false, brokenImu: true, brokenDsp: false, brokenMcu: false, hingeState: OPEN, waterDetectState: UNKNOWN, isTampered: false, thermalState: NORMAL, mediaPeakPowerState: NORMAL, videoCallingPeakPowerState: NORMAL, battery: Battery(stateOfCharge=39, isCharging=false, temperature=245, voltage=3623, displayMode=PERCENTAGE, incompatibleChargerDetected=false), caseBattery: Battery(stateOfCharge=255, isCharging=false, temperature=0, voltage=0, displayMode=DOTS, incompatibleChargerDetected=false), caseSystemInfo: CaseSystemInfo(serialNumber=null, firmwareVersion=null, isPresent=null), audioActive: false, cameraState: CAPTURE_VIDEO_STARTED, storageState: STABLE, isStreamingActive: true, inDeepSleep: false, isMounted: false, hotCarEventOccurred: false, registeredSNApps: [ASSISTANT]isSessionVerified: falseDeviceLockState: NO_LOCKPeakPowerUserExperienceThrottlingInfo: [])
10-31 12:52:18.028 20281 30811 I lam:LinkedAppFeatureManagerImpl: observeDeviceState GlassesVideoCallingWifiDirectPeakPowerThrottlingLevelUnknown
10-31 12:52:18.032 20281 30811 I lam:AppLinkService: onDeviceStateUpdate state=GlassesVideoCallingWifiDirectPeakPowerThrottlingLevelUnknown com.instagram.android
10-31 12:52:18.035 20281 29868 I assistant.stella.platform.broker.ActiveAssistantDeviceBroker: Received state update for (3, 79:C2:90:5E:BC:2C); btState=AssistantBluetoothStates(a2dpConnected=false, a2dpActive=false, hfpConnected=false, hfpActive=false, primaryBtcConnected=false), assistantDeviceState=AssistantDeviceStates(cameraState=VIDEO_CAPTURE_STARTED, brokenCamera=false, thermalConstraint=false, zeroStorage=false, hingeClosed=false, mountStatusDoff=true)
10-31 12:52:18.037 20281 20487 I AssistantDeviceStateManager: handle new device state AssistantDeviceStates(cameraState=VIDEO_CAPTURE_STARTED, brokenCamera=false, thermalConstraint=false, zeroStorage=false, hingeClosed=false, mountStatusDoff=true)
10-31 12:52:19.695 12410 31838 D CCodec  : ISConfig not changed
10-31 12:52:21.186 12410 31253 D CCodecConfig: c2 config diff is   c2::u32 raw.size.height = 1280
10-31 12:52:21.186 12410 31253 D CCodecConfig:   c2::u32 raw.size.width = 720
10-31 12:52:21.214 12410 31253 D CCodecConfig: c2 config diff is   c2::u32 raw.crop.height = 1280
10-31 12:52:21.214 12410 31253 D CCodecConfig:   c2::u32 raw.crop.width = 720
10-31 12:52:21.216 12410 31253 D CCodecBuffers: [c2.android.hevc.decoder#209:2D-Output] popFromStashAndRegister: at 229545250067us, output format changed to AMessage(what = 0x00000000) = {
10-31 12:52:21.216 12410 31253 D CCodecBuffers:   int32_t android._color-format = 2135033992
10-31 12:52:21.216 12410 31253 D CCodecBuffers:   int32_t android._video-scaling = 1
10-31 12:52:21.216 12410 31253 D CCodecBuffers:   int32_t rotation-degrees = 0
10-31 12:52:21.216 12410 31253 D CCodecBuffers:   int32_t color-standard = 1
10-31 12:52:21.216 12410 31253 D CCodecBuffers:   int32_t color-range = 2
10-31 12:52:21.216 12410 31253 D CCodecBuffers:   int32_t color-transfer = 3
10-31 12:52:21.216 12410 31253 D CCodecBuffers:   int32_t sar-height = 1
10-31 12:52:21.216 12410 31253 D CCodecBuffers:   int32_t sar-width = 1
10-31 12:52:21.216 12410 31253 D CCodecBuffers:   Rect crop(0, 0, 719, 1279)
10-31 12:52:21.216 12410 31253 D CCodecBuffers:   int32_t width = 720
10-31 12:52:21.216 12410 31253 D CCodecBuffers:   int32_t height = 1280
10-31 12:52:21.216 12410 31253 D CCodecBuffers:   int32_t max-height = 1280
10-31 12:52:21.216 12410 31253 D CCodecBuffers:   int32_t max-width = 720
10-31 12:52:21.216 12410 31253 D CCodecBuffers:   string mime = "video/raw"
10-31 12:52:21.216 12410 31253 D CCodecBuffers:   int32_t android._dataspace = 260
10-31 12:52:21.216 12410 31253 D CCodecBuffers:   int32_t color-format = 2135033992
10-31 12:52:21.216 12410 31253 D CCodecBuffers: }
10-31 12:52:21.804 12410 31838 D CCodec  : ISConfig not changed
10-31 12:52:24.174 20281 10371 I DeviceHardwareStateManager: New device state brokenCamera: false, brokenSpeaker: false, brokenMicrophone: false, brokenNotificationLed: false, brokenImu: true, brokenDsp: false, brokenMcu: false, hingeState: OPEN, waterDetectState: UNKNOWN, isTampered: false, thermalState: NORMAL, mediaPeakPowerState: NORMAL, videoCallingPeakPowerState: NORMAL, battery: Battery(stateOfCharge=39, isCharging=false, temperature=245, voltage=3623, displayMode=PERCENTAGE, incompatibleChargerDetected=false), caseBattery: Battery(stateOfCharge=255, isCharging=false, temperature=0, voltage=0, displayMode=DOTS, incompatibleChargerDetected=false), caseSystemInfo: CaseSystemInfo(serialNumber=null, firmwareVersion=null, isPresent=null), audioActive: false, cameraState: CAPTURE_VIDEO_STARTED, storageState: STABLE, isStreamingActive: true, inDeepSleep: false, isMounted: false, hotCarEventOccurred: false, registeredSNApps: [ASSISTANT]isSessionVerified: falseDeviceLockState: NO_LOCKPeakPowerUserExperienceThrottlingInfo: []
10-31 12:52:24.177 20281 10371 I DeviceHardwareStateManager: New device state brokenCamera: false, brokenSpeaker: false, brokenMicrophone: false, brokenNotificationLed: false, brokenImu: true, brokenDsp: false, brokenMcu: false, hingeState: OPEN, waterDetectState: UNKNOWN, isTampered: false, thermalState: NORMAL, mediaPeakPowerState: NORMAL, videoCallingPeakPowerState: NORMAL, battery: Battery(stateOfCharge=38, isCharging=false, temperature=246, voltage=3541, displayMode=PERCENTAGE, incompatibleChargerDetected=false), caseBattery: Battery(stateOfCharge=255, isCharging=false, temperature=0, voltage=0, displayMode=DOTS, incompatibleChargerDetected=false), caseSystemInfo: CaseSystemInfo(serialNumber=null, firmwareVersion=null, isPresent=null), audioActive: false, cameraState: CAPTURE_VIDEO_STARTED, storageState: STABLE, isStreamingActive: true, inDeepSleep: false, isMounted: false, hotCarEventOccurred: false, registeredSNApps: [ASSISTANT]isSessionVerified: falseDeviceLockState: NO_LOCKPeakPowerUserExperienceThrottlingInfo: []
10-31 12:52:24.179 20281 30811 I SupernovaDeviceStateServiceImpl: Device DeviceRecord(identifier=79:C2:90:5E:BC:2C, name=RB Meta 000X, type=3, userData=null, pairedStateData=null, observingPresence=true, customName=null, customDeviceInfo=null, productRegistry=258) emitting state DeviceState(connectedState=CONNECTED, peerConnectedState=Disconnected, deviceBatteryDetails=Battery(stateOfCharge=39, isCharging=false, temperature=245, voltage=3623, displayMode=PERCENTAGE, incompatibleChargerDetected=false), caseBatteryDetails=Battery(stateOfCharge=255, isCharging=false, temperature=0, voltage=0, displayMode=DOTS, incompatibleChargerDetected=false), remedies=[], hardwareState=brokenCamera: false, brokenSpeaker: false, brokenMicrophone: false, brokenNotificationLed: false, brokenImu: true, brokenDsp: false, brokenMcu: false, hingeState: OPEN, waterDetectState: UNKNOWN, isTampered: false, thermalState: NORMAL, mediaPeakPowerState: NORMAL, videoCallingPeakPowerState: NORMAL, battery: Battery(stateOfCharge=39, isCharging=false, temperature=245, voltage=3623, displayMode=PERCENTAGE, incompatibleChargerDetected=false), caseBattery: Battery(stateOfCharge=255, isCharging=false, temperature=0, voltage=0, displayMode=DOTS, incompatibleChargerDetected=false), caseSystemInfo: CaseSystemInfo(serialNumber=null, firmwareVersion=null, isPresent=null), audioActive: false, cameraState: CAPTURE_VIDEO_STARTED, storageState: STABLE, isStreamingActive: true, inDeepSleep: false, isMounted: false, hotCarEventOccurred: false, registeredSNApps: [ASSISTANT]isSessionVerified: falseDeviceLockState: NO_LOCKPeakPowerUserExperienceThrottlingInfo: [])
10-31 12:52:24.180 20281 29323 I lam:LinkedAppFeatureManagerImpl: observeDeviceState GlassesVideoCallingWifiDirectPeakPowerThrottlingLevelUnknown
10-31 12:52:24.181 20281 29323 I lam:AppLinkService: onDeviceStateUpdate state=GlassesVideoCallingWifiDirectPeakPowerThrottlingLevelUnknown com.instagram.android
10-31 12:52:24.182 20281 30812 I assistant.stella.platform.broker.ActiveAssistantDeviceBroker: Received state update for (3, 79:C2:90:5E:BC:2C); btState=AssistantBluetoothStates(a2dpConnected=false, a2dpActive=false, hfpConnected=false, hfpActive=false, primaryBtcConnected=false), assistantDeviceState=AssistantDeviceStates(cameraState=VIDEO_CAPTURE_STARTED, brokenCamera=false, thermalConstraint=false, zeroStorage=false, hingeClosed=false, mountStatusDoff=true)
10-31 12:52:24.183 20281 20487 I AssistantDeviceStateManager: handle new device state AssistantDeviceStates(cameraState=VIDEO_CAPTURE_STARTED, brokenCamera=false, thermalConstraint=false, zeroStorage=false, hingeClosed=false, mountStatusDoff=true)
10-31 12:52:24.185 20281 30811 I SupernovaDeviceStateServiceImpl: Device DeviceRecord(identifier=79:C2:90:5E:BC:2C, name=RB Meta 000X, type=3, userData=null, pairedStateData=null, observingPresence=true, customName=null, customDeviceInfo=null, productRegistry=258) emitting state DeviceState(connectedState=CONNECTED, peerConnectedState=Disconnected, deviceBatteryDetails=Battery(stateOfCharge=38, isCharging=false, temperature=246, voltage=3541, displayMode=PERCENTAGE, incompatibleChargerDetected=false), caseBatteryDetails=Battery(stateOfCharge=255, isCharging=false, temperature=0, voltage=0, displayMode=DOTS, incompatibleChargerDetected=false), remedies=[], hardwareState=brokenCamera: false, brokenSpeaker: false, brokenMicrophone: false, brokenNotificationLed: false, brokenImu: true, brokenDsp: false, brokenMcu: false, hingeState: OPEN, waterDetectState: UNKNOWN, isTampered: false, thermalState: NORMAL, mediaPeakPowerState: NORMAL, videoCallingPeakPowerState: NORMAL, battery: Battery(stateOfCharge=38, isCharging=false, temperature=246, voltage=3541, displayMode=PERCENTAGE, incompatibleChargerDetected=false), caseBattery: Battery(stateOfCharge=255, isCharging=false, temperature=0, voltage=0, displayMode=DOTS, incompatibleChargerDetected=false), caseSystemInfo: CaseSystemInfo(serialNumber=null, firmwareVersion=null, isPresent=null), audioActive: false, cameraState: CAPTURE_VIDEO_STARTED, storageState: STABLE, isStreamingActive: true, inDeepSleep: false, isMounted: false, hotCarEventOccurred: false, registeredSNApps: [ASSISTANT]isSessionVerified: falseDeviceLockState: NO_LOCKPeakPowerUserExperienceThrottlingInfo: [])
10-31 12:52:24.186 20281 30815 I lam:LinkedAppFeatureManagerImpl: observeDeviceState GlassesVideoCallingWifiDirectPeakPowerThrottlingLevelUnknown
10-31 12:52:24.187 20281 30815 I lam:AppLinkService: onDeviceStateUpdate state=GlassesVideoCallingWifiDirectPeakPowerThrottlingLevelUnknown com.instagram.android
10-31 12:52:24.189 20281 30845 I assistant.stella.platform.broker.ActiveAssistantDeviceBroker: Received state update for (3, 79:C2:90:5E:BC:2C); btState=AssistantBluetoothStates(a2dpConnected=false, a2dpActive=false, hfpConnected=false, hfpActive=false, primaryBtcConnected=false), assistantDeviceState=AssistantDeviceStates(cameraState=VIDEO_CAPTURE_STARTED, brokenCamera=false, thermalConstraint=false, zeroStorage=false, hingeClosed=false, mountStatusDoff=true)
10-31 12:52:24.191 20281 20487 I AssistantDeviceStateManager: handle new device state AssistantDeviceStates(cameraState=VIDEO_CAPTURE_STARTED, brokenCamera=false, thermalConstraint=false, zeroStorage=false, hingeClosed=false, mountStatusDoff=true)
10-31 12:52:24.233 12410 31838 D CCodec  : ISConfig not changed
10-31 12:52:25.301 12410 12619 E msys    : E[C mem.context]_LogConnectFailure(4987)=>[Happy Eyeball] Connect failed with source=1, winner stream ip=157.240.245.175, port=5222, dnsResolutionMethod=1, combined_ip_addresses=157.240.245.175
10-31 12:52:26.313 12410 31838 D CCodec  : ISConfig not changed
10-31 12:52:28.026 12410 31253 D CCodecConfig: c2 config diff is   c2::u32 raw.size.height = 896
10-31 12:52:28.026 12410 31253 D CCodecConfig:   c2::u32 raw.size.width = 504
10-31 12:52:28.178 12410 31253 D CCodecConfig: c2 config diff is   c2::u32 raw.crop.height = 896
10-31 12:52:28.178 12410 31253 D CCodecConfig:   c2::u32 raw.crop.width = 504
10-31 12:52:28.179 12410 31253 D CCodecBuffers: [c2.android.hevc.decoder#209:2D-Output] popFromStashAndRegister: at 229550316193us, output format changed to AMessage(what = 0x00000000) = {
10-31 12:52:28.179 12410 31253 D CCodecBuffers:   int32_t android._color-format = 2135033992
10-31 12:52:28.179 12410 31253 D CCodecBuffers:   int32_t android._video-scaling = 1
10-31 12:52:28.179 12410 31253 D CCodecBuffers:   int32_t rotation-degrees = 0
10-31 12:52:28.179 12410 31253 D CCodecBuffers:   int32_t color-standard = 1
10-31 12:52:28.179 12410 31253 D CCodecBuffers:   int32_t color-range = 2
