10-28 14:29:49.971  1897  3293 I Telecom : CallAudioRouteController: skipEarpiece for video call?false: BSR.oR->CARC.pM_BT_DEVICE_REMOVED@j5Y
10-28 14:32:20.764  1447  9590 W Lyric   : stream_info_parser.cc:372: Camera Rear unknown stream: {type: Streaminfo, stream_id: 32774, camera_id: Rear, format: YCBCR_420_888, width: 1920, height: 1080, usage: [], stream_type: Output, use_case: Default, data_space: DataSpace(Custom)::Arbitrary, is_framework_physical_stream: 0, dynamic_range_profile: Standard, intended_for_max_resolution_mode: 0, group_id: -1, is_tunable: 1} does not fall in any known use case
10-28 14:32:20.764  1447  9590 I Lyric   : stream_info_parser.cc:364: Camera Rear Preview stream: {type: Streaminfo, stream_id: 32768, camera_id: Rear, format: YCBCR_420_888, width: 1280, height: 720, usage: [HwTexture], stream_type: Output, use_case: Default, data_space: DataSpace(Color)::(Standard: BT709, Transfer: RGB, Range: Full), is_framework_physical_stream: 0, dynamic_range_profile: Standard, intended_for_max_resolution_mode: 0, group_id: -1, is_tunable: 1}
10-28 14:32:20.765  1447  9590 W Lyric   : stream_info_parser.cc:372: Camera RearWide unknown stream: {type: Streaminfo, stream_id: 32775, camera_id: RearWide, format: YCBCR_420_888, width: 1920, height: 1080, usage: [], stream_type: Output, use_case: Default, data_space: DataSpace(Custom)::Arbitrary, is_framework_physical_stream: 0, dynamic_range_profile: Standard, intended_for_max_resolution_mode: 0, group_id: -1, is_tunable: 1} does not fall in any known use case
10-28 14:32:20.765  1447  9590 I Lyric   : stream_info_parser.cc:364: Camera RearWide Preview stream: {type: Streaminfo, stream_id: 32769, camera_id: RearWide, format: YCBCR_420_888, width: 1280, height: 720, usage: [HwTexture], stream_type: Output, use_case: Default, data_space: DataSpace(Color)::(Standard: BT709, Transfer: RGB, Range: Full), is_framework_physical_stream: 0, dynamic_range_profile: Standard, intended_for_max_resolution_mode: 0, group_id: -1, is_tunable: 1}
10-28 14:32:20.765  1447  9590 I Lyric   : stream_info_parser.cc:364: Camera RearVirtual Preview stream: {type: Streaminfo, stream_id: 32770, camera_id: RearVirtual, format: YCBCR_420_888, width: 1280, height: 720, usage: [HwTexture], stream_type: Output, use_case: Default, data_space: DataSpace(Color)::(Standard: BT709, Transfer: RGB, Range: Full), is_framework_physical_stream: 0, dynamic_range_profile: Standard, intended_for_max_resolution_mode: 0, group_id: -1, is_tunable: 1}
10-28 14:32:20.765  1447  9590 W Lyric   : stream_info_parser.cc:372: Camera RearVirtual unknown stream: {type: Streaminfo, stream_id: 32776, camera_id: RearVirtual, format: YCBCR_420_888, width: 1920, height: 1080, usage: [], stream_type: Output, use_case: Default, data_space: DataSpace(Custom)::Arbitrary, is_framework_physical_stream: 0, dynamic_range_profile: Standard, intended_for_max_resolution_mode: 0, group_id: -1, is_tunable: 1} does not fall in any known use case
10-28 14:32:20.767  1447  9580 I Lyric   : sensor_generic_driver.cc:1959: SANDWORM GetModeIndex requirement {size = {width: 1920, height: 1080}, frame_rate_range = [15, 30], request_binning_mode = false, request_pd_stream = false, only_config_logical_cam_stream = true, camera_id = [<recursive>], require_full_fov = false, is_high_frame_rate = false, crop_margin = 0, is_sibling_camera_participating = false, sub_image_count = 1, is_face_auth = false, is_video_mode = false, is_high_resolution_mode = false, is_arkaroo_enabled = false, is_roshi_enabled = false, is_specific_aspect_ratio_video = false, require_exact_size = false, force_sensor_mode_index = -1, is_multi_cam_usecase = true, raw_stream_usecase = 0, is_high_resolution_standalone_mode = false} required aspect ratio 1.77778 pick_transition_mode 0 require exact size 0
10-28 14:32:20.768  1447  9580 I Lyric   : eaf_node.cc:80: cam3_eaf: stream_id 32769, res 1280x720, pipeline_id 0, is_video_stream false
10-28 14:32:20.768  1447  9580 I Lyric   : zuma_isp_subgraph.cc:532: raw_to_yuv_for_snapshot_exceeding_video: Pipeline (ID: (instance_id: 415983), IPs: [ RawToYuv ], Max Outputs: 1, IPConnections: [ ], Usecase: Snapshot)
10-28 14:32:20.768  1447  9580 I Lyric   : zuma_isp_subgraph.cc:539: video_mesh_warp: Pipeline (ID: (instance_id: 415986), IPs: [ MeshWarp ], Max Outputs: 1, IPConnections: [ ], Usecase: Video)
10-28 14:32:20.768  1447  9580 I Lyric   : zuma_isp_subgraph.cc:541: mesh_warp_for_snapshot_exceeding_video: Pipeline (ID: (instance_id: 415987), IPs: [ MeshWarp ], Max Outputs: 1, IPConnections: [ ], Usecase: Snapshot)
10-28 14:32:20.768  1447  9580 I Lyric   : zuma_isp_subgraph.cc:551: video_scaler: Pipeline (ID: (instance_id: 415991), IPs: [ Scaler ], Max Outputs: 0, IPConnections: [ ], Usecase: Video)
10-28 14:32:20.768  1447  9580 I Lyric   : zuma_isp_subgraph.cc:553: scaler_for_snapshot_exceeding_video: Pipeline (ID: (instance_id: 415992), IPs: [ Scaler ], Max Outputs: 2, IPConnections: [ ], Usecase: Snapshot)
10-28 14:32:20.769  1447  9580 I Lyric   : whi_like_isp_back_end_core_subgraph.cc:933: RawToYuvNode for snapshot exceeding video is configured to output consumer type 2 fmt: HalImageFormat{ pixel_format = YCBCR_420_SPN_10B, stride_alignment = 64, num_buffers = 1 } for RearWide
10-28 14:32:20.769  1447  9580 I Lyric   : generic_subgraph.cc:3459: camera_id = 3; is_front_camera = 0; is_1p_camera_app = 0; video_call = 0
10-28 14:32:20.772  1447  2493 I Lyric   : sensor_generic_driver.cc:1959: BOITATA GetModeIndex requirement {size = {width: 1920, height: 1080}, frame_rate_range = [15, 30], request_binning_mode = false, request_pd_stream = false, only_config_logical_cam_stream = true, camera_id = [<recursive>], require_full_fov = false, is_high_frame_rate = false, crop_margin = 0, is_sibling_camera_participating = true, sub_image_count = 1, is_face_auth = false, is_video_mode = false, is_high_resolution_mode = false, is_arkaroo_enabled = false, is_roshi_enabled = false, is_specific_aspect_ratio_video = false, require_exact_size = false, force_sensor_mode_index = -1, is_multi_cam_usecase = true, raw_stream_usecase = 0, is_high_resolution_standalone_mode = false} required aspect ratio 1.77778 pick_transition_mode 1 require exact size 0
10-28 14:32:20.773  1447  9582 I Lyric   : sensor_generic_driver.cc:1959: BOITATARM GetModeIndex requirement {size = {width: 1920, height: 1080}, frame_rate_range = [15, 30], request_binning_mode = false, request_pd_stream = false, only_config_logical_cam_stream = true, camera_id = [<recursive>], require_full_fov = false, is_high_frame_rate = false, crop_margin = 0, is_sibling_camera_participating = true, sub_image_count = 1, is_face_auth = false, is_video_mode = false, is_high_resolution_mode = false, is_arkaroo_enabled = false, is_roshi_enabled = false, is_specific_aspect_ratio_video = false, require_exact_size = false, force_sensor_mode_index = -1, is_multi_cam_usecase = true, raw_stream_usecase = 0, is_high_resolution_standalone_mode = false} required aspect ratio 1.77778 pick_transition_mode 0 require exact size 0
10-28 14:32:20.773  1447  2493 I Lyric   : eaf_node.cc:80: cam2_eaf: stream_id 32768, res 1280x720, pipeline_id 0, is_video_stream false
10-28 14:32:20.773  1447  9582 I Lyric   : eaf_node.cc:80: cam4_eaf: stream_id 32770, res 1280x720, pipeline_id 0, is_video_stream false
10-28 14:32:20.773  1447  2493 I Lyric   : zuma_isp_subgraph.cc:532: raw_to_yuv_for_snapshot_exceeding_video: Pipeline (ID: (instance_id: 416002), IPs: [ RawToYuv ], Max Outputs: 1, IPConnections: [ ], Usecase: Snapshot)
10-28 14:32:20.773  1447  9582 I Lyric   : zuma_isp_subgraph.cc:532: raw_to_yuv_for_snapshot_exceeding_video: Pipeline (ID: (instance_id: 416020), IPs: [ RawToYuv ], Max Outputs: 1, IPConnections: [ ], Usecase: Snapshot)
10-28 14:32:20.773  1447  2493 I Lyric   : zuma_isp_subgraph.cc:539: video_mesh_warp: Pipeline (ID: (instance_id: 416005), IPs: [ MeshWarp ], Max Outputs: 1, IPConnections: [ ], Usecase: Video)
10-28 14:32:20.773  1447  9582 I Lyric   : zuma_isp_subgraph.cc:539: video_mesh_warp: Pipeline (ID: (instance_id: 416023), IPs: [ MeshWarp ], Max Outputs: 1, IPConnections: [ ], Usecase: Video)
10-28 14:32:20.773  1447  2493 I Lyric   : zuma_isp_subgraph.cc:541: mesh_warp_for_snapshot_exceeding_video: Pipeline (ID: (instance_id: 416006), IPs: [ MeshWarp ], Max Outputs: 1, IPConnections: [ ], Usecase: Snapshot)
10-28 14:32:20.773  1447  9582 I Lyric   : zuma_isp_subgraph.cc:541: mesh_warp_for_snapshot_exceeding_video: Pipeline (ID: (instance_id: 416024), IPs: [ MeshWarp ], Max Outputs: 1, IPConnections: [ ], Usecase: Snapshot)
10-28 14:32:20.773  1447  2493 I Lyric   : zuma_isp_subgraph.cc:551: video_scaler: Pipeline (ID: (instance_id: 416010), IPs: [ Scaler ], Max Outputs: 0, IPConnections: [ ], Usecase: Video)
10-28 14:32:20.773  1447  9582 I Lyric   : zuma_isp_subgraph.cc:551: video_scaler: Pipeline (ID: (instance_id: 416028), IPs: [ Scaler ], Max Outputs: 0, IPConnections: [ ], Usecase: Video)
10-28 14:32:20.773  1447  2493 I Lyric   : zuma_isp_subgraph.cc:553: scaler_for_snapshot_exceeding_video: Pipeline (ID: (instance_id: 416011), IPs: [ Scaler ], Max Outputs: 2, IPConnections: [ ], Usecase: Snapshot)
10-28 14:32:20.773  1447  9582 I Lyric   : zuma_isp_subgraph.cc:553: scaler_for_snapshot_exceeding_video: Pipeline (ID: (instance_id: 416029), IPs: [ Scaler ], Max Outputs: 2, IPConnections: [ ], Usecase: Snapshot)
10-28 14:32:20.774  1447  9582 I Lyric   : whi_like_isp_back_end_core_subgraph.cc:933: RawToYuvNode for snapshot exceeding video is configured to output consumer type 2 fmt: HalImageFormat{ pixel_format = YCBCR_420_SPN_10B, stride_alignment = 64, num_buffers = 1 } for RearVirtual
10-28 14:32:20.774  1447  2493 I Lyric   : whi_like_isp_back_end_core_subgraph.cc:933: RawToYuvNode for snapshot exceeding video is configured to output consumer type 2 fmt: HalImageFormat{ pixel_format = YCBCR_420_SPN_10B, stride_alignment = 64, num_buffers = 1 } for Rear
10-28 14:32:20.775  1447  9582 I Lyric   : generic_subgraph.cc:3459: camera_id = 4; is_front_camera = 0; is_1p_camera_app = 0; video_call = 0
10-28 14:32:20.775  1447  2493 I Lyric   : generic_subgraph.cc:3459: camera_id = 2; is_front_camera = 0; is_1p_camera_app = 0; video_call = 0
10-28 14:32:20.782  1447  9590 I Lyric   : multicam_graph.cc:1366: number of video bokeh nodes connected to multicam routing node = 0
10-28 14:32:20.785  1447  9590 I Lyric   : graph_configuration.cc:374: {type: Streaminfo, stream_id: 32773, camera_id: RearVirtual, format: BLOB, width: 1920, height: 1080, usage: [], stream_type: Output, use_case: Default, data_space: DataSpace(Color)::(Standard: BT601_625, Transfer: SMPTE_170M, Range: Full), is_framework_physical_stream: 0, dynamic_range_profile: Standard, intended_for_max_resolution_mode: 0, group_id: -1, is_tunable: 1}
10-28 14:32:20.785  1447  9590 I Lyric   : graph_configuration.cc:374: {type: Streaminfo, stream_id: 32776, camera_id: RearVirtual, format: YCBCR_420_888, width: 1920, height: 1080, usage: [], stream_type: Output, use_case: Default, data_space: DataSpace(Custom)::Arbitrary, is_framework_physical_stream: 0, dynamic_range_profile: Standard, intended_for_max_resolution_mode: 0, group_id: -1, is_tunable: 1}
10-28 14:32:20.785  1447  9590 I Lyric   : graph_configuration.cc:374: {type: Streaminfo, stream_id: 32772, camera_id: RearWide, format: BLOB, width: 1920, height: 1080, usage: [], stream_type: Output, use_case: Default, data_space: DataSpace(Color)::(Standard: BT601_625, Transfer: SMPTE_170M, Range: Full), is_framework_physical_stream: 0, dynamic_range_profile: Standard, intended_for_max_resolution_mode: 0, group_id: -1, is_tunable: 1}
10-28 14:32:20.785  1447  9590 I Lyric   : graph_configuration.cc:374: {type: Streaminfo, stream_id: 32775, camera_id: RearWide, format: YCBCR_420_888, width: 1920, height: 1080, usage: [], stream_type: Output, use_case: Default, data_space: DataSpace(Custom)::Arbitrary, is_framework_physical_stream: 0, dynamic_range_profile: Standard, intended_for_max_resolution_mode: 0, group_id: -1, is_tunable: 1}
10-28 14:32:20.785  1447  9590 I Lyric   : graph_configuration.cc:374: {type: Streaminfo, stream_id: 32769, camera_id: RearWide, format: YCBCR_420_888, width: 1280, height: 720, usage: [HwTexture], stream_type: Output, use_case: Default, data_space: DataSpace(Color)::(Standard: BT709, Transfer: RGB, Range: Full), is_framework_physical_stream: 0, dynamic_range_profile: Standard, intended_for_max_resolution_mode: 0, group_id: -1, is_tunable: 1}
10-28 14:32:20.785  1447  9590 I Lyric   : graph_configuration.cc:374: {type: Streaminfo, stream_id: 32774, camera_id: Rear, format: YCBCR_420_888, width: 1920, height: 1080, usage: [], stream_type: Output, use_case: Default, data_space: DataSpace(Custom)::Arbitrary, is_framework_physical_stream: 0, dynamic_range_profile: Standard, intended_for_max_resolution_mode: 0, group_id: -1, is_tunable: 1}
10-28 14:32:20.785  1447  9590 I Lyric   : graph_configuration.cc:374: {type: Streaminfo, stream_id: 32768, camera_id: Rear, format: YCBCR_420_888, width: 1280, height: 720, usage: [HwTexture], stream_type: Output, use_case: Default, data_space: DataSpace(Color)::(Standard: BT709, Transfer: RGB, Range: Full), is_framework_physical_stream: 0, dynamic_range_profile: Standard, intended_for_max_resolution_mode: 0, group_id: -1, is_tunable: 1}
10-28 14:32:20.785  1447  9590 I Lyric   : graph_configuration.cc:374: {type: Streaminfo, stream_id: 32771, camera_id: Rear, format: BLOB, width: 1920, height: 1080, usage: [], stream_type: Output, use_case: Default, data_space: DataSpace(Color)::(Standard: BT601_625, Transfer: SMPTE_170M, Range: Full), is_framework_physical_stream: 0, dynamic_range_profile: Standard, intended_for_max_resolution_mode: 0, group_id: -1, is_tunable: 1}
10-28 14:32:20.785  1447  9590 I Lyric   : graph_configuration.cc:374: {type: Streaminfo, stream_id: 32770, camera_id: RearVirtual, format: YCBCR_420_888, width: 1280, height: 720, usage: [HwTexture], stream_type: Output, use_case: Default, data_space: DataSpace(Color)::(Standard: BT709, Transfer: RGB, Range: Full), is_framework_physical_stream: 0, dynamic_range_profile: Standard, intended_for_max_resolution_mode: 0, group_id: -1, is_tunable: 1}
10-28 14:32:20.811  1447  1910 I G3ACoordinator: ae_session_config_parser_lyric.cc:201: ispfe_raw_input_resolution [width:4080, height:3072]
10-28 14:32:20.826  1447  1909 I G3ACoordinator: ae_session_config_parser_lyric.cc:201: ispfe_raw_input_resolution [width:4080, height:3072]
10-28 14:32:20.834  1447  1911 I G3ACoordinator: ae_session_config_parser_lyric.cc:201: ispfe_raw_input_resolution [width:4032, height:2272]
10-28 14:32:21.031  1447  9588 I Lyric   : scaler_node.cc:1017: The 0th output HalPixelFormat for cam2_preview_scaler YCBCR_420_888 resolution: 1280x720
10-28 14:32:21.031  1447  9588 I Lyric   : scaler_node.cc:1017: The 1th output HalPixelFormat for cam2_preview_scaler YCBCR_420_888 resolution: 1920x1080
10-28 14:32:21.206  1447  9584 I G3ACoordinator: af_engine.cc:773: Cam[2], AF tuning filename: gaf_rear_normal_video_record
10-28 14:32:23.017  1447  9584 I GAF     : gaf_core_impl.cc:874: 33 calls in 3 sec(s): RearNormalframework ReqId[33]: sensor_soe_timestamp_ns 1195219594368508 cPos-->nextPos[291-->291] maxPos 324 vcm_dac  478 status kNotFocused state kMonitor      fMode kAutoActive        opMode kVideo        searchType kBackUp       ROI kDefault       | id[0](1571,1065, 938, 941), attribute: 0, is_boh:0 eye_roi 0 crop_window (   0,   0,4080,3072) inFaceCnt 0 ScType kGAfFocusTypeLow       depth_metric_type kInvalid      pd_tPos 291 pd_conf   50.00 PdSourceType(pdIn,pdOut,cnt) (kLow ,kLow ,0) tof_tPos   0 tof_confLvl 0.99 tof_isConf 0 tof_GD 0 gyro 0.00 roi_motion kSmall   ledAssist 0 aecSettled 1 luxI 575.65 expI 575.65 g 154.06 et 66.67 bv -9.91 light kGAfTLightVeryLow exposureValue 0.00 TF 0 SC 0 ST 1 [roi(0,1) depth(0,0) motion(0,1) 3a(0,1) fv(0,1) peer(0,1)] fv 157890.19 bUpRoi 1 bUpBAF 1 bUpPD 1 FVCmpEn 0 FVCmpRe 0 zPlusCropWin(   0,   0,4080,3072) zPlusRatios(1.00, 1.00)
10-28 14:32:26.023  1447  9584 I GAF     : gaf_core_impl.cc:874: 45 calls in 3 sec(s): RearNormalframework ReqId[78]: sensor_soe_timestamp_ns 1195222597023456 cPos-->nextPos[291-->291] maxPos 324 vcm_dac  477 status kNotFocused state kMonitor      fMode kAutoActive        opMode kVideo        searchType kBackUp       ROI kDefault       | id[0](1571,1065, 938, 941), attribute: 0, is_boh:0 eye_roi 0 crop_window (   0,   0,4080,3072) inFaceCnt 0 ScType kGAfFocusTypeLow       depth_metric_type kInvalid      pd_tPos 291 pd_conf   50.00 PdSourceType(pdIn,pdOut,cnt) (kLow ,kLow ,0) tof_tPos   0 tof_confLvl 0.99 tof_isConf 0 tof_GD 0 gyro 0.00 roi_motion kSmall   ledAssist 0 aecSettled 1 luxI 575.75 expI 575.75 g 154.06 et 66.67 bv -9.92 light kGAfTLightVeryLow exposureValue 0.00 TF 0 SC 0 ST 1 [roi(0,1) depth(0,0) motion(0,1) 3a(0,1) fv(0,1) peer(0,1)] fv 157669.73 bUpRoi 1 bUpBAF 1 bUpPD 1 FVCmpEn 0 FVCmpRe 0 zPlusCropWin(   0,   0,4080,3072) zPlusRatios(1.00, 1.00)
10-28 14:32:29.017  1447  9584 I GAF     : gaf_core_impl.cc:874: 45 calls in 3 sec(s): RearNormalframework ReqId[123]: sensor_soe_timestamp_ns 1195225599665871 cPos-->nextPos[291-->291] maxPos 324 vcm_dac  477 status kNotFocused state kMonitor      fMode kAutoActive        opMode kVideo        searchType kBackUp       ROI kDefault       | id[0](1571,1065, 938, 941), attribute: 0, is_boh:0 eye_roi 0 crop_window (   0,   0,4080,3072) inFaceCnt 0 ScType kGAfFocusTypeLow       depth_metric_type kInvalid      pd_tPos 291 pd_conf   50.00 PdSourceType(pdIn,pdOut,cnt) (kLow ,kLow ,0) tof_tPos   0 tof_confLvl 0.99 tof_isConf 0 tof_GD 0 gyro 0.00 roi_motion kSmall   ledAssist 0 aecSettled 1 luxI 576.02 expI 576.02 g 154.06 et 66.67 bv -9.93 light kGAfTLightVeryLow exposureValue -0.00 TF 0 SC 0 ST 1 [roi(0,1) depth(0,0) motion(0,1) 3a(0,1) fv(0,1) peer(0,1)] fv 156292.77 bUpRoi 1 bUpBAF 1 bUpPD 1 FVCmpEn 0 FVCmpRe 0 zPlusCropWin(   0,   0,4080,3072) zPlusRatios(1.00, 1.00)
10-28 14:32:32.022  1447  2493 I GAF     : gaf_core_impl.cc:874: 45 calls in 3 sec(s): RearNormalframework ReqId[168]: sensor_soe_timestamp_ns 1195228602314553 cPos-->nextPos[291-->291] maxPos 324 vcm_dac  477 status kNotFocused state kMonitor      fMode kAutoActive        opMode kVideo        searchType kBackUp       ROI kDefault       | id[0](1571,1065, 938, 941), attribute: 0, is_boh:0 eye_roi 0 crop_window (   0,   0,4080,3072) inFaceCnt 0 ScType kGAfFocusTypeLow       depth_metric_type kInvalid      pd_tPos 291 pd_conf   50.00 PdSourceType(pdIn,pdOut,cnt) (kLow ,kLow ,0) tof_tPos   0 tof_confLvl 0.99 tof_isConf 0 tof_GD 0 gyro 0.00 roi_motion kSmall   ledAssist 0 aecSettled 1 luxI 574.49 expI 574.49 g 154.06 et 66.67 bv -9.86 light kGAfTLightVeryLow exposureValue -0.00 TF 0 SC 0 ST 1 [roi(0,1) depth(0,0) motion(0,1) 3a(0,1) fv(0,1) peer(0,1)] fv 149095.53 bUpRoi 1 bUpBAF 1 bUpPD 1 FVCmpEn 0 FVCmpRe 0 zPlusCropWin(   0,   0,4080,3072) zPlusRatios(1.00, 1.00)
10-28 14:32:34.353  1897  3293 I Telecom : CallAudioRouteController: skipEarpiece for video call?false: BSR.oR->CARC.pM_BT_DEVICE_REMOVED@j9k
10-28 14:32:35.022  1447  2494 I GAF     : gaf_core_impl.cc:874: 45 calls in 3 sec(s): RearNormalframework ReqId[213]: sensor_soe_timestamp_ns 1195231604963193 cPos-->nextPos[291-->291] maxPos 324 vcm_dac  477 status kNotFocused state kMonitor      fMode kAutoActive        opMode kVideo        searchType kBackUp       ROI kDefault       | id[0](1571,1065, 938, 941), attribute: 0, is_boh:0 eye_roi 0 crop_window (   0,   0,4080,3072) inFaceCnt 0 ScType kGAfFocusTypeLow       depth_metric_type kInvalid      pd_tPos 291 pd_conf   50.00 PdSourceType(pdIn,pdOut,cnt) (kLow ,kLow ,0) tof_tPos   0 tof_confLvl 0.99 tof_isConf 0 tof_GD 0 gyro 0.00 roi_motion kSmall   ledAssist 0 aecSettled 1 luxI 575.01 expI 575.01 g 154.06 et 66.67 bv -9.88 light kGAfTLightVeryLow exposureValue 0.00 TF 0 SC 0 ST 1 [roi(0,1) depth(0,0) motion(0,1) 3a(0,1) fv(0,1) peer(0,1)] fv 149947.16 bUpRoi 1 bUpBAF 1 bUpPD 1 FVCmpEn 0 FVCmpRe 0 zPlusCropWin(   0,   0,4080,3072) zPlusRatios(1.00, 1.00)
10-28 14:32:38.031  1447  9584 I GAF     : gaf_core_impl.cc:874: 45 calls in 3 sec(s): RearNormalframework ReqId[258]: sensor_soe_timestamp_ns 1195234607611876 cPos-->nextPos[291-->291] maxPos 324 vcm_dac  476 status kNotFocused state kMonitor      fMode kAutoActive        opMode kVideo        searchType kBackUp       ROI kDefault       | id[0](1571,1065, 938, 941), attribute: 0, is_boh:0 eye_roi 0 crop_window (   0,   0,4080,3072) inFaceCnt 0 ScType kGAfFocusTypeLow       depth_metric_type kInvalid      pd_tPos 291 pd_conf   50.00 PdSourceType(pdIn,pdOut,cnt) (kLow ,kLow ,0) tof_tPos   0 tof_confLvl 0.99 tof_isConf 0 tof_GD 0 gyro 0.00 roi_motion kSmall   ledAssist 0 aecSettled 1 luxI 574.65 expI 574.65 g 154.06 et 66.67 bv -9.87 light kGAfTLightVeryLow exposureValue 0.00 TF 0 SC 0 ST 1 [roi(0,1) depth(0,0) motion(0,1) 3a(0,1) fv(0,1) peer(0,1)] fv 148822.31 bUpRoi 1 bUpBAF 1 bUpPD 1 FVCmpEn 0 FVCmpRe 0 zPlusCropWin(   0,   0,4080,3072) zPlusRatios(1.00, 1.00)
10-28 14:32:41.038  1447  9584 I GAF     : gaf_core_impl.cc:874: 45 calls in 3 sec(s): RearNormalframework ReqId[303]: sensor_soe_timestamp_ns 1195237610260558 cPos-->nextPos[291-->291] maxPos 324 vcm_dac  477 status kNotFocused state kMonitor      fMode kAutoActive        opMode kVideo        searchType kBackUp       ROI kDefault       | id[0](1571,1065, 938, 941), attribute: 0, is_boh:0 eye_roi 0 crop_window (   0,   0,4080,3072) inFaceCnt 0 ScType kGAfFocusTypeLow       depth_metric_type kInvalid      pd_tPos 291 pd_conf   50.00 PdSourceType(pdIn,pdOut,cnt) (kLow ,kLow ,0) tof_tPos   0 tof_confLvl 0.99 tof_isConf 0 tof_GD 0 gyro 0.00 roi_motion kSmall   ledAssist 0 aecSettled 1 luxI 573.36 expI 573.36 g 154.06 et 66.67 bv -9.81 light kGAfTLightVeryLow exposureValue 0.00 TF 0 SC 0 ST 1 [roi(0,1) depth(0,0) motion(0,1) 3a(0,1) fv(0,1) peer(0,1)] fv 140336.66 bUpRoi 1 bUpBAF 1 bUpPD 1 FVCmpEn 0 FVCmpRe 0 zPlusCropWin(   0,   0,4080,3072) zPlusRatios(1.00, 1.00)
10-28 14:32:44.037  1447  9584 I GAF     : gaf_core_impl.cc:874: 45 calls in 3 sec(s): RearNormalframework ReqId[348]: sensor_soe_timestamp_ns 1195240612909240 cPos-->nextPos[291-->291] maxPos 324 vcm_dac  477 status kNotFocused state kMonitor      fMode kAutoActive        opMode kVideo        searchType kBackUp       ROI kDefault       | id[0](1571,1065, 938, 941), attribute: 0, is_boh:0 eye_roi 0 crop_window (   0,   0,4080,3072) inFaceCnt 0 ScType kGAfFocusTypeLow       depth_metric_type kInvalid      pd_tPos 291 pd_conf   50.00 PdSourceType(pdIn,pdOut,cnt) (kLow ,kLow ,0) tof_tPos   0 tof_confLvl 0.99 tof_isConf 0 tof_GD 0 gyro 0.00 roi_motion kSmall   ledAssist 0 aecSettled 1 luxI 573.02 expI 573.02 g 154.06 et 66.67 bv -9.80 light kGAfTLightVeryLow exposureValue 0.00 TF 0 SC 0 ST 1 [roi(0,1) depth(0,0) motion(0,1) 3a(0,1) fv(0,1) peer(0,1)] fv 140322.78 bUpRoi 1 bUpBAF 1 bUpPD 1 FVCmpEn 0 FVCmpRe 0 zPlusCropWin(   0,   0,4080,3072) zPlusRatios(1.00, 1.00)
10-28 14:32:47.035  1447  9584 I GAF     : gaf_core_impl.cc:874: 45 calls in 3 sec(s): RearNormalframework ReqId[393]: sensor_soe_timestamp_ns 1195243615425354 cPos-->nextPos[291-->291] maxPos 324 vcm_dac  477 status kNotFocused state kMonitor      fMode kAutoActive        opMode kVideo        searchType kBackUp       ROI kDefault       | id[0](1571,1065, 938, 941), attribute: 0, is_boh:0 eye_roi 0 crop_window (   0,   0,4080,3072) inFaceCnt 0 ScType kGAfFocusTypeLow       depth_metric_type kInvalid      pd_tPos 291 pd_conf   50.00 PdSourceType(pdIn,pdOut,cnt) (kLow ,kLow ,0) tof_tPos   0 tof_confLvl 0.99 tof_isConf 0 tof_GD 0 gyro 0.00 roi_motion kSmall   ledAssist 0 aecSettled 1 luxI 573.34 expI 573.34 g 154.06 et 66.67 bv -9.81 light kGAfTLightVeryLow exposureValue 0.00 TF 0 SC 0 ST 1 [roi(0,1) depth(0,0) motion(0,1) 3a(0,1) fv(0,1) peer(0,1)] fv 139878.94 bUpRoi 1 bUpBAF 1 bUpPD 1 FVCmpEn 0 FVCmpRe 0 zPlusCropWin(   0,   0,4080,3072) zPlusRatios(1.00, 1.00)
10-28 14:32:50.034  1447  9584 I GAF     : gaf_core_impl.cc:874: 45 calls in 3 sec(s): RearNormalframework ReqId[438]: sensor_soe_timestamp_ns 1195246618206605 cPos-->nextPos[291-->291] maxPos 324 vcm_dac  477 status kNotFocused state kMonitor      fMode kAutoActive        opMode kVideo        searchType kBackUp       ROI kDefault       | id[0](1571,1065, 938, 941), attribute: 0, is_boh:0 eye_roi 0 crop_window (   0,   0,4080,3072) inFaceCnt 0 ScType kGAfFocusTypeLow       depth_metric_type kInvalid      pd_tPos 291 pd_conf   50.00 PdSourceType(pdIn,pdOut,cnt) (kLow ,kLow ,0) tof_tPos   0 tof_confLvl 0.99 tof_isConf 0 tof_GD 0 gyro 0.00 roi_motion kSmall   ledAssist 0 aecSettled 1 luxI 572.86 expI 572.86 g 154.06 et 66.67 bv -9.79 light kGAfTLightVeryLow exposureValue 0.00 TF 0 SC 0 ST 1 [roi(0,1) depth(0,0) motion(0,1) 3a(0,1) fv(0,1) peer(0,1)] fv 139650.84 bUpRoi 1 bUpBAF 1 bUpPD 1 FVCmpEn 0 FVCmpRe 0 zPlusCropWin(   0,   0,4080,3072) zPlusRatios(1.00, 1.00)
10-28 14:32:53.038  1447  9584 I GAF     : gaf_core_impl.cc:874: 45 calls in 3 sec(s): RearNormalframework ReqId[483]: sensor_soe_timestamp_ns 1195249620855287 cPos-->nextPos[291-->291] maxPos 324 vcm_dac  477 status kNotFocused state kMonitor      fMode kAutoActive        opMode kVideo        searchType kBackUp       ROI kDefault       | id[0](1571,1065, 938, 941), attribute: 0, is_boh:0 eye_roi 0 crop_window (   0,   0,4080,3072) inFaceCnt 0 ScType kGAfFocusTypeLow       depth_metric_type kInvalid      pd_tPos 291 pd_conf   50.00 PdSourceType(pdIn,pdOut,cnt) (kLow ,kLow ,0) tof_tPos   0 tof_confLvl 0.99 tof_isConf 0 tof_GD 0 gyro 0.00 roi_motion kSmall   ledAssist 0 aecSettled 1 luxI 573.39 expI 573.39 g 154.06 et 66.67 bv -9.82 light kGAfTLightVeryLow exposureValue 0.00 TF 0 SC 0 ST 1 [roi(0,1) depth(0,0) motion(0,1) 3a(0,1) fv(0,1) peer(0,1)] fv 138996.19 bUpRoi 1 bUpBAF 1 bUpPD 1 FVCmpEn 0 FVCmpRe 0 zPlusCropWin(   0,   0,4080,3072) zPlusRatios(1.00, 1.00)
10-28 14:32:56.040  1447  9584 I GAF     : gaf_core_impl.cc:874: 45 calls in 3 sec(s): RearNormalframework ReqId[528]: sensor_soe_timestamp_ns 1195252623503969 cPos-->nextPos[291-->291] maxPos 324 vcm_dac  475 status kNotFocused state kMonitor      fMode kAutoActive        opMode kVideo        searchType kBackUp       ROI kDefault       | id[0](1571,1065, 938, 941), attribute: 0, is_boh:0 eye_roi 0 crop_window (   0,   0,4080,3072) inFaceCnt 0 ScType kGAfFocusTypeLow       depth_metric_type kInvalid      pd_tPos 291 pd_conf   50.00 PdSourceType(pdIn,pdOut,cnt) (kLow ,kLow ,0) tof_tPos   0 tof_confLvl 0.99 tof_isConf 0 tof_GD 0 gyro 0.00 roi_motion kSmall   ledAssist 0 aecSettled 1 luxI 573.38 expI 573.38 g 154.06 et 66.67 bv -9.82 light kGAfTLightVeryLow exposureValue 0.00 TF 0 SC 0 ST 1 [roi(0,1) depth(0,0) motion(0,1) 3a(0,1) fv(0,1) peer(0,1)] fv 140212.62 bUpRoi 1 bUpBAF 1 bUpPD 1 FVCmpEn 0 FVCmpRe 0 zPlusCropWin(   0,   0,4080,3072) zPlusRatios(1.00, 1.00)
10-28 14:32:59.047  1447  2494 I GAF     : gaf_core_impl.cc:874: 45 calls in 3 sec(s): RearNormalframework ReqId[573]: sensor_soe_timestamp_ns 1195255626152651 cPos-->nextPos[291-->291] maxPos 324 vcm_dac  476 status kNotFocused state kMonitor      fMode kAutoActive        opMode kVideo        searchType kBackUp       ROI kDefault       | id[0](1571,1065, 938, 941), attribute: 0, is_boh:0 eye_roi 0 crop_window (   0,   0,4080,3072) inFaceCnt 0 ScType kGAfFocusTypeLow       depth_metric_type kInvalid      pd_tPos 291 pd_conf   50.00 PdSourceType(pdIn,pdOut,cnt) (kLow ,kLow ,0) tof_tPos   0 tof_confLvl 0.99 tof_isConf 0 tof_GD 0 gyro 0.00 roi_motion kSmall   ledAssist 0 aecSettled 1 luxI 573.23 expI 573.23 g 154.06 et 66.67 bv -9.81 light kGAfTLightVeryLow exposureValue 0.00 TF 0 SC 0 ST 1 [roi(0,1) depth(0,0) motion(0,1) 3a(0,1) fv(0,1) peer(0,1)] fv 139618.66 bUpRoi 1 bUpBAF 1 bUpPD 1 FVCmpEn 0 FVCmpRe 0 zPlusCropWin(   0,   0,4080,3072) zPlusRatios(1.00, 1.00)
10-28 14:33:02.049  1447  2494 I GAF     : gaf_core_impl.cc:874: 45 calls in 3 sec(s): RearNormalframework ReqId[618]: sensor_soe_timestamp_ns 1195258628801293 cPos-->nextPos[291-->291] maxPos 324 vcm_dac  475 status kNotFocused state kMonitor      fMode kAutoActive        opMode kVideo        searchType kBackUp       ROI kDefault       | id[0](1571,1065, 938, 941), attribute: 0, is_boh:0 eye_roi 0 crop_window (   0,   0,4080,3072) inFaceCnt 0 ScType kGAfFocusTypeLow       depth_metric_type kInvalid      pd_tPos 291 pd_conf   50.00 PdSourceType(pdIn,pdOut,cnt) (kLow ,kLow ,0) tof_tPos   0 tof_confLvl 0.99 tof_isConf 0 tof_GD 0 gyro 0.00 roi_motion kSmall   ledAssist 0 aecSettled 1 luxI 573.27 expI 573.27 g 154.06 et 66.67 bv -9.81 light kGAfTLightVeryLow exposureValue 0.00 TF 0 SC 0 ST 1 [roi(0,1) depth(0,0) motion(0,1) 3a(0,1) fv(0,1) peer(0,1)] fv 139847.30 bUpRoi 1 bUpBAF 1 bUpPD 1 FVCmpEn 0 FVCmpRe 0 zPlusCropWin(   0,   0,4080,3072) zPlusRatios(1.00, 1.00)
10-28 14:33:05.052  1447  9584 I GAF     : gaf_core_impl.cc:874: 45 calls in 3 sec(s): RearNormalframework ReqId[663]: sensor_soe_timestamp_ns 1195261631449975 cPos-->nextPos[291-->291] maxPos 324 vcm_dac  475 status kNotFocused state kMonitor      fMode kAutoActive        opMode kVideo        searchType kBackUp       ROI kDefault       | id[0](1571,1065, 938, 941), attribute: 0, is_boh:0 eye_roi 0 crop_window (   0,   0,4080,3072) inFaceCnt 0 ScType kGAfFocusTypeLow       depth_metric_type kInvalid      pd_tPos 291 pd_conf   50.00 PdSourceType(pdIn,pdOut,cnt) (kLow ,kLow ,0) tof_tPos   0 tof_confLvl 0.99 tof_isConf 0 tof_GD 0 gyro 0.00 roi_motion kSmall   ledAssist 0 aecSettled 1 luxI 573.48 expI 573.48 g 154.06 et 66.67 bv -9.82 light kGAfTLightVeryLow exposureValue 0.00 TF 0 SC 0 ST 1 [roi(0,1) depth(0,0) motion(0,1) 3a(0,1) fv(0,1) peer(0,1)] fv 140749.94 bUpRoi 1 bUpBAF 1 bUpPD 1 FVCmpEn 0 FVCmpRe 0 zPlusCropWin(   0,   0,4080,3072) zPlusRatios(1.00, 1.00)
10-28 14:33:08.048  1447  9584 I GAF     : gaf_core_impl.cc:874: 45 calls in 3 sec(s): RearNormalframework ReqId[708]: sensor_soe_timestamp_ns 1195264634098657 cPos-->nextPos[291-->291] maxPos 324 vcm_dac  475 status kNotFocused state kMonitor      fMode kAutoActive        opMode kVideo        searchType kBackUp       ROI kDefault       | id[0](1571,1065, 938, 941), attribute: 0, is_boh:0 eye_roi 0 crop_window (   0,   0,4080,3072) inFaceCnt 0 ScType kGAfFocusTypeLow       depth_metric_type kInvalid      pd_tPos 291 pd_conf   50.00 PdSourceType(pdIn,pdOut,cnt) (kLow ,kLow ,0) tof_tPos   0 tof_confLvl 0.99 tof_isConf 0 tof_GD 0 gyro 0.00 roi_motion kSmall   ledAssist 0 aecSettled 1 luxI 573.46 expI 573.46 g 154.06 et 66.67 bv -9.82 light kGAfTLightVeryLow exposureValue 0.00 TF 0 SC 0 ST 1 [roi(0,1) depth(0,0) motion(0,1) 3a(0,1) fv(0,1) peer(0,1)] fv 142112.88 bUpRoi 1 bUpBAF 1 bUpPD 1 FVCmpEn 0 FVCmpRe 0 zPlusCropWin(   0,   0,4080,3072) zPlusRatios(1.00, 1.00)
10-28 14:33:08.118  1897  4693 I MediaSessionStack: removeSession | record: com.google.android.videos/play_movies_media/13 (userId=0)
10-28 14:33:08.119  1897 10995 I ActivityManager: Process com.google.android.videos (pid 1679) has died: cch  +45 CEM 
10-28 14:33:11.057  1447  9584 I GAF     : gaf_core_impl.cc:874: 45 calls in 3 sec(s): RearNormalframework ReqId[753]: sensor_soe_timestamp_ns 1195267636747340 cPos-->nextPos[291-->291] maxPos 324 vcm_dac  476 status kNotFocused state kMonitor      fMode kAutoActive        opMode kVideo        searchType kBackUp       ROI kDefault       | id[0](1571,1065, 938, 941), attribute: 0, is_boh:0 eye_roi 0 crop_window (   0,   0,4080,3072) inFaceCnt 0 ScType kGAfFocusTypeLow       depth_metric_type kInvalid      pd_tPos 291 pd_conf   50.00 PdSourceType(pdIn,pdOut,cnt) (kLow ,kLow ,0) tof_tPos   0 tof_confLvl 0.99 tof_isConf 0 tof_GD 0 gyro 0.00 roi_motion kSmall   ledAssist 0 aecSettled 1 luxI 573.11 expI 573.11 g 154.06 et 66.67 bv -9.80 light kGAfTLightVeryLow exposureValue 0.00 TF 0 SC 0 ST 1 [roi(0,1) depth(0,0) motion(0,1) 3a(0,1) fv(0,1) peer(0,1)] fv 140670.25 bUpRoi 1 bUpBAF 1 bUpPD 1 FVCmpEn 0 FVCmpRe 0 zPlusCropWin(   0,   0,4080,3072) zPlusRatios(1.00, 1.00)
10-28 14:33:14.059  1447  9584 I GAF     : gaf_core_impl.cc:874: 45 calls in 3 sec(s): RearNormalframework ReqId[798]: sensor_soe_timestamp_ns 1195270639396022 cPos-->nextPos[291-->291] maxPos 324 vcm_dac  475 status kNotFocused state kMonitor      fMode kAutoActive        opMode kVideo        searchType kBackUp       ROI kDefault       | id[0](1571,1065, 938, 941), attribute: 0, is_boh:0 eye_roi 0 crop_window (   0,   0,4080,3072) inFaceCnt 0 ScType kGAfFocusTypeLow       depth_metric_type kInvalid      pd_tPos 291 pd_conf   50.00 PdSourceType(pdIn,pdOut,cnt) (kLow ,kLow ,0) tof_tPos   0 tof_confLvl 0.99 tof_isConf 0 tof_GD 0 gyro 0.00 roi_motion kSmall   ledAssist 0 aecSettled 1 luxI 573.48 expI 573.48 g 154.06 et 66.67 bv -9.82 light kGAfTLightVeryLow exposureValue 0.00 TF 0 SC 0 ST 1 [roi(0,1) depth(0,0) motion(0,1) 3a(0,1) fv(0,1) peer(0,1)] fv 141664.58 bUpRoi 1 bUpBAF 1 bUpPD 1 FVCmpEn 0 FVCmpRe 0 zPlusCropWin(   0,   0,4080,3072) zPlusRatios(1.00, 1.00)
10-28 14:33:17.059  1447  9584 I GAF     : gaf_core_impl.cc:874: 45 calls in 3 sec(s): RearNormalframework ReqId[843]: sensor_soe_timestamp_ns 1195273642044704 cPos-->nextPos[291-->291] maxPos 324 vcm_dac  475 status kNotFocused state kMonitor      fMode kAutoActive        opMode kVideo        searchType kBackUp       ROI kDefault       | id[0](1571,1065, 938, 941), attribute: 0, is_boh:0 eye_roi 0 crop_window (   0,   0,4080,3072) inFaceCnt 0 ScType kGAfFocusTypeLow       depth_metric_type kInvalid      pd_tPos 291 pd_conf   50.00 PdSourceType(pdIn,pdOut,cnt) (kLow ,kLow ,0) tof_tPos   0 tof_confLvl 0.99 tof_isConf 0 tof_GD 0 gyro 0.00 roi_motion kSmall   ledAssist 0 aecSettled 1 luxI 573.27 expI 573.27 g 154.06 et 66.67 bv -9.81 light kGAfTLightVeryLow exposureValue 0.00 TF 0 SC 0 ST 1 [roi(0,1) depth(0,0) motion(0,1) 3a(0,1) fv(0,1) peer(0,1)] fv 141614.95 bUpRoi 1 bUpBAF 1 bUpPD 1 FVCmpEn 0 FVCmpRe 0 zPlusCropWin(   0,   0,4080,3072) zPlusRatios(1.00, 1.00)
10-28 14:33:20.072  1447  9584 I GAF     : gaf_core_impl.cc:874: 45 calls in 3 sec(s): RearNormalframework ReqId[888]: sensor_soe_timestamp_ns 1195276644693386 cPos-->nextPos[291-->291] maxPos 324 vcm_dac  475 status kNotFocused state kMonitor      fMode kAutoActive        opMode kVideo        searchType kBackUp       ROI kDefault       | id[0](1571,1065, 938, 941), attribute: 0, is_boh:0 eye_roi 0 crop_window (   0,   0,4080,3072) inFaceCnt 0 ScType kGAfFocusTypeLow       depth_metric_type kInvalid      pd_tPos 291 pd_conf   50.00 PdSourceType(pdIn,pdOut,cnt) (kLow ,kLow ,0) tof_tPos   0 tof_confLvl 0.99 tof_isConf 0 tof_GD 0 gyro 0.00 roi_motion kSmall   ledAssist 0 aecSettled 1 luxI 573.30 expI 573.30 g 154.06 et 66.67 bv -9.81 light kGAfTLightVeryLow exposureValue 0.00 TF 0 SC 0 ST 1 [roi(0,1) depth(0,0) motion(0,1) 3a(0,1) fv(0,1) peer(0,1)] fv 141987.70 bUpRoi 1 bUpBAF 1 bUpPD 1 FVCmpEn 0 FVCmpRe 0 zPlusCropWin(   0,   0,4080,3072) zPlusRatios(1.00, 1.00)
10-28 14:33:23.065  1447  2494 I GAF     : gaf_core_impl.cc:874: 45 calls in 3 sec(s): RearNormalframework ReqId[933]: sensor_soe_timestamp_ns 1195279647342069 cPos-->nextPos[291-->291] maxPos 324 vcm_dac  476 status kNotFocused state kMonitor      fMode kAutoActive        opMode kVideo        searchType kBackUp       ROI kDefault       | id[0](1571,1065, 938, 941), attribute: 0, is_boh:0 eye_roi 0 crop_window (   0,   0,4080,3072) inFaceCnt 0 ScType kGAfFocusTypeLow       depth_metric_type kInvalid      pd_tPos 291 pd_conf   50.00 PdSourceType(pdIn,pdOut,cnt) (kLow ,kLow ,0) tof_tPos   0 tof_confLvl 0.99 tof_isConf 0 tof_GD 0 gyro 0.00 roi_motion kSmall   ledAssist 0 aecSettled 1 luxI 573.49 expI 573.49 g 154.06 et 66.67 bv -9.82 light kGAfTLightVeryLow exposureValue 0.00 TF 0 SC 0 ST 1 [roi(0,1) depth(0,0) motion(0,1) 3a(0,1) fv(0,1) peer(0,1)] fv 144127.61 bUpRoi 1 bUpBAF 1 bUpPD 1 FVCmpEn 0 FVCmpRe 0 zPlusCropWin(   0,   0,4080,3072) zPlusRatios(1.00, 1.00)
10-28 14:33:26.005  1447  2493 I GAF     : gaf_core_impl.cc:874: 44 calls in 3 sec(s): RearNormalframework ReqId[977]: sensor_soe_timestamp_ns 1195282583265205 cPos-->nextPos[291-->291] maxPos 324 vcm_dac  475 status kNotFocused state kMonitor      fMode kAutoActive        opMode kVideo        searchType kBackUp       ROI kDefault       | id[0](1571,1065, 938, 941), attribute: 0, is_boh:0 eye_roi 0 crop_window (   0,   0,4080,3072) inFaceCnt 0 ScType kGAfFocusTypeLow       depth_metric_type kInvalid      pd_tPos 291 pd_conf   50.00 PdSourceType(pdIn,pdOut,cnt) (kLow ,kLow ,0) tof_tPos   0 tof_confLvl 0.99 tof_isConf 0 tof_GD 0 gyro 0.00 roi_motion kSmall   ledAssist 0 aecSettled 1 luxI 573.24 expI 573.24 g 154.06 et 66.67 bv -9.81 light kGAfTLightVeryLow exposureValue 0.00 TF 0 SC 0 ST 1 [roi(0,1) depth(0,0) motion(0,1) 3a(0,1) fv(0,1) peer(0,1)] fv 141122.61 bUpRoi 1 bUpBAF 1 bUpPD 1 FVCmpEn 0 FVCmpRe 0 zPlusCropWin(   0,   0,4080,3072) zPlusRatios(1.00, 1.00)
10-28 14:33:29.004  1447  9584 I GAF     : gaf_core_impl.cc:874: 45 calls in 3 sec(s): RearNormalframework ReqId[1022]: sensor_soe_timestamp_ns 1195285585913887 cPos-->nextPos[291-->291] maxPos 324 vcm_dac  477 status kNotFocused state kMonitor      fMode kAutoActive        opMode kVideo        searchType kBackUp       ROI kDefault       | id[0](1571,1065, 938, 941), attribute: 0, is_boh:0 eye_roi 0 crop_window (   0,   0,4080,3072) inFaceCnt 0 ScType kGAfFocusTypeLow       depth_metric_type kInvalid      pd_tPos 291 pd_conf   50.00 PdSourceType(pdIn,pdOut,cnt) (kLow ,kLow ,0) tof_tPos   0 tof_confLvl 0.99 tof_isConf 0 tof_GD 0 gyro 0.00 roi_motion kSmall   ledAssist 0 aecSettled 1 luxI 572.99 expI 572.99 g 154.06 et 66.67 bv -9.80 light kGAfTLightVeryLow exposureValue 0.00 TF 0 SC 0 ST 1 [roi(0,1) depth(0,0) motion(0,1) 3a(0,1) fv(0,1) peer(0,1)] fv 138053.53 bUpRoi 1 bUpBAF 1 bUpPD 1 FVCmpEn 0 FVCmpRe 0 zPlusCropWin(   0,   0,4080,3072) zPlusRatios(1.00, 1.00)
10-28 14:33:32.008  1447  9584 I GAF     : gaf_core_impl.cc:874: 45 calls in 3 sec(s): RearNormalframework ReqId[1067]: sensor_soe_timestamp_ns 1195288588781727 cPos-->nextPos[291-->291] maxPos 324 vcm_dac  477 status kNotFocused state kMonitor      fMode kAutoActive        opMode kVideo        searchType kBackUp       ROI kDefault       | id[0](1571,1065, 938, 941), attribute: 0, is_boh:0 eye_roi 0 crop_window (   0,   0,4080,3072) inFaceCnt 0 ScType kGAfFocusTypeLow       depth_metric_type kInvalid      pd_tPos 291 pd_conf   50.00 PdSourceType(pdIn,pdOut,cnt) (kLow ,kLow ,0) tof_tPos   0 tof_confLvl 0.99 tof_isConf 0 tof_GD 0 gyro 0.00 roi_motion kSmall   ledAssist 0 aecSettled 1 luxI 573.08 expI 573.08 g 154.06 et 66.67 bv -9.80 light kGAfTLightVeryLow exposureValue 0.00 TF 0 SC 0 ST 1 [roi(0,1) depth(0,0) motion(0,1) 3a(0,1) fv(0,1) peer(0,1)] fv 140776.52 bUpRoi 1 bUpBAF 1 bUpPD 1 FVCmpEn 0 FVCmpRe 0 zPlusCropWin(   0,   0,4080,3072) zPlusRatios(1.00, 1.00)
10-28 14:33:35.010  1447  9584 I GAF     : gaf_core_impl.cc:874: 45 calls in 3 sec(s): RearNormalframework ReqId[1112]: sensor_soe_timestamp_ns 1195291591211252 cPos-->nextPos[291-->291] maxPos 324 vcm_dac  477 status kNotFocused state kMonitor      fMode kAutoActive        opMode kVideo        searchType kBackUp       ROI kDefault       | id[0](1571,1065, 938, 941), attribute: 0, is_boh:0 eye_roi 0 crop_window (   0,   0,4080,3072) inFaceCnt 0 ScType kGAfFocusTypeLow       depth_metric_type kInvalid      pd_tPos 291 pd_conf   50.00 PdSourceType(pdIn,pdOut,cnt) (kLow ,kLow ,0) tof_tPos   0 tof_confLvl 0.99 tof_isConf 0 tof_GD 0 gyro 0.00 roi_motion kSmall   ledAssist 0 aecSettled 1 luxI 573.67 expI 573.67 g 154.06 et 66.67 bv -9.83 light kGAfTLightVeryLow exposureValue 0.00 TF 0 SC 0 ST 1 [roi(0,1) depth(0,0) motion(0,1) 3a(0,1) fv(0,1) peer(0,1)] fv 142406.83 bUpRoi 1 bUpBAF 1 bUpPD 1 FVCmpEn 0 FVCmpRe 0 zPlusCropWin(   0,   0,4080,3072) zPlusRatios(1.00, 1.00)
10-28 14:33:38.026  1447  9584 I GAF     : gaf_core_impl.cc:874: 45 calls in 3 sec(s): RearNormalframework ReqId[1157]: sensor_soe_timestamp_ns 1195294593859893 cPos-->nextPos[291-->291] maxPos 324 vcm_dac  478 status kNotFocused state kMonitor      fMode kAutoActive        opMode kVideo        searchType kBackUp       ROI kDefault       | id[0](1571,1065, 938, 941), attribute: 0, is_boh:0 eye_roi 0 crop_window (   0,   0,4080,3072) inFaceCnt 0 ScType kGAfFocusTypeLow       depth_metric_type kInvalid      pd_tPos 291 pd_conf   50.00 PdSourceType(pdIn,pdOut,cnt) (kLow ,kLow ,0) tof_tPos   0 tof_confLvl 0.99 tof_isConf 0 tof_GD 0 gyro 0.00 roi_motion kSmall   ledAssist 0 aecSettled 1 luxI 573.48 expI 573.48 g 154.06 et 66.67 bv -9.82 light kGAfTLightVeryLow exposureValue 0.00 TF 0 SC 0 ST 1 [roi(0,1) depth(0,0) motion(0,1) 3a(0,1) fv(0,1) peer(0,1)] fv 142835.16 bUpRoi 1 bUpBAF 1 bUpPD 1 FVCmpEn 0 FVCmpRe 0 zPlusCropWin(   0,   0,4080,3072) zPlusRatios(1.00, 1.00)
10-28 14:33:41.015  1447  9584 I GAF     : gaf_core_impl.cc:874: 45 calls in 3 sec(s): RearNormalframework ReqId[1202]: sensor_soe_timestamp_ns 1195297596561311 cPos-->nextPos[291-->291] maxPos 324 vcm_dac  477 status kNotFocused state kMonitor      fMode kAutoActive        opMode kVideo        searchType kBackUp       ROI kDefault       | id[0](1571,1065, 938, 941), attribute: 0, is_boh:0 eye_roi 0 crop_window (   0,   0,4080,3072) inFaceCnt 0 ScType kGAfFocusTypeLow       depth_metric_type kInvalid      pd_tPos 291 pd_conf   50.00 PdSourceType(pdIn,pdOut,cnt) (kLow ,kLow ,0) tof_tPos   0 tof_confLvl 0.99 tof_isConf 0 tof_GD 0 gyro 0.00 roi_motion kSmall   ledAssist 0 aecSettled 1 luxI 573.55 expI 573.55 g 154.06 et 66.67 bv -9.82 light kGAfTLightVeryLow exposureValue 0.00 TF 0 SC 0 ST 1 [roi(0,1) depth(0,0) motion(0,1) 3a(0,1) fv(0,1) peer(0,1)] fv 142033.94 bUpRoi 1 bUpBAF 1 bUpPD 1 FVCmpEn 0 FVCmpRe 0 zPlusCropWin(   0,   0,4080,3072) zPlusRatios(1.00, 1.00)
10-28 14:33:44.023  1447  2494 I GAF     : gaf_core_impl.cc:874: 45 calls in 3 sec(s): RearNormalframework ReqId[1247]: sensor_soe_timestamp_ns 1195300599157258 cPos-->nextPos[291-->291] maxPos 324 vcm_dac  477 status kNotFocused state kMonitor      fMode kAutoActive        opMode kVideo        searchType kBackUp       ROI kDefault       | id[0](1571,1065, 938, 941), attribute: 0, is_boh:0 eye_roi 0 crop_window (   0,   0,4080,3072) inFaceCnt 0 ScType kGAfFocusTypeLow       depth_metric_type kInvalid      pd_tPos 291 pd_conf   50.00 PdSourceType(pdIn,pdOut,cnt) (kLow ,kLow ,0) tof_tPos   0 tof_confLvl 0.99 tof_isConf 0 tof_GD 0 gyro 0.00 roi_motion kSmall   ledAssist 0 aecSettled 1 luxI 573.21 expI 573.21 g 154.06 et 66.67 bv -9.81 light kGAfTLightVeryLow exposureValue 0.00 TF 0 SC 0 ST 1 [roi(0,1) depth(0,0) motion(0,1) 3a(0,1) fv(0,1) peer(0,1)] fv 141017.95 bUpRoi 1 bUpBAF 1 bUpPD 1 FVCmpEn 0 FVCmpRe 0 zPlusCropWin(   0,   0,4080,3072) zPlusRatios(1.00, 1.00)
10-28 14:33:47.028  1447  2494 I GAF     : gaf_core_impl.cc:874: 45 calls in 3 sec(s): RearNormalframework ReqId[1292]: sensor_soe_timestamp_ns 1195303601805940 cPos-->nextPos[291-->291] maxPos 324 vcm_dac  477 status kNotFocused state kMonitor      fMode kAutoActive        opMode kVideo        searchType kBackUp       ROI kDefault       | id[0](1571,1065, 938, 941), attribute: 0, is_boh:0 eye_roi 0 crop_window (   0,   0,4080,3072) inFaceCnt 0 ScType kGAfFocusTypeLow       depth_metric_type kInvalid      pd_tPos 291 pd_conf   50.00 PdSourceType(pdIn,pdOut,cnt) (kLow ,kLow ,0) tof_tPos   0 tof_confLvl 0.99 tof_isConf 0 tof_GD 0 gyro 0.00 roi_motion kSmall   ledAssist 0 aecSettled 1 luxI 573.32 expI 573.32 g 154.06 et 66.67 bv -9.81 light kGAfTLightVeryLow exposureValue 0.00 TF 0 SC 0 ST 1 [roi(0,1) depth(0,0) motion(0,1) 3a(0,1) fv(0,1) peer(0,1)] fv 142343.62 bUpRoi 1 bUpBAF 1 bUpPD 1 FVCmpEn 0 FVCmpRe 0 zPlusCropWin(   0,   0,4080,3072) zPlusRatios(1.00, 1.00)
10-28 14:33:50.025  1447  2494 I GAF     : gaf_core_impl.cc:874: 45 calls in 3 sec(s): RearNormalframework ReqId[1337]: sensor_soe_timestamp_ns 1195306604454622 cPos-->nextPos[291-->291] maxPos 324 vcm_dac  476 status kNotFocused state kMonitor      fMode kAutoActive        opMode kVideo        searchType kBackUp       ROI kDefault       | id[0](1571,1065, 938, 941), attribute: 0, is_boh:0 eye_roi 0 crop_window (   0,   0,4080,3072) inFaceCnt 0 ScType kGAfFocusTypeLow       depth_metric_type kInvalid      pd_tPos 291 pd_conf   50.00 PdSourceType(pdIn,pdOut,cnt) (kLow ,kLow ,0) tof_tPos   0 tof_confLvl 0.99 tof_isConf 0 tof_GD 0 gyro 0.00 roi_motion kSmall   ledAssist 0 aecSettled 1 luxI 573.45 expI 573.45 g 154.06 et 66.67 bv -9.82 light kGAfTLightVeryLow exposureValue 0.00 TF 0 SC 0 ST 1 [roi(0,1) depth(0,0) motion(0,1) 3a(0,1) fv(0,1) peer(0,1)] fv 141278.48 bUpRoi 1 bUpBAF 1 bUpPD 1 FVCmpEn 0 FVCmpRe 0 zPlusCropWin(   0,   0,4080,3072) zPlusRatios(1.00, 1.00)
10-28 14:33:53.025  1447  9584 I GAF     : gaf_core_impl.cc:874: 45 calls in 3 sec(s): RearNormalframework ReqId[1382]: sensor_soe_timestamp_ns 1195309607103305 cPos-->nextPos[291-->291] maxPos 324 vcm_dac  478 status kNotFocused state kMonitor      fMode kAutoActive        opMode kVideo        searchType kBackUp       ROI kDefault       | id[0](1571,1065, 938, 941), attribute: 0, is_boh:0 eye_roi 0 crop_window (   0,   0,4080,3072) inFaceCnt 0 ScType kGAfFocusTypeLow       depth_metric_type kInvalid      pd_tPos 291 pd_conf   50.00 PdSourceType(pdIn,pdOut,cnt) (kLow ,kLow ,0) tof_tPos   0 tof_confLvl 0.99 tof_isConf 0 tof_GD 0 gyro 0.00 roi_motion kSmall   ledAssist 0 aecSettled 1 luxI 573.44 expI 573.44 g 154.06 et 66.67 bv -9.82 light kGAfTLightVeryLow exposureValue 0.00 TF 0 SC 0 ST 1 [roi(0,1) depth(0,0) motion(0,1) 3a(0,1) fv(0,1) peer(0,1)] fv 141830.58 bUpRoi 1 bUpBAF 1 bUpPD 1 FVCmpEn 0 FVCmpRe 0 zPlusCropWin(   0,   0,4080,3072) zPlusRatios(1.00, 1.00)
10-28 14:33:56.034  1447  2494 I GAF     : gaf_core_impl.cc:874: 45 calls in 3 sec(s): RearNormalframework ReqId[1427]: sensor_soe_timestamp_ns 1195312609751987 cPos-->nextPos[291-->291] maxPos 324 vcm_dac  479 status kNotFocused state kMonitor      fMode kAutoActive        opMode kVideo        searchType kBackUp       ROI kDefault       | id[0](1571,1065, 938, 941), attribute: 0, is_boh:0 eye_roi 0 crop_window (   0,   0,4080,3072) inFaceCnt 0 ScType kGAfFocusTypeLow       depth_metric_type kInvalid      pd_tPos 291 pd_conf   50.00 PdSourceType(pdIn,pdOut,cnt) (kLow ,kLow ,0) tof_tPos   0 tof_confLvl 0.99 tof_isConf 0 tof_GD 0 gyro 0.00 roi_motion kSmall   ledAssist 0 aecSettled 1 luxI 573.47 expI 573.47 g 154.06 et 66.67 bv -9.82 light kGAfTLightVeryLow exposureValue 0.00 TF 0 SC 0 ST 1 [roi(0,1) depth(0,0) motion(0,1) 3a(0,1) fv(0,1) peer(0,1)] fv 141039.36 bUpRoi 1 bUpBAF 1 bUpPD 1 FVCmpEn 0 FVCmpRe 0 zPlusCropWin(   0,   0,4080,3072) zPlusRatios(1.00, 1.00)
10-28 14:33:59.047  1447  9580 I GAF     : gaf_core_impl.cc:874: 45 calls in 3 sec(s): RearNormalframework ReqId[1472]: sensor_soe_timestamp_ns 1195315612400669 cPos-->nextPos[291-->291] maxPos 324 vcm_dac  480 status kNotFocused state kMonitor      fMode kAutoActive        opMode kVideo        searchType kBackUp       ROI kDefault       | id[0](1571,1065, 938, 941), attribute: 0, is_boh:0 eye_roi 0 crop_window (   0,   0,4080,3072) inFaceCnt 0 ScType kGAfFocusTypeLow       depth_metric_type kInvalid      pd_tPos 291 pd_conf   50.00 PdSourceType(pdIn,pdOut,cnt) (kLow ,kLow ,0) tof_tPos   0 tof_confLvl 0.99 tof_isConf 0 tof_GD 0 gyro 0.00 roi_motion kSmall   ledAssist 0 aecSettled 1 luxI 573.13 expI 573.13 g 154.06 et 66.67 bv -9.80 light kGAfTLightVeryLow exposureValue 0.00 TF 0 SC 0 ST 1 [roi(0,1) depth(0,0) motion(0,1) 3a(0,1) fv(0,1) peer(0,1)] fv 141482.69 bUpRoi 1 bUpBAF 1 bUpPD 1 FVCmpEn 0 FVCmpRe 0 zPlusCropWin(   0,   0,4080,3072) zPlusRatios(1.00, 1.00)
10-28 14:34:02.038  1447  9584 I GAF     : gaf_core_impl.cc:874: 45 calls in 3 sec(s): RearNormalframework ReqId[1517]: sensor_soe_timestamp_ns 1195318615049311 cPos-->nextPos[291-->291] maxPos 324 vcm_dac  479 status kNotFocused state kMonitor      fMode kAutoActive        opMode kVideo        searchType kBackUp       ROI kDefault       | id[0](1571,1065, 938, 941), attribute: 0, is_boh:0 eye_roi 0 crop_window (   0,   0,4080,3072) inFaceCnt 0 ScType kGAfFocusTypeLow       depth_metric_type kInvalid      pd_tPos 291 pd_conf   50.00 PdSourceType(pdIn,pdOut,cnt) (kLow ,kLow ,0) tof_tPos   0 tof_confLvl 0.99 tof_isConf 0 tof_GD 0 gyro 0.00 roi_motion kSmall   ledAssist 0 aecSettled 1 luxI 573.42 expI 573.42 g 154.06 et 66.67 bv -9.82 light kGAfTLightVeryLow exposureValue 0.00 TF 0 SC 0 ST 1 [roi(0,1) depth(0,0) motion(0,1) 3a(0,1) fv(0,1) peer(0,1)] fv 141159.73 bUpRoi 1 bUpBAF 1 bUpPD 1 FVCmpEn 0 FVCmpRe 0 zPlusCropWin(   0,   0,4080,3072) zPlusRatios(1.00, 1.00)
10-28 14:34:05.035  1447  9584 I GAF     : gaf_core_impl.cc:874: 45 calls in 3 sec(s): RearNormalframework ReqId[1562]: sensor_soe_timestamp_ns 1195321617616410 cPos-->nextPos[291-->291] maxPos 324 vcm_dac  478 status kNotFocused state kMonitor      fMode kAutoActive        opMode kVideo        searchType kBackUp       ROI kDefault       | id[0](1571,1065, 938, 941), attribute: 0, is_boh:0 eye_roi 0 crop_window (   0,   0,4080,3072) inFaceCnt 0 ScType kGAfFocusTypeLow       depth_metric_type kInvalid      pd_tPos 291 pd_conf   50.00 PdSourceType(pdIn,pdOut,cnt) (kLow ,kLow ,0) tof_tPos   0 tof_confLvl 0.99 tof_isConf 0 tof_GD 0 gyro 0.00 roi_motion kSmall   ledAssist 0 aecSettled 1 luxI 573.59 expI 573.59 g 154.06 et 66.67 bv -9.82 light kGAfTLightVeryLow exposureValue 0.00 TF 0 SC 0 ST 1 [roi(0,1) depth(0,0) motion(0,1) 3a(0,1) fv(0,1) peer(0,1)] fv 141799.06 bUpRoi 1 bUpBAF 1 bUpPD 1 FVCmpEn 0 FVCmpRe 0 zPlusCropWin(   0,   0,4080,3072) zPlusRatios(1.00, 1.00)
