10-31 14:43:39.686 20281 12842 I DeviceHardwareStateManager: New device state brokenCamera: false, brokenSpeaker: false, brokenMicrophone: false, brokenNotificationLed: false, brokenImu: true, brokenDsp: false, brokenMcu: false, hingeState: OPEN, waterDetectState: UNKNOWN, isTampered: false, thermalState: NORMAL, mediaPeakPowerState: NORMAL, videoCallingPeakPowerState: NORMAL, battery: Battery(stateOfCharge=2, isCharging=false, temperature=263, voltage=3458, displayMode=PERCENTAGE, incompatibleChargerDetected=false), caseBattery: Battery(stateOfCharge=0, isCharging=false, temperature=0, voltage=0, displayMode=DOTS, incompatibleChargerDetected=false), caseSystemInfo: CaseSystemInfo(serialNumber=2R5SB0BF9F060P, firmwareVersion=12.14.5, isPresent=false), audioActive: false, cameraState: CAPTURE_VIDEO_STARTED, storageState: STABLE, isStreamingActive: true, inDeepSleep: false, isMounted: false, hotCarEventOccurred: false, registeredSNApps: [ASSISTANT]isSessionVerified: falseDeviceLockState: NO_LOCKPeakPowerUserExperienceThrottlingInfo: []
10-31 14:43:39.686 20281  5695 I SupernovaDeviceStateServiceImpl: Device DeviceRecord(identifier=79:C2:90:5E:BC:2C, name=RB Meta 000X, type=3, userData=null, pairedStateData=null, observingPresence=true, customName=null, customDeviceInfo=null, productRegistry=258) emitting state DeviceState(connectedState=CONNECTED, peerConnectedState=Disconnected, deviceBatteryDetails=Battery(stateOfCharge=2, isCharging=false, temperature=263, voltage=3458, displayMode=PERCENTAGE, incompatibleChargerDetected=false), caseBatteryDetails=Battery(stateOfCharge=0, isCharging=false, temperature=0, voltage=0, displayMode=DOTS, incompatibleChargerDetected=false), remedies=[DEVICE_BATTERY_INSUFFICIENT], hardwareState=brokenCamera: false, brokenSpeaker: false, brokenMicrophone: false, brokenNotificationLed: false, brokenImu: true, brokenDsp: false, brokenMcu: false, hingeState: OPEN, waterDetectState: UNKNOWN, isTampered: false, thermalState: NORMAL, mediaPeakPowerState: NORMAL, videoCallingPeakPowerState: NORMAL, battery: Battery(stateOfCharge=2, isCharging=false, temperature=263, voltage=3458, displayMode=PERCENTAGE, incompatibleChargerDetected=false), caseBattery: Battery(stateOfCharge=0, isCharging=false, temperature=0, voltage=0, displayMode=DOTS, incompatibleChargerDetected=false), caseSystemInfo: CaseSystemInfo(serialNumber=2R5SB0BF9F060P, firmwareVersion=12.14.5, isPresent=false), audioActive: false, cameraState: CAPTURE_VIDEO_STARTED, storageState: STABLE, isStreamingActive: true, inDeepSleep: false, isMounted: false, hotCarEventOccurred: false, registeredSNApps: [ASSISTANT]isSessionVerified: falseDeviceLockState: NO_LOCKPeakPowerUserExperienceThrottlingInfo: [])
10-31 14:43:39.697 20281 19614 I assistant.stella.platform.broker.ActiveAssistantDeviceBroker: Received state update for (3, 79:C2:90:5E:BC:2C); btState=AssistantBluetoothStates(a2dpConnected=false, a2dpActive=false, hfpConnected=false, hfpActive=false, primaryBtcConnected=false), assistantDeviceState=AssistantDeviceStates(cameraState=VIDEO_CAPTURE_STARTED, brokenCamera=false, thermalConstraint=false, zeroStorage=false, hingeClosed=false, mountStatusDoff=true)
10-31 14:43:39.699 20281  5695 I lam:LinkedAppFeatureManagerImpl: observeDeviceState GlassesVideoCallingWifiDirectPeakPowerThrottlingLevelUnknown
10-31 14:43:39.699 20281  5695 I lam:AppLinkService: onDeviceStateUpdate state=GlassesVideoCallingWifiDirectPeakPowerThrottlingLevelUnknown com.instagram.android
10-31 14:43:39.702 20281 20487 I AssistantDeviceStateManager: handle new device state AssistantDeviceStates(cameraState=VIDEO_CAPTURE_STARTED, brokenCamera=false, thermalConstraint=false, zeroStorage=false, hingeClosed=false, mountStatusDoff=true)
10-31 14:43:40.201 20281 20281 I DeviceControlCenterRepository: DeviceId: 79:C2:90:5E:BC:2C State: DeviceState(connectedState=CONNECTED, peerConnectedState=Disconnected, deviceBatteryDetails=Battery(stateOfCharge=2, isCharging=false, temperature=263, voltage=3458, displayMode=PERCENTAGE, incompatibleChargerDetected=false), caseBatteryDetails=Battery(stateOfCharge=0, isCharging=false, temperature=0, voltage=0, displayMode=DOTS, incompatibleChargerDetected=false), remedies=[DEVICE_BATTERY_INSUFFICIENT], hardwareState=brokenCamera: false, brokenSpeaker: false, brokenMicrophone: false, brokenNotificationLed: false, brokenImu: true, brokenDsp: false, brokenMcu: false, hingeState: OPEN, waterDetectState: UNKNOWN, isTampered: false, thermalState: NORMAL, mediaPeakPowerState: NORMAL, videoCallingPeakPowerState: NORMAL, battery: Battery(stateOfCharge=2, isCharging=false, temperature=263, voltage=3458, displayMode=PERCENTAGE, incompatibleChargerDetected=false), caseBattery: Battery(stateOfCharge=0, isCharging=false, temperature=0, voltage=0, displayMode=DOTS, incompatibleChargerDetected=false), caseSystemInfo: CaseSystemInfo(serialNumber=2R5SB0BF9F060P, firmwareVersion=12.14.5, isPresent=false), audioActive: false, cameraState: CAPTURE_VIDEO_STARTED, storageState: STABLE, isStreamingActive: true, inDeepSleep: false, isMounted: false, hotCarEventOccurred: false, registeredSNApps: [ASSISTANT]isSessionVerified: falseDeviceLockState: NO_LOCKPeakPowerUserExperienceThrottlingInfo: [])
10-31 14:43:40.204 20281 20281 I DeviceControlCenterRepository: DeviceId: 79:C2:90:5E:BC:2C State: DeviceState(connectedState=CONNECTED, peerConnectedState=Disconnected, deviceBatteryDetails=Battery(stateOfCharge=2, isCharging=false, temperature=263, voltage=3458, displayMode=PERCENTAGE, incompatibleChargerDetected=false), caseBatteryDetails=Battery(stateOfCharge=0, isCharging=false, temperature=0, voltage=0, displayMode=DOTS, incompatibleChargerDetected=false), remedies=[DEVICE_BATTERY_INSUFFICIENT], hardwareState=brokenCamera: false, brokenSpeaker: false, brokenMicrophone: false, brokenNotificationLed: false, brokenImu: true, brokenDsp: false, brokenMcu: false, hingeState: OPEN, waterDetectState: UNKNOWN, isTampered: false, thermalState: NORMAL, mediaPeakPowerState: NORMAL, videoCallingPeakPowerState: NORMAL, battery: Battery(stateOfCharge=2, isCharging=false, temperature=263, voltage=3458, displayMode=PERCENTAGE, incompatibleChargerDetected=false), caseBattery: Battery(stateOfCharge=0, isCharging=false, temperature=0, voltage=0, displayMode=DOTS, incompatibleChargerDetected=false), caseSystemInfo: CaseSystemInfo(serialNumber=2R5SB0BF9F060P, firmwareVersion=12.14.5, isPresent=false), audioActive: false, cameraState: CAPTURE_VIDEO_STARTED, storageState: STABLE, isStreamingActive: true, inDeepSleep: false, isMounted: false, hotCarEventOccurred: false, registeredSNApps: [ASSISTANT]isSessionVerified: falseDeviceLockState: NO_LOCKPeakPowerUserExperienceThrottlingInfo: [])
10-31 14:43:40.205 20281 20281 I DeviceIndicatorViewModel: Device SANITIZED_CONTACT_NAME: [DeviceStateWithId(deviceIdentifier=79:C2:90:5E:BC:2C, deviceState=DeviceState(connectedState=CONNECTED, peerConnectedState=Disconnected, deviceBatteryDetails=Battery(stateOfCharge=2, isCharging=false, temperature=263, voltage=3458, displayMode=PERCENTAGE, incompatibleChargerDetected=false), caseBatteryDetails=Battery(stateOfCharge=0, isCharging=false, temperature=0, voltage=0, displayMode=DOTS, incompatibleChargerDetected=false), remedies=[DEVICE_BATTERY_INSUFFICIENT], hardwareState=brokenCamera: false, brokenSpeaker: false, brokenMicrophone: false, brokenNotificationLed: false, brokenImu: true, brokenDsp: false, brokenMcu: false, hingeState: OPEN, waterDetectState: UNKNOWN, isTampered: false, thermalState: NORMAL, mediaPeakPowerState: NORMAL, videoCallingPeakPowerState: NORMAL, battery: Battery(stateOfCharge=2, isCharging=false, temperature=263, voltage=3458, displayMode=PERCENTAGE, incompatibleChargerDetected=false), caseBattery: Battery(stateOfCharge=0, isCharging=false, temperature=0, voltage=0, displayMode=DOTS, incompatibleChargerDetected=false), caseSystemInfo: CaseSystemInfo(serialNumber=2R5SB0BF9F060P, firmwareVersion=12.14.5, isPresent=false), audioActive: false, cameraState: CAPTURE_VIDEO_STARTED, storageState: STABLE, isStreamingActive: true, inDeepSleep: false, isMounted: false, hotCarEventOccurred: false, registeredSNApps: [ASSISTANT]isSessionVerified: falseDeviceLockState: NO_LOCKPeakPowerUserExperienceThrottlingInfo: []))]
10-31 14:43:40.206 20281 20281 I DeviceControlCenterRepository: DeviceId: 79:C2:90:5E:BC:2C State: DeviceState(connectedState=CONNECTED, peerConnectedState=Disconnected, deviceBatteryDetails=Battery(stateOfCharge=2, isCharging=false, temperature=263, voltage=3458, displayMode=PERCENTAGE, incompatibleChargerDetected=false), caseBatteryDetails=Battery(stateOfCharge=0, isCharging=false, temperature=0, voltage=0, displayMode=DOTS, incompatibleChargerDetected=false), remedies=[DEVICE_BATTERY_INSUFFICIENT], hardwareState=brokenCamera: false, brokenSpeaker: false, brokenMicrophone: false, brokenNotificationLed: false, brokenImu: true, brokenDsp: false, brokenMcu: false, hingeState: OPEN, waterDetectState: UNKNOWN, isTampered: false, thermalState: NORMAL, mediaPeakPowerState: NORMAL, videoCallingPeakPowerState: NORMAL, battery: Battery(stateOfCharge=2, isCharging=false, temperature=263, voltage=3458, displayMode=PERCENTAGE, incompatibleChargerDetected=false), caseBattery: Battery(stateOfCharge=0, isCharging=false, temperature=0, voltage=0, displayMode=DOTS, incompatibleChargerDetected=false), caseSystemInfo: CaseSystemInfo(serialNumber=2R5SB0BF9F060P, firmwareVersion=12.14.5, isPresent=false), audioActive: false, cameraState: CAPTURE_VIDEO_STARTED, storageState: STABLE, isStreamingActive: true, inDeepSleep: false, isMounted: false, hotCarEventOccurred: false, registeredSNApps: [ASSISTANT]isSessionVerified: falseDeviceLockState: NO_LOCKPeakPowerUserExperienceThrottlingInfo: [])
10-31 14:43:41.526 13426 22029 D CCodec  : ISConfig not changed
10-31 14:43:43.607 13426 22029 D CCodec  : ISConfig not changed
10-31 14:43:45.690 13426 22029 D CCodec  : ISConfig not changed
10-31 14:43:47.776 13426 22029 D CCodec  : ISConfig not changed
10-31 14:43:49.871 13426 22029 D CCodec  : ISConfig not changed
10-31 14:43:51.142 13426 14224 W MessageQueue: Handler (android.media.MediaCodec$EventHandler) {7540487} sending message to a Handler on a dead thread
10-31 14:43:51.142 13426 14224 W MessageQueue: java.lang.IllegalStateException: Handler (android.media.MediaCodec$EventHandler) {7540487} sending message to a Handler on a dead thread
10-31 14:43:51.142 13426 14224 W MessageQueue: 	at android.media.MediaCodec.postEventFromNative(MediaCodec.java:6045)
10-31 14:43:51.405 13426 14224 D CCodecBufferChannel: [c2.android.hevc.decoder#159] MediaCodec discarded an unknown buffer
10-31 14:43:51.406 13426 14224 D CCodecBufferChannel: [c2.android.hevc.decoder#159] MediaCodec discarded an unknown buffer
10-31 14:43:51.406 13426 14224 D CCodecBufferChannel: [c2.android.hevc.decoder#159] MediaCodec discarded an unknown buffer
10-31 14:43:51.406 13426 14224 D CCodecBufferChannel: [c2.android.hevc.decoder#159] MediaCodec discarded an unknown buffer
10-31 14:43:51.406 13426 14224 D CCodecBufferChannel: [c2.android.hevc.decoder#159] MediaCodec discarded an unknown buffer
10-31 14:43:51.407 13426 14224 D CCodecBufferChannel: [c2.android.hevc.decoder#159] MediaCodec discarded an unknown buffer
10-31 14:43:51.411 13426 14224 D CCodecBufferChannel: [c2.android.hevc.decoder#159] MediaCodec discarded an unknown buffer
10-31 14:43:51.429 13426 14225 D CCodec  : allocate(c2.android.hevc.decoder)
10-31 14:43:51.437 13426 14225 I CCodec  : setting up 'default' as default (vendor) store
10-31 14:43:51.446 13426 14225 I CCodec  : Created component [c2.android.hevc.decoder] for [c2.android.hevc.decoder]
10-31 14:43:51.447 13426 14225 D CCodecConfig: read media type: video/hevc
10-31 14:43:51.461 13426 14225 D CCodecConfig: ignoring local param raw.size (0xd2001800) as it is already supported
10-31 14:43:51.461 13426 14225 D CCodecConfig: ignoring local param default.color (0x5200180b) as it is already supported
10-31 14:43:51.463 13426 14225 I CCodecConfig: query failed after returning 12 values (BAD_INDEX)
10-31 14:43:51.463 13426 14225 D CCodecConfig: c2 config diff is Dict {
10-31 14:43:51.463 13426 14225 D CCodecConfig:   c2::u32 coded.pl.level = 24584
10-31 14:43:51.463 13426 14225 D CCodecConfig:   c2::u32 coded.pl.profile = 24576
10-31 14:43:51.463 13426 14225 D CCodecConfig:   c2::u32 coded.vui.color.matrix = 0
10-31 14:43:51.463 13426 14225 D CCodecConfig:   c2::u32 coded.vui.color.primaries = 0
10-31 14:43:51.463 13426 14225 D CCodecConfig:   c2::u32 coded.vui.color.range = 2
10-31 14:43:51.463 13426 14225 D CCodecConfig:   c2::u32 coded.vui.color.transfer = 0
10-31 14:43:51.463 13426 14225 D CCodecConfig:   c2::u32 default.color.matrix = 0
10-31 14:43:51.463 13426 14225 D CCodecConfig:   c2::u32 default.color.primaries = 0
10-31 14:43:51.463 13426 14225 D CCodecConfig:   c2::u32 default.color.range = 0
10-31 14:43:51.463 13426 14225 D CCodecConfig:   c2::u32 default.color.transfer = 0
10-31 14:43:51.463 13426 14225 D CCodecConfig:   c2::u32 input.buffers.max-size.value = 2097152
10-31 14:43:51.463 13426 14225 D CCodecConfig:   c2::u32 input.delay.value = 0
10-31 14:43:51.463 13426 14225 D CCodecConfig:   string input.media-type.value = "video/hevc"
10-31 14:43:51.463 13426 14225 D CCodecConfig:   c2::u32 output.delay.value = 8
10-31 14:43:51.463 13426 14225 D CCodecConfig:   string output.media-type.value = "video/raw"
10-31 14:43:51.463 13426 14225 D CCodecConfig:   c2::u32 raw.color.matrix = 0
10-31 14:43:51.463 13426 14225 D CCodecConfig:   c2::u32 raw.color.primaries = 0
10-31 14:43:51.463 13426 14225 D CCodecConfig:   c2::u32 raw.color.range = 2
10-31 14:43:51.463 13426 14225 D CCodecConfig:   c2::u32 raw.color.transfer = 0
10-31 14:43:51.463 13426 14225 D CCodecConfig:   c2::u32 raw.max-size.height = 240
10-31 14:43:51.463 13426 14225 D CCodecConfig:   c2::u32 raw.max-size.width = 320
10-31 14:43:51.463 13426 14225 D CCodecConfig:   c2::u32 raw.pixel-format.value = 35
10-31 14:43:51.463 13426 14225 D CCodecConfig:   c2::i32 raw.rotation.flip = 0
10-31 14:43:51.463 13426 14225 D CCodecConfig:   c2::i32 raw.rotation.value = 0
10-31 14:43:51.463 13426 14225 D CCodecConfig:   c2::u32 raw.sar.height = 1
10-31 14:43:51.463 13426 14225 D CCodecConfig:   c2::u32 raw.sar.width = 1
10-31 14:43:51.463 13426 14225 D CCodecConfig:   c2::u32 raw.size.height = 240
10-31 14:43:51.463 13426 14225 D CCodecConfig:   c2::u32 raw.size.width = 320
10-31 14:43:51.463 13426 14225 D CCodecConfig:   c2
10-31 14:43:51.469 13426 19603 I MediaCodec: media_quality service unavailable, skipping updatePictureProfile
10-31 14:43:51.470 13426 14224 I MediaCodec: [c2.android.hevc.decoder] setting surface generation to 13748270
10-31 14:43:51.471 13426 14225 D CCodec  : [c2.android.hevc.decoder] buffers are bound to CCodec for this session
10-31 14:43:51.472 13426 14225 D CCodecConfig: no c2 equivalents for color-format
10-31 14:43:51.472 13426 14225 D CCodecConfig: no c2 equivalents for native-window
10-31 14:43:51.472 13426 14225 D CCodecConfig: no c2 equivalents for native-window-generation
10-31 14:43:51.472 13426 14225 D CCodecConfig: no c2 equivalents for flags
10-31 14:43:51.474 13426 14225 D CCodecConfig: c2 config diff is   c2::u32 raw.size.height = 1280
10-31 14:43:51.474 13426 14225 D CCodecConfig:   c2::u32 raw.size.width = 720
10-31 14:43:51.475 13426 14225 D CCodec  : encoding statistics level = 0
10-31 14:43:51.475 13426 14225 D CCodec  : setup formats input: AMessage(what = 0x00000000) = {
10-31 14:43:51.475 13426 14225 D CCodec  :   int32_t height = 1280
10-31 14:43:51.475 13426 14225 D CCodec  :   int32_t level = 65536
10-31 14:43:51.475 13426 14225 D CCodec  :   int32_t max-input-size = 2097152
10-31 14:43:51.475 13426 14225 D CCodec  :   string mime = "video/hevc"
10-31 14:43:51.475 13426 14225 D CCodec  :   int32_t profile = 1
10-31 14:43:51.475 13426 14225 D CCodec  :   int32_t width = 720
10-31 14:43:51.475 13426 14225 D CCodec  :   Rect crop(0, 0, 719, 1279)
10-31 14:43:51.475 13426 14225 D CCodec  : }
10-31 14:43:51.476 13426 14225 D CCodec  : setup formats output: AMessage(what = 0x00000000) = {
10-31 14:43:51.476 13426 14225 D CCodec  :   int32_t android._color-format = 2135033992
10-31 14:43:51.476 13426 14225 D CCodec  :   int32_t android._video-scaling = 1
10-31 14:43:51.476 13426 14225 D CCodec  :   int32_t rotation-degrees = 0
10-31 14:43:51.476 13426 14225 D CCodec  :   int32_t color-standard = 1
10-31 14:43:51.476 13426 14225 D CCodec  :   int32_t color-range = 2
10-31 14:43:51.476 13426 14225 D CCodec  :   int32_t color-transfer = 3
10-31 14:43:51.476 13426 14225 D CCodec  :   int32_t sar-height = 1
10-31 14:43:51.476 13426 14225 D CCodec  :   int32_t sar-width = 1
10-31 14:43:51.476 13426 14225 D CCodec  :   Rect crop(0, 0, 719, 1279)
10-31 14:43:51.476 13426 14225 D CCodec  :   int32_t width = 720
10-31 14:43:51.476 13426 14225 D CCodec  :   int32_t height = 1280
10-31 14:43:51.476 13426 14225 D CCodec  :   int32_t max-height = 240
10-31 14:43:51.476 13426 14225 D CCodec  :   int32_t max-width = 320
10-31 14:43:51.476 13426 14225 D CCodec  :   string mime = "video/raw"
10-31 14:43:51.476 13426 14225 D CCodec  :   int32_t android._dataspace = 260
10-31 14:43:51.476 13426 14225 D CCodec  :   int32_t color-format = 2135033992
10-31 14:43:51.476 13426 14225 D CCodec  : }
10-31 14:43:51.476 13426 14225 I CCodecConfig: query failed after returning 12 values (BAD_INDEX)
10-31 14:43:51.477 13426 14225 D CCodecConfig: c2 config diff is   c2::u32 raw.max-size.height = 1280
10-31 14:43:51.477 13426 14225 D CCodecConfig:   c2::u32 raw.max-size.width = 720
10-31 14:43:51.480 13426 14224 I MediaCodec: MediaCodec will operate in async mode
10-31 14:43:51.481 13426 19603 D MediaCodec: keep callback message for reclaim
10-31 14:43:51.491 13426 14225 D CCodecBufferChannel: [c2.android.hevc.decoder#102] Created input block pool with allocatorID 16 => poolID 99 - OK (0)
10-31 14:43:51.492 13426 14225 D CCodecBufferChannel: [c2.android.hevc.decoder#102] Query output surface allocator returned 0 params => BAD_INDEX (6)
10-31 14:43:51.492 13426 14225 D Codec2Client: GraphicBufferAllocator created
10-31 14:43:51.495 13426 14225 I CCodecBufferChannel: [c2.android.hevc.decoder#102] Created output block pool with allocatorID 18 => poolID 2188 - OK
10-31 14:43:51.495 13426 14225 D CCodecBufferChannel: [c2.android.hevc.decoder#102] Configured output block pool ids 2188 => OK
10-31 14:43:51.496 13426 14225 D Codec2Client: setOutputSurface -- failed to set consumer usage (6/BAD_INDEX)
10-31 14:43:51.496 13426 14225 D Codec2Client: setOutputSurface -- generation=13748270 consumer usage=0x900
10-31 14:43:51.522 13426 14225 D CCodecConfig: c2 config diff is   c2::u32 output.delay.value = 0
10-31 14:43:51.522 13426 14225 D CCodecConfig:   c2::u32 raw.size.height = 640
10-31 14:43:51.522 13426 14225 D CCodecConfig:   c2::u32 raw.size.width = 360
10-31 14:43:51.533 13426 14225 D CCodecConfig: c2 config diff is   c2::u32 raw.color.matrix = 1
10-31 14:43:51.533 13426 14225 D CCodecConfig:   c2::u32 raw.color.primaries = 1
10-31 14:43:51.533 13426 14225 D CCodecConfig:   c2::u32 raw.color.transfer = 3
10-31 14:43:51.533 13426 14225 D CCodecConfig:   c2::u32 raw.crop.height = 640
10-31 14:43:51.533 13426 14225 D CCodecConfig:   c2::u32 raw.crop.left = 0
10-31 14:43:51.533 13426 14225 D CCodecConfig:   c2::u32 raw.crop.top = 0
10-31 14:43:51.533 13426 14225 D CCodecConfig:   c2::u32 raw.crop.width = 360
10-31 14:43:51.533 13426 14225 D CCodecBuffers: [c2.android.hevc.decoder#102:2D-Output] popFromStashAndRegister: at 236173752811us, output format changed to AMessage(what = 0x00000000) = {
10-31 14:43:51.533 13426 14225 D CCodecBuffers:   int32_t android._color-format = 2135033992
10-31 14:43:51.533 13426 14225 D CCodecBuffers:   int32_t android._video-scaling = 1
10-31 14:43:51.533 13426 14225 D CCodecBuffers:   int32_t rotation-degrees = 0
10-31 14:43:51.533 13426 14225 D CCodecBuffers:   int32_t color-standard = 1
10-31 14:43:51.533 13426 14225 D CCodecBuffers:   int32_t color-range = 2
10-31 14:43:51.533 13426 14225 D CCodecBuffers:   int32_t color-transfer = 3
10-31 14:43:51.533 13426 14225 D CCodecBuffers:   int32_t sar-height = 1
10-31 14:43:51.533 13426 14225 D CCodecBuffers:   int32_t sar-width = 1
10-31 14:43:51.533 13426 14225 D CCodecBuffers:   Rect crop(0, 0, 359, 639)
10-31 14:43:51.533 13426 14225 D CCodecBuffers:   int32_t width = 360
10-31 14:43:51.533 13426 14225 D CCodecBuffers:   int32_t height = 640
10-31 14:43:51.533 13426 14225 D CCodecBuffers:   int32_t max-height = 1280
10-31 14:43:51.533 13426 14225 D CCodecBuffers:   int32_t max-width = 720
10-31 14:43:51.533 13426 14225 D CCodecBuffers:   string mime = "video/raw"
10-31 14:43:51.533 13426 14225 D CCodecBuffers:   int32_t android._dataspace = 260
10-31 14:43:51.533 13426 14225 D CCodecBuffers:   int32_t color-format = 2135033992
10-31 14:43:51.533 13426 14225 D CCodecBuffers: }
10-31 14:43:51.965 13426 22029 D CCodec  : ISConfig not changed
10-31 14:43:52.783 13426 13510 E msys    : E[N mns]_OnDiskCacheGetData(632)=>Start post callback cache refresh DNS resolution
10-31 14:43:52.984 13426 13510 E msys    : E[N mns]_OnDiskCacheGetData(632)=>Start post callback cache refresh DNS resolution
10-31 14:43:53.904 13426 16264 E VideoProtocolClientImpl.cpp: VideoProtocol transport error Received Error Frame. ErrorCode = 6, in SequenceId = 669, isRetryable = 1, isActiveFallback = 0, flags = 1
10-31 14:43:53.911 13426 16264 E QuicNetworkTransport.cpp: VideoProtocolQuicClient failed read from stream=0, error=ApplicationError: No Error, No Error
10-31 14:43:53.927 13426 22044 D CCodecBufferChannel: [c2.android.aac.encoder#782] MediaCodec discarded an unknown buffer
10-31 14:43:53.927 13426 22044 D CCodecBufferChannel: [c2.android.aac.encoder#782] MediaCodec discarded an unknown buffer
10-31 14:43:53.927 13426 22044 D CCodecBufferChannel: [c2.android.aac.encoder#782] MediaCodec discarded an unknown buffer
10-31 14:43:53.956 13426 14224 I CCodecBufferChannel: [c2.android.hevc.decoder#102] queueBuffer failed: 13
10-31 14:43:53.957 13426 14224 I MediaCodec: rendring output error 13
10-31 14:43:53.957 13426 14225 D CCodecBufferChannel: [c2.android.hevc.decoder#102] work failed to complete: 14
10-31 14:43:53.957 13426 14224 E MediaCodec: Codec reported err 0xe/14 (Unknown error -14), actionCode 0, while in state 6/STARTED
10-31 14:43:53.964 13426 22029 I CCodecConfig: query failed after returning 22 values (BAD_INDEX)
10-31 14:43:53.965 13426 22029 D CCodecConfig: c2 config diff is   c2::u32 raw.color.matrix = 1
10-31 14:43:53.965 13426 22029 D CCodecConfig:   c2::u32 raw.color.primaries = 1
10-31 14:43:53.965 13426 22029 D CCodecConfig:   c2::u32 raw.color.range = 2
10-31 14:43:53.965 13426 22029 D CCodecConfig:   c2::u32 raw.color.transfer = 3
10-31 14:43:53.965 13426 22029 D CCodecConfig:   c2::u32 raw.data-space.value = 281083904
10-31 14:43:53.987 13426 22111 E MediaCodec: Invalid to call at Released state; only valid in Executing states
10-31 14:43:53.988 13426 22111 E sup:VideoDecoderBufferHandler: Video decoder enqueue video frame exception! Diagnostics 
10-31 14:43:53.988 13426 22111 E sup:VideoDecoderBufferHandler: java.lang.IllegalStateException: Invalid to call at Released state; only valid in Executing states
10-31 14:43:53.988 13426 22111 E sup:VideoDecoderBufferHandler: 
10-31 14:43:53.988 13426 22111 E sup:VideoDecoderBufferHandler: 	at android.media.MediaCodec.getBuffer(Native Method)
10-31 14:43:53.988 13426 22111 E sup:VideoDecoderBufferHandler: 	at android.media.MediaCodec.getInputBuffer(MediaCodec.java:4812)
10-31 14:43:53.988 13426 22111 E sup:VideoDecoderBufferHandler: 	at X.p0U.onInputBufferAvailable(:37)
10-31 14:43:53.988 13426 22111 E sup:VideoDecoderBufferHandler: 	at android.media.MediaCodec$EventHandler.handleCallback(MediaCodec.java:1946)
10-31 14:43:53.988 13426 22111 E sup:VideoDecoderBufferHandler: 	at android.media.MediaCodec$EventHandler.handleMessage(MediaCodec.java:1874)
10-31 14:43:53.988 13426 22111 E sup:VideoDecoderBufferHandler: 	at android.os.Handler.dispatchMessage(Handler.java:110)
10-31 14:43:53.988 13426 22111 E sup:VideoDecoderBufferHandler: 	at android.os.Looper.dispatchMessage(Looper.java:315)
10-31 14:43:53.988 13426 22111 E sup:VideoDecoderBufferHandler: 	at android.os.Looper.loopOnce(Looper.java:251)
10-31 14:43:53.988 13426 22111 E sup:VideoDecoderBufferHandler: 	at android.os.Looper.loop(Looper.java:349)
10-31 14:43:53.988 13426 22111 E sup:VideoDecoderBufferHandler: 	at android.os.HandlerThread.run(HandlerThread.java:100)
10-31 14:43:53.989 13426 14224 E MediaCodec: queueInputBuffer() is valid only at Executing states; currently at Released state
10-31 14:43:54.096 13426 14224 D CCodecBufferChannel: [c2.android.hevc.decoder#102] MediaCodec discarded an unknown buffer
10-31 14:43:54.096 13426 14224 D CCodecBufferChannel: [c2.android.hevc.decoder#102] MediaCodec discarded an unknown buffer
10-31 14:43:54.096 13426 14224 D CCodecBufferChannel: [c2.android.hevc.decoder#102] MediaCodec discarded an unknown buffer
10-31 14:43:54.114 13426 14225 D CCodec  : allocate(c2.android.hevc.decoder)
10-31 14:43:54.117 13426 14225 I CCodec  : setting up 'default' as default (vendor) store
10-31 14:43:54.126 13426 14225 I CCodec  : Created component [c2.android.hevc.decoder] for [c2.android.hevc.decoder]
10-31 14:43:54.128 13426 14225 D CCodecConfig: read media type: video/hevc
10-31 14:43:54.143 13426 14225 D CCodecConfig: ignoring local param raw.size (0xd2001800) as it is already supported
10-31 14:43:54.143 13426 14225 D CCodecConfig: ignoring local param default.color (0x5200180b) as it is already supported
10-31 14:43:54.145 13426 14225 I CCodecConfig: query failed after returning 12 values (BAD_INDEX)
10-31 14:43:54.146 13426 14225 D CCodecConfig: c2 config diff is Dict {
10-31 14:43:54.146 13426 14225 D CCodecConfig:   c2::u32 coded.pl.level = 24584
10-31 14:43:54.146 13426 14225 D CCodecConfig:   c2::u32 coded.pl.profile = 24576
10-31 14:43:54.146 13426 14225 D CCodecConfig:   c2::u32 coded.vui.color.matrix = 0
10-31 14:43:54.146 13426 14225 D CCodecConfig:   c2::u32 coded.vui.color.primaries = 0
10-31 14:43:54.146 13426 14225 D CCodecConfig:   c2::u32 coded.vui.color.range = 2
10-31 14:43:54.146 13426 14225 D CCodecConfig:   c2::u32 coded.vui.color.transfer = 0
10-31 14:43:54.146 13426 14225 D CCodecConfig:   c2::u32 default.color.matrix = 0
10-31 14:43:54.146 13426 14225 D CCodecConfig:   c2::u32 default.color.primaries = 0
10-31 14:43:54.146 13426 14225 D CCodecConfig:   c2::u32 default.color.range = 0
10-31 14:43:54.146 13426 14225 D CCodecConfig:   c2::u32 default.color.transfer = 0
10-31 14:43:54.146 13426 14225 D CCodecConfig:   c2::u32 input.buffers.max-size.value = 2097152
10-31 14:43:54.146 13426 14225 D CCodecConfig:   c2::u32 input.delay.value = 0
10-31 14:43:54.146 13426 14225 D CCodecConfig:   string input.media-type.value = "video/hevc"
10-31 14:43:54.146 13426 14225 D CCodecConfig:   c2::u32 output.delay.value = 8
10-31 14:43:54.146 13426 14225 D CCodecConfig:   string output.media-type.value = "video/raw"
10-31 14:43:54.146 13426 14225 D CCodecConfig:   c2::u32 raw.color.matrix = 0
10-31 14:43:54.146 13426 14225 D CCodecConfig:   c2::u32 raw.color.primaries = 0
10-31 14:43:54.146 13426 14225 D CCodecConfig:   c2::u32 raw.color.range = 2
10-31 14:43:54.146 13426 14225 D CCodecConfig:   c2::u32 raw.color.transfer = 0
10-31 14:43:54.146 13426 14225 D CCodecConfig:   c2::u32 raw.max-size.height = 240
10-31 14:43:54.146 13426 14225 D CCodecConfig:   c2::u32 raw.max-size.width = 320
10-31 14:43:54.146 13426 14225 D CCodecConfig:   c2::u32 raw.pixel-format.value = 35
10-31 14:43:54.146 13426 14225 D CCodecConfig:   c2::i32 raw.rotation.flip = 0
10-31 14:43:54.146 13426 14225 D CCodecConfig:   c2::i32 raw.rotation.value = 0
10-31 14:43:54.146 13426 14225 D CCodecConfig:   c2::u32 raw.sar.height = 1
10-31 14:43:54.146 13426 14225 D CCodecConfig:   c2::u32 raw.sar.width = 1
10-31 14:43:54.146 13426 14225 D CCodecConfig:   c2::u32 raw.size.height = 240
10-31 14:43:54.146 13426 14225 D CCodecConfig:   c2::u32 raw.size.width = 320
10-31 14:43:54.146 13426 14225 D CCodecConfig:   c2
10-31 14:43:54.151 13426 19603 I MediaCodec: media_quality service unavailable, skipping updatePictureProfile
10-31 14:43:54.153 13426 14224 E MediaCodec: nativeWindowConnect/surfaceConnectWithListener returned an error: No such device (-19)
10-31 14:43:54.153 13426 19603 E MediaCodec: configure failed with err 0xffffffed, resetting...
10-31 14:43:54.160 13426 14225 D CCodec  : allocate(c2.android.hevc.decoder)
10-31 14:43:54.162 13426 14225 I CCodec  : setting up 'default' as default (vendor) store
10-31 14:43:54.167 13426 14225 I CCodec  : Created component [c2.android.hevc.decoder] for [c2.android.hevc.decoder]
10-31 14:43:54.168 13426 14225 D CCodecConfig: read media type: video/hevc
10-31 14:43:54.175 13426 14225 D CCodecConfig: ignoring local param raw.size (0xd2001800) as it is already supported
10-31 14:43:54.175 13426 14225 D CCodecConfig: ignoring local param default.color (0x5200180b) as it is already supported
10-31 14:43:54.176 13426 14225 I CCodecConfig: query failed after returning 12 values (BAD_INDEX)
10-31 14:43:54.176 13426 14225 D CCodecConfig: c2 config diff is Dict {
10-31 14:43:54.176 13426 14225 D CCodecConfig:   c2::u32 coded.pl.level = 24584
10-31 14:43:54.176 13426 14225 D CCodecConfig:   c2::u32 coded.pl.profile = 24576
10-31 14:43:54.176 13426 14225 D CCodecConfig:   c2::u32 coded.vui.color.matrix = 0
10-31 14:43:54.176 13426 14225 D CCodecConfig:   c2::u32 coded.vui.color.primaries = 0
10-31 14:43:54.176 13426 14225 D CCodecConfig:   c2::u32 coded.vui.color.range = 2
10-31 14:43:54.176 13426 14225 D CCodecConfig:   c2::u32 coded.vui.color.transfer = 0
10-31 14:43:54.176 13426 14225 D CCodecConfig:   c2::u32 default.color.matrix = 0
10-31 14:43:54.176 13426 14225 D CCodecConfig:   c2::u32 default.color.primaries = 0
10-31 14:43:54.176 13426 14225 D CCodecConfig:   c2::u32 default.color.range = 0
10-31 14:43:54.176 13426 14225 D CCodecConfig:   c2::u32 default.color.transfer = 0
10-31 14:43:54.176 13426 14225 D CCodecConfig:   c2::u32 input.buffers.max-size.value = 2097152
10-31 14:43:54.176 13426 14225 D CCodecConfig:   c2::u32 input.delay.value = 0
10-31 14:43:54.176 13426 14225 D CCodecConfig:   string input.media-type.value = "video/hevc"
10-31 14:43:54.176 13426 14225 D CCodecConfig:   c2::u32 output.delay.value = 8
10-31 14:43:54.176 13426 14225 D CCodecConfig:   string output.media-type.value = "video/raw"
10-31 14:43:54.176 13426 14225 D CCodecConfig:   c2::u32 raw.color.matrix = 0
10-31 14:43:54.176 13426 14225 D CCodecConfig:   c2::u32 raw.color.primaries = 0
10-31 14:43:54.176 13426 14225 D CCodecConfig:   c2::u32 raw.color.range = 2
10-31 14:43:54.176 13426 14225 D CCodecConfig:   c2::u32 raw.color.transfer = 0
10-31 14:43:54.176 13426 14225 D CCodecConfig:   c2::u32 raw.max-size.height = 240
10-31 14:43:54.176 13426 14225 D CCodecConfig:   c2::u32 raw.max-size.width = 320
10-31 14:43:54.176 13426 14225 D CCodecConfig:   c2::u32 raw.pixel-format.value = 35
10-31 14:43:54.176 13426 14225 D CCodecConfig:   c2::i32 raw.rotation.flip = 0
10-31 14:43:54.176 13426 14225 D CCodecConfig:   c2::i32 raw.rotation.value = 0
10-31 14:43:54.176 13426 14225 D CCodecConfig:   c2::u32 raw.sar.height = 1
10-31 14:43:54.176 13426 14225 D CCodecConfig:   c2::u32 raw.sar.width = 1
10-31 14:43:54.176 13426 14225 D CCodecConfig:   c2::u32 raw.size.height = 240
10-31 14:43:54.176 13426 14225 D CCodecConfig:   c2::u32 raw.size.width = 320
10-31 14:43:54.176 13426 14225 D CCodecConfig:   c2
10-31 14:43:54.182 13426 19603 W sup:MediaCodecDecoder: Resource was not available. Likely caused by invalid surface. Diagnostics: android.media.MediaCodec.error_neg_19
10-31 14:43:54.182 13426 19603 W sup:MediaCodecDecoder: android.media.MediaCodec$CodecException: 
10-31 14:43:54.182 13426 19603 W sup:MediaCodecDecoder: 	at android.media.MediaCodec.native_configure(Native Method)
10-31 14:43:54.182 13426 19603 W sup:MediaCodecDecoder: 	at android.media.MediaCodec.configure(MediaCodec.java:2562)
10-31 14:43:54.182 13426 19603 W sup:MediaCodecDecoder: 	at android.media.MediaCodec.configure(MediaCodec.java:2422)
10-31 14:43:54.182 13426 19603 W sup:MediaCodecDecoder: 	at X.8fv.A07(:24)
10-31 14:43:54.182 13426 19603 W sup:MediaCodecDecoder: 	at X.p5r.A08(:289)
10-31 14:43:54.182 13426 19603 W sup:MediaCodecDecoder: 	at X.p5r.A08(:121)
10-31 14:43:54.182 13426 19603 W sup:MediaCodecDecoder: 	at X.p01.invoke(:6116283)
10-31 14:43:54.182 13426 19603 W sup:MediaCodecDecoder: 	at X.p6p.invoke(:6117389)
10-31 14:43:54.182 13426 19603 W sup:MediaCodecDecoder: 	at X.p0d.A0D(:0)
10-31 14:43:54.182 13426 19603 W sup:MediaCodecDecoder: 	at X.p6p.invoke(:6117994)
10-31 14:43:54.182 13426 19603 W sup:MediaCodecDecoder: 	at X.p0f.A07(:22)
10-31 14:43:54.182 13426 19603 W sup:MediaCodecDecoder: 	at X.ozz.invoke(:6116118)
10-31 14:43:54.182 13426 19603 W sup:MediaCodecDecoder: 	at com.facebook.wearable.datax.LocalChannel.handleReceived(:16)
10-31 14:43:54.182 13426 19603 W sup:MediaCodecDecoder: 	at com.facebook.wearable.datax.Connection.onReceivedNative(Native Method)
10-31 14:43:54.182 13426 19603 W sup:MediaCodecDecoder: 	at com.facebook.wearable.datax.Connection.onReceivedWithInterrupt(:32)
10-31 14:43:54.182 13426 19603 W sup:MediaCodecDecoder: 	at X.Ycb.invoke(:435)
10-31 14:43:54.182 13426 19603 W sup:MediaCodecDecoder: 	at X.VpL.run(:281)
10-31 14:43:54.182 13426 19603 W sup:MediaCodecDecoder: 	at java.util.concurrent.ThreadPoolExecutor.runWorker(ThreadPoolExecutor.java:1156)
10-31 14:43:54.182 13426 19603 W sup:MediaCodecDecoder: 	at java.util.concurrent.ThreadPoolExecutor$Worker.run(ThreadPoolExecutor.java:651)
10-31 14:43:54.182 13426 19603 W sup:MediaCodecDecoder: 	at java.lang.Thread.run(Thread.java:1119)
10-31 14:43:56.945 13426 16264 W VideoProtocolClientImpl.cpp: VideoProtocol transport connected
10-31 14:43:57.034 13426 14225 D CCodec  : allocate(c2.android.hevc.decoder)
10-31 14:43:57.039 13426 14225 I CCodec  : setting up 'default' as default (vendor) store
10-31 14:43:57.048 13426 14225 I CCodec  : Created component [c2.android.hevc.decoder] for [c2.android.hevc.decoder]
10-31 14:43:57.049 13426 14225 D CCodecConfig: read media type: video/hevc
10-31 14:43:57.066 13426 14225 D CCodecConfig: ignoring local param raw.size (0xd2001800) as it is already supported
10-31 14:43:57.066 13426 14225 D CCodecConfig: ignoring local param default.color (0x5200180b) as it is already supported
10-31 14:43:57.069 13426 14225 I CCodecConfig: query failed after returning 12 values (BAD_INDEX)
10-31 14:43:57.069 13426 14225 D CCodecConfig: c2 config diff is Dict {
10-31 14:43:57.069 13426 14225 D CCodecConfig:   c2::u32 coded.pl.level = 24584
10-31 14:43:57.069 13426 14225 D CCodecConfig:   c2::u32 coded.pl.profile = 24576
10-31 14:43:57.069 13426 14225 D CCodecConfig:   c2::u32 coded.vui.color.matrix = 0
10-31 14:43:57.069 13426 14225 D CCodecConfig:   c2::u32 coded.vui.color.primaries = 0
10-31 14:43:57.069 13426 14225 D CCodecConfig:   c2::u32 coded.vui.color.range = 2
10-31 14:43:57.069 13426 14225 D CCodecConfig:   c2::u32 coded.vui.color.transfer = 0
10-31 14:43:57.069 13426 14225 D CCodecConfig:   c2::u32 default.color.matrix = 0
10-31 14:43:57.069 13426 14225 D CCodecConfig:   c2::u32 default.color.primaries = 0
10-31 14:43:57.069 13426 14225 D CCodecConfig:   c2::u32 default.color.range = 0
10-31 14:43:57.069 13426 14225 D CCodecConfig:   c2::u32 default.color.transfer = 0
10-31 14:43:57.069 13426 14225 D CCodecConfig:   c2::u32 input.buffers.max-size.value = 2097152
10-31 14:43:57.069 13426 14225 D CCodecConfig:   c2::u32 input.delay.value = 0
10-31 14:43:57.069 13426 14225 D CCodecConfig:   string input.media-type.value = "video/hevc"
10-31 14:43:57.069 13426 14225 D CCodecConfig:   c2::u32 output.delay.value = 8
10-31 14:43:57.069 13426 14225 D CCodecConfig:   string output.media-type.value = "video/raw"
10-31 14:43:57.069 13426 14225 D CCodecConfig:   c2::u32 raw.color.matrix = 0
10-31 14:43:57.069 13426 14225 D CCodecConfig:   c2::u32 raw.color.primaries = 0
10-31 14:43:57.069 13426 14225 D CCodecConfig:   c2::u32 raw.color.range = 2
10-31 14:43:57.069 13426 14225 D CCodecConfig:   c2::u32 raw.color.transfer = 0
10-31 14:43:57.069 13426 14225 D CCodecConfig:   c2::u32 raw.max-size.height = 240
10-31 14:43:57.069 13426 14225 D CCodecConfig:   c2::u32 raw.max-size.width = 320
10-31 14:43:57.069 13426 14225 D CCodecConfig:   c2::u32 raw.pixel-format.value = 35
10-31 14:43:57.069 13426 14225 D CCodecConfig:   c2::i32 raw.rotation.flip = 0
10-31 14:43:57.069 13426 14225 D CCodecConfig:   c2::i32 raw.rotation.value = 0
10-31 14:43:57.069 13426 14225 D CCodecConfig:   c2::u32 raw.sar.height = 1
10-31 14:43:57.069 13426 14225 D CCodecConfig:   c2::u32 raw.sar.width = 1
10-31 14:43:57.069 13426 14225 D CCodecConfig:   c2::u32 raw.size.height = 240
10-31 14:43:57.069 13426 14225 D CCodecConfig:   c2::u32 raw.size.width = 320
10-31 14:43:57.069 13426 14225 D CCodecConfig:   c2
10-31 14:43:57.075 13426 19603 I MediaCodec: media_quality service unavailable, skipping updatePictureProfile
10-31 14:43:57.076 13426 14224 I MediaCodec: [c2.android.hevc.decoder] setting surface generation to 13748271
10-31 14:43:57.077 13426 14225 D CCodec  : [c2.android.hevc.decoder] buffers are bound to CCodec for this session
10-31 14:43:57.078 13426 14225 D CCodecConfig: no c2 equivalents for color-format
10-31 14:43:57.078 13426 14225 D CCodecConfig: no c2 equivalents for native-window
10-31 14:43:57.078 13426 14225 D CCodecConfig: no c2 equivalents for native-window-generation
10-31 14:43:57.078 13426 14225 D CCodecConfig: no c2 equivalents for flags
10-31 14:43:57.081 13426 14225 D CCodecConfig: c2 config diff is   c2::u32 raw.size.height = 1280
10-31 14:43:57.081 13426 14225 D CCodecConfig:   c2::u32 raw.size.width = 720
10-31 14:43:57.083 13426 14225 D CCodec  : encoding statistics level = 0
10-31 14:43:57.083 13426 14225 D CCodec  : setup formats input: AMessage(what = 0x00000000) = {
10-31 14:43:57.083 13426 14225 D CCodec  :   int32_t height = 1280
10-31 14:43:57.083 13426 14225 D CCodec  :   int32_t level = 65536
10-31 14:43:57.083 13426 14225 D CCodec  :   int32_t max-input-size = 2097152
10-31 14:43:57.083 13426 14225 D CCodec  :   string mime = "video/hevc"
10-31 14:43:57.083 13426 14225 D CCodec  :   int32_t profile = 1
10-31 14:43:57.083 13426 14225 D CCodec  :   int32_t width = 720
10-31 14:43:57.083 13426 14225 D CCodec  :   Rect crop(0, 0, 719, 1279)
10-31 14:43:57.083 13426 14225 D CCodec  : }
10-31 14:43:57.083 13426 14225 D CCodec  : setup formats output: AMessage(what = 0x00000000) = {
10-31 14:43:57.083 13426 14225 D CCodec  :   int32_t android._color-format = 2135033992
10-31 14:43:57.083 13426 14225 D CCodec  :   int32_t android._video-scaling = 1
10-31 14:43:57.083 13426 14225 D CCodec  :   int32_t rotation-degrees = 0
10-31 14:43:57.083 13426 14225 D CCodec  :   int32_t color-standard = 1
10-31 14:43:57.083 13426 14225 D CCodec  :   int32_t color-range = 2
10-31 14:43:57.083 13426 14225 D CCodec  :   int32_t color-transfer = 3
10-31 14:43:57.083 13426 14225 D CCodec  :   int32_t sar-height = 1
10-31 14:43:57.083 13426 14225 D CCodec  :   int32_t sar-width = 1
10-31 14:43:57.083 13426 14225 D CCodec  :   Rect crop(0, 0, 719, 1279)
10-31 14:43:57.083 13426 14225 D CCodec  :   int32_t width = 720
10-31 14:43:57.083 13426 14225 D CCodec  :   int32_t height = 1280
10-31 14:43:57.083 13426 14225 D CCodec  :   int32_t max-height = 240
10-31 14:43:57.083 13426 14225 D CCodec  :   int32_t max-width = 320
10-31 14:43:57.083 13426 14225 D CCodec  :   string mime = "video/raw"
10-31 14:43:57.083 13426 14225 D CCodec  :   int32_t android._dataspace = 260
10-31 14:43:57.083 13426 14225 D CCodec  :   int32_t color-format = 2135033992
10-31 14:43:57.083 13426 14225 D CCodec  : }
10-31 14:43:57.084 13426 14225 I CCodecConfig: query failed after returning 12 values (BAD_INDEX)
10-31 14:43:57.084 13426 14225 D CCodecConfig: c2 config diff is   c2::u32 raw.max-size.height = 1280
10-31 14:43:57.084 13426 14225 D CCodecConfig:   c2::u32 raw.max-size.width = 720
10-31 14:43:57.086 13426 14224 I MediaCodec: MediaCodec will operate in async mode
10-31 14:43:57.087 13426 19603 D MediaCodec: keep callback message for reclaim
10-31 14:43:57.101 13426 14225 D CCodecBufferChannel: [c2.android.hevc.decoder#782] Created input block pool with allocatorID 16 => poolID 100 - OK (0)
10-31 14:43:57.103 13426 14225 D CCodecBufferChannel: [c2.android.hevc.decoder#782] Query output surface allocator returned 0 params => BAD_INDEX (6)
10-31 14:43:57.103 13426 14225 D Codec2Client: GraphicBufferAllocator created
10-31 14:43:57.106 13426 14225 I CCodecBufferChannel: [c2.android.hevc.decoder#782] Created output block pool with allocatorID 18 => poolID 2189 - OK
10-31 14:43:57.107 13426 14225 D CCodecBufferChannel: [c2.android.hevc.decoder#782] Configured output block pool ids 2189 => OK
10-31 14:43:57.108 13426 14225 D Codec2Client: setOutputSurface -- failed to set consumer usage (6/BAD_INDEX)
10-31 14:43:57.108 13426 14225 D Codec2Client: setOutputSurface -- generation=13748271 consumer usage=0x900
10-31 14:43:57.135 13426 14225 D CCodecConfig: c2 config diff is   c2::u32 output.delay.value = 0
10-31 14:43:57.135 13426 14225 D CCodecConfig:   c2::u32 raw.size.height = 640
10-31 14:43:57.135 13426 14225 D CCodecConfig:   c2::u32 raw.size.width = 360
10-31 14:43:57.146 13426 14225 D CCodecConfig: c2 config diff is   c2::u32 raw.color.matrix = 1
10-31 14:43:57.146 13426 14225 D CCodecConfig:   c2::u32 raw.color.primaries = 1
10-31 14:43:57.146 13426 14225 D CCodecConfig:   c2::u32 raw.color.transfer = 3
10-31 14:43:57.146 13426 14225 D CCodecConfig:   c2::u32 raw.crop.height = 640
10-31 14:43:57.146 13426 14225 D CCodecConfig:   c2::u32 raw.crop.left = 0
10-31 14:43:57.146 13426 14225 D CCodecConfig:   c2::u32 raw.crop.top = 0
10-31 14:43:57.146 13426 14225 D CCodecConfig:   c2::u32 raw.crop.width = 360
10-31 14:43:57.148 13426 14225 D CCodecBuffers: [c2.android.hevc.decoder#782:2D-Output] popFromStashAndRegister: at 236179785501us, output format changed to AMessage(what = 0x00000000) = {
10-31 14:43:57.148 13426 14225 D CCodecBuffers:   int32_t android._color-format = 2135033992
10-31 14:43:57.148 13426 14225 D CCodecBuffers:   int32_t android._video-scaling = 1
10-31 14:43:57.148 13426 14225 D CCodecBuffers:   int32_t rotation-degrees = 0
10-31 14:43:57.148 13426 14225 D CCodecBuffers:   int32_t color-standard = 1
10-31 14:43:57.148 13426 14225 D CCodecBuffers:   int32_t color-range = 2
10-31 14:43:57.148 13426 14225 D CCodecBuffers:   int32_t color-transfer = 3
10-31 14:43:57.148 13426 14225 D CCodecBuffers:   int32_t sar-height = 1
10-31 14:43:57.148 13426 14225 D CCodecBuffers:   int32_t sar-width = 1
10-31 14:43:57.148 13426 14225 D CCodecBuffers:   Rect crop(0, 0, 359, 639)
10-31 14:43:57.148 13426 14225 D CCodecBuffers:   int32_t width = 360
10-31 14:43:57.148 13426 14225 D CCodecBuffers:   int32_t height = 640
10-31 14:43:57.148 13426 14225 D CCodecBuffers:   int32_t max-height = 1280
10-31 14:43:57.148 13426 14225 D CCodecBuffers:   int32_t max-width = 720
10-31 14:43:57.148 13426 14225 D CCodecBuffers:   string mime = "video/raw"
10-31 14:43:57.148 13426 14225 D CCodecBuffers:   int32_t android._dataspace = 260
10-31 14:43:57.148 13426 14225 D CCodecBuffers:   int32_t color-format = 2135033992
10-31 14:43:57.148 13426 14225 D CCodecBuffers: }
10-31 14:43:58.167  1077 12694 D Hal2AidlMapper: [default] prepareToOpenStream: handle 2022, mixPortHalId 1001, device AudioDevice{type: AudioDeviceDescription{type: IN_MICROPHONE_BACK, connection: }, address: AudioDeviceAddress{id: back}}, flags AudioIoFlags{input: 0}, source CAMCORDER, config AudioConfig{base: AudioConfigBase{sampleRate: 48000, channelMask: AudioChannelLayout{layoutMask: 1}, format: AudioFormatDescription{type: PCM, pcm: INT_16_BIT, encoding: }}, offloadInfo: AudioOffloadInfo{base: AudioConfigBase{sampleRate: 0, channelMask: AudioChannelLayout{none: 0}, format: AudioFormatDescription{type: DEFAULT, pcm: DEFAULT, encoding: }}, streamType: VOICE_CALL, bitRatePerSecond: 0, durationUs: 0, hasVideo: false, isStreaming: false, bitWidth: 16, offloadBufferSize: 0, usage: UNKNOWN, encapsulationMode: NONE, contentId: 0, syncId: 0}, frameCount: 0}, mixport config AudioPortConfig{id: 0, portId: 0, sampleRate: (null), channelMask: (null), format: (null), gain: (null), flags: (null), ext: AudioPortExt{unspecified: false}}
10-31 14:43:58.174 13426 16265 D MediaCodecList: codecHandlesFormat: no format, so no extra checks
10-31 14:43:58.177 13426 16265 D MediaCodecList: codecHandlesFormat: no format, so no extra checks
10-31 14:43:58.188 13426 22155 D CCodec  : allocate(c2.exynos.h264.encoder)
10-31 14:43:58.191 13426 22155 I CCodec  : setting up 'default' as default (vendor) store
10-31 14:43:58.201 13426 22155 I CCodec  : Created component [c2.exynos.h264.encoder] for [c2.exynos.h264.encoder]
10-31 14:43:58.202 13426 22155 D CCodecConfig: read media type: video/avc
10-31 14:43:58.223 13426 22155 D CCodecConfig: ignoring local param raw.color (0xc2001809) as it is already supported
10-31 14:43:58.224 13426 22155 I CCodecConfig: query failed after returning 21 values (BAD_INDEX)
10-31 14:43:58.224 13426 22155 D CCodecConfig: c2 config diff is Dict {
10-31 14:43:58.224 13426 22155 D CCodecConfig:   c2::u32 algo.bitrate-mode.value = 3
10-31 14:43:58.224 13426 22155 D CCodecConfig:   c2::u32 algo.encoding-quality-level.value = 0
10-31 14:43:58.224 13426 22155 D CCodecConfig:   c2::i32 algo.priority.value = 0
10-31 14:43:58.224 13426 22155 D CCodecConfig:   c2::float algo.rate.value = 0
10-31 14:43:58.224 13426 22155 D CCodecConfig:   c2::i32 coded.average-qp.value = 0
10-31 14:43:58.224 13426 22155 D CCodecConfig:   c2::u32 coded.bitrate-mode.value = 1
10-31 14:43:58.224 13426 22155 D CCodecConfig:   c2::u32 coded.bitrate.value = 64000
10-31 14:43:58.224 13426 22155 D CCodecConfig:   c2::float coded.frame-rate.value = 15
10-31 14:43:58.224 13426 22155 D CCodecConfig:   c2::u32 coded.hdr-format.value = 0
10-31 14:43:58.224 13426 22155 D CCodecConfig:   c2::u32 coded.picture-type.value = 0
10-31 14:43:58.224 13426 22155 D CCodecConfig:   c2::u32 coded.pl.level = 20480
10-31 14:43:58.224 13426 22155 D CCodecConfig:   c2::u32 coded.pl.profile = 20484
10-31 14:43:58.224 13426 22155 D CCodecConfig:   c2::u32 coding.intra-refresh.mode = 0
10-31 14:43:58.224 13426 22155 D CCodecConfig:   c2::float coding.intra-refresh.period = 0
10-31 14:43:58.224 13426 22155 D CCodecConfig:   c2::u32 coding.request-sync-frame.value = 0
10-31 14:43:58.224 13426 22155 D CCodecConfig:   c2::i64 coding.sync-frame-interval.value = 1000000
10-31 14:43:58.224 13426 22155 D CCodecConfig:   Buffer coding.temporal-layering = {
10-31 14:43:58.224 13426 22155 D CCodecConfig:     00000000:  10 00 00 00 07 20 01 52  00 00 00 00 00 00 00 00  ..... .R........
10-31 14:43:58.224 13426 22155 D CCodecConfig:   }
10-31 14:43:58.224 13426 22155 D CCodecConfig:   c2::u32 input.delay.value = 0
10-31 14:43:58.224 13426 22155 D CCodecConfig:   string input.media-type.value = "video/raw"
10-31 14:43:58.224 13426 22155 D CCodecConfig:   c2::u32 output.buffers.prepend-header.value = 0
10-31 14:43:58.224 13426 22155 D CCodecConfig:   string output.media-type.value = "video/avc"
10-31 14:43:58.224 13426 22155 D CCodecConfig:   c2::u32 raw.color.matrix = 0
10-31 14:43:58.224 13426 22155 D CCodecConfig:   c2::u32 raw.color.primaries = 0
10-31 14:43:58.224 13426 22155 D CCodecConfig:  
10-31 14:43:58.224   975   975 I ASvc::StreamIn: setMicrophoneFieldDimension (primary-capture) : zoom = 0
10-31 14:43:58.228 13426 16265 I MediaCodec: media_quality service unavailable, skipping updatePictureProfile
10-31 14:43:58.228 13426 16265 D VQApply : minquality: codec claims to implement minquality=1
10-31 14:43:58.228 13426 16265 D MediaCodec: shapeMediaFormat: deltas(1): AMessage(what = 0x00000000) = {
10-31 14:43:58.228 13426 16265 D MediaCodec:     int32_t android._encoding-quality-level = 1
10-31 14:43:58.228 13426 16265 D MediaCodec:   }
10-31 14:43:58.229 13426 22155 D CCodec  : [c2.exynos.h264.encoder] buffers are bound to CCodec for this session
10-31 14:43:58.229 13426 22155 D CCodecConfig: no c2 equivalents for max-fps-to-encoder
10-31 14:43:58.230 13426 13510 E msys    : E[N mns]_CacheRefreshTimerCallback(454)=>Start active cache refresh DNS resolution
10-31 14:43:58.230 13426 13510 E msys    : E[N mns]_CacheRefreshTimerCallback(454)=>Start active cache refresh DNS resolution
10-31 14:43:58.231 13426 22155 D CCodecConfig: no c2 equivalents for color-format
10-31 14:43:58.231 13426 22155 D CCodecConfig: no c2 equivalents for flags
10-31 14:43:58.231 13426 22155 D CCodecConfig: no c2 equivalents for encoder
10-31 14:43:58.231 13426 13510 E msys    : E[N mns]_CacheRefreshTimerCallback(454)=>Start active cache refresh DNS resolution
10-31 14:43:58.231 13426 13510 E msys    : E[N mns]_CacheRefreshTimerCallback(454)=>Start active cache refresh DNS resolution
10-31 14:43:58.231 13426 13510 E msys    : E[N mns]_CacheRefreshTimerCallback(454)=>Start active cache refresh DNS resolution
10-31 14:43:58.231 13426 13510 E msys    : E[N mns]_CacheRefreshTimerCallback(454)=>Start active cache refresh DNS resolution
10-31 14:43:58.233 13426 22155 D CCodecConfig: c2 config diff is   c2::u32 algo.encoding-quality-level.value = 1
10-31 14:43:58.233 13426 22155 D CCodecConfig:   c2::u32 coded.bitrate.value = 1500000
10-31 14:43:58.233 13426 22155 D CCodecConfig:   c2::float coded.frame-rate.value = 30
10-31 14:43:58.233 13426 22155 D CCodecConfig:   c2::u32 coded.hdr-format.value = 1
10-31 14:43:58.233 13426 22155 D CCodecConfig:   c2::u32 coded.pl.level = 20489
