10-13 17:52:38.602 31490 31597 D UnifiedPrefetchManager: video: 746469208558770_cover_media_id representation id: 791031483576609a, width: -1 from origin homefeed and suborigin null and source(tag) SilverstoneVideoPrefetcher is being prefetched
10-13 17:52:38.602 31490 31597 D UnifiedPrefetchManager: video prefetch: 746469208558770_cover_media_id url: https://scontent-bos5-1.xx.fbcdn.net/o1/v/t2/f2/m412/AQPkRpt-RLculGdPAwSHBkTKzS5kGancamFHliJxucgyAt5tQxAqjHWTU_aDe8aiHbTD9V2Ni2KY_DoQRXrvJDXEjk9w4MZsPY5fQbg.mp4?_nc_cat=106&_nc_sid=9ca052&_nc_ht=scontent-bos5-1.xx.fbcdn.net&_nc_ohc=DhuiQi5yLVUQ7kNvwF8CGtD&efg=eyJ2ZW5jb2RlX3RhZyI6ImRhc2gtYXVkaW9faDI2NC1iYXNpYy1nZW4yXzM2MHAiLCJ2aWRlb19pZCI6bnVsbCwib2lsX3VybGdlbl9hcHBfaWQiOjgzMDU0NzE2NDAzNjAxMiwiY2xpZW50X25hbWUiOiJ1bmtub3duIiwieHB2X2Fzc2V0X2lkIjo3NDY0Njk1ODE4OTIwNjYsInZpX3VzZWNhc2VfaWQiOjEwOTg3LCJkdXJhdGlvbl9zIjo1LCJ1cmxnZW5fc291cmNlIjoid3d3In0%3D&ccb=17-1&_nc_gid=DLXoyNtuLQjPrTE_xWOpeg&_nc_zt=28&oh=00_AfdnZ7xFfrm1edgqmSe944T_ypNlNFcXGqcX6-zc-zWZWA&oe=68F362DB 33039
10-13 17:52:38.602 31490 31597 D UnifiedPrefetchManager: video: 746469208558770_cover_media_id queuing prefetch task, from origin homefeed subOrigin null with tag SilverstoneVideoPrefetcher and module SilverstoneVideoPrefetcher
10-13 17:52:38.602 31490 31597 D SilverstoneVideoPrefetcher: Created request to prefetch videos for post id: Gk74tVqP4YY video id: 746469208558770_cover_media_id isStartupPrefetch: false
10-13 17:52:38.602 31490 31597 I SilverstoneVideoPrefetcher: Creating video source for prefetching: for videoId: 796505503546365_cover_media_id adaptive : true progressive: false
10-13 17:52:38.602 31490 31597 D HeroService: 	renderMode: AUDIO_VIDEO
10-13 17:52:38.602 31490 31597 W HeroManager: 	renderMode: AUDIO_VIDEO
10-13 17:52:38.606 31490 31597 D UnifiedPrefetchManager: video: 796505503546365_cover_media_id representation id: 797882149293043v, width: 464 from origin homefeed and suborigin null and source(tag) SilverstoneVideoPrefetcher is being prefetched
10-13 17:52:38.606 31490 31597 D UnifiedPrefetchManager: video prefetch: 796505503546365_cover_media_id url: https://scontent-bos5-1.xx.fbcdn.net/o1/v/t2/f2/m412/AQOVP0c9neKuz-0vG8xSMPK4fXqJUzf6OOgsyycQt4-Z2CdmydayVpyfc0jemXgTpYY9G6vZUjoKUEc6nlQvJrdTzjqRvBL9A5OMqY0.mp4?_nc_cat=1&_nc_sid=9ca052&_nc_ht=scontent-bos5-1.xx.fbcdn.net&_nc_ohc=RGIAPs7x9rQQ7kNvwEzSYGd&efg=eyJ2ZW5jb2RlX3RhZyI6ImRhc2hfaDI2NC1iYXNpYy1nZW4yXzcyMHAiLCJ2aWRlb19pZCI6bnVsbCwib2lsX3VybGdlbl9hcHBfaWQiOjgzMDU0NzE2NDAzNjAxMiwiY2xpZW50X25hbWUiOiJ1bmtub3duIiwieHB2X2Fzc2V0X2lkIjoxMDY5OTY1MDIxNjMzODI4LCJ2aV91c2VjYXNlX2lkIjoxMDk3NCwiZHVyYXRpb25fcyI6OSwidXJsZ2VuX3NvdXJjZSI6Ind3dyJ9&ccb=17-1&_nc_gid=DLXoyNtuLQjPrTE_xWOpeg&_nc_zt=28&oh=00_AfcCJlQURTRINdw8bFPmtaFcKR6XZiQUaZz5yWyJ9soFlQ&oe=68F3380A 1353861
10-13 17:52:38.606 31490 31597 D UnifiedPrefetchManager: video: 796505503546365_cover_media_id queuing prefetch task, from origin homefeed subOrigin null with tag SilverstoneVideoPrefetcher and module SilverstoneVideoPrefetcher
10-13 17:52:38.606 31490 31597 D UnifiedPrefetchManager: video: 796505503546365_cover_media_id representation id: 2081107842419912a, width: -1 from origin homefeed and suborigin null and source(tag) SilverstoneVideoPrefetcher is being prefetched
10-13 17:52:38.606 31490 31597 D UnifiedPrefetchManager: video prefetch: 796505503546365_cover_media_id url: https://scontent-bos5-1.xx.fbcdn.net/o1/v/t2/f2/m412/AQMA1twP_k7XKcMUE8jp5IIQr1RKxckdfZYHeQ_hLu9vXi1KUoHzE0iTNbtkCQyw_OkxBkSvIVHPScH8kFm7nFUSQSDkEu3Pcv942Fc.mp4?_nc_cat=1&_nc_sid=9ca052&_nc_ht=scontent-bos5-1.xx.fbcdn.net&_nc_ohc=uNKwqCYFiI4Q7kNvwEbM8xK&efg=eyJ2ZW5jb2RlX3RhZyI6ImRhc2gtYXVkaW9faDI2NC1iYXNpYy1nZW4yXzM2MHAiLCJ2aWRlb19pZCI6bnVsbCwib2lsX3VybGdlbl9hcHBfaWQiOjgzMDU0NzE2NDAzNjAxMiwiY2xpZW50X25hbWUiOiJ1bmtub3duIiwieHB2X2Fzc2V0X2lkIjoxMDY5OTY1MDIxNjMzODI4LCJ2aV91c2VjYXNlX2lkIjoxMDk3NCwiZHVyYXRpb25fcyI6OSwidXJsZ2VuX3NvdXJjZSI6Ind3dyJ9&ccb=17-1&_nc_gid=DLXoyNtuLQjPrTE_xWOpeg&_nc_zt=28&oh=00_AfeJu_Mp-3exEFwMuNvafqEEhxejgBH9HrMxsmg2kJgHRQ&oe=68F361C9 32961
10-13 17:52:38.607 31490 31597 D UnifiedPrefetchManager: video: 796505503546365_cover_media_id queuing prefetch task, from origin homefeed subOrigin null with tag SilverstoneVideoPrefetcher and module SilverstoneVideoPrefetcher
10-13 17:52:38.607 31490 31597 D SilverstoneVideoPrefetcher: Created request to prefetch videos for post id: FE3EaVqcZW7 video id: 796505503546365_cover_media_id isStartupPrefetch: false
10-13 17:52:38.607 31490 31597 I SilverstoneVideoPrefetcher: Creating video source for prefetching: for videoId: 778724985328698_cover_media_id adaptive : true progressive: false
10-13 17:52:38.607 31490 31597 D HeroService: 	renderMode: AUDIO_VIDEO
10-13 17:52:38.607 31490 31597 W HeroManager: 	renderMode: AUDIO_VIDEO
10-13 17:52:38.613 31490 31597 D UnifiedPrefetchManager: video: 778724985328698_cover_media_id representation id: 801031572304571v, width: 540 from origin homefeed and suborigin null and source(tag) SilverstoneVideoPrefetcher is being prefetched
10-13 17:52:38.614 31490 31597 D UnifiedPrefetchManager: video prefetch: 778724985328698_cover_media_id url: https://scontent-bos5-1.xx.fbcdn.net/o1/v/t2/f2/m412/AQMyh2HIdyofx8kNkZffT7itbL037xwW00DXYozpN6LmrJrFEjHNnLFK9qpDaoonTNExlBP1bQbRIW1563M4NewWrypUOBBJ4vy2I1M.mp4?_nc_cat=1&_nc_sid=9ca052&_nc_ht=scontent-bos5-1.xx.fbcdn.net&_nc_ohc=SBkzy2300TQQ7kNvwGVTehj&efg=eyJ2ZW5jb2RlX3RhZyI6ImRhc2hfaDI2NC1iYXNpYy1nZW4yXzU0MHAiLCJ2aWRlb19pZCI6bnVsbCwib2lsX3VybGdlbl9hcHBfaWQiOjgzMDU0NzE2NDAzNjAxMiwiY2xpZW50X25hbWUiOiJ1bmtub3duIiwieHB2X2Fzc2V0X2lkIjo3OTY3Njg5OTYyNjczNzEsInZpX3VzZWNhc2VfaWQiOjEwOTc0LCJkdXJhdGlvbl9zIjo5LCJ1cmxnZW5fc291cmNlIjoid3d3In0%3D&ccb=17-1&_nc_gid=DLXoyNtuLQjPrTE_xWOpeg&_nc_zt=28&oh=00_AfdEvsHc-Xn2wlz-upiEycTgXWjr9WyflUnK2Uhbi4C1JQ&oe=68F32C89 2345824
10-13 17:52:38.614 31490 31597 D UnifiedPrefetchManager: video: 778724985328698_cover_media_id queuing prefetch task, from origin homefeed subOrigin null with tag SilverstoneVideoPrefetcher and module SilverstoneVideoPrefetcher
10-13 17:52:38.615 31490 31597 D SilverstoneVideoPrefetcher: Created request to prefetch videos for post id: cR3z8kdWY3U video id: 778724985328698_cover_media_id isStartupPrefetch: false
10-13 17:52:38.615 31490 31597 I SilverstoneVideoPrefetcher: Creating video source for prefetching: for videoId: 782547378275633_cover_media_id adaptive : true progressive: false
10-13 17:52:38.615 31490 31597 D HeroService: 	renderMode: AUDIO_VIDEO
10-13 17:52:38.615 31490 31597 W HeroManager: 	renderMode: AUDIO_VIDEO
10-13 17:52:38.620 31490 31597 D UnifiedPrefetchManager: video: 782547378275633_cover_media_id representation id: 4287739264794199v, width: 540 from origin homefeed and suborigin null and source(tag) SilverstoneVideoPrefetcher is being prefetched
10-13 17:52:38.620 31490 31597 D UnifiedPrefetchManager: video prefetch: 782547378275633_cover_media_id url: https://scontent-bos5-1.xx.fbcdn.net/o1/v/t2/f2/m412/AQPA0HB0_UQqnZtOjtSVciCWqCBJdtEDGuNbJtdUzseF6fIPwSsPFaougABqHXQrfHFqr_N_KI29VM_YmoZMyFZcH0aabZYJKAC_Apo.mp4?_nc_cat=1&_nc_sid=9ca052&_nc_ht=scontent-bos5-1.xx.fbcdn.net&_nc_ohc=_8nYUIINhIwQ7kNvwGP5zHj&efg=eyJ2ZW5jb2RlX3RhZyI6ImRhc2hfaDI2NC1iYXNpYy1nZW4yXzU0MHAiLCJ2aWRlb19pZCI6bnVsbCwib2lsX3VybGdlbl9hcHBfaWQiOjgzMDU0NzE2NDAzNjAxMiwiY2xpZW50X25hbWUiOiJ1bmtub3duIiwieHB2X2Fzc2V0X2lkIjoxNDYwMzc5MTgxODMzMzA1LCJ2aV91c2VjYXNlX2lkIjoxMDk3NCwiZHVyYXRpb25fcyI6OSwidXJsZ2VuX3NvdXJjZSI6Ind3dyJ9&ccb=17-1&_nc_gid=DLXoyNtuLQjPrTE_xWOpeg&_nc_zt=28&oh=00_Afe3RuPeA4MBi9nn627Ivh3-rv8zprHjTVWYewMO1m6jIw&oe=68F34968 1144478
10-13 17:52:38.621 31490 31597 D UnifiedPrefetchManager: video: 782547378275633_cover_media_id queuing prefetch task, from origin homefeed subOrigin null with tag SilverstoneVideoPrefetcher and module SilverstoneVideoPrefetcher
10-13 17:52:38.621 31490 31597 D SilverstoneVideoPrefetcher: Created request to prefetch videos for post id: SH3AdAtTXwY video id: 782547378275633_cover_media_id isStartupPrefetch: false
10-13 17:52:38.621 31490 31597 I SilverstoneVideoPrefetcher: Creating video source for prefetching: for videoId: 716794241526488_cover_media_id adaptive : true progressive: false
10-13 17:52:38.621 31490 31597 D HeroService: 	renderMode: AUDIO_VIDEO
10-13 17:52:38.621 31490 31597 W HeroManager: 	renderMode: AUDIO_VIDEO
10-13 17:52:38.627 31490 31597 D UnifiedPrefetchManager: video: 716794241526488_cover_media_id representation id: 1106721057578583v, width: 464 from origin homefeed and suborigin null and source(tag) SilverstoneVideoPrefetcher is being prefetched
10-13 17:52:38.627 31490 31597 D UnifiedPrefetchManager: video prefetch: 716794241526488_cover_media_id url: https://scontent-bos5-1.xx.fbcdn.net/o1/v/t2/f2/m69/AQNvF2_HiGzChYUrR2WtVyCwWFD3x-2b_slqI82QJmle2rFsW0MWDPCWD5ID7r-FoLLeZT5iBQrWwPV6PTeJOTKS.mp4?strext=1&_nc_cat=1&_nc_sid=9ca052&_nc_ht=scontent-bos5-1.xx.fbcdn.net&_nc_ohc=T_3DADUdhbgQ7kNvwELPwoz&efg=eyJ2ZW5jb2RlX3RhZyI6ImRhc2hfaDI2NC1iYXNpYy1nZW4yXzcyMHAiLCJ2aWRlb19pZCI6bnVsbCwib2lsX3VybGdlbl9hcHBfaWQiOjgzMDU0NzE2NDAzNjAxMiwiY2xpZW50X25hbWUiOiJ1bmtub3duIiwieHB2X2Fzc2V0X2lkIjoxMTE0OTE5NzMzOTMzMjI5LCJ2aV91c2VjYXNlX2lkIjoxMDk3NCwiZHVyYXRpb25fcyI6OSwidXJsZ2VuX3NvdXJjZSI6Ind3dyJ9&ccb=17-1&_nc_gid=DLXoyNtuLQjPrTE_xWOpeg&_nc_zt=28&oh=00_AffemDjRGU7NCDwVPfYWSHicC46SEC_ee6oTh6AL6Iotpw&oe=68F3301B 2003569
10-13 17:52:38.628 31490 31597 D UnifiedPrefetchManager: video: 716794241526488_cover_media_id queuing prefetch task, from origin homefeed subOrigin null with tag SilverstoneVideoPrefetcher and module SilverstoneVideoPrefetcher
10-13 17:52:38.628 31490 31597 D UnifiedPrefetchManager: video: 716794241526488_cover_media_id representation id: 1233144428500633a, width: -1 from origin homefeed and suborigin null and source(tag) SilverstoneVideoPrefetcher is being prefetched
10-13 17:52:38.628 31490 31597 D UnifiedPrefetchManager: video prefetch: 716794241526488_cover_media_id url: https://scontent-bos5-1.xx.fbcdn.net/o1/v/t2/f2/m69/AQO2UvhjZUQ3NEKYYclYsve_87kmP7ftH6lvOzTGBqa406Ypx2-1Ixx8BwVUbO6p8qZq7IRzoABbGfZyD6UARlly.mp4?strext=1&_nc_cat=1&_nc_sid=9ca052&_nc_ht=scontent-bos5-1.xx.fbcdn.net&_nc_ohc=AClowYzxUC4Q7kNvwElxPvM&efg=eyJ2ZW5jb2RlX3RhZyI6ImRhc2gtYXVkaW9faDI2NC1iYXNpYy1nZW4yXzM2MHAiLCJ2aWRlb19pZCI6bnVsbCwib2lsX3VybGdlbl9hcHBfaWQiOjgzMDU0NzE2NDAzNjAxMiwiY2xpZW50X25hbWUiOiJ1bmtub3duIiwieHB2X2Fzc2V0X2lkIjoxMTE0OTE5NzMzOTMzMjI5LCJ2aV91c2VjYXNlX2lkIjoxMDk3NCwiZHVyYXRpb25fcyI6OSwidXJsZ2VuX3NvdXJjZSI6Ind3dyJ9&ccb=17-1&_nc_gid=DLXoyNtuLQjPrTE_xWOpeg&_nc_zt=28&oh=00_AfdeSxIFJzdS1l2PEXaEfx0eF-E6woH0mrAI-5So5YN3jQ&oe=68F33F71 33048
10-13 17:52:38.629 31490 31597 D UnifiedPrefetchManager: video: 716794241526488_cover_media_id queuing prefetch task, from origin homefeed subOrigin null with tag SilverstoneVideoPrefetcher and module SilverstoneVideoPrefetcher
10-13 17:52:38.629 31490 31597 D SilverstoneVideoPrefetcher: Created request to prefetch videos for post id: vU3hxz0uWT3 video id: 716794241526488_cover_media_id isStartupPrefetch: false
10-13 17:52:38.629 31490 31597 I SilverstoneVideoPrefetcher: Creating video source for prefetching: for videoId: 732644146610238_cover_media_id adaptive : true progressive: false
10-13 17:52:38.629 31490 31597 D HeroService: 	renderMode: AUDIO_VIDEO
10-13 17:52:38.629 31490 31597 W HeroManager: 	renderMode: AUDIO_VIDEO
10-13 17:52:38.633 31490 31597 D UnifiedPrefetchManager: video: 732644146610238_cover_media_id representation id: 1208357988057312v, width: 464 from origin homefeed and suborigin null and source(tag) SilverstoneVideoPrefetcher is being prefetched
10-13 17:52:38.633 31490 31597 D UnifiedPrefetchManager: video prefetch: 732644146610238_cover_media_id url: https://scontent-bos5-1.xx.fbcdn.net/o1/v/t2/f2/m412/AQP9UGue8tL9R6qD9vgGQeNh-NgKBrkiTkheBUY0Jdqv_wQWxyse1tQv1UYXavCQk9MyCbX6vVbDiFfkFXnaug-6tgHLHIX6L4657dQ.mp4?_nc_cat=1&_nc_sid=9ca052&_nc_ht=scontent-bos5-1.xx.fbcdn.net&_nc_ohc=KnUCcUQ2q74Q7kNvwENfnES&efg=eyJ2ZW5jb2RlX3RhZyI6ImRhc2hfaDI2NC1iYXNpYy1nZW4yXzcyMHAiLCJ2aWRlb19pZCI6bnVsbCwib2lsX3VybGdlbl9hcHBfaWQiOjgzMDU0NzE2NDAzNjAxMiwiY2xpZW50X25hbWUiOiJ1bmtub3duIiwieHB2X2Fzc2V0X2lkIjo3MzI2NDQyMzMyNzY4OTYsInZpX3VzZWNhc2VfaWQiOjEwOTg3LCJkdXJhdGlvbl9zIjo5LCJ1cmxnZW5fc291cmNlIjoid3d3In0%3D&ccb=17-1&_nc_gid=DLXoyNtuLQjPrTE_xWOpeg&_nc_zt=28&oh=00_Aff4unB5A1YLKK_W2d5xqfroS274SazLlu0oIzcTjOpmrw&oe=68F33FDF 1618050
10-13 17:52:38.634 31490 31597 D UnifiedPrefetchManager: video: 732644146610238_cover_media_id queuing prefetch task, from origin homefeed subOrigin null with tag SilverstoneVideoPrefetcher and module SilverstoneVideoPrefetcher
10-13 17:52:38.634 31490 31597 D UnifiedPrefetchManager: video: 732644146610238_cover_media_id representation id: 1054876126559615a, width: -1 from origin homefeed and suborigin null and source(tag) SilverstoneVideoPrefetcher is being prefetched
10-13 17:52:38.634 31490 31597 D UnifiedPrefetchManager: video prefetch: 732644146610238_cover_media_id url: https://scontent-bos5-1.xx.fbcdn.net/o1/v/t2/f2/m412/AQOhAx7mcPGoXdrVD93QxndciKJmS11gmRxMPTz6kbxKxzHlwWwsVQdMAhH7a5UJJgt1HHssedWglZkwND839E9I_R-J3njBXJODPBs.mp4?_nc_cat=106&_nc_sid=9ca052&_nc_ht=scontent-bos5-1.xx.fbcdn.net&_nc_ohc=jXP1V03t1fQQ7kNvwEuPhMS&efg=eyJ2ZW5jb2RlX3RhZyI6ImRhc2gtYXVkaW9faDI2NC1iYXNpYy1nZW4yXzM2MHAiLCJ2aWRlb19pZCI6bnVsbCwib2lsX3VybGdlbl9hcHBfaWQiOjgzMDU0NzE2NDAzNjAxMiwiY2xpZW50X25hbWUiOiJ1bmtub3duIiwieHB2X2Fzc2V0X2lkIjo3MzI2NDQyMzMyNzY4OTYsInZpX3VzZWNhc2VfaWQiOjEwOTg3LCJkdXJhdGlvbl9zIjo5LCJ1cmxnZW5fc291cmNlIjoid3d3In0%3D&ccb=17-1&_nc_gid=DLXoyNtuLQjPrTE_xWOpeg&_nc_zt=28&oh=00_AfezMpfmoYBaH2AvTCjR5-QjtvCFOsCNf94aLNRmFvuG-g&oe=68F33D1B 32891
10-13 17:52:38.635 31490 31597 D UnifiedPrefetchManager: video: 732644146610238_cover_media_id queuing prefetch task, from origin homefeed subOrigin null with tag SilverstoneVideoPrefetcher and module SilverstoneVideoPrefetcher
10-13 17:52:38.635 31490 31597 D SilverstoneVideoPrefetcher: Created request to prefetch videos for post id: MD1PozxDNIIe video id: 732644146610238_cover_media_id isStartupPrefetch: false
10-13 17:52:38.635 31490 31597 I SilverstoneVideoPrefetcher: Creating video source for prefetching: for videoId: 753105894562762_cover_media_id adaptive : true progressive: false
10-13 17:52:38.635 31490 31597 D HeroService: 	renderMode: AUDIO_VIDEO
10-13 17:52:38.635 31490 31597 W HeroManager: 	renderMode: AUDIO_VIDEO
10-13 17:52:38.639 31490 31597 D UnifiedPrefetchManager: video: 753105894562762_cover_media_id representation id: 693273760458892v, width: 464 from origin homefeed and suborigin null and source(tag) SilverstoneVideoPrefetcher is being prefetched
10-13 17:52:38.639 31490 31597 D UnifiedPrefetchManager: video prefetch: 753105894562762_cover_media_id url: https://scontent-bos5-1.xx.fbcdn.net/o1/v/t2/f2/m412/AQPkk2XHdTjlQLOaCdb3RMEbtLNOeHSw5ls_vauJWDGkdMz6iYUkLW2z4EjqT0VNaYz5ctC0DkMBoQt0Y6jweCV0kJFEoLzGNp11NFs.mp4?_nc_cat=111&_nc_sid=9ca052&_nc_ht=scontent-bos5-1.xx.fbcdn.net&_nc_ohc=JlSON4DgEQQQ7kNvwG7fETR&efg=eyJ2ZW5jb2RlX3RhZyI6ImRhc2hfaDI2NC1iYXNpYy1nZW4yXzcyMHAiLCJ2aWRlb19pZCI6bnVsbCwib2lsX3VybGdlbl9hcHBfaWQiOjgzMDU0NzE2NDAzNjAxMiwiY2xpZW50X25hbWUiOiJ1bmtub3duIiwieHB2X2Fzc2V0X2lkIjo3NTMxMDg4OTEyMjkxMjksInZpX3VzZWNhc2VfaWQiOjEwOTg3LCJkdXJhdGlvbl9zIjoxNiwidXJsZ2VuX3NvdXJjZSI6Ind3dyJ9&ccb=17-1&_nc_gid=DLXoyNtuLQjPrTE_xWOpeg&_nc_zt=28&oh=00_Afe1VxcqQmK_HdiNbDV35QLo-8mx7OO1QQ8t_q-HS-pErA&oe=68F35F00 2116009
10-13 17:52:38.640 31490 31597 D UnifiedPrefetchManager: video: 753105894562762_cover_media_id queuing prefetch task, from origin homefeed subOrigin null with tag SilverstoneVideoPrefetcher and module SilverstoneVideoPrefetcher
10-13 17:52:38.641 31490 31597 D UnifiedPrefetchManager: video: 753105894562762_cover_media_id representation id: 2572079323149394a, width: -1 from origin homefeed and suborigin null and source(tag) SilverstoneVideoPrefetcher is being prefetched
10-13 17:52:38.641 31490 31597 D UnifiedPrefetchManager: video prefetch: 753105894562762_cover_media_id url: https://scontent-bos5-1.xx.fbcdn.net/o1/v/t2/f2/m412/AQPYTQZTk4CYUcdRNuigv7MFYH6vQwPVDSJ_G3qLOLgsca_AYvi4cO0THfHfXUyGjzFvqpdMBc26eyG1X-Kkl1WZj0oCG-TmKlu8Giw.mp4?_nc_cat=107&_nc_sid=9ca052&_nc_ht=scontent-bos5-1.xx.fbcdn.net&_nc_ohc=ed3gARcO0V0Q7kNvwHhZZle&efg=eyJ2ZW5jb2RlX3RhZyI6ImRhc2gtYXVkaW9faDI2NC1iYXNpYy1nZW4yXzM2MHAiLCJ2aWRlb19pZCI6bnVsbCwib2lsX3VybGdlbl9hcHBfaWQiOjgzMDU0NzE2NDAzNjAxMiwiY2xpZW50X25hbWUiOiJ1bmtub3duIiwieHB2X2Fzc2V0X2lkIjo3NTMxMDg4OTEyMjkxMjksInZpX3VzZWNhc2VfaWQiOjEwOTg3LCJkdXJhdGlvbl9zIjoxNiwidXJsZ2VuX3NvdXJjZSI6Ind3dyJ9&ccb=17-1&_nc_gid=DLXoyNtuLQjPrTE_xWOpeg&_nc_zt=28&oh=00_Afe6W5AoC3dY73AeQWTPduadS3l-ciXjg62H_hNumgByAw&oe=68F35054 32911
10-13 17:52:38.642 31490 31597 D UnifiedPrefetchManager: video: 753105894562762_cover_media_id queuing prefetch task, from origin homefeed subOrigin null with tag SilverstoneVideoPrefetcher and module SilverstoneVideoPrefetcher
10-13 17:52:38.642 31490 31597 D SilverstoneVideoPrefetcher: Created request to prefetch videos for post id: mKgUzURPhLO video id: 753105894562762_cover_media_id isStartupPrefetch: false
10-13 17:52:38.642 31490 31597 I SilverstoneVideoPrefetcher: Creating video source for prefetching: for videoId: 812665808598262_cover_media_id adaptive : true progressive: false
10-13 17:52:38.642 31490 31597 D HeroService: 	renderMode: AUDIO_VIDEO
10-13 17:52:38.642 31490 31597 W HeroManager: 	renderMode: AUDIO_VIDEO
10-13 17:52:38.645 31490 31597 D UnifiedPrefetchManager: video: 812665808598262_cover_media_id representation id: 775979612072995v, width: 464 from origin homefeed and suborigin null and source(tag) SilverstoneVideoPrefetcher is being prefetched
10-13 17:52:38.645 31490 31597 D UnifiedPrefetchManager: video prefetch: 812665808598262_cover_media_id url: https://scontent-bos5-1.xx.fbcdn.net/o1/v/t2/f2/m412/AQM-138LksyMATj2BrqoV2EHMKtUqUdstIZnkxB1ThlTW2SKH_ev_6v2UMrzw1yBr_GtIjYVpTsO3tBeZHw3kGHbFQmnv96J7BWUzHY.mp4?_nc_cat=101&_nc_sid=9ca052&_nc_ht=scontent-bos5-1.xx.fbcdn.net&_nc_ohc=Dfdro3CpKNsQ7kNvwEOJeJE&efg=eyJ2ZW5jb2RlX3RhZyI6ImRhc2hfaDI2NC1iYXNpYy1nZW4yXzcyMHAiLCJ2aWRlb19pZCI6bnVsbCwib2lsX3VybGdlbl9hcHBfaWQiOjgzMDU0NzE2NDAzNjAxMiwiY2xpZW50X25hbWUiOiJ1bmtub3duIiwieHB2X2Fzc2V0X2lkIjo4MTI2NjU5MTg1OTgyNTEsInZpX3VzZWNhc2VfaWQiOjEwOTg3LCJkdXJhdGlvbl9zIjo1LCJ1cmxnZW5fc291cmNlIjoid3d3In0%3D&ccb=17-1&_nc_gid=DLXoyNtuLQjPrTE_xWOpeg&_nc_zt=28&oh=00_Aff5_QYiDF8peb_qYoZCs_kzQFpjvhxHdVu_3GYqc7FkFg&oe=68F34AF2 1577794
10-13 17:52:38.646 31490 31597 D UnifiedPrefetchManager: video: 812665808598262_cover_media_id queuing prefetch task, from origin homefeed subOrigin null with tag SilverstoneVideoPrefetcher and module SilverstoneVideoPrefetcher
10-13 17:52:38.647 31490 31597 D UnifiedPrefetchManager: video: 812665808598262_cover_media_id representation id: 828512679566435a, width: -1 from origin homefeed and suborigin null and source(tag) SilverstoneVideoPrefetcher is being prefetched
10-13 17:52:38.647 31490 31597 D UnifiedPrefetchManager: video prefetch: 812665808598262_cover_media_id url: https://scontent-bos5-1.xx.fbcdn.net/o1/v/t2/f2/m412/AQMFWF-M4W_w7U8U8dcVJCbLVvdtzy1a7DHUvaXGDlW4czvQBq9urN6qHf_GjZLbZS2ayWhyI8Ne2Qu4Sv3ORoS7ruw_7IF_synhlXU.mp4?_nc_cat=105&_nc_sid=9ca052&_nc_ht=scontent-bos5-1.xx.fbcdn.net&_nc_ohc=jiRhhfcnmKcQ7kNvwGxw7gw&efg=eyJ2ZW5jb2RlX3RhZyI6ImRhc2gtYXVkaW9faDI2NC1iYXNpYy1nZW4yXzM2MHAiLCJ2aWRlb19pZCI6bnVsbCwib2lsX3VybGdlbl9hcHBfaWQiOjgzMDU0NzE2NDAzNjAxMiwiY2xpZW50X25hbWUiOiJ1bmtub3duIiwieHB2X2Fzc2V0X2lkIjo4MTI2NjU5MTg1OTgyNTEsInZpX3VzZWNhc2VfaWQiOjEwOTg3LCJkdXJhdGlvbl9zIjo1LCJ1cmxnZW5fc291cmNlIjoid3d3In0%3D&ccb=17-1&_nc_gid=DLXoyNtuLQjPrTE_xWOpeg&_nc_zt=28&oh=00_Afd07KlpExeFksUcGU_E9MNjjwG_2MI55V63fPaVMqyeNQ&oe=68F32F6A 32777
10-13 17:52:38.647 31490 31597 D UnifiedPrefetchManager: video: 812665808598262_cover_media_id queuing prefetch task, from origin homefeed subOrigin null with tag SilverstoneVideoPrefetcher and module SilverstoneVideoPrefetcher
10-13 17:52:38.648 31490 31597 D SilverstoneVideoPrefetcher: Created request to prefetch videos for post id: Co7DvhPJ5va video id: 812665808598262_cover_media_id isStartupPrefetch: false
10-13 17:52:38.648 31490 31597 I SilverstoneVideoPrefetcher: Creating video source for prefetching: for videoId: 737153449488353_cover_media_id adaptive : true progressive: false
10-13 17:52:38.648 31490 31597 D HeroService: 	renderMode: AUDIO_VIDEO
10-13 17:52:38.648 31490 31597 W HeroManager: 	renderMode: AUDIO_VIDEO
10-13 17:52:38.651 31490 31597 D UnifiedPrefetchManager: video: 737153449488353_cover_media_id representation id: 1198346459001576v, width: 464 from origin homefeed and suborigin null and source(tag) SilverstoneVideoPrefetcher is being prefetched
10-13 17:52:38.651 31490 31597 D UnifiedPrefetchManager: video prefetch: 737153449488353_cover_media_id url: https://scontent-bos5-1.xx.fbcdn.net/o1/v/t2/f2/m412/AQNBfBkeifQNumViQWE3e0enSvjxlLM9MB4PkQreqMugkzGaH5KrorpsV1GVV8OB1TNDjb_FpSawaxOO2a5Yt_jict3TSCiXkKrQ4jazG8Jy9A.mp4?_nc_cat=1&_nc_sid=9ca052&_nc_ht=scontent-bos5-1.xx.fbcdn.net&_nc_ohc=CSwYLKnT_XEQ7kNvwF7WyBc&efg=eyJ2ZW5jb2RlX3RhZyI6ImRhc2hfaDI2NC1iYXNpYy1nZW4yXzcyMHAiLCJ2aWRlb19pZCI6bnVsbCwib2lsX3VybGdlbl9hcHBfaWQiOjgzMDU0NzE2NDAzNjAxMiwiY2xpZW50X25hbWUiOiJ1bmtub3duIiwieHB2X2Fzc2V0X2lkIjoxMTE4Mjg3ODIzMDIwODc2LCJ2aV91c2VjYXNlX2lkIjoxMDk3NCwiZHVyYXRpb25fcyI6OSwidXJsZ2VuX3NvdXJjZSI6Ind3dyJ9&ccb=17-1&_nc_gid=DLXoyNtuLQjPrTE_xWOpeg&_nc_zt=28&oh=00_Afey75i-0CLiHiBjGFobhePmMnJnQas-_QgyfsBUMHQSUA&oe=68F35F76 1288585
10-13 17:52:38.652 31490 31597 D UnifiedPrefetchManager: video: 737153449488353_cover_media_id queuing prefetch task, from origin homefeed subOrigin null with tag SilverstoneVideoPrefetcher and module SilverstoneVideoPrefetcher
10-13 17:52:38.652 31490 31597 D SilverstoneVideoPrefetcher: Created request to prefetch videos for post id: xn3nk3o9ZzV video id: 737153449488353_cover_media_id isStartupPrefetch: false
10-13 17:52:38.652 31490 31597 I SilverstoneVideoPrefetcher: Creating video source for prefetching: for videoId: 741088572431867_cover_media_id adaptive : true progressive: false
10-13 17:52:38.652 31490 31597 D HeroService: 	renderMode: AUDIO_VIDEO
10-13 17:52:38.652 31490 31597 W HeroManager: 	renderMode: AUDIO_VIDEO
10-13 17:52:38.655 31490 31597 D UnifiedPrefetchManager: video: 741088572431867_cover_media_id representation id: 858578746751147v, width: 464 from origin homefeed and suborigin null and source(tag) SilverstoneVideoPrefetcher is being prefetched
10-13 17:52:38.655 31490 31597 D UnifiedPrefetchManager: video prefetch: 741088572431867_cover_media_id url: https://scontent-bos5-1.xx.fbcdn.net/o1/v/t2/f2/m412/AQNnktYxruRZOajmOOyFJtnR07Znv23czGYnwLxFlW5v0HlmmlrsiwJE1PMVoDukNuf9xW_qus9evizgMBgWFTSvsZFUnPZVGqMoIu4.mp4?_nc_cat=1&_nc_sid=9ca052&_nc_ht=scontent-bos5-1.xx.fbcdn.net&_nc_ohc=3rSMZtRk7y0Q7kNvwFDvblJ&efg=eyJ2ZW5jb2RlX3RhZyI6ImRhc2hfaDI2NC1iYXNpYy1nZW4yXzcyMHAiLCJ2aWRlb19pZCI6bnVsbCwib2lsX3VybGdlbl9hcHBfaWQiOjgzMDU0NzE2NDAzNjAxMiwiY2xpZW50X25hbWUiOiJ1bmtub3duIiwieHB2X2Fzc2V0X2lkIjo3NDEwODg2MDI0MzE4NjQsInZpX3VzZWNhc2VfaWQiOjEwOTg3LCJkdXJhdGlvbl9zIjo1LCJ1cmxnZW5fc291cmNlIjoid3d3In0%3D&ccb=17-1&_nc_gid=DLXoyNtuLQjPrTE_xWOpeg&_nc_zt=28&oh=00_AfcZMDrOihhUdznFau4Ok4jCrzgcLaRVB3763M3rhRXUtg&oe=68F33379 723391
10-13 17:52:38.656 31490 31597 D UnifiedPrefetchManager: video: 741088572431867_cover_media_id queuing prefetch task, from origin homefeed subOrigin null with tag SilverstoneVideoPrefetcher and module SilverstoneVideoPrefetcher
10-13 17:52:38.656 31490 31597 D UnifiedPrefetchManager: video: 741088572431867_cover_media_id representation id: 1351778146298238a, width: -1 from origin homefeed and suborigin null and source(tag) SilverstoneVideoPrefetcher is being prefetched
10-13 17:52:38.656 31490 31597 D UnifiedPrefetchManager: video prefetch: 741088572431867_cover_media_id url: https://scontent-bos5-1.xx.fbcdn.net/o1/v/t2/f2/m412/AQPNGWERS-pQo-9sz2IOgmCV2mwzImEy1QdSAkL-_nuQoe3Si5YJFSMyP-WEUH0yJYIl82sH5stjx284fe0_-ep966YQll5gSAm3Bl0.mp4?_nc_cat=1&_nc_sid=9ca052&_nc_ht=scontent-bos5-1.xx.fbcdn.net&_nc_ohc=0AlWJPyXJ3gQ7kNvwHjDQrW&efg=eyJ2ZW5jb2RlX3RhZyI6ImRhc2gtYXVkaW9faDI2NC1iYXNpYy1nZW4yXzM2MHAiLCJ2aWRlb19pZCI6bnVsbCwib2lsX3VybGdlbl9hcHBfaWQiOjgzMDU0NzE2NDAzNjAxMiwiY2xpZW50X25hbWUiOiJ1bmtub3duIiwieHB2X2Fzc2V0X2lkIjo3NDEwODg2MDI0MzE4NjQsInZpX3VzZWNhc2VfaWQiOjEwOTg3LCJkdXJhdGlvbl9zIjo1LCJ1cmxnZW5fc291cmNlIjoid3d3In0%3D&ccb=17-1&_nc_gid=DLXoyNtuLQjPrTE_xWOpeg&_nc_zt=28&oh=00_AfcbjsuBu1bxkJliAaqWphzOKGos_eJv84H0hXIcLsO8Og&oe=68F3462A 32654
10-13 17:52:38.657 31490 31597 D UnifiedPrefetchManager: video: 741088572431867_cover_media_id queuing prefetch task, from origin homefeed subOrigin null with tag SilverstoneVideoPrefetcher and module SilverstoneVideoPrefetcher
10-13 17:52:38.657 31490 31597 D SilverstoneVideoPrefetcher: Created request to prefetch videos for post id: rIiVchtzp3n video id: 741088572431867_cover_media_id isStartupPrefetch: false
10-13 17:52:38.657 31490 31597 I SilverstoneVideoPrefetcher: Creating video source for prefetching: for videoId: 776534138882526_cover_media_id adaptive : true progressive: false
10-13 17:52:38.657 31490 31597 D HeroService: 	renderMode: AUDIO_VIDEO
10-13 17:52:38.657 31490 31597 W HeroManager: 	renderMode: AUDIO_VIDEO
10-13 17:52:38.660 31490 31597 D UnifiedPrefetchManager: video: 776534138882526_cover_media_id representation id: 1557659178939418v, width: 464 from origin homefeed and suborigin null and source(tag) SilverstoneVideoPrefetcher is being prefetched
10-13 17:52:38.660 31490 31597 D UnifiedPrefetchManager: video prefetch: 776534138882526_cover_media_id url: https://scontent-bos5-1.xx.fbcdn.net/o1/v/t2/f2/m412/AQMC2G32lM6rmp8czZuaZR6SuuNrafUJeac__81hX8M9_afPeuw41rs8eKmo18mGkOAoP3R5XVTHDKUy4zqX7Jh_ErjTGa1TRGOKNxM.mp4?_nc_cat=1&_nc_sid=9ca052&_nc_ht=scontent-bos5-1.xx.fbcdn.net&_nc_ohc=se5p7TUWoNUQ7kNvwELhZWD&efg=eyJ2ZW5jb2RlX3RhZyI6ImRhc2hfaDI2NC1iYXNpYy1nZW4yXzcyMHAiLCJ2aWRlb19pZCI6bnVsbCwib2lsX3VybGdlbl9hcHBfaWQiOjgzMDU0NzE2NDAzNjAxMiwiY2xpZW50X25hbWUiOiJ1bmtub3duIiwieHB2X2Fzc2V0X2lkIjo3NzY1MzQyMjg4ODI1MTcsInZpX3VzZWNhc2VfaWQiOjEwOTg3LCJkdXJhdGlvbl9zIjoxNiwidXJsZ2VuX3NvdXJjZSI6Ind3dyJ9&ccb=17-1&_nc_gid=DLXoyNtuLQjPrTE_xWOpeg&_nc_zt=28&oh=00_AfcczgT-Gz9TwRAwhzeX6zXXTrNt399x6IYyJHnziXYeIg&oe=68F33340 1521705
10-13 17:52:38.661 31490 31597 D UnifiedPrefetchManager: video: 776534138882526_cover_media_id queuing prefetch task, from origin homefeed subOrigin null with tag SilverstoneVideoPrefetcher and module SilverstoneVideoPrefetcher
10-13 17:52:38.661 31490 31597 D UnifiedPrefetchManager: video: 776534138882526_cover_media_id representation id: 1142419703887148a, width: -1 from origin homefeed and suborigin null and source(tag) SilverstoneVideoPrefetcher is being prefetched
10-13 17:52:38.661 31490 31597 D UnifiedPrefetchManager: video prefetch: 776534138882526_cover_media_id url: https://scontent-bos5-1.xx.fbcdn.net/o1/v/t2/f2/m412/AQNlKYfDHnRBXF-QDOMDHsvTtffe_EvByGxmhu6wsA_ZIVfvkZ8Wjltfl0DUN696Wq8780JTjrFxcCw9lMjbT9dHz6dRoQB23GWLDFc.mp4?_nc_cat=1&_nc_sid=9ca052&_nc_ht=scontent-bos5-1.xx.fbcdn.net&_nc_ohc=cVnN0rvOG7cQ7kNvwGryORT&efg=eyJ2ZW5jb2RlX3RhZyI6ImRhc2gtYXVkaW9faDI2NC1iYXNpYy1nZW4yXzM2MHAiLCJ2aWRlb19pZCI6bnVsbCwib2lsX3VybGdlbl9hcHBfaWQiOjgzMDU0NzE2NDAzNjAxMiwiY2xpZW50X25hbWUiOiJ1bmtub3duIiwieHB2X2Fzc2V0X2lkIjo3NzY1MzQyMjg4ODI1MTcsInZpX3VzZWNhc2VfaWQiOjEwOTg3LCJkdXJhdGlvbl9zIjoxNiwidXJsZ2VuX3NvdXJjZSI6Ind3dyJ9&ccb=17-1&_nc_gid=DLXoyNtuLQjPrTE_xWOpeg&_nc_zt=28&oh=00_AfdiKTiLzQ2jd6zIOJocV20NRKMyYjDM1iAT0b6S0To7YA&oe=68F34C97 33052
10-13 17:52:38.662 31490 31597 D UnifiedPrefetchManager: video: 776534138882526_cover_media_id queuing prefetch task, from origin homefeed subOrigin null with tag SilverstoneVideoPrefetcher and module SilverstoneVideoPrefetcher
10-13 17:52:38.662 31490 31597 D SilverstoneVideoPrefetcher: Created request to prefetch videos for post id: bj3EjiCP5lT video id: 776534138882526_cover_media_id isStartupPrefetch: false
10-13 17:52:38.662 31490 31597 I SilverstoneVideoPrefetcher: Creating video source for prefetching: for videoId: 812305898631446_cover_media_id adaptive : true progressive: false
10-13 17:52:38.662 31490 31597 D HeroService: 	renderMode: AUDIO_VIDEO
10-13 17:52:38.662 31490 31597 W HeroManager: 	renderMode: AUDIO_VIDEO
10-13 17:52:38.664 31490  4153 D FbHttpCacheDataSource: Cache data sink close stream. Type:DASH_VIDEO, Offset:0, FileSize:-1, Vid:856813714171768_cover_media_id, Key:856813714171768_cover_media_id.null.1115456110301631v.-1.f28503a39787f66e426ba34ea001cfe9b5bb1f36
10-13 17:52:38.665 31490  4153 D CacheManager_default: Prefetched VideoId 856813714171768_cover_media_id, PrefetchLength 1637478, total read 1637478, fetched length from network 1637478, CacheKey 856813714171768_cover_media_id.null.1115456110301631v.-1.f28503a39787f66e426ba34ea001cfe9b5bb1f36
10-13 17:52:38.665 31490  4153 D CacheManager_default: resourceLength of videoId 856813714171768_cover_media_id is 3838033
10-13 17:52:38.665 31490  4153 D CacheManager_default: Created Apache Data Source for video 776534138882526_cover_media_id (timeout_ms connect=8000 read=8000)
10-13 17:52:38.665 31490 31597 D UnifiedPrefetchManager: video: 812305898631446_cover_media_id representation id: 4278402765723121v, width: 464 from origin homefeed and suborigin null and source(tag) SilverstoneVideoPrefetcher is being prefetched
10-13 17:52:38.665 31490 31597 D UnifiedPrefetchManager: video prefetch: 812305898631446_cover_media_id url: https://scontent-bos5-1.xx.fbcdn.net/o1/v/t2/f2/m412/AQP4NT07ixKrIClOYxIF1BRiQNZoZltPUBwT0Zki3RtlUGBg9-JCKt6YTHSLjiFNCY1CLQsqUBPgehWzcgFWyT5hrDSuwykdF5BWve4.mp4?_nc_cat=1&_nc_sid=9ca052&_nc_ht=scontent-bos5-1.xx.fbcdn.net&_nc_ohc=ztjyQQDeh4oQ7kNvwF_-L-g&efg=eyJ2ZW5jb2RlX3RhZyI6ImRhc2hfaDI2NC1iYXNpYy1nZW4yXzcyMHAiLCJ2aWRlb19pZCI6bnVsbCwib2lsX3VybGdlbl9hcHBfaWQiOjgzMDU0NzE2NDAzNjAxMiwiY2xpZW50X25hbWUiOiJ1bmtub3duIiwieHB2X2Fzc2V0X2lkIjoxMzc5MjYwOTAzNzgzMjYwLCJ2aV91c2VjYXNlX2lkIjoxMDk3NCwiZHVyYXRpb25fcyI6OSwidXJsZ2VuX3NvdXJjZSI6Ind3dyJ9&ccb=17-1&_nc_gid=DLXoyNtuLQjPrTE_xWOpeg&_nc_zt=28&oh=00_Aff7eN0Gz1lsbpkyn6uVGTmgVmcYy8uewtFYVov7u75EAg&oe=68F34D7D 2058555
10-13 17:52:38.666 31490 31597 D UnifiedPrefetchManager: video: 812305898631446_cover_media_id queuing prefetch task, from origin homefeed subOrigin null with tag SilverstoneVideoPrefetcher and module SilverstoneVideoPrefetcher
10-13 17:52:38.666 31490 31597 D UnifiedPrefetchManager: video: 812305898631446_cover_media_id representation id: 1757419278283505a, width: -1 from origin homefeed and suborigin null and source(tag) SilverstoneVideoPrefetcher is being prefetched
10-13 17:52:38.666 31490 31597 D UnifiedPrefetchManager: video prefetch: 812305898631446_cover_media_id url: https://scontent-bos5-1.xx.fbcdn.net/o1/v/t2/f2/m412/AQP0GKW63JafqXZQ_URsRQA8WHwF9Dk1fVVOQvRTJNwqMJpcSdhxtCDAmbLP1j-Vld1kUaUTs_60rSvh4Tbap0_eBQhcgljrIJBvpMg.mp4?_nc_cat=1&_nc_sid=9ca052&_nc_ht=scontent-bos5-1.xx.fbcdn.net&_nc_ohc=3LFiOoBPfKAQ7kNvwEDcULC&efg=eyJ2ZW5jb2RlX3RhZyI6ImRhc2gtYXVkaW9faDI2NC1iYXNpYy1nZW4yXzM2MHAiLCJ2aWRlb19pZCI6bnVsbCwib2lsX3VybGdlbl9hcHBfaWQiOjgzMDU0NzE2NDAzNjAxMiwiY2xpZW50X25hbWUiOiJ1bmtub3duIiwieHB2X2Fzc2V0X2lkIjoxMzc5MjYwOTAzNzgzMjYwLCJ2aV91c2VjYXNlX2lkIjoxMDk3NCwiZHVyYXRpb25fcyI6OSwidXJsZ2VuX3NvdXJjZSI6Ind3dyJ9&ccb=17-1&_nc_gid=DLXoyNtuLQjPrTE_xWOpeg&_nc_zt=28&oh=00_AfeNSLJgtXazQWhMKQWCINxhDMoA8FotPGpn4gKk5V-fQg&oe=68F35E95 32819
10-13 17:52:38.667 31490  4153 D CacheManager_default: Prefetched VideoId 776534138882526_cover_media_id, PrefetchLength 33052, total read 33052, fetched length from network 0, CacheKey 776534138882526_cover_media_id.null.1142419703887148a.-1.573fde721f93acfef72320a7f48530be307c6778
10-13 17:52:38.667 31490  4153 D CacheManager_default: Created Apache Data Source for video 812305898631446_cover_media_id (timeout_ms connect=8000 read=8000)
10-13 17:52:38.667 31490 31597 D UnifiedPrefetchManager: video: 812305898631446_cover_media_id queuing prefetch task, from origin homefeed subOrigin null with tag SilverstoneVideoPrefetcher and module SilverstoneVideoPrefetcher
10-13 17:52:38.667 31490 31597 D SilverstoneVideoPrefetcher: Created request to prefetch videos for post id: PPdm4sAeb97 video id: 812305898631446_cover_media_id isStartupPrefetch: false
10-13 17:52:38.667 31490 31597 I SilverstoneVideoPrefetcher: Creating video source for prefetching: for videoId: 757568274115647_cover_media_id adaptive : true progressive: false
10-13 17:52:38.667 31490 31597 D HeroService: 	renderMode: AUDIO_VIDEO
10-13 17:52:38.667 31490 31597 W HeroManager: 	renderMode: AUDIO_VIDEO
10-13 17:52:38.667 31490  4153 D FbHttpCacheDataSource: Cache data source open spec(Cached). RequestType: PREFETCH, StreamType:DASH_VIDEO, Offset:0, FilePos:0, Length:102400, Vid:812305898631446_cover_media_id, Key:812305898631446_cover_media_id.null.4278402765723121v.-1.9ef0dd1e882c90ba4f37a6dc6b570be76fb9d48d
10-13 17:52:38.668 31490  4153 D FbHttpCacheDataSource: Cache data source open spec. RequestType: PREFETCH, StreamType:DASH_VIDEO, Position:0/0, Length:2058555, Vid:812305898631446_cover_media_id, Key:812305898631446_cover_media_id.null.4278402765723121v.-1.9ef0dd1e882c90ba4f37a6dc6b570be76fb9d48d
10-13 17:52:38.669 31490  4153 D FbHttpCacheDataSource: Cache data source open spec(Cached). RequestType: PREFETCH, StreamType:DASH_VIDEO, Offset:102400, FilePos:0, Length:102400, Vid:812305898631446_cover_media_id, Key:812305898631446_cover_media_id.null.4278402765723121v.-1.9ef0dd1e882c90ba4f37a6dc6b570be76fb9d48d
10-13 17:52:38.670 31490  4153 D FbHttpCacheDataSource: Cache data source open spec(Cached). RequestType: PREFETCH, StreamType:DASH_VIDEO, Offset:204800, FilePos:0, Length:102400, Vid:812305898631446_cover_media_id, Key:812305898631446_cover_media_id.null.4278402765723121v.-1.9ef0dd1e882c90ba4f37a6dc6b570be76fb9d48d
10-13 17:52:38.670 31490 31597 D UnifiedPrefetchManager: video: 757568274115647_cover_media_id representation id: 1992115814900385v, width: 536 from origin homefeed and suborigin null and source(tag) SilverstoneVideoPrefetcher is being prefetched
10-13 17:52:38.670 31490 31597 D UnifiedPrefetchManager: video prefetch: 757568274115647_cover_media_id url: https://scontent-bos5-1.xx.fbcdn.net/o1/v/t2/f2/m412/AQNTDlSCiu0nHTCl6cTErLnA-OzO-phvFy4AnyS2tiLm3o_vlwRmDZOetazLWMbYZIAIhO9QLS3DjaUyEw3WHaNmDxlyDAgoTWuBH_4.mp4?_nc_cat=1&_nc_sid=9ca052&_nc_ht=scontent-bos5-1.xx.fbcdn.net&_nc_ohc=iY8lMRBwZuMQ7kNvwHCGeNm&efg=eyJ2ZW5jb2RlX3RhZyI6ImRhc2hfaDI2NC1iYXNpYy1nZW4yXzU0MHAiLCJ2aWRlb19pZCI6bnVsbCwib2lsX3VybGdlbl9hcHBfaWQiOjgzMDU0NzE2NDAzNjAxMiwiY2xpZW50X25hbWUiOiJ1bmtub3duIiwieHB2X2Fzc2V0X2lkIjo3MzE1MDQzMTMyNzI4ODYsInZpX3VzZWNhc2VfaWQiOjEwOTc0LCJkdXJhdGlvbl9zIjoxNSwidXJsZ2VuX3NvdXJjZSI6Ind3dyJ9&ccb=17-1&_nc_gid=DLXoyNtuLQjPrTE_xWOpeg&_nc_zt=28&oh=00_Afep8YdVPI7XzsXjYYyBi7hV3VcrxsPgxKEjWR5W3UflrQ&oe=68F3436E 2500514
10-13 17:52:38.671 31490  4153 D FbHttpCacheDataSource: Cache data source open spec(Cached). RequestType: PREFETCH, StreamType:DASH_VIDEO, Offset:307200, FilePos:0, Length:102400, Vid:812305898631446_cover_media_id, Key:812305898631446_cover_media_id.null.4278402765723121v.-1.9ef0dd1e882c90ba4f37a6dc6b570be76fb9d48d
10-13 17:52:38.671 31490 31597 D UnifiedPrefetchManager: video: 757568274115647_cover_media_id queuing prefetch task, from origin homefeed subOrigin null with tag SilverstoneVideoPrefetcher and module SilverstoneVideoPrefetcher
10-13 17:52:38.671 31490 31597 D UnifiedPrefetchManager: video: 757568274115647_cover_media_id representation id: 727051487025187a, width: -1 from origin homefeed and suborigin null and source(tag) SilverstoneVideoPrefetcher is being prefetched
10-13 17:52:38.671 31490 31597 D UnifiedPrefetchManager: video prefetch: 757568274115647_cover_media_id url: https://scontent-bos5-1.xx.fbcdn.net/o1/v/t2/f2/m412/AQMv_6yENMLTDfURc7BPOwAmDJcEd_UYgM_IGXFTKfef_ikPPiYNH29edAdPojHxvC6N8IkQt3DMClJEbwkgkpTWpQXTBzUOsu3Pzls.mp4?_nc_cat=1&_nc_sid=9ca052&_nc_ht=scontent-bos5-1.xx.fbcdn.net&_nc_ohc=mi9eLXQg_VQQ7kNvwFxSC6r&efg=eyJ2ZW5jb2RlX3RhZyI6ImRhc2gtYXVkaW9faDI2NC1iYXNpYy1nZW4yXzM2MHAiLCJ2aWRlb19pZCI6bnVsbCwib2lsX3VybGdlbl9hcHBfaWQiOjgzMDU0NzE2NDAzNjAxMiwiY2xpZW50X25hbWUiOiJ1bmtub3duIiwieHB2X2Fzc2V0X2lkIjo3MzE1MDQzMTMyNzI4ODYsInZpX3VzZWNhc2VfaWQiOjEwOTc0LCJkdXJhdGlvbl9zIjoxNSwidXJsZ2VuX3NvdXJjZSI6Ind3dyJ9&ccb=17-1&_nc_gid=DLXoyNtuLQjPrTE_xWOpeg&_nc_zt=28&oh=00_AfeekNBQ4v3Ba_inrk3ZifTIiGXzmENiu3ApPEQBnRm0Hw&oe=68F330D7 32763
10-13 17:52:38.672 31490 31597 D UnifiedPrefetchManager: video: 757568274115647_cover_media_id queuing prefetch task, from origin homefeed subOrigin null with tag SilverstoneVideoPrefetcher and module SilverstoneVideoPrefetcher
10-13 17:52:38.672 31490  4153 D FbHttpCacheDataSource: Cache data source open spec(Cached). RequestType: PREFETCH, StreamType:DASH_VIDEO, Offset:409600, FilePos:0, Length:102400, Vid:812305898631446_cover_media_id, Key:812305898631446_cover_media_id.null.4278402765723121v.-1.9ef0dd1e882c90ba4f37a6dc6b570be76fb9d48d
10-13 17:52:38.672 31490 31597 D SilverstoneVideoPrefetcher: Created request to prefetch videos for post id: ox3t7pGkrk6 video id: 757568274115647_cover_media_id isStartupPrefetch: false
10-13 17:52:38.672 31490 31597 I SilverstoneVideoPrefetcher: Creating video source for prefetching: for videoId: 765695809968830_cover_media_id adaptive : true progressive: false
10-13 17:52:38.672 31490 31597 D HeroService: 	renderMode: AUDIO_VIDEO
10-13 17:52:38.672 31490 31597 W HeroManager: 	renderMode: AUDIO_VIDEO
10-13 17:52:38.673 31490  4153 D FbHttpCacheDataSource: Cache data source open spec(Cached). RequestType: PREFETCH, StreamType:DASH_VIDEO, Offset:512000, FilePos:0, Length:102400, Vid:812305898631446_cover_media_id, Key:812305898631446_cover_media_id.null.4278402765723121v.-1.9ef0dd1e882c90ba4f37a6dc6b570be76fb9d48d
10-13 17:52:38.674 31490  4153 D FbHttpCacheDataSource: Cache data source open spec(Cached). RequestType: PREFETCH, StreamType:DASH_VIDEO, Offset:614400, FilePos:0, Length:102400, Vid:812305898631446_cover_media_id, Key:812305898631446_cover_media_id.null.4278402765723121v.-1.9ef0dd1e882c90ba4f37a6dc6b570be76fb9d48d
10-13 17:52:38.675 31490  4153 D FbHttpCacheDataSource: Cache data source open spec(Cached). RequestType: PREFETCH, StreamType:DASH_VIDEO, Offset:716800, FilePos:0, Length:102400, Vid:812305898631446_cover_media_id, Key:812305898631446_cover_media_id.null.4278402765723121v.-1.9ef0dd1e882c90ba4f37a6dc6b570be76fb9d48d
10-13 17:52:38.675 31490 31597 D UnifiedPrefetchManager: video: 765695809968830_cover_media_id representation id: 2505553306505514v, width: 464 from origin homefeed and suborigin null and source(tag) SilverstoneVideoPrefetcher is being prefetched
10-13 17:52:38.675 31490 31597 D UnifiedPrefetchManager: video prefetch: 765695809968830_cover_media_id url: https://scontent-bos5-1.xx.fbcdn.net/o1/v/t2/f2/m412/AQNsvtZafNPICtbXplyIMeFUNsEWJUS-1j5osNnI-HHdlwTk4yoCOg_al0ZW6udA6M3PzZGt51x41SIqLoOtSy0x9BeU0q75MR6UQQg.mp4?_nc_cat=1&_nc_sid=9ca052&_nc_ht=scontent-bos5-1.xx.fbcdn.net&_nc_ohc=00f5qxENncMQ7kNvwGICoY9&efg=eyJ2ZW5jb2RlX3RhZyI6ImRhc2hfaDI2NC1iYXNpYy1nZW4yXzcyMHAiLCJ2aWRlb19pZCI6bnVsbCwib2lsX3VybGdlbl9hcHBfaWQiOjgzMDU0NzE2NDAzNjAxMiwiY2xpZW50X25hbWUiOiJ1bmtub3duIiwieHB2X2Fzc2V0X2lkIjo3NzAzMjI1NDI1NDU5ODAsInZpX3VzZWNhc2VfaWQiOjEwOTgwLCJkdXJhdGlvbl9zIjoxNiwidXJsZ2VuX3NvdXJjZSI6Ind3dyJ9&ccb=17-1&_nc_gid=DLXoyNtuLQjPrTE_xWOpeg&_nc_zt=28&oh=00_Affxt_8aqvWTaDH-oAZyWaTeIffj--ZwARmlirAnwBNkdA&oe=68F35386 2012280
10-13 17:52:38.676 31490 31597 D UnifiedPrefetchManager: video: 765695809968830_cover_media_id queuing prefetch task, from origin homefeed subOrigin null with tag SilverstoneVideoPrefetcher and module SilverstoneVideoPrefetcher
10-13 17:52:38.676 31490  4153 D FbHttpCacheDataSource: Cache data source open spec(Cached). RequestType: PREFETCH, StreamType:DASH_VIDEO, Offset:819200, FilePos:0, Length:102400, Vid:812305898631446_cover_media_id, Key:812305898631446_cover_media_id.null.4278402765723121v.-1.9ef0dd1e882c90ba4f37a6dc6b570be76fb9d48d
10-13 17:52:38.676 31490 31597 D UnifiedPrefetchManager: video: 765695809968830_cover_media_id representation id: 1516807266414232a, width: -1 from origin homefeed and suborigin null and source(tag) SilverstoneVideoPrefetcher is being prefetched
10-13 17:52:38.676 31490 31597 D UnifiedPrefetchManager: video prefetch: 765695809968830_cover_media_id url: https://scontent-bos5-1.xx.fbcdn.net/o1/v/t2/f2/m412/AQNJFU0YLRUs3vYtikbELxgvOtx5EjdAvpKpkaiKdXxtghTnSL6ETD0vwxT66GvCKTZ_zUf1QLxzzKuwoHxBz0unZPVc9__tmaAtt_Q.mp4?_nc_cat=1&_nc_sid=9ca052&_nc_ht=scontent-bos5-1.xx.fbcdn.net&_nc_ohc=wKrFA0PdJ3EQ7kNvwE4PhzP&efg=eyJ2ZW5jb2RlX3RhZyI6ImRhc2gtYXVkaW9faDI2NC1iYXNpYy1nZW4yXzM2MHAiLCJ2aWRlb19pZCI6bnVsbCwib2lsX3VybGdlbl9hcHBfaWQiOjgzMDU0NzE2NDAzNjAxMiwiY2xpZW50X25hbWUiOiJ1bmtub3duIiwieHB2X2Fzc2V0X2lkIjo3NzAzMjI1NDI1NDU5ODAsInZpX3VzZWNhc2VfaWQiOjEwOTgwLCJkdXJhdGlvbl9zIjoxNiwidXJsZ2VuX3NvdXJjZSI6Ind3dyJ9&ccb=17-1&_nc_gid=DLXoyNtuLQjPrTE_xWOpeg&_nc_zt=28&oh=00_AferPi5kRHEsx7jQUPWG8rIwHldizvM7u8Vz9FgtsznHPQ&oe=68F36262 33021
10-13 17:52:38.677 31490 31597 D UnifiedPrefetchManager: video: 765695809968830_cover_media_id queuing prefetch task, from origin homefeed subOrigin null with tag SilverstoneVideoPrefetcher and module SilverstoneVideoPrefetcher
10-13 17:52:38.677 31490 31597 D SilverstoneVideoPrefetcher: Created request to prefetch videos for post id: il8sDVUEc1G video id: 765695809968830_cover_media_id isStartupPrefetch: false
10-13 17:52:38.686 31490  4153 D FbHttpCacheDataSource: Cache data source open spec(Cached). RequestType: PREFETCH, StreamType:DASH_VIDEO, Offset:921600, FilePos:0, Length:102400, Vid:812305898631446_cover_media_id, Key:812305898631446_cover_media_id.null.4278402765723121v.-1.9ef0dd1e882c90ba4f37a6dc6b570be76fb9d48d
10-13 17:52:38.688 31490  4153 D FbHttpCacheDataSource: Cache data source open spec(Cached). RequestType: PREFETCH, StreamType:DASH_VIDEO, Offset:1024000, FilePos:0, Length:102400, Vid:812305898631446_cover_media_id, Key:812305898631446_cover_media_id.null.4278402765723121v.-1.9ef0dd1e882c90ba4f37a6dc6b570be76fb9d48d
10-13 17:52:38.689 31490  4153 D FbHttpCacheDataSource: Cache data source open spec(Cached). RequestType: PREFETCH, StreamType:DASH_VIDEO, Offset:1126400, FilePos:0, Length:102400, Vid:812305898631446_cover_media_id, Key:812305898631446_cover_media_id.null.4278402765723121v.-1.9ef0dd1e882c90ba4f37a6dc6b570be76fb9d48d
10-13 17:52:38.690 31490  4153 D FbHttpCacheDataSource: Cache data source open spec(Cached). RequestType: PREFETCH, StreamType:DASH_VIDEO, Offset:1228800, FilePos:0, Length:102400, Vid:812305898631446_cover_media_id, Key:812305898631446_cover_media_id.null.4278402765723121v.-1.9ef0dd1e882c90ba4f37a6dc6b570be76fb9d48d
10-13 17:52:38.692 31490  4153 D FbHttpCacheDataSource: Cache data source open spec(Cached). RequestType: PREFETCH, StreamType:DASH_VIDEO, Offset:1331200, FilePos:0, Length:102400, Vid:812305898631446_cover_media_id, Key:812305898631446_cover_media_id.null.4278402765723121v.-1.9ef0dd1e882c90ba4f37a6dc6b570be76fb9d48d
10-13 17:52:38.693 31490  4153 D FbHttpCacheDataSource: Cache data source open spec(Cached). RequestType: PREFETCH, StreamType:DASH_VIDEO, Offset:1433600, FilePos:0, Length:102400, Vid:812305898631446_cover_media_id, Key:812305898631446_cover_media_id.null.4278402765723121v.-1.9ef0dd1e882c90ba4f37a6dc6b570be76fb9d48d
10-13 17:52:38.694 31490  4153 D FbHttpCacheDataSource: Cache data source open spec(Cached). RequestType: PREFETCH, StreamType:DASH_VIDEO, Offset:1536000, FilePos:0, Length:102400, Vid:812305898631446_cover_media_id, Key:812305898631446_cover_media_id.null.4278402765723121v.-1.9ef0dd1e882c90ba4f37a6dc6b570be76fb9d48d
10-13 17:52:38.696 31490  4153 D FbHttpCacheDataSource: Cache data source open spec(Cached). RequestType: PREFETCH, StreamType:DASH_VIDEO, Offset:1638400, FilePos:0, Length:102400, Vid:812305898631446_cover_media_id, Key:812305898631446_cover_media_id.null.4278402765723121v.-1.9ef0dd1e882c90ba4f37a6dc6b570be76fb9d48d
10-13 17:52:38.698 31490  4153 D FbHttpCacheDataSource: Cache data source open spec(Cached). RequestType: PREFETCH, StreamType:DASH_VIDEO, Offset:1740800, FilePos:0, Length:102400, Vid:812305898631446_cover_media_id, Key:812305898631446_cover_media_id.null.4278402765723121v.-1.9ef0dd1e882c90ba4f37a6dc6b570be76fb9d48d
10-13 17:52:38.701 31490  4153 D FbHttpCacheDataSource: Cache data source open spec(Cached). RequestType: PREFETCH, StreamType:DASH_VIDEO, Offset:1843200, FilePos:0, Length:102400, Vid:812305898631446_cover_media_id, Key:812305898631446_cover_media_id.null.4278402765723121v.-1.9ef0dd1e882c90ba4f37a6dc6b570be76fb9d48d
10-13 17:52:38.702 31490  4153 D FbHttpCacheDataSource: Cache data source open spec(Cached). RequestType: PREFETCH, StreamType:DASH_VIDEO, Offset:1945600, FilePos:0, Length:102400, Vid:812305898631446_cover_media_id, Key:812305898631446_cover_media_id.null.4278402765723121v.-1.9ef0dd1e882c90ba4f37a6dc6b570be76fb9d48d
10-13 17:52:38.704 31490  4153 D FbHttpCacheDataSource: Cache data source open spec(Cached). RequestType: PREFETCH, StreamType:DASH_VIDEO, Offset:2048000, FilePos:0, Length:10555, Vid:812305898631446_cover_media_id, Key:812305898631446_cover_media_id.null.4278402765723121v.-1.9ef0dd1e882c90ba4f37a6dc6b570be76fb9d48d
10-13 17:52:38.705 31490  4153 D CacheManager_default: Prefetched VideoId 812305898631446_cover_media_id, PrefetchLength 2058555, total read 2058555, fetched length from network 0, CacheKey 812305898631446_cover_media_id.null.4278402765723121v.-1.9ef0dd1e882c90ba4f37a6dc6b570be76fb9d48d
10-13 17:52:38.705 31490  4153 D CacheManager_default: Created Apache Data Source for video 765695809968830_cover_media_id (timeout_ms connect=8000 read=8000)
10-13 17:52:38.707 31490  4153 D CacheManager_default: Prefetched VideoId 765695809968830_cover_media_id, PrefetchLength 33021, total read 33021, fetched length from network 0, CacheKey 765695809968830_cover_media_id.null.1516807266414232a.-1.f8cfb0cff2b6c7542cccd8e5fa3d26f15cf2be93
10-13 17:52:38.707 31490  4153 D CacheManager_default: Created Apache Data Source for video 765695809968830_cover_media_id (timeout_ms connect=8000 read=8000)
10-13 17:52:38.708 31490  4153 D FbHttpCacheDataSource: Cache data source open spec(Cached). RequestType: PREFETCH, StreamType:DASH_VIDEO, Offset:0, FilePos:0, Length:102400, Vid:765695809968830_cover_media_id, Key:765695809968830_cover_media_id.null.2505553306505514v.-1.d70d553cd7b7d724f3983d6b9afe28d5a5101e5b
10-13 17:52:38.708 31490  4153 D FbHttpCacheDataSource: Cache data source open spec. RequestType: PREFETCH, StreamType:DASH_VIDEO, Position:0/0, Length:2012280, Vid:765695809968830_cover_media_id, Key:765695809968830_cover_media_id.null.2505553306505514v.-1.d70d553cd7b7d724f3983d6b9afe28d5a5101e5b
10-13 17:52:38.709 31490  4153 D FbHttpCacheDataSource: Cache data source open spec(Cached). RequestType: PREFETCH, StreamType:DASH_VIDEO, Offset:102400, FilePos:0, Length:102400, Vid:765695809968830_cover_media_id, Key:765695809968830_cover_media_id.null.2505553306505514v.-1.d70d553cd7b7d724f3983d6b9afe28d5a5101e5b
10-13 17:52:38.710 31490  4153 D FbHttpCacheDataSource: Cache data source open spec(Cached). RequestType: PREFETCH, StreamType:DASH_VIDEO, Offset:204800, FilePos:0, Length:102400, Vid:765695809968830_cover_media_id, Key:765695809968830_cover_media_id.null.2505553306505514v.-1.d70d553cd7b7d724f3983d6b9afe28d5a5101e5b
10-13 17:52:38.711 31490  4153 D FbHttpCacheDataSource: Cache data source open spec(Cached). RequestType: PREFETCH, StreamType:DASH_VIDEO, Offset:307200, FilePos:0, Length:102400, Vid:765695809968830_cover_media_id, Key:765695809968830_cover_media_id.null.2505553306505514v.-1.d70d553cd7b7d724f3983d6b9afe28d5a5101e5b
10-13 17:52:38.713 31490  4153 D FbHttpCacheDataSource: Cache data source open spec(Cached). RequestType: PREFETCH, StreamType:DASH_VIDEO, Offset:409600, FilePos:0, Length:102400, Vid:765695809968830_cover_media_id, Key:765695809968830_cover_media_id.null.2505553306505514v.-1.d70d553cd7b7d724f3983d6b9afe28d5a5101e5b
10-13 17:52:38.714 31490  4153 D FbHttpCacheDataSource: Cache data source open spec(Cached). RequestType: PREFETCH, StreamType:DASH_VIDEO, Offset:512000, FilePos:0, Length:102400, Vid:765695809968830_cover_media_id, Key:765695809968830_cover_media_id.null.2505553306505514v.-1.d70d553cd7b7d724f3983d6b9afe28d5a5101e5b
10-13 17:52:38.715 31490  4153 D FbHttpCacheDataSource: Cache data source open spec(Cached). RequestType: PREFETCH, StreamType:DASH_VIDEO, Offset:614400, FilePos:0, Length:102400, Vid:765695809968830_cover_media_id, Key:765695809968830_cover_media_id.null.2505553306505514v.-1.d70d553cd7b7d724f3983d6b9afe28d5a5101e5b
10-13 17:52:38.716 31490  4153 D FbHttpCacheDataSource: Cache data source open spec(Cached). RequestType: PREFETCH, StreamType:DASH_VIDEO, Offset:716800, FilePos:0, Length:102400, Vid:765695809968830_cover_media_id, Key:765695809968830_cover_media_id.null.2505553306505514v.-1.d70d553cd7b7d724f3983d6b9afe28d5a5101e5b
10-13 17:52:38.717 31490  4153 D FbHttpCacheDataSource: Cache data source open spec(Cached). RequestType: PREFETCH, StreamType:DASH_VIDEO, Offset:819200, FilePos:0, Length:102400, Vid:765695809968830_cover_media_id, Key:765695809968830_cover_media_id.null.2505553306505514v.-1.d70d553cd7b7d724f3983d6b9afe28d5a5101e5b
10-13 17:52:38.718 31490  4153 D FbHttpCacheDataSource: Cache data source open spec(Cached). RequestType: PREFETCH, StreamType:DASH_VIDEO, Offset:921600, FilePos:0, Length:102400, Vid:765695809968830_cover_media_id, Key:765695809968830_cover_media_id.null.2505553306505514v.-1.d70d553cd7b7d724f3983d6b9afe28d5a5101e5b
10-13 17:52:38.719 31490  4153 D FbHttpCacheDataSource: Cache data source open spec(Cached). RequestType: PREFETCH, StreamType:DASH_VIDEO, Offset:1024000, FilePos:0, Length:102400, Vid:765695809968830_cover_media_id, Key:765695809968830_cover_media_id.null.2505553306505514v.-1.d70d553cd7b7d724f3983d6b9afe28d5a5101e5b
