10-30 13:46:16.916 26508 26508 I DeviceControlCenterRepository: DeviceId: 79:C2:90:5E:BC:2C State: DeviceState(connectedState=CONNECTED, peerConnectedState=Disconnected, deviceBatteryDetails=Battery(stateOfCharge=45, isCharging=false, temperature=304, voltage=3840, displayMode=PERCENTAGE, incompatibleChargerDetected=false), caseBatteryDetails=Battery(stateOfCharge=0, isCharging=false, temperature=0, voltage=0, displayMode=DOTS, incompatibleChargerDetected=false), remedies=[], hardwareState=brokenCamera: false, brokenSpeaker: false, brokenMicrophone: false, brokenNotificationLed: false, brokenImu: true, brokenDsp: false, brokenMcu: false, hingeState: OPEN, waterDetectState: UNKNOWN, isTampered: false, thermalState: NORMAL, mediaPeakPowerState: NORMAL, videoCallingPeakPowerState: NORMAL, battery: Battery(stateOfCharge=45, isCharging=false, temperature=304, voltage=3840, displayMode=PERCENTAGE, incompatibleChargerDetected=false), caseBattery: Battery(stateOfCharge=0, isCharging=false, temperature=0, voltage=0, displayMode=DOTS, incompatibleChargerDetected=false), caseSystemInfo: CaseSystemInfo(serialNumber=2R5SB0BF9F060P, firmwareVersion=12.14.5, isPresent=false), audioActive: true, cameraState: CAPTURE_VIDEO_STARTED, storageState: STABLE, isStreamingActive: true, inDeepSleep: false, isMounted: false, hotCarEventOccurred: false, registeredSNApps: [ASSISTANT]isSessionVerified: falseDeviceLockState: NO_LOCKPeakPowerUserExperienceThrottlingInfo: [])
10-30 13:46:16.936   978  1461 I Lyric   : camera_powerhal_impl.cc:202: CancelPowerBoost CAMERA_VIDEO_RECORDING
10-30 13:46:17.698  1077 12060 D Hal2AidlMapper: [default] prepareToOpenStream: handle 0, mixPortHalId 0, device AudioDevice{type: AudioDeviceDescription{type: IN_DEFAULT, connection: }, address: AudioDeviceAddress{id: }}, flags AudioIoFlags{input: 0}, source DEFAULT, config AudioConfig{base: AudioConfigBase{sampleRate: 44100, channelMask: AudioChannelLayout{layoutMask: 1}, format: AudioFormatDescription{type: PCM, pcm: INT_16_BIT, encoding: }}, offloadInfo: AudioOffloadInfo{base: AudioConfigBase{sampleRate: 0, channelMask: AudioChannelLayout{none: 0}, format: AudioFormatDescription{type: DEFAULT, pcm: DEFAULT, encoding: }}, streamType: VOICE_CALL, bitRatePerSecond: 0, durationUs: 0, hasVideo: false, isStreaming: false, bitWidth: 16, offloadBufferSize: 0, usage: UNKNOWN, encapsulationMode: NONE, contentId: 0, syncId: 0}, frameCount: 0}, mixport config AudioPortConfig{id: 0, portId: 0, sampleRate: (null), channelMask: (null), format: (null), gain: (null), flags: (null), ext: AudioPortExt{unspecified: false}}
10-30 13:46:17.700  1077 12060 E Hal2AidlMapper: [default] findOrCreateMixPortConfig: mix port for config AudioConfig{base: AudioConfigBase{sampleRate: 44100, channelMask: AudioChannelLayout{layoutMask: 1}, format: AudioFormatDescription{type: PCM, pcm: INT_16_BIT, encoding: }}, offloadInfo: AudioOffloadInfo{base: AudioConfigBase{sampleRate: 0, channelMask: AudioChannelLayout{none: 0}, format: AudioFormatDescription{type: DEFAULT, pcm: DEFAULT, encoding: }}, streamType: VOICE_CALL, bitRatePerSecond: 0, durationUs: 0, hasVideo: false, isStreaming: false, bitWidth: 16, offloadBufferSize: 0, usage: UNKNOWN, encapsulationMode: NONE, contentId: 0, syncId: 0}, frameCount: 0}, flags AudioIoFlags{input: 0} is not found
10-30 13:46:17.701  1077 12060 D Hal2AidlMapper: [default] prepareToOpenStreamHelper: returning suggested config for the stream: AudioConfig{base: AudioConfigBase{sampleRate: 48000, channelMask: AudioChannelLayout{layoutMask: 1}, format: AudioFormatDescription{type: PCM, pcm: INT_16_BIT, encoding: }}, offloadInfo: AudioOffloadInfo{base: AudioConfigBase{sampleRate: 0, channelMask: AudioChannelLayout{none: 0}, format: AudioFormatDescription{type: DEFAULT, pcm: DEFAULT, encoding: }}, streamType: VOICE_CALL, bitRatePerSecond: 0, durationUs: 0, hasVideo: false, isStreaming: false, bitWidth: 16, offloadBufferSize: 0, usage: UNKNOWN, encapsulationMode: NONE, contentId: 0, syncId: 0}, frameCount: 0}
10-30 13:46:17.702  1077 12060 D Hal2AidlMapper: [default] prepareToOpenStream: handle 0, mixPortHalId 0, device AudioDevice{type: AudioDeviceDescription{type: IN_DEFAULT, connection: }, address: AudioDeviceAddress{id: }}, flags AudioIoFlags{input: 0}, source DEFAULT, config AudioConfig{base: AudioConfigBase{sampleRate: 48000, channelMask: AudioChannelLayout{layoutMask: 1}, format: AudioFormatDescription{type: PCM, pcm: INT_16_BIT, encoding: }}, offloadInfo: AudioOffloadInfo{base: AudioConfigBase{sampleRate: 0, channelMask: AudioChannelLayout{none: 0}, format: AudioFormatDescription{type: DEFAULT, pcm: DEFAULT, encoding: }}, streamType: VOICE_CALL, bitRatePerSecond: 0, durationUs: 0, hasVideo: false, isStreaming: false, bitWidth: 16, offloadBufferSize: 0, usage: UNKNOWN, encapsulationMode: NONE, contentId: 0, syncId: 0}, frameCount: 0}, mixport config AudioPortConfig{id: 0, portId: 0, sampleRate: (null), channelMask: (null), format: (null), gain: (null), flags: (null), ext: AudioPortExt{unspecified: false}}
10-30 13:46:17.705  4179  6620 D MediaCodecList: codecHandlesFormat: no format, so no extra checks
10-30 13:46:17.706  4179  6620 D MediaCodecList: codecHandlesFormat: no format, so no extra checks
10-30 13:46:17.718  4179  6705 D CCodec  : allocate(c2.exynos.h264.encoder)
10-30 13:46:17.728  4179  6705 I CCodec  : setting up 'default' as default (vendor) store
10-30 13:46:17.740  1077 12060 D Hal2AidlMapper: [default] prepareToOpenStream: handle 1422, mixPortHalId 1001, device AudioDevice{type: AudioDeviceDescription{type: IN_MICROPHONE_BACK, connection: }, address: AudioDeviceAddress{id: back}}, flags AudioIoFlags{input: 0}, source CAMCORDER, config AudioConfig{base: AudioConfigBase{sampleRate: 48000, channelMask: AudioChannelLayout{layoutMask: 1}, format: AudioFormatDescription{type: PCM, pcm: INT_16_BIT, encoding: }}, offloadInfo: AudioOffloadInfo{base: AudioConfigBase{sampleRate: 0, channelMask: AudioChannelLayout{none: 0}, format: AudioFormatDescription{type: DEFAULT, pcm: DEFAULT, encoding: }}, streamType: VOICE_CALL, bitRatePerSecond: 0, durationUs: 0, hasVideo: false, isStreaming: false, bitWidth: 16, offloadBufferSize: 0, usage: UNKNOWN, encapsulationMode: NONE, contentId: 0, syncId: 0}, frameCount: 0}, mixport config AudioPortConfig{id: 0, portId: 0, sampleRate: (null), channelMask: (null), format: (null), gain: (null), flags: (null), ext: AudioPortExt{unspecified: false}}
10-30 13:46:17.752  4179  4272 E msys    : E[N mns]_OnDiskCacheGetData(632)=>Start post callback cache refresh DNS resolution
10-30 13:46:17.758  4179  6705 I CCodec  : Created component [c2.exynos.h264.encoder] for [c2.exynos.h264.encoder]
10-30 13:46:17.759  4179  6705 D CCodecConfig: read media type: video/avc
10-30 13:46:17.771   975  7835 I ASvc::StreamIn: setMicrophoneFieldDimension (primary-capture) : zoom = 0
10-30 13:46:17.773  4179  6705 D CCodecConfig: ignoring local param raw.color (0xc2001809) as it is already supported
10-30 13:46:17.774  4179  6705 I CCodecConfig: query failed after returning 21 values (BAD_INDEX)
10-30 13:46:17.774  4179  6705 D CCodecConfig: c2 config diff is Dict {
10-30 13:46:17.774  4179  6705 D CCodecConfig:   c2::u32 algo.bitrate-mode.value = 3
10-30 13:46:17.774  4179  6705 D CCodecConfig:   c2::u32 algo.encoding-quality-level.value = 0
10-30 13:46:17.774  4179  6705 D CCodecConfig:   c2::i32 algo.priority.value = 0
10-30 13:46:17.774  4179  6705 D CCodecConfig:   c2::float algo.rate.value = 0
10-30 13:46:17.774  4179  6705 D CCodecConfig:   c2::i32 coded.average-qp.value = 0
10-30 13:46:17.774  4179  6705 D CCodecConfig:   c2::u32 coded.bitrate-mode.value = 1
10-30 13:46:17.774  4179  6705 D CCodecConfig:   c2::u32 coded.bitrate.value = 64000
10-30 13:46:17.774  4179  6705 D CCodecConfig:   c2::float coded.frame-rate.value = 15
10-30 13:46:17.774  4179  6705 D CCodecConfig:   c2::u32 coded.hdr-format.value = 0
10-30 13:46:17.774  4179  6705 D CCodecConfig:   c2::u32 coded.picture-type.value = 0
10-30 13:46:17.774  4179  6705 D CCodecConfig:   c2::u32 coded.pl.level = 20480
10-30 13:46:17.774  4179  6705 D CCodecConfig:   c2::u32 coded.pl.profile = 20484
10-30 13:46:17.774  4179  6705 D CCodecConfig:   c2::u32 coding.intra-refresh.mode = 0
10-30 13:46:17.774  4179  6705 D CCodecConfig:   c2::float coding.intra-refresh.period = 0
10-30 13:46:17.774  4179  6705 D CCodecConfig:   c2::u32 coding.request-sync-frame.value = 0
10-30 13:46:17.774  4179  6705 D CCodecConfig:   c2::i64 coding.sync-frame-interval.value = 1000000
10-30 13:46:17.774  4179  6705 D CCodecConfig:   Buffer coding.temporal-layering = {
10-30 13:46:17.774  4179  6705 D CCodecConfig:     00000000:  10 00 00 00 07 20 01 52  00 00 00 00 00 00 00 00  ..... .R........
10-30 13:46:17.774  4179  6705 D CCodecConfig:   }
10-30 13:46:17.774  4179  6705 D CCodecConfig:   c2::u32 input.delay.value = 0
10-30 13:46:17.774  4179  6705 D CCodecConfig:   string input.media-type.value = "video/raw"
10-30 13:46:17.774  4179  6705 D CCodecConfig:   c2::u32 output.buffers.prepend-header.value = 0
10-30 13:46:17.774  4179  6705 D CCodecConfig:   string output.media-type.value = "video/avc"
10-30 13:46:17.774  4179  6705 D CCodecConfig:   c2::u32 raw.color.matrix = 0
10-30 13:46:17.774  4179  6705 D CCodecConfig:   c2::u32 raw.color.primaries = 0
10-30 13:46:17.774  4179  6705 D CCodecConfig:  
10-30 13:46:17.776  4179  6620 I MediaCodec: media_quality service unavailable, skipping updatePictureProfile
10-30 13:46:17.805  4179  6620 D CodecSeeding: Seed: codec c2.exynos.h264.encoder, mediatype video/avc, overrideable 1
10-30 13:46:17.805  4179  6620 D CodecProperties: setTuningValue(vq-target-bpp,0)
10-30 13:46:17.805  4179  6620 D CodecProperties: setTuningValue(vq-target-bpp-1080p,1.90)
10-30 13:46:17.805  4179  6620 D CodecProperties: setTuningValue(vq-target-bpp-720p,2.25)
10-30 13:46:17.805  4179  6620 D CodecProperties: setTuningValue(vq-target-bpp-540p,2.65)
10-30 13:46:17.805  4179  6620 D CodecProperties: setTuningValue(vq-target-bpp-480p,3.00)
10-30 13:46:17.805  4179  6620 D CodecProperties: setTuningValue(vq-target-bpp-320x240,0)
10-30 13:46:17.805  4179  6620 D CodecProperties: setTuningValue(vq-target-qpmax,-1)
10-30 13:46:17.805  4179  6620 D CodecProperties: setTuningValue(vq-target-qpmax-1080p,45)
10-30 13:46:17.805  4179  6620 D CodecProperties: setTuningValue(vq-target-qpmax-720p,43)
10-30 13:46:17.805  4179  6620 D CodecProperties: setTuningValue(vq-target-qpmax-540p,42)
10-30 13:46:17.805  4179  6620 D CodecProperties: setTuningValue(vq-target-qpmax-480p,38)
10-30 13:46:17.805  4179  6620 D CodecProperties: setTuningValue(vq-bitrate-phaseout,1.75)
10-30 13:46:17.805  4179  6620 D CodecProperties: setTuningValue(vq-boost-missing-qp,0.20)
10-30 13:46:17.805  4179  6620 D CodecProperties: setFeatureValue(can-swap-width-height,1)
10-30 13:46:17.805  4179  6620 D CodecProperties: setFeatureValue(encoding-statistics,0)
10-30 13:46:17.805  4179  6620 D CodecProperties: setFeatureValue(qp-bounds,0)
10-30 13:46:17.805  4179  6620 D CodecProperties: setFeatureValue(vq-minimum-quality,0)
10-30 13:46:17.805  4179  6620 D CodecProperties: setFeatureValue(_vq_eligible.device,1)
10-30 13:46:17.805  4179  6620 D CodecProperties: setFeatureValue(_quality.target,1)
10-30 13:46:17.805  4179  6620 D CodecSeeding: Seed: codec c2.exynos.h264.encoder, mediatype video/avc, overrideable 0
10-30 13:46:17.805  4179  6620 D VQApply : minquality: codec claims to implement minquality=1
10-30 13:46:17.805  4179  6620 D MediaCodec: shapeMediaFormat: deltas(1): AMessage(what = 0x00000000) = {
10-30 13:46:17.805  4179  6620 D MediaCodec:     int32_t android._encoding-quality-level = 1
10-30 13:46:17.805  4179  6620 D MediaCodec:   }
10-30 13:46:17.805  4179  6705 D CCodec  : [c2.exynos.h264.encoder] buffers are bound to CCodec for this session
10-30 13:46:17.805  4179  6705 D CCodecConfig: no c2 equivalents for max-fps-to-encoder
10-30 13:46:17.805  4179  6705 D CCodecConfig: no c2 equivalents for color-format
10-30 13:46:17.805  4179  6705 D CCodecConfig: no c2 equivalents for flags
10-30 13:46:17.805  4179  6705 D CCodecConfig: no c2 equivalents for encoder
10-30 13:46:17.806  4179  6705 D CCodecConfig: c2 config diff is   c2::u32 algo.encoding-quality-level.value = 1
10-30 13:46:17.806  4179  6705 D CCodecConfig:   c2::u32 coded.bitrate.value = 1500000
10-30 13:46:17.806  4179  6705 D CCodecConfig:   c2::float coded.frame-rate.value = 30
10-30 13:46:17.806  4179  6705 D CCodecConfig:   c2::u32 coded.hdr-format.value = 1
10-30 13:46:17.806  4179  6705 D CCodecConfig:   c2::u32 coded.pl.level = 20489
10-30 13:46:17.806  4179  6705 D CCodecConfig:   c2::i64 coding.sync-frame-interval.value = 60000000
10-30 13:46:17.806  4179  6705 D CCodecConfig:   c2::u32 raw.size.height = 896
10-30 13:46:17.806  4179  6705 D CCodecConfig:   c2::u32 raw.size.width = 512
10-30 13:46:17.807  4179  6705 D CCodec  : encoding statistics level = 0
10-30 13:46:17.807  4179  6705 D CCodec  : setup formats input: AMessage(what = 0x00000000) = {
10-30 13:46:17.807  4179  6705 D CCodec  :   int32_t android._color-format = 2130708361
10-30 13:46:17.807  4179  6705 D CCodec  :   int32_t android._dataspace = 0
10-30 13:46:17.807  4179  6705 D CCodec  :   int32_t bitrate-mode = 1
10-30 13:46:17.807  4179  6705 D CCodec  :   int32_t frame-rate = 30
10-30 13:46:17.807  4179  6705 D CCodec  :   int32_t height = 896
10-30 13:46:17.807  4179  6705 D CCodec  :   int32_t intra-refresh-period = 0
10-30 13:46:17.807  4179  6705 D CCodec  :   string mime = "video/raw"
10-30 13:46:17.807  4179  6705 D CCodec  :   int32_t prepend-sps-pps-to-idr-frames = 0
10-30 13:46:17.807  4179  6705 D CCodec  :   int32_t priority = 0
10-30 13:46:17.807  4179  6705 D CCodec  :   int32_t video-qp-average = 0
10-30 13:46:17.807  4179  6705 D CCodec  :   int32_t width = 512
10-30 13:46:17.807  4179  6705 D CCodec  :   Rect crop(0, 0, 511, 895)
10-30 13:46:17.807  4179  6705 D CCodec  :   int64_t android._C2MemoryUsage = 1125899906908160
10-30 13:46:17.807  4179  6705 D CCodec  :   int32_t color-format = 2130708361
10-30 13:46:17.807  4179  6705 D CCodec  : }
10-30 13:46:17.807  4179  6705 D CCodec  : setup formats output: AMessage(what = 0x00000000) = {
10-30 13:46:17.807  4179  6705 D CCodec  :   int32_t bitrate = 1500000
10-30 13:46:17.807  4179  6705 D CCodec  :   int32_t bitrate-mode = 1
10-30 13:46:17.807  4179  6705 D CCodec  :   Rect crop(0, 0, 511, 895)
10-30 13:46:17.807  4179  6705 D CCodec  :   int32_t width = 512
10-30 13:46:17.807  4179  6705 D CCodec  :   int32_t color-standard = 0
10-30 13:46:17.807  4179  6705 D CCodec  :   int32_t color-range = 0
10-30 13:46:17.807  4179  6705 D CCodec  :   int32_t color-transfer = 0
10-30 13:46:17.807  4179  6705 D CCodec  :   int32_t frame-rate = 30
10-30 13:46:17.807  4179  6705 D CCodec  :   int32_t height = 896
10-30 13:46:17.807  4179  6705 D CCodec  :   int32_t intra-refresh-period = 0
10-30 13:46:17.807  4179  6705 D CCodec  :   int32_t level = 512
10-30 13:46:17.807  4179  6705 D CCodec  :   int32_t max-bitrate = 1500000
10-30 13:46:17.807  4179  6705 D CCodec  :   string mime = "video/avc"
10-30 13:46:17.807  4179  6705 D CCodec  :   int32_t prepend-sps-pps-to-idr-frames = 0
10-30 13:46:17.807  4179  6705 D CCodec  :   int32_t priority = 0
10-30 13:46:17.807  4179  6705 D CCodec  :   int32_t profile = 8
10-30 13:46:17.807  4179  6705 D CCodec  :   int32_t video-qp-average = 0
10-30 13:46:17.807  4179  6705 D CCodec  : }
10-30 13:46:17.807  4179  6705 I CCodecConfig: query failed after returning 22 values (BAD_INDEX)
10-30 13:46:17.808  4179  6705 D CCodec  : aidl based PersistentSurface created
10-30 13:46:17.809  4179  6705 D CCodec  : input format changed to AMessage(what = 0x00000000) = {
10-30 13:46:17.809  4179  6705 D CCodec  :   int32_t android._color-format = 2130708361
10-30 13:46:17.809  4179  6705 D CCodec  :   int32_t android._dataspace = 260
10-30 13:46:17.809  4179  6705 D CCodec  :   int32_t bitrate-mode = 1
10-30 13:46:17.809  4179  6705 D CCodec  :   int32_t frame-rate = 30
10-30 13:46:17.809  4179  6705 D CCodec  :   int32_t height = 896
10-30 13:46:17.809  4179  6705 D CCodec  :   int32_t intra-refresh-period = 0
10-30 13:46:17.809  4179  6705 D CCodec  :   string mime = "video/raw"
10-30 13:46:17.809  4179  6705 D CCodec  :   int32_t prepend-sps-pps-to-idr-frames = 0
10-30 13:46:17.809  4179  6705 D CCodec  :   int32_t priority = 0
10-30 13:46:17.809  4179  6705 D CCodec  :   int32_t video-qp-average = 0
10-30 13:46:17.809  4179  6705 D CCodec  :   int32_t width = 512
10-30 13:46:17.809  4179  6705 D CCodec  :   Rect crop(0, 0, 511, 895)
10-30 13:46:17.809  4179  6705 D CCodec  :   int64_t android._C2MemoryUsage = 1125899906908160
10-30 13:46:17.809  4179  6705 D CCodec  :   int32_t color-format = 2130708361
10-30 13:46:17.809  4179  6705 D CCodec  :   int32_t color-range = 2
10-30 13:46:17.809  4179  6705 D CCodec  :   int32_t color-standard = 1
10-30 13:46:17.809  4179  6705 D CCodec  :   int32_t color-transfer = 3
10-30 13:46:17.809  4179  6705 D CCodec  : }
10-30 13:46:17.809   975  6709 I AHal::GsCapture: UpdateMicrophoneFieldDimension: with zoom 0
10-30 13:46:17.809   975  6709 I AHal::AocRecordTuning: WriteMicrophoneFieldDimension: 0 to value 0
10-30 13:46:17.809  4179  6705 D CCodec  : ISConfig maxFps=30
10-30 13:46:17.811  1020  6710 I ExynosC2H264EncComponent: Creating ECOServiceStatsProvider c2.exynos.h264.encoder video/avc
10-30 13:46:17.818  1020  6712 D libexynosv4l2: try node: /dev/video6
10-30 13:46:17.818  1020  6712 D libexynosv4l2: try node: /dev/video7
10-30 13:46:17.818  1020  6712 I libexynosv4l2: node found for device s5p-mfc-enc: /dev/video7
10-30 13:46:17.834  1020  6712 I libexynosv4l2: open video device /dev/video7
10-30 13:46:17.842  4179  6705 D CCodecBufferChannel: [c2.exynos.h264.encoder#430] Created input block pool with allocatorID 17 => poolID 23 - OK (0)
10-30 13:46:17.843  4179  4272 E msys    : E[N mns]_OnDiskCacheGetData(632)=>Start post callback cache refresh DNS resolution
10-30 13:46:17.846  4179  6705 I CCodecBufferChannel: [c2.exynos.h264.encoder#430] Created output block pool with allocatorID 16 => poolID 289 - OK
10-30 13:46:17.846  4179  6705 D CCodecBufferChannel: [c2.exynos.h264.encoder#430] Configured output block pool ids 289 => OK
10-30 13:46:17.851  4179  6620 D MediaCodecList: codecHandlesFormat: no format, so no extra checks
10-30 13:46:17.853  4179  6725 D CCodec  : allocate(c2.android.aac.encoder)
10-30 13:46:17.855  4179  6725 I CCodec  : setting up 'default' as default (vendor) store
10-30 13:46:17.870  4179  6725 I CCodec  : Created component [c2.android.aac.encoder] for [c2.android.aac.encoder]
10-30 13:46:17.870  4179  6725 D CCodecConfig: read media type: audio/mp4a-latm
10-30 13:46:17.875  4179  6725 I CCodecConfig: query failed after returning 10 values (BAD_INDEX)
10-30 13:46:17.876  4179  6725 D CCodecConfig: c2 config diff is Dict {
10-30 13:46:17.876  4179  6725 D CCodecConfig:   c2::u32 coded.bitrate.value = 64000
10-30 13:46:17.876  4179  6725 D CCodecConfig:   c2::u32 coded.pl.level = 0
10-30 13:46:17.876  4179  6725 D CCodecConfig:   c2::u32 coded.pl.profile = 8192
10-30 13:46:17.876  4179  6725 D CCodecConfig:   c2::u32 coding.aac-sbr-mode.value = 3
10-30 13:46:17.876  4179  6725 D CCodecConfig:   c2::u32 input.buffers.max-size.value = 2048
10-30 13:46:17.876  4179  6725 D CCodecConfig:   c2::u32 input.delay.value = 0
10-30 13:46:17.876  4179  6725 D CCodecConfig:   string input.media-type.value = "audio/raw"
10-30 13:46:17.876  4179  6725 D CCodecConfig:   c2::u32 output.large-frame.max-size = 0
10-30 13:46:17.876  4179  6725 D CCodecConfig:   c2::u32 output.large-frame.threshold-size = 0
10-30 13:46:17.876  4179  6725 D CCodecConfig:   string output.media-type.value = "audio/mp4a-latm"
10-30 13:46:17.876  4179  6725 D CCodecConfig:   c2::u32 raw.channel-count.value = 1
10-30 13:46:17.876  4179  6725 D CCodecConfig:   c2::u32 raw.sample-rate.value = 44100
10-30 13:46:17.876  4179  6725 D CCodecConfig: }
10-30 13:46:17.878  4179  6620 I MediaCodec: media_quality service unavailable, skipping updatePictureProfile
10-30 13:46:17.878  4179  6620 D CodecSeeding: Seed: codec c2.android.aac.encoder, mediatype audio/mp4a-latm, overrideable 1
10-30 13:46:17.878  4179  6620 D CodecProperties: setFeatureValue(multiple-frames,0)
10-30 13:46:17.878  4179  6620 D CodecProperties: setFeatureValue(_vq_eligible.device,1)
10-30 13:46:17.878  4179  6620 D CodecProperties: setFeatureValue(_quality.target,1)
10-30 13:46:17.878  4179  6620 D CodecSeeding: Seed: codec c2.android.aac.encoder, mediatype audio/mp4a-latm, overrideable 0
10-30 13:46:17.878  4179  6620 D MediaCodec: shapeMediaFormat: deltas(0): AMessage(what = 0x00000000) = {
10-30 13:46:17.878  4179  6620 D MediaCodec:   }
10-30 13:46:17.878  4179  6725 D CCodec  : [c2.android.aac.encoder] buffers are bound to CCodec for this session
10-30 13:46:17.878  4179  6725 D CCodecConfig: no c2 equivalents for flags
10-30 13:46:17.878  4179  6725 D CCodecConfig: no c2 equivalents for encoder
10-30 13:46:17.879  4179  6725 D CCodecConfig: c2 config diff is   c2::u32 coded.bitrate.value = 48000
10-30 13:46:17.879  4179  6725 D CCodecConfig:   c2::u32 coded.pl.profile = 8196
10-30 13:46:17.879  4179  6725 D CCodec  : encoding statistics level = 0
10-30 13:46:17.879  4179  6725 D CCodec  : setup formats input: AMessage(what = 0x00000000) = {
10-30 13:46:17.879  4179  6725 D CCodec  :   int32_t sample-rate = 44100
10-30 13:46:17.879  4179  6725 D CCodec  :   int32_t channel-count = 1
10-30 13:46:17.879  4179  6725 D CCodec  :   int32_t max-input-size = 2048
10-30 13:46:17.879  4179  6725 D CCodec  :   string mime = "audio/raw"
10-30 13:46:17.879  4179  6725 D CCodec  :   int32_t android._config-pcm-encoding = 2
10-30 13:46:17.879  4179  6725 D CCodec  : }
10-30 13:46:17.882  4179  6725 D CCodec  : setup formats output: AMessage(what = 0x00000000) = {
10-30 13:46:17.882  4179  6725 D CCodec  :   int32_t sample-rate = 44100
10-30 13:46:17.882  4179  6725 D CCodec  :   int32_t bitrate = 48000
10-30 13:46:17.882  4179  6725 D CCodec  :   int32_t buffer-batch-max-output-size = 0
10-30 13:46:17.882  4179  6725 D CCodec  :   int32_t buffer-batch-threshold-output-size = 0
10-30 13:46:17.882  4179  6725 D CCodec  :   int32_t channel-count = 1
10-30 13:46:17.882  4179  6725 D CCodec  :   int32_t level = 0
10-30 13:46:17.882  4179  6725 D CCodec  :   int32_t max-bitrate = 48000
10-30 13:46:17.882  4179  6725 D CCodec  :   string mime = "audio/mp4a-latm"
10-30 13:46:17.882  4179  6725 D CCodec  :   int32_t profile = 5
10-30 13:46:17.882  4179  6725 D CCodec  : }
10-30 13:46:17.882  4179  6725 I CCodecConfig: query failed after returning 10 values (BAD_INDEX)
10-30 13:46:17.894  4179  6725 D CCodecBufferChannel: [c2.android.aac.encoder#329] Created input block pool with allocatorID 16 => poolID 24 - OK (0)
10-30 13:46:17.896  4179  6725 I CCodecBufferChannel: [c2.android.aac.encoder#329] Created output block pool with allocatorID 16 => poolID 1606 - OK
10-30 13:46:17.896  4179  6725 D CCodecBufferChannel: [c2.android.aac.encoder#329] Configured output block pool ids 1606 => OK
10-30 13:46:17.898  1206 18274 E Codec2-ComponentInterface: We have a failed config
10-30 13:46:17.920  4179  5679 I CCodecBufferChannel: [c2.android.hevc.decoder#360] queueBuffer failed: 13
10-30 13:46:17.920  4179  5679 I MediaCodec: rendring output error 13
10-30 13:46:17.922  4179  5683 D CCodecBufferChannel: [c2.android.hevc.decoder#360] work failed to complete: 14
10-30 13:46:17.924  4179  5679 E MediaCodec: Codec reported err 0xe/14 (Unknown error -14), actionCode 0, while in state 6/STARTED
10-30 13:46:17.943   978 29261 I GCH_ZslSnapshotCaptureSession: Initialize: video sw denoise is enabled in GCH
10-30 13:46:17.946   978  2018 W Lyric   : stream_info_parser.cc:372: Camera Rear unknown stream: {type: Streaminfo, stream_id: 32774, camera_id: Rear, format: YCBCR_420_888, width: 1920, height: 1080, usage: [], stream_type: Output, use_case: Default, data_space: DataSpace(Custom)::Arbitrary, is_framework_physical_stream: 0, dynamic_range_profile: Standard, intended_for_max_resolution_mode: 0, group_id: -1, is_tunable: 1} does not fall in any known use case
10-30 13:46:17.946   978  2018 I Lyric   : stream_info_parser.cc:364: Camera Rear Preview stream: {type: Streaminfo, stream_id: 32768, camera_id: Rear, format: YCBCR_420_888, width: 1280, height: 720, usage: [HwTexture], stream_type: Output, use_case: Default, data_space: DataSpace(Color)::(Standard: BT709, Transfer: RGB, Range: Full), is_framework_physical_stream: 0, dynamic_range_profile: Standard, intended_for_max_resolution_mode: 0, group_id: -1, is_tunable: 1}
10-30 13:46:17.946   978  2018 W Lyric   : stream_info_parser.cc:372: Camera RearWide unknown stream: {type: Streaminfo, stream_id: 32775, camera_id: RearWide, format: YCBCR_420_888, width: 1920, height: 1080, usage: [], stream_type: Output, use_case: Default, data_space: DataSpace(Custom)::Arbitrary, is_framework_physical_stream: 0, dynamic_range_profile: Standard, intended_for_max_resolution_mode: 0, group_id: -1, is_tunable: 1} does not fall in any known use case
10-30 13:46:17.946   978  2018 I Lyric   : stream_info_parser.cc:364: Camera RearWide Preview stream: {type: Streaminfo, stream_id: 32769, camera_id: RearWide, format: YCBCR_420_888, width: 1280, height: 720, usage: [HwTexture], stream_type: Output, use_case: Default, data_space: DataSpace(Color)::(Standard: BT709, Transfer: RGB, Range: Full), is_framework_physical_stream: 0, dynamic_range_profile: Standard, intended_for_max_resolution_mode: 0, group_id: -1, is_tunable: 1}
10-30 13:46:17.946   978  2018 W Lyric   : stream_info_parser.cc:372: Camera RearVirtual unknown stream: {type: Streaminfo, stream_id: 32776, camera_id: RearVirtual, format: YCBCR_420_888, width: 1920, height: 1080, usage: [], stream_type: Output, use_case: Default, data_space: DataSpace(Custom)::Arbitrary, is_framework_physical_stream: 0, dynamic_range_profile: Standard, intended_for_max_resolution_mode: 0, group_id: -1, is_tunable: 1} does not fall in any known use case
10-30 13:46:17.946   978  2018 I Lyric   : stream_info_parser.cc:364: Camera RearVirtual Preview stream: {type: Streaminfo, stream_id: 32770, camera_id: RearVirtual, format: YCBCR_420_888, width: 1280, height: 720, usage: [HwTexture], stream_type: Output, use_case: Default, data_space: DataSpace(Color)::(Standard: BT709, Transfer: RGB, Range: Full), is_framework_physical_stream: 0, dynamic_range_profile: Standard, intended_for_max_resolution_mode: 0, group_id: -1, is_tunable: 1}
10-30 13:46:17.949   978  8800 I Lyric   : sensor_generic_driver.cc:1959: BOITATA GetModeIndex requirement {size = {width: 1920, height: 1080}, frame_rate_range = [15, 30], request_binning_mode = false, request_pd_stream = false, only_config_logical_cam_stream = true, camera_id = [<recursive>], require_full_fov = false, is_high_frame_rate = false, crop_margin = 0, is_sibling_camera_participating = true, sub_image_count = 1, is_face_auth = false, is_video_mode = false, is_high_resolution_mode = false, is_arkaroo_enabled = false, is_roshi_enabled = false, is_specific_aspect_ratio_video = false, require_exact_size = false, force_sensor_mode_index = -1, is_multi_cam_usecase = true, raw_stream_usecase = 0, is_high_resolution_standalone_mode = false} required aspect ratio 1.77778 pick_transition_mode 1 require exact size 0
10-30 13:46:17.949   978  2013 I Lyric   : sensor_generic_driver.cc:1959: SANDWORM GetModeIndex requirement {size = {width: 1920, height: 1080}, frame_rate_range = [15, 30], request_binning_mode = false, request_pd_stream = false, only_config_logical_cam_stream = true, camera_id = [<recursive>], require_full_fov = false, is_high_frame_rate = false, crop_margin = 0, is_sibling_camera_participating = false, sub_image_count = 1, is_face_auth = false, is_video_mode = false, is_high_resolution_mode = false, is_arkaroo_enabled = false, is_roshi_enabled = false, is_specific_aspect_ratio_video = false, require_exact_size = false, force_sensor_mode_index = -1, is_multi_cam_usecase = true, raw_stream_usecase = 0, is_high_resolution_standalone_mode = false} required aspect ratio 1.77778 pick_transition_mode 0 require exact size 0
10-30 13:46:17.949   978  8799 I Lyric   : sensor_generic_driver.cc:1959: BOITATARM GetModeIndex requirement {size = {width: 1920, height: 1080}, frame_rate_range = [15, 30], request_binning_mode = false, request_pd_stream = false, only_config_logical_cam_stream = true, camera_id = [<recursive>], require_full_fov = false, is_high_frame_rate = false, crop_margin = 0, is_sibling_camera_participating = true, sub_image_count = 1, is_face_auth = false, is_video_mode = false, is_high_resolution_mode = false, is_arkaroo_enabled = false, is_roshi_enabled = false, is_specific_aspect_ratio_video = false, require_exact_size = false, force_sensor_mode_index = -1, is_multi_cam_usecase = true, raw_stream_usecase = 0, is_high_resolution_standalone_mode = false} required aspect ratio 1.77778 pick_transition_mode 0 require exact size 0
10-30 13:46:17.950   978  8800 I Lyric   : eaf_node.cc:80: cam2_eaf: stream_id 32768, res 1280x720, pipeline_id 0, is_video_stream false
10-30 13:46:17.950   978  2013 I Lyric   : eaf_node.cc:80: cam3_eaf: stream_id 32769, res 1280x720, pipeline_id 0, is_video_stream false
10-30 13:46:17.950   978  8800 I Lyric   : zuma_isp_subgraph.cc:532: raw_to_yuv_for_snapshot_exceeding_video: Pipeline (ID: (instance_id: 881977), IPs: [ RawToYuv ], Max Outputs: 1, IPConnections: [ ], Usecase: Snapshot)
10-30 13:46:17.950   978  8800 I Lyric   : zuma_isp_subgraph.cc:539: video_mesh_warp: Pipeline (ID: (instance_id: 881980), IPs: [ MeshWarp ], Max Outputs: 1, IPConnections: [ ], Usecase: Video)
10-30 13:46:17.950   978  8800 I Lyric   : zuma_isp_subgraph.cc:541: mesh_warp_for_snapshot_exceeding_video: Pipeline (ID: (instance_id: 881981), IPs: [ MeshWarp ], Max Outputs: 1, IPConnections: [ ], Usecase: Snapshot)
10-30 13:46:17.950   978  8800 I Lyric   : zuma_isp_subgraph.cc:551: video_scaler: Pipeline (ID: (instance_id: 881985), IPs: [ Scaler ], Max Outputs: 0, IPConnections: [ ], Usecase: Video)
10-30 13:46:17.950   978  8800 I Lyric   : zuma_isp_subgraph.cc:553: scaler_for_snapshot_exceeding_video: Pipeline (ID: (instance_id: 881986), IPs: [ Scaler ], Max Outputs: 2, IPConnections: [ ], Usecase: Snapshot)
10-30 13:46:17.950   978  2013 I Lyric   : zuma_isp_subgraph.cc:532: raw_to_yuv_for_snapshot_exceeding_video: Pipeline (ID: (instance_id: 881995), IPs: [ RawToYuv ], Max Outputs: 1, IPConnections: [ ], Usecase: Snapshot)
10-30 13:46:17.950   978  2013 I Lyric   : zuma_isp_subgraph.cc:539: video_mesh_warp: Pipeline (ID: (instance_id: 881998), IPs: [ MeshWarp ], Max Outputs: 1, IPConnections: [ ], Usecase: Video)
10-30 13:46:17.950   978  2013 I Lyric   : zuma_isp_subgraph.cc:541: mesh_warp_for_snapshot_exceeding_video: Pipeline (ID: (instance_id: 881999), IPs: [ MeshWarp ], Max Outputs: 1, IPConnections: [ ], Usecase: Snapshot)
10-30 13:46:17.950   978  2013 I Lyric   : zuma_isp_subgraph.cc:551: video_scaler: Pipeline (ID: (instance_id: 882003), IPs: [ Scaler ], Max Outputs: 0, IPConnections: [ ], Usecase: Video)
10-30 13:46:17.950   978  8799 I Lyric   : eaf_node.cc:80: cam4_eaf: stream_id 32770, res 1280x720, pipeline_id 0, is_video_stream false
10-30 13:46:17.950   978  2013 I Lyric   : zuma_isp_subgraph.cc:553: scaler_for_snapshot_exceeding_video: Pipeline (ID: (instance_id: 882004), IPs: [ Scaler ], Max Outputs: 2, IPConnections: [ ], Usecase: Snapshot)
10-30 13:46:17.950   978  8799 I Lyric   : zuma_isp_subgraph.cc:532: raw_to_yuv_for_snapshot_exceeding_video: Pipeline (ID: (instance_id: 882013), IPs: [ RawToYuv ], Max Outputs: 1, IPConnections: [ ], Usecase: Snapshot)
10-30 13:46:17.950   978  8799 I Lyric   : zuma_isp_subgraph.cc:539: video_mesh_warp: Pipeline (ID: (instance_id: 882016), IPs: [ MeshWarp ], Max Outputs: 1, IPConnections: [ ], Usecase: Video)
10-30 13:46:17.950   978  8799 I Lyric   : zuma_isp_subgraph.cc:541: mesh_warp_for_snapshot_exceeding_video: Pipeline (ID: (instance_id: 882017), IPs: [ MeshWarp ], Max Outputs: 1, IPConnections: [ ], Usecase: Snapshot)
10-30 13:46:17.950   978  8799 I Lyric   : zuma_isp_subgraph.cc:551: video_scaler: Pipeline (ID: (instance_id: 882021), IPs: [ Scaler ], Max Outputs: 0, IPConnections: [ ], Usecase: Video)
10-30 13:46:17.950   978  8799 I Lyric   : zuma_isp_subgraph.cc:553: scaler_for_snapshot_exceeding_video: Pipeline (ID: (instance_id: 882022), IPs: [ Scaler ], Max Outputs: 2, IPConnections: [ ], Usecase: Snapshot)
10-30 13:46:17.951   978  8800 I Lyric   : whi_like_isp_back_end_core_subgraph.cc:933: RawToYuvNode for snapshot exceeding video is configured to output consumer type 2 fmt: HalImageFormat{ pixel_format = YCBCR_420_SPN_10B, stride_alignment = 64, num_buffers = 1 } for Rear
10-30 13:46:17.951   978  2013 I Lyric   : whi_like_isp_back_end_core_subgraph.cc:933: RawToYuvNode for snapshot exceeding video is configured to output consumer type 2 fmt: HalImageFormat{ pixel_format = YCBCR_420_SPN_10B, stride_alignment = 64, num_buffers = 1 } for RearWide
10-30 13:46:17.951   978  8799 I Lyric   : whi_like_isp_back_end_core_subgraph.cc:933: RawToYuvNode for snapshot exceeding video is configured to output consumer type 2 fmt: HalImageFormat{ pixel_format = YCBCR_420_SPN_10B, stride_alignment = 64, num_buffers = 1 } for RearVirtual
10-30 13:46:17.951   978  8800 I Lyric   : generic_subgraph.cc:3459: camera_id = 2; is_front_camera = 0; is_1p_camera_app = 0; video_call = 0
10-30 13:46:17.951   978  2013 I Lyric   : generic_subgraph.cc:3459: camera_id = 3; is_front_camera = 0; is_1p_camera_app = 0; video_call = 0
10-30 13:46:17.952   978  8799 I Lyric   : generic_subgraph.cc:3459: camera_id = 4; is_front_camera = 0; is_1p_camera_app = 0; video_call = 0
10-30 13:46:17.952  4179  6684 E MediaCodec: Invalid to call at Released state; only valid in Executing states
10-30 13:46:17.952  4179  6684 E sup:VideoDecoderBufferHandler: Video decoder enqueue video frame exception! Diagnostics 
10-30 13:46:17.952  4179  6684 E sup:VideoDecoderBufferHandler: java.lang.IllegalStateException: Invalid to call at Released state; only valid in Executing states
10-30 13:46:17.952  4179  6684 E sup:VideoDecoderBufferHandler: 
10-30 13:46:17.952  4179  6684 E sup:VideoDecoderBufferHandler: 	at android.media.MediaCodec.getBuffer(Native Method)
10-30 13:46:17.952  4179  6684 E sup:VideoDecoderBufferHandler: 	at android.media.MediaCodec.getInputBuffer(MediaCodec.java:4812)
10-30 13:46:17.952  4179  6684 E sup:VideoDecoderBufferHandler: 	at X.p0U.onInputBufferAvailable(:37)
10-30 13:46:17.952  4179  6684 E sup:VideoDecoderBufferHandler: 	at android.media.MediaCodec$EventHandler.handleCallback(MediaCodec.java:1946)
10-30 13:46:17.952  4179  6684 E sup:VideoDecoderBufferHandler: 	at android.media.MediaCodec$EventHandler.handleMessage(MediaCodec.java:1874)
10-30 13:46:17.952  4179  6684 E sup:VideoDecoderBufferHandler: 	at android.os.Handler.dispatchMessage(Handler.java:110)
10-30 13:46:17.952  4179  6684 E sup:VideoDecoderBufferHandler: 	at android.os.Looper.dispatchMessage(Looper.java:315)
10-30 13:46:17.952  4179  6684 E sup:VideoDecoderBufferHandler: 	at android.os.Looper.loopOnce(Looper.java:251)
10-30 13:46:17.952  4179  6684 E sup:VideoDecoderBufferHandler: 	at android.os.Looper.loop(Looper.java:349)
10-30 13:46:17.952  4179  6684 E sup:VideoDecoderBufferHandler: 	at android.os.HandlerThread.run(HandlerThread.java:100)
10-30 13:46:17.952  4179  5679 E MediaCodec: queueInputBuffer() is valid only at Executing states; currently at Released state
10-30 13:46:17.962   978  2018 I Lyric   : multicam_graph.cc:1366: number of video bokeh nodes connected to multicam routing node = 0
10-30 13:46:17.964   978  2018 I Lyric   : graph_configuration.cc:374: {type: Streaminfo, stream_id: 32773, camera_id: RearVirtual, format: BLOB, width: 1920, height: 1080, usage: [], stream_type: Output, use_case: Default, data_space: DataSpace(Color)::(Standard: BT601_625, Transfer: SMPTE_170M, Range: Full), is_framework_physical_stream: 0, dynamic_range_profile: Standard, intended_for_max_resolution_mode: 0, group_id: -1, is_tunable: 1}
10-30 13:46:17.964   978  2018 I Lyric   : graph_configuration.cc:374: {type: Streaminfo, stream_id: 32776, camera_id: RearVirtual, format: YCBCR_420_888, width: 1920, height: 1080, usage: [], stream_type: Output, use_case: Default, data_space: DataSpace(Custom)::Arbitrary, is_framework_physical_stream: 0, dynamic_range_profile: Standard, intended_for_max_resolution_mode: 0, group_id: -1, is_tunable: 1}
10-30 13:46:17.964   978  2018 I Lyric   : graph_configuration.cc:374: {type: Streaminfo, stream_id: 32772, camera_id: RearWide, format: BLOB, width: 1920, height: 1080, usage: [], stream_type: Output, use_case: Default, data_space: DataSpace(Color)::(Standard: BT601_625, Transfer: SMPTE_170M, Range: Full), is_framework_physical_stream: 0, dynamic_range_profile: Standard, intended_for_max_resolution_mode: 0, group_id: -1, is_tunable: 1}
10-30 13:46:17.964   978  2018 I Lyric   : graph_configuration.cc:374: {type: Streaminfo, stream_id: 32769, camera_id: RearWide, format: YCBCR_420_888, width: 1280, height: 720, usage: [HwTexture], stream_type: Output, use_case: Default, data_space: DataSpace(Color)::(Standard: BT709, Transfer: RGB, Range: Full), is_framework_physical_stream: 0, dynamic_range_profile: Standard, intended_for_max_resolution_mode: 0, group_id: -1, is_tunable: 1}
10-30 13:46:17.964   978  2018 I Lyric   : graph_configuration.cc:374: {type: Streaminfo, stream_id: 32775, camera_id: RearWide, format: YCBCR_420_888, width: 1920, height: 1080, usage: [], stream_type: Output, use_case: Default, data_space: DataSpace(Custom)::Arbitrary, is_framework_physical_stream: 0, dynamic_range_profile: Standard, intended_for_max_resolution_mode: 0, group_id: -1, is_tunable: 1}
10-30 13:46:17.964   978  2018 I Lyric   : graph_configuration.cc:374: {type: Streaminfo, stream_id: 32774, camera_id: Rear, format: YCBCR_420_888, width: 1920, height: 1080, usage: [], stream_type: Output, use_case: Default, data_space: DataSpace(Custom)::Arbitrary, is_framework_physical_stream: 0, dynamic_range_profile: Standard, intended_for_max_resolution_mode: 0, group_id: -1, is_tunable: 1}
10-30 13:46:17.964   978  2018 I Lyric   : graph_configuration.cc:374: {type: Streaminfo, stream_id: 32768, camera_id: Rear, format: YCBCR_420_888, width: 1280, height: 720, usage: [HwTexture], stream_type: Output, use_case: Default, data_space: DataSpace(Color)::(Standard: BT709, Transfer: RGB, Range: Full), is_framework_physical_stream: 0, dynamic_range_profile: Standard, intended_for_max_resolution_mode: 0, group_id: -1, is_tunable: 1}
10-30 13:46:17.964   978  2018 I Lyric   : graph_configuration.cc:374: {type: Streaminfo, stream_id: 32771, camera_id: Rear, format: BLOB, width: 1920, height: 1080, usage: [], stream_type: Output, use_case: Default, data_space: DataSpace(Color)::(Standard: BT601_625, Transfer: SMPTE_170M, Range: Full), is_framework_physical_stream: 0, dynamic_range_profile: Standard, intended_for_max_resolution_mode: 0, group_id: -1, is_tunable: 1}
10-30 13:46:17.964   978  2018 I Lyric   : graph_configuration.cc:374: {type: Streaminfo, stream_id: 32770, camera_id: RearVirtual, format: YCBCR_420_888, width: 1280, height: 720, usage: [HwTexture], stream_type: Output, use_case: Default, data_space: DataSpace(Color)::(Standard: BT709, Transfer: RGB, Range: Full), is_framework_physical_stream: 0, dynamic_range_profile: Standard, intended_for_max_resolution_mode: 0, group_id: -1, is_tunable: 1}
10-30 13:46:17.968   978 29261 I native  : I0000 00:00:1761846377.968165   29261 node_export.cc:193] CatNodeCreate(EspVideoNode) took 0.044067 ms
10-30 13:46:17.970   978  6745 I native  : I0000 00:00:1761846377.970373    6745 llv_manager.cc:193] LLV DIMENSION: 1280x720
10-30 13:46:17.978   978  6744 I native  : I0000 00:00:1761846377.978561    6744 brute_force_feature_matching.cc:49] Number of bins each image dimension is divided into: 5
10-30 13:46:17.980   978  6744 I native  : I0000 00:00:1761846377.980147    6744 brute_force_feature_matching.cc:49] Number of bins each image dimension is divided into: 5
10-30 13:46:17.982  1206  6726 W mediaswcodec: AIBinder_linkToDeath is being called with a non-null cookie and no onUnlink callback set. This might not be intended. AIBinder_DeathRecipient_setOnUnlinked should be called first.
10-30 13:46:17.985   978  6745 I native  : I0000 00:00:1761846377.985376    6745 noise_model.cc:372] Profile resolution 80 x 45
10-30 13:46:17.996   978  1465 I G3ACoordinator: ae_session_config_parser_lyric.cc:201: ispfe_raw_input_resolution [width:4080, height:3072]
10-30 13:46:17.996   978  8795 W G3ACoordinator: af_engine.cc:559: camera_name=RearNormal: Retain last focus states. Overwriting af_mode ContinuousVideo->Auto af_state Inactive->Inactive
10-30 13:46:18.006   978  1466 I G3ACoordinator: ae_session_config_parser_lyric.cc:201: ispfe_raw_input_resolution [width:4032, height:2272]
10-30 13:46:18.015   978  1466 I G3ACoordinator: ae_session_config_parser_lyric.cc:201: ispfe_raw_input_resolution [width:4080, height:3072]
10-30 13:46:18.111  4179  5679 D CCodecBufferChannel: [c2.android.hevc.decoder#360] MediaCodec discarded an unknown buffer
10-30 13:46:18.111  4179  5679 D CCodecBufferChannel: [c2.android.hevc.decoder#360] MediaCodec discarded an unknown buffer
10-30 13:46:18.111  4179  5679 D CCodecBufferChannel: [c2.android.hevc.decoder#360] MediaCodec discarded an unknown buffer
10-30 13:46:18.117  4179  5683 D CCodec  : allocate(c2.android.hevc.decoder)
10-30 13:46:18.117  4179  5683 I CCodec  : setting up 'default' as default (vendor) store
10-30 13:46:18.120  4179  5683 I CCodec  : Created component [c2.android.hevc.decoder] for [c2.android.hevc.decoder]
10-30 13:46:18.120  4179  5683 D CCodecConfig: read media type: video/hevc
10-30 13:46:18.125  4179  5683 D CCodecConfig: ignoring local param raw.size (0xd2001800) as it is already supported
10-30 13:46:18.125  4179  5683 D CCodecConfig: ignoring local param default.color (0x5200180b) as it is already supported
10-30 13:46:18.125  4179  5683 I CCodecConfig: query failed after returning 12 values (BAD_INDEX)
10-30 13:46:18.125  4179  5683 D CCodecConfig: c2 config diff is Dict {
10-30 13:46:18.125  4179  5683 D CCodecConfig:   c2::u32 coded.pl.level = 24584
10-30 13:46:18.125  4179  5683 D CCodecConfig:   c2::u32 coded.pl.profile = 24576
10-30 13:46:18.125  4179  5683 D CCodecConfig:   c2::u32 coded.vui.color.matrix = 0
10-30 13:46:18.125  4179  5683 D CCodecConfig:   c2::u32 coded.vui.color.primaries = 0
10-30 13:46:18.125  4179  5683 D CCodecConfig:   c2::u32 coded.vui.color.range = 2
10-30 13:46:18.125  4179  5683 D CCodecConfig:   c2::u32 coded.vui.color.transfer = 0
10-30 13:46:18.125  4179  5683 D CCodecConfig:   c2::u32 default.color.matrix = 0
10-30 13:46:18.125  4179  5683 D CCodecConfig:   c2::u32 default.color.primaries = 0
10-30 13:46:18.125  4179  5683 D CCodecConfig:   c2::u32 default.color.range = 0
10-30 13:46:18.125  4179  5683 D CCodecConfig:   c2::u32 default.color.transfer = 0
10-30 13:46:18.125  4179  5683 D CCodecConfig:   c2::u32 input.buffers.max-size.value = 2097152
10-30 13:46:18.125  4179  5683 D CCodecConfig:   c2::u32 input.delay.value = 0
10-30 13:46:18.125  4179  5683 D CCodecConfig:   string input.media-type.value = "video/hevc"
10-30 13:46:18.125  4179  5683 D CCodecConfig:   c2::u32 output.delay.value = 8
10-30 13:46:18.125  4179  5683 D CCodecConfig:   string output.media-type.value = "video/raw"
10-30 13:46:18.125  4179  5683 D CCodecConfig:   c2::u32 raw.color.matrix = 0
10-30 13:46:18.125  4179  5683 D CCodecConfig:   c2::u32 raw.color.primaries = 0
10-30 13:46:18.125  4179  5683 D CCodecConfig:   c2::u32 raw.color.range = 2
10-30 13:46:18.125  4179  5683 D CCodecConfig:   c2::u32 raw.color.transfer = 0
10-30 13:46:18.125  4179  5683 D CCodecConfig:   c2::u32 raw.max-size.height = 240
10-30 13:46:18.125  4179  5683 D CCodecConfig:   c2::u32 raw.max-size.width = 320
10-30 13:46:18.125  4179  5683 D CCodecConfig:   c2::u32 raw.pixel-format.value = 35
10-30 13:46:18.125  4179  5683 D CCodecConfig:   c2::i32 raw.rotation.flip = 0
10-30 13:46:18.125  4179  5683 D CCodecConfig:   c2::i32 raw.rotation.value = 0
10-30 13:46:18.125  4179  5683 D CCodecConfig:   c2::u32 raw.sar.height = 1
10-30 13:46:18.125  4179  5683 D CCodecConfig:   c2::u32 raw.sar.width = 1
10-30 13:46:18.125  4179  5683 D CCodecConfig:   c2::u32 raw.size.height = 240
10-30 13:46:18.125  4179  5683 D CCodecConfig:   c2::u32 raw.size.width = 320
10-30 13:46:18.125  4179  5683 D CCodecConfig:   c2
10-30 13:46:18.127  4179  6445 I MediaCodec: media_quality service unavailable, skipping updatePictureProfile
10-30 13:46:18.127  4179  5679 I MediaCodec: [c2.android.hevc.decoder] setting surface generation to 4279302
10-30 13:46:18.127  4179  5683 D CCodec  : [c2.android.hevc.decoder] buffers are bound to CCodec for this session
10-30 13:46:18.128  4179  5683 D CCodecConfig: no c2 equivalents for color-format
10-30 13:46:18.128  4179  5683 D CCodecConfig: no c2 equivalents for native-window
10-30 13:46:18.128  4179  5683 D CCodecConfig: no c2 equivalents for native-window-generation
10-30 13:46:18.128  4179  5683 D CCodecConfig: no c2 equivalents for flags
10-30 13:46:18.128  4179  5683 D CCodecConfig: c2 config diff is   c2::u32 raw.size.height = 1280
10-30 13:46:18.128  4179  5683 D CCodecConfig:   c2::u32 raw.size.width = 720
10-30 13:46:18.128  4179  5683 D CCodec  : encoding statistics level = 0
10-30 13:46:18.128  4179  5683 D CCodec  : setup formats input: AMessage(what = 0x00000000) = {
10-30 13:46:18.128  4179  5683 D CCodec  :   int32_t height = 1280
10-30 13:46:18.128  4179  5683 D CCodec  :   int32_t level = 65536
10-30 13:46:18.128  4179  5683 D CCodec  :   int32_t max-input-size = 2097152
10-30 13:46:18.128  4179  5683 D CCodec  :   string mime = "video/hevc"
10-30 13:46:18.128  4179  5683 D CCodec  :   int32_t profile = 1
10-30 13:46:18.128  4179  5683 D CCodec  :   int32_t width = 720
10-30 13:46:18.128  4179  5683 D CCodec  :   Rect crop(0, 0, 719, 1279)
10-30 13:46:18.128  4179  5683 D CCodec  : }
10-30 13:46:18.128  4179  5683 D CCodec  : setup formats output: AMessage(what = 0x00000000) = {
10-30 13:46:18.128  4179  5683 D CCodec  :   int32_t android._color-format = 2135033992
10-30 13:46:18.128  4179  5683 D CCodec  :   int32_t android._video-scaling = 1
10-30 13:46:18.128  4179  5683 D CCodec  :   int32_t rotation-degrees = 0
10-30 13:46:18.128  4179  5683 D CCodec  :   int32_t color-standard = 1
10-30 13:46:18.128  4179  5683 D CCodec  :   int32_t color-range = 2
10-30 13:46:18.128  4179  5683 D CCodec  :   int32_t color-transfer = 3
10-30 13:46:18.128  4179  5683 D CCodec  :   int32_t sar-height = 1
10-30 13:46:18.128  4179  5683 D CCodec  :   int32_t sar-width = 1
10-30 13:46:18.128  4179  5683 D CCodec  :   Rect crop(0, 0, 719, 1279)
10-30 13:46:18.128  4179  5683 D CCodec  :   int32_t width = 720
10-30 13:46:18.128  4179  5683 D CCodec  :   int32_t height = 1280
10-30 13:46:18.128  4179  5683 D CCodec  :   int32_t max-height = 240
10-30 13:46:18.128  4179  5683 D CCodec  :   int32_t max-width = 320
10-30 13:46:18.128  4179  5683 D CCodec  :   string mime = "video/raw"
10-30 13:46:18.128  4179  5683 D CCodec  :   int32_t android._dataspace = 260
10-30 13:46:18.128  4179  5683 D CCodec  :   int32_t color-format = 2135033992
10-30 13:46:18.128  4179  5683 D CCodec  : }
10-30 13:46:18.129  4179  5683 I CCodecConfig: query failed after returning 12 values (BAD_INDEX)
10-30 13:46:18.129  4179  5683 D CCodecConfig: c2 config diff is   c2::u32 raw.max-size.height = 1280
10-30 13:46:18.129  4179  5683 D CCodecConfig:   c2::u32 raw.max-size.width = 720
10-30 13:46:18.130  4179  5679 I MediaCodec: MediaCodec will operate in async mode
10-30 13:46:18.130  4179  6445 D MediaCodec: keep callback message for reclaim
10-30 13:46:18.132  4179  5683 D CCodecBufferChannel: [c2.android.hevc.decoder#360] Created input block pool with allocatorID 16 => poolID 25 - OK (0)
10-30 13:46:18.132  4179  5683 D CCodecBufferChannel: [c2.android.hevc.decoder#360] Query output surface allocator returned 0 params => BAD_INDEX (6)
10-30 13:46:18.132  4179  5683 D Codec2Client: GraphicBufferAllocator created
10-30 13:46:18.133  4179  5683 I CCodecBufferChannel: [c2.android.hevc.decoder#360] Created output block pool with allocatorID 18 => poolID 1607 - OK
10-30 13:46:18.133  4179  5683 D CCodecBufferChannel: [c2.android.hevc.decoder#360] Configured output block pool ids 1607 => OK
10-30 13:46:18.134  4179  5683 D Codec2Client: setOutputSurface -- failed to set consumer usage (6/BAD_INDEX)
10-30 13:46:18.134  4179  5683 D Codec2Client: setOutputSurface -- generation=4279302 consumer usage=0x900
10-30 13:46:18.141  4179  5683 D CCodecConfig: c2 config diff is   c2::u32 output.delay.value = 0
10-30 13:46:18.141  4179  5683 D CCodecConfig:   c2::u32 raw.size.height = 896
10-30 13:46:18.141  4179  5683 D CCodecConfig:   c2::u32 raw.size.width = 504
10-30 13:46:18.144  4179  5683 D CCodecConfig: c2 config diff is   c2::u32 raw.color.matrix = 1
10-30 13:46:18.144  4179  5683 D CCodecConfig:   c2::u32 raw.color.primaries = 1
10-30 13:46:18.144  4179  5683 D CCodecConfig:   c2::u32 raw.color.transfer = 3
10-30 13:46:18.144  4179  5683 D CCodecConfig:   c2::u32 raw.crop.height = 896
10-30 13:46:18.144  4179  5683 D CCodecConfig:   c2::u32 raw.crop.left = 0
10-30 13:46:18.144  4179  5683 D CCodecConfig:   c2::u32 raw.crop.top = 0
10-30 13:46:18.144  4179  5683 D CCodecConfig:   c2::u32 raw.crop.width = 504
