10-15 17:19:44.508  9430 21484 I CCodec  : setting up 'default' as default (vendor) store
10-15 17:19:44.514  1513 30624 E Hal2AidlMapper: [default] findOrCreateMixPortConfig: mix port for config AudioConfig{base: AudioConfigBase{sampleRate: 44100, channelMask: AudioChannelLayout{layoutMask: 1}, format: AudioFormatDescription{type: PCM, pcm: INT_16_BIT, encoding: }}, offloadInfo: AudioOffloadInfo{base: AudioConfigBase{sampleRate: 0, channelMask: AudioChannelLayout{none: 0}, format: AudioFormatDescription{type: DEFAULT, pcm: DEFAULT, encoding: }}, streamType: VOICE_CALL, bitRatePerSecond: 0, durationUs: 0, hasVideo: false, isStreaming: false, bitWidth: 16, offloadBufferSize: 0, usage: UNKNOWN, encapsulationMode: NONE, contentId: 0, syncId: 0}, frameCount: 0}, flags AudioIoFlags{input: 0} is not found
10-15 17:19:44.516  1513 30624 D Hal2AidlMapper: [default] prepareToOpenStreamHelper: returning suggested config for the stream: AudioConfig{base: AudioConfigBase{sampleRate: 48000, channelMask: AudioChannelLayout{layoutMask: 1}, format: AudioFormatDescription{type: PCM, pcm: INT_16_BIT, encoding: }}, offloadInfo: AudioOffloadInfo{base: AudioConfigBase{sampleRate: 0, channelMask: AudioChannelLayout{none: 0}, format: AudioFormatDescription{type: DEFAULT, pcm: DEFAULT, encoding: }}, streamType: VOICE_CALL, bitRatePerSecond: 0, durationUs: 0, hasVideo: false, isStreaming: false, bitWidth: 16, offloadBufferSize: 0, usage: UNKNOWN, encapsulationMode: NONE, contentId: 0, syncId: 0}, frameCount: 0}
10-15 17:19:44.517  1513 30624 D Hal2AidlMapper: [default] prepareToOpenStream: handle 0, mixPortHalId 0, device AudioDevice{type: AudioDeviceDescription{type: IN_DEFAULT, connection: }, address: AudioDeviceAddress{id: }}, flags AudioIoFlags{input: 0}, source DEFAULT, config AudioConfig{base: AudioConfigBase{sampleRate: 48000, channelMask: AudioChannelLayout{layoutMask: 1}, format: AudioFormatDescription{type: PCM, pcm: INT_16_BIT, encoding: }}, offloadInfo: AudioOffloadInfo{base: AudioConfigBase{sampleRate: 0, channelMask: AudioChannelLayout{none: 0}, format: AudioFormatDescription{type: DEFAULT, pcm: DEFAULT, encoding: }}, streamType: VOICE_CALL, bitRatePerSecond: 0, durationUs: 0, hasVideo: false, isStreaming: false, bitWidth: 16, offloadBufferSize: 0, usage: UNKNOWN, encapsulationMode: NONE, contentId: 0, syncId: 0}, frameCount: 0}, mixport config AudioPortConfig{id: 0, portId: 0, sampleRate: (null), channelMask: (null), format: (null), gain: (null), flags: (null), ext: AudioPortExt{unspecified: false}}
10-15 17:19:44.540  1513 30624 D Hal2AidlMapper: [default] prepareToOpenStream: handle 142, mixPortHalId 1001, device AudioDevice{type: AudioDeviceDescription{type: IN_MICROPHONE_BACK, connection: }, address: AudioDeviceAddress{id: back}}, flags AudioIoFlags{input: 0}, source CAMCORDER, config AudioConfig{base: AudioConfigBase{sampleRate: 48000, channelMask: AudioChannelLayout{layoutMask: 1}, format: AudioFormatDescription{type: PCM, pcm: INT_16_BIT, encoding: }}, offloadInfo: AudioOffloadInfo{base: AudioConfigBase{sampleRate: 0, channelMask: AudioChannelLayout{none: 0}, format: AudioFormatDescription{type: DEFAULT, pcm: DEFAULT, encoding: }}, streamType: VOICE_CALL, bitRatePerSecond: 0, durationUs: 0, hasVideo: false, isStreaming: false, bitWidth: 16, offloadBufferSize: 0, usage: UNKNOWN, encapsulationMode: NONE, contentId: 0, syncId: 0}, frameCount: 0}, mixport config AudioPortConfig{id: 0, portId: 0, sampleRate: (null), channelMask: (null), format: (null), gain: (null), flags: (null), ext: AudioPortExt{unspecified: false}}
10-15 17:19:44.545  9430 21484 I CCodec  : Created component [c2.exynos.h264.encoder] for [c2.exynos.h264.encoder]
10-15 17:19:44.545  9430 21484 D CCodecConfig: read media type: video/avc
10-15 17:19:44.551  1447  9590 I G3ACoordinator: af_state_machine.cc:256: camera_name=RearNormal: af_mode=ContinuousVideo, event=ScanStart, af_state=PassiveFocused->PassiveScan
10-15 17:19:44.567  9430 21484 D CCodecConfig: ignoring local param raw.color (0xc2001809) as it is already supported
10-15 17:19:44.570  9430 21484 I CCodecConfig: query failed after returning 21 values (BAD_INDEX)
10-15 17:19:44.570  9430 21484 D CCodecConfig: c2 config diff is Dict {
10-15 17:19:44.570  9430 21484 D CCodecConfig:   c2::u32 algo.bitrate-mode.value = 3
10-15 17:19:44.570  9430 21484 D CCodecConfig:   c2::u32 algo.encoding-quality-level.value = 0
10-15 17:19:44.570  9430 21484 D CCodecConfig:   c2::i32 algo.priority.value = 0
10-15 17:19:44.570  9430 21484 D CCodecConfig:   c2::float algo.rate.value = 0
10-15 17:19:44.570  9430 21484 D CCodecConfig:   c2::i32 coded.average-qp.value = 0
10-15 17:19:44.570  9430 21484 D CCodecConfig:   c2::u32 coded.bitrate-mode.value = 1
10-15 17:19:44.570  9430 21484 D CCodecConfig:   c2::u32 coded.bitrate.value = 64000
10-15 17:19:44.570  9430 21484 D CCodecConfig:   c2::float coded.frame-rate.value = 15
10-15 17:19:44.570  9430 21484 D CCodecConfig:   c2::u32 coded.hdr-format.value = 0
10-15 17:19:44.570  9430 21484 D CCodecConfig:   c2::u32 coded.picture-type.value = 0
10-15 17:19:44.570  9430 21484 D CCodecConfig:   c2::u32 coded.pl.level = 20480
10-15 17:19:44.570  9430 21484 D CCodecConfig:   c2::u32 coded.pl.profile = 20484
10-15 17:19:44.570  9430 21484 D CCodecConfig:   c2::u32 coding.intra-refresh.mode = 0
10-15 17:19:44.570  9430 21484 D CCodecConfig:   c2::float coding.intra-refresh.period = 0
10-15 17:19:44.570  9430 21484 D CCodecConfig:   c2::u32 coding.request-sync-frame.value = 0
10-15 17:19:44.570  9430 21484 D CCodecConfig:   c2::i64 coding.sync-frame-interval.value = 1000000
10-15 17:19:44.570  9430 21484 D CCodecConfig:   Buffer coding.temporal-layering = {
10-15 17:19:44.570  9430 21484 D CCodecConfig:     00000000:  10 00 00 00 07 20 01 52  00 00 00 00 00 00 00 00  ..... .R........
10-15 17:19:44.570  9430 21484 D CCodecConfig:   }
10-15 17:19:44.570  9430 21484 D CCodecConfig:   c2::u32 input.delay.value = 0
10-15 17:19:44.570  9430 21484 D CCodecConfig:   string input.media-type.value = "video/raw"
10-15 17:19:44.570  9430 21484 D CCodecConfig:   c2::u32 output.buffers.prepend-header.value = 0
10-15 17:19:44.570  9430 21484 D CCodecConfig:   string output.media-type.value = "video/avc"
10-15 17:19:44.570  9430 21484 D CCodecConfig:   c2::u32 raw.color.matrix = 0
10-15 17:19:44.570  9430 21484 D CCodecConfig:   c2::u32 raw.color.primaries = 0
10-15 17:19:44.570  9430 21484 D CCodecConfig:  
10-15 17:19:44.575  9430 21451 I MediaCodec: media_quality service unavailable, skipping updatePictureProfile
10-15 17:19:44.577  1441  1441 I ASvc::StreamIn: setMicrophoneFieldDimension (primary-capture) : zoom = 0
10-15 17:19:44.596  1441 21501 I AHal::GsCapture: UpdateMicrophoneFieldDimension: with zoom 0
10-15 17:19:44.596  1441 21501 I AHal::AocRecordTuning: WriteMicrophoneFieldDimension: 0 to value 0
10-15 17:19:44.609  9430 21451 D CodecSeeding: Seed: codec c2.exynos.h264.encoder, mediatype video/avc, overrideable 1
10-15 17:19:44.609  9430 21451 D CodecProperties: setTuningValue(vq-target-bpp,0)
10-15 17:19:44.609  9430 21451 D CodecProperties: setTuningValue(vq-target-bpp-1080p,1.90)
10-15 17:19:44.609  9430 21451 D CodecProperties: setTuningValue(vq-target-bpp-720p,2.25)
10-15 17:19:44.609  9430 21451 D CodecProperties: setTuningValue(vq-target-bpp-540p,2.65)
10-15 17:19:44.609  9430 21451 D CodecProperties: setTuningValue(vq-target-bpp-480p,3.00)
10-15 17:19:44.609  9430 21451 D CodecProperties: setTuningValue(vq-target-bpp-320x240,0)
10-15 17:19:44.609  9430 21451 D CodecProperties: setTuningValue(vq-target-qpmax,-1)
10-15 17:19:44.609  9430 21451 D CodecProperties: setTuningValue(vq-target-qpmax-1080p,45)
10-15 17:19:44.609  9430 21451 D CodecProperties: setTuningValue(vq-target-qpmax-720p,43)
10-15 17:19:44.609  9430 21451 D CodecProperties: setTuningValue(vq-target-qpmax-540p,42)
10-15 17:19:44.609  9430 21451 D CodecProperties: setTuningValue(vq-target-qpmax-480p,38)
10-15 17:19:44.609  9430 21451 D CodecProperties: setTuningValue(vq-bitrate-phaseout,1.75)
10-15 17:19:44.609  9430 21451 D CodecProperties: setTuningValue(vq-boost-missing-qp,0.20)
10-15 17:19:44.609  9430 21451 D CodecProperties: setFeatureValue(can-swap-width-height,1)
10-15 17:19:44.609  9430 21451 D CodecProperties: setFeatureValue(encoding-statistics,0)
10-15 17:19:44.609  9430 21451 D CodecProperties: setFeatureValue(qp-bounds,0)
10-15 17:19:44.609  9430 21451 D CodecProperties: setFeatureValue(vq-minimum-quality,0)
10-15 17:19:44.609  9430 21451 D CodecProperties: setFeatureValue(_vq_eligible.device,1)
10-15 17:19:44.609  9430 21451 D CodecProperties: setFeatureValue(_quality.target,1)
10-15 17:19:44.609  9430 21451 D CodecSeeding: Seed: codec c2.exynos.h264.encoder, mediatype video/avc, overrideable 0
10-15 17:19:44.609  9430 21451 D VQApply : minquality: codec claims to implement minquality=1
10-15 17:19:44.609  9430 21451 D MediaCodec: shapeMediaFormat: deltas(1): AMessage(what = 0x00000000) = {
10-15 17:19:44.609  9430 21451 D MediaCodec:     int32_t android._encoding-quality-level = 1
10-15 17:19:44.609  9430 21451 D MediaCodec:   }
10-15 17:19:44.610  9430 21484 D CCodec  : [c2.exynos.h264.encoder] buffers are bound to CCodec for this session
10-15 17:19:44.610  9430 21484 D CCodecConfig: no c2 equivalents for max-fps-to-encoder
10-15 17:19:44.610  9430 21484 D CCodecConfig: no c2 equivalents for color-format
10-15 17:19:44.610  9430 21484 D CCodecConfig: no c2 equivalents for flags
10-15 17:19:44.610  9430 21484 D CCodecConfig: no c2 equivalents for encoder
10-15 17:19:44.611  9430 21484 D CCodecConfig: c2 config diff is   c2::u32 algo.encoding-quality-level.value = 1
10-15 17:19:44.611  9430 21484 D CCodecConfig:   c2::u32 coded.bitrate.value = 1500000
10-15 17:19:44.611  9430 21484 D CCodecConfig:   c2::float coded.frame-rate.value = 30
10-15 17:19:44.611  9430 21484 D CCodecConfig:   c2::u32 coded.hdr-format.value = 1
10-15 17:19:44.611  9430 21484 D CCodecConfig:   c2::u32 coded.pl.level = 20489
10-15 17:19:44.611  9430 21484 D CCodecConfig:   c2::i64 coding.sync-frame-interval.value = 60000000
10-15 17:19:44.611  9430 21484 D CCodecConfig:   c2::u32 raw.size.height = 896
10-15 17:19:44.611  9430 21484 D CCodecConfig:   c2::u32 raw.size.width = 512
10-15 17:19:44.615  9430 21484 D CCodec  : encoding statistics level = 0
10-15 17:19:44.615  9430 21484 D CCodec  : setup formats input: AMessage(what = 0x00000000) = {
10-15 17:19:44.615  9430 21484 D CCodec  :   int32_t android._color-format = 2130708361
10-15 17:19:44.615  9430 21484 D CCodec  :   int32_t android._dataspace = 0
10-15 17:19:44.615  9430 21484 D CCodec  :   int32_t bitrate-mode = 1
10-15 17:19:44.615  9430 21484 D CCodec  :   int32_t frame-rate = 30
10-15 17:19:44.615  9430 21484 D CCodec  :   int32_t height = 896
10-15 17:19:44.615  9430 21484 D CCodec  :   int32_t intra-refresh-period = 0
10-15 17:19:44.615  9430 21484 D CCodec  :   string mime = "video/raw"
10-15 17:19:44.615  9430 21484 D CCodec  :   int32_t prepend-sps-pps-to-idr-frames = 0
10-15 17:19:44.615  9430 21484 D CCodec  :   int32_t priority = 0
10-15 17:19:44.615  9430 21484 D CCodec  :   int32_t video-qp-average = 0
10-15 17:19:44.615  9430 21484 D CCodec  :   int32_t width = 512
10-15 17:19:44.615  9430 21484 D CCodec  :   Rect crop(0, 0, 511, 895)
10-15 17:19:44.615  9430 21484 D CCodec  :   int64_t android._C2MemoryUsage = 1125899906908160
10-15 17:19:44.615  9430 21484 D CCodec  :   int32_t color-format = 2130708361
10-15 17:19:44.615  9430 21484 D CCodec  : }
10-15 17:19:44.615  9430 21484 D CCodec  : setup formats output: AMessage(what = 0x00000000) = {
10-15 17:19:44.615  9430 21484 D CCodec  :   int32_t bitrate = 1500000
10-15 17:19:44.615  9430 21484 D CCodec  :   int32_t bitrate-mode = 1
10-15 17:19:44.615  9430 21484 D CCodec  :   Rect crop(0, 0, 511, 895)
10-15 17:19:44.615  9430 21484 D CCodec  :   int32_t width = 512
10-15 17:19:44.615  9430 21484 D CCodec  :   int32_t color-standard = 0
10-15 17:19:44.615  9430 21484 D CCodec  :   int32_t color-range = 0
10-15 17:19:44.615  9430 21484 D CCodec  :   int32_t color-transfer = 0
10-15 17:19:44.615  9430 21484 D CCodec  :   int32_t frame-rate = 30
10-15 17:19:44.615  9430 21484 D CCodec  :   int32_t height = 896
10-15 17:19:44.615  9430 21484 D CCodec  :   int32_t intra-refresh-period = 0
10-15 17:19:44.615  9430 21484 D CCodec  :   int32_t level = 512
10-15 17:19:44.615  9430 21484 D CCodec  :   int32_t max-bitrate = 1500000
10-15 17:19:44.615  9430 21484 D CCodec  :   string mime = "video/avc"
10-15 17:19:44.615  9430 21484 D CCodec  :   int32_t prepend-sps-pps-to-idr-frames = 0
10-15 17:19:44.615  9430 21484 D CCodec  :   int32_t priority = 0
10-15 17:19:44.615  9430 21484 D CCodec  :   int32_t profile = 8
10-15 17:19:44.615  9430 21484 D CCodec  :   int32_t video-qp-average = 0
10-15 17:19:44.615  9430 21484 D CCodec  : }
10-15 17:19:44.615  9430 21484 I CCodecConfig: query failed after returning 22 values (BAD_INDEX)
10-15 17:19:44.617  9430 21484 D CCodec  : aidl based PersistentSurface created
10-15 17:19:44.620  9430 21484 D CCodec  : input format changed to AMessage(what = 0x00000000) = {
10-15 17:19:44.620  9430 21484 D CCodec  :   int32_t android._color-format = 2130708361
10-15 17:19:44.620  9430 21484 D CCodec  :   int32_t android._dataspace = 260
10-15 17:19:44.620  9430 21484 D CCodec  :   int32_t bitrate-mode = 1
10-15 17:19:44.620  9430 21484 D CCodec  :   int32_t frame-rate = 30
10-15 17:19:44.620  9430 21484 D CCodec  :   int32_t height = 896
10-15 17:19:44.620  9430 21484 D CCodec  :   int32_t intra-refresh-period = 0
10-15 17:19:44.620  9430 21484 D CCodec  :   string mime = "video/raw"
10-15 17:19:44.620  9430 21484 D CCodec  :   int32_t prepend-sps-pps-to-idr-frames = 0
10-15 17:19:44.620  9430 21484 D CCodec  :   int32_t priority = 0
10-15 17:19:44.620  9430 21484 D CCodec  :   int32_t video-qp-average = 0
10-15 17:19:44.620  9430 21484 D CCodec  :   int32_t width = 512
10-15 17:19:44.620  9430 21484 D CCodec  :   Rect crop(0, 0, 511, 895)
10-15 17:19:44.620  9430 21484 D CCodec  :   int64_t android._C2MemoryUsage = 1125899906908160
10-15 17:19:44.620  9430 21484 D CCodec  :   int32_t color-format = 2130708361
10-15 17:19:44.620  9430 21484 D CCodec  :   int32_t color-range = 2
10-15 17:19:44.620  9430 21484 D CCodec  :   int32_t color-standard = 1
10-15 17:19:44.620  9430 21484 D CCodec  :   int32_t color-transfer = 3
10-15 17:19:44.620  9430 21484 D CCodec  : }
10-15 17:19:44.622  9430 21484 D CCodec  : ISConfig maxFps=30
10-15 17:19:44.624  1484 21494 I ExynosC2H264EncComponent: Creating ECOServiceStatsProvider c2.exynos.h264.encoder video/avc
10-15 17:19:44.629  1484 21498 D libexynosv4l2: try node: /dev/video6
10-15 17:19:44.630  1484 21498 D libexynosv4l2: try node: /dev/video7
10-15 17:19:44.630  1484 21498 I libexynosv4l2: node found for device s5p-mfc-enc: /dev/video7
10-15 17:19:44.639  1484 21498 I libexynosv4l2: open video device /dev/video7
10-15 17:19:44.644  9430 21484 D CCodecBufferChannel: [c2.exynos.h264.encoder#812] Created input block pool with allocatorID 17 => poolID 26 - OK (0)
10-15 17:19:44.651  9430 21484 I CCodecBufferChannel: [c2.exynos.h264.encoder#812] Created output block pool with allocatorID 16 => poolID 27 - OK
10-15 17:19:44.651  9430 21484 D CCodecBufferChannel: [c2.exynos.h264.encoder#812] Configured output block pool ids 27 => OK
10-15 17:19:44.657  9430 21451 D MediaCodecList: codecHandlesFormat: no format, so no extra checks
10-15 17:19:44.658  9430 21526 D CCodec  : allocate(c2.android.aac.encoder)
10-15 17:19:44.659  9430 21526 I CCodec  : setting up 'default' as default (vendor) store
10-15 17:19:44.673  9430 21526 I CCodec  : Created component [c2.android.aac.encoder] for [c2.android.aac.encoder]
10-15 17:19:44.674  9430 21526 D CCodecConfig: read media type: audio/mp4a-latm
10-15 17:19:44.680  9430 21526 I CCodecConfig: query failed after returning 10 values (BAD_INDEX)
10-15 17:19:44.680  9430 21526 D CCodecConfig: c2 config diff is Dict {
10-15 17:19:44.680  9430 21526 D CCodecConfig:   c2::u32 coded.bitrate.value = 64000
10-15 17:19:44.680  9430 21526 D CCodecConfig:   c2::u32 coded.pl.level = 0
10-15 17:19:44.680  9430 21526 D CCodecConfig:   c2::u32 coded.pl.profile = 8192
10-15 17:19:44.680  9430 21526 D CCodecConfig:   c2::u32 coding.aac-sbr-mode.value = 3
10-15 17:19:44.680  9430 21526 D CCodecConfig:   c2::u32 input.buffers.max-size.value = 2048
10-15 17:19:44.680  9430 21526 D CCodecConfig:   c2::u32 input.delay.value = 0
10-15 17:19:44.680  9430 21526 D CCodecConfig:   string input.media-type.value = "audio/raw"
10-15 17:19:44.680  9430 21526 D CCodecConfig:   c2::u32 output.large-frame.max-size = 0
10-15 17:19:44.680  9430 21526 D CCodecConfig:   c2::u32 output.large-frame.threshold-size = 0
10-15 17:19:44.680  9430 21526 D CCodecConfig:   string output.media-type.value = "audio/mp4a-latm"
10-15 17:19:44.680  9430 21526 D CCodecConfig:   c2::u32 raw.channel-count.value = 1
10-15 17:19:44.680  9430 21526 D CCodecConfig:   c2::u32 raw.sample-rate.value = 44100
10-15 17:19:44.680  9430 21526 D CCodecConfig: }
10-15 17:19:44.682  9430 21451 I MediaCodec: media_quality service unavailable, skipping updatePictureProfile
10-15 17:19:44.682  9430 21451 D CodecSeeding: Seed: codec c2.android.aac.encoder, mediatype audio/mp4a-latm, overrideable 1
10-15 17:19:44.682  9430 21451 D CodecProperties: setFeatureValue(multiple-frames,0)
10-15 17:19:44.682  9430 21451 D CodecProperties: setFeatureValue(_vq_eligible.device,1)
10-15 17:19:44.682  9430 21451 D CodecProperties: setFeatureValue(_quality.target,1)
10-15 17:19:44.682  9430 21451 D CodecSeeding: Seed: codec c2.android.aac.encoder, mediatype audio/mp4a-latm, overrideable 0
10-15 17:19:44.682  9430 21451 D MediaCodec: shapeMediaFormat: deltas(0): AMessage(what = 0x00000000) = {
10-15 17:19:44.682  9430 21451 D MediaCodec:   }
10-15 17:19:44.682  9430 21526 D CCodec  : [c2.android.aac.encoder] buffers are bound to CCodec for this session
10-15 17:19:44.682  9430 21526 D CCodecConfig: no c2 equivalents for flags
10-15 17:19:44.682  9430 21526 D CCodecConfig: no c2 equivalents for encoder
10-15 17:19:44.683  9430 21526 D CCodecConfig: c2 config diff is   c2::u32 coded.bitrate.value = 48000
10-15 17:19:44.683  9430 21526 D CCodecConfig:   c2::u32 coded.pl.profile = 8196
10-15 17:19:44.683  9430 21526 D CCodec  : encoding statistics level = 0
10-15 17:19:44.683  9430 21526 D CCodec  : setup formats input: AMessage(what = 0x00000000) = {
10-15 17:19:44.683  9430 21526 D CCodec  :   int32_t sample-rate = 44100
10-15 17:19:44.683  9430 21526 D CCodec  :   int32_t channel-count = 1
10-15 17:19:44.683  9430 21526 D CCodec  :   int32_t max-input-size = 2048
10-15 17:19:44.683  9430 21526 D CCodec  :   string mime = "audio/raw"
10-15 17:19:44.683  9430 21526 D CCodec  :   int32_t android._config-pcm-encoding = 2
10-15 17:19:44.683  9430 21526 D CCodec  : }
10-15 17:19:44.683  9430 21526 D CCodec  : setup formats output: AMessage(what = 0x00000000) = {
10-15 17:19:44.683  9430 21526 D CCodec  :   int32_t sample-rate = 44100
10-15 17:19:44.683  9430 21526 D CCodec  :   int32_t bitrate = 48000
10-15 17:19:44.683  9430 21526 D CCodec  :   int32_t buffer-batch-max-output-size = 0
10-15 17:19:44.683  9430 21526 D CCodec  :   int32_t buffer-batch-threshold-output-size = 0
10-15 17:19:44.683  9430 21526 D CCodec  :   int32_t channel-count = 1
10-15 17:19:44.683  9430 21526 D CCodec  :   int32_t level = 0
10-15 17:19:44.683  9430 21526 D CCodec  :   int32_t max-bitrate = 48000
10-15 17:19:44.683  9430 21526 D CCodec  :   string mime = "audio/mp4a-latm"
10-15 17:19:44.683  9430 21526 D CCodec  :   int32_t profile = 5
10-15 17:19:44.683  9430 21526 D CCodec  : }
10-15 17:19:44.683  9430 21526 I CCodecConfig: query failed after returning 10 values (BAD_INDEX)
10-15 17:19:44.695  9430 21526 D CCodecBufferChannel: [c2.android.aac.encoder#664] Created input block pool with allocatorID 16 => poolID 27 - OK (0)
10-15 17:19:44.696  9430 21526 I CCodecBufferChannel: [c2.android.aac.encoder#664] Created output block pool with allocatorID 16 => poolID 249 - OK
10-15 17:19:44.697  9430 21526 D CCodecBufferChannel: [c2.android.aac.encoder#664] Configured output block pool ids 249 => OK
10-15 17:19:44.700  1664 20293 E Codec2-ComponentInterface: We have a failed config
10-15 17:19:44.766  1664 21529 W mediaswcodec: AIBinder_linkToDeath is being called with a non-null cookie and no onUnlink callback set. This might not be intended. AIBinder_DeathRecipient_setOnUnlinked should be called first.
10-15 17:19:44.832  1447 12524 I Lyric   : camera_powerhal_impl.cc:202: CancelPowerBoost CAMERA_VIDEO_RECORDING
10-15 17:19:44.883  1447 12525 I GCH_ZslSnapshotCaptureSession: Initialize: video sw denoise is enabled in GCH
10-15 17:19:44.889  1447  2487 I Lyric   : stream_info_parser.cc:364: Camera Rear Preview stream: {type: Streaminfo, stream_id: 32768, camera_id: Rear, format: YCBCR_420_888, width: 1280, height: 720, usage: [HwTexture], stream_type: Output, use_case: Default, data_space: DataSpace(Color)::(Standard: BT709, Transfer: RGB, Range: Full), is_framework_physical_stream: 0, dynamic_range_profile: Standard, intended_for_max_resolution_mode: 0, group_id: -1, is_tunable: 1}
10-15 17:19:44.889  1447  2487 W Lyric   : stream_info_parser.cc:372: Camera Rear unknown stream: {type: Streaminfo, stream_id: 32774, camera_id: Rear, format: YCBCR_420_888, width: 1920, height: 1080, usage: [], stream_type: Output, use_case: Default, data_space: DataSpace(Custom)::Arbitrary, is_framework_physical_stream: 0, dynamic_range_profile: Standard, intended_for_max_resolution_mode: 0, group_id: -1, is_tunable: 1} does not fall in any known use case
10-15 17:19:44.890  1447  2487 I Lyric   : stream_info_parser.cc:364: Camera RearWide Preview stream: {type: Streaminfo, stream_id: 32769, camera_id: RearWide, format: YCBCR_420_888, width: 1280, height: 720, usage: [HwTexture], stream_type: Output, use_case: Default, data_space: DataSpace(Color)::(Standard: BT709, Transfer: RGB, Range: Full), is_framework_physical_stream: 0, dynamic_range_profile: Standard, intended_for_max_resolution_mode: 0, group_id: -1, is_tunable: 1}
10-15 17:19:44.890  1447  2487 W Lyric   : stream_info_parser.cc:372: Camera RearWide unknown stream: {type: Streaminfo, stream_id: 32775, camera_id: RearWide, format: YCBCR_420_888, width: 1920, height: 1080, usage: [], stream_type: Output, use_case: Default, data_space: DataSpace(Custom)::Arbitrary, is_framework_physical_stream: 0, dynamic_range_profile: Standard, intended_for_max_resolution_mode: 0, group_id: -1, is_tunable: 1} does not fall in any known use case
10-15 17:19:44.890  1447  2487 I Lyric   : stream_info_parser.cc:364: Camera RearVirtual Preview stream: {type: Streaminfo, stream_id: 32770, camera_id: RearVirtual, format: YCBCR_420_888, width: 1280, height: 720, usage: [HwTexture], stream_type: Output, use_case: Default, data_space: DataSpace(Color)::(Standard: BT709, Transfer: RGB, Range: Full), is_framework_physical_stream: 0, dynamic_range_profile: Standard, intended_for_max_resolution_mode: 0, group_id: -1, is_tunable: 1}
10-15 17:19:44.890  1447  2487 W Lyric   : stream_info_parser.cc:372: Camera RearVirtual unknown stream: {type: Streaminfo, stream_id: 32776, camera_id: RearVirtual, format: YCBCR_420_888, width: 1920, height: 1080, usage: [], stream_type: Output, use_case: Default, data_space: DataSpace(Custom)::Arbitrary, is_framework_physical_stream: 0, dynamic_range_profile: Standard, intended_for_max_resolution_mode: 0, group_id: -1, is_tunable: 1} does not fall in any known use case
10-15 17:19:44.891  1447  9590 I Lyric   : sensor_generic_driver.cc:1959: BOITATA GetModeIndex requirement {size = {width: 1920, height: 1080}, frame_rate_range = [15, 30], request_binning_mode = false, request_pd_stream = false, only_config_logical_cam_stream = true, camera_id = [<recursive>], require_full_fov = false, is_high_frame_rate = false, crop_margin = 0, is_sibling_camera_participating = true, sub_image_count = 1, is_face_auth = false, is_video_mode = false, is_high_resolution_mode = false, is_arkaroo_enabled = false, is_roshi_enabled = false, is_specific_aspect_ratio_video = false, require_exact_size = false, force_sensor_mode_index = -1, is_multi_cam_usecase = true, raw_stream_usecase = 0, is_high_resolution_standalone_mode = false} required aspect ratio 1.77778 pick_transition_mode 1 require exact size 0
10-15 17:19:44.891  1447  9585 I Lyric   : sensor_generic_driver.cc:1959: BOITATARM GetModeIndex requirement {size = {width: 1920, height: 1080}, frame_rate_range = [15, 30], request_binning_mode = false, request_pd_stream = false, only_config_logical_cam_stream = true, camera_id = [<recursive>], require_full_fov = false, is_high_frame_rate = false, crop_margin = 0, is_sibling_camera_participating = true, sub_image_count = 1, is_face_auth = false, is_video_mode = false, is_high_resolution_mode = false, is_arkaroo_enabled = false, is_roshi_enabled = false, is_specific_aspect_ratio_video = false, require_exact_size = false, force_sensor_mode_index = -1, is_multi_cam_usecase = true, raw_stream_usecase = 0, is_high_resolution_standalone_mode = false} required aspect ratio 1.77778 pick_transition_mode 0 require exact size 0
10-15 17:19:44.891  1447  2485 I Lyric   : sensor_generic_driver.cc:1959: SANDWORM GetModeIndex requirement {size = {width: 1920, height: 1080}, frame_rate_range = [15, 30], request_binning_mode = false, request_pd_stream = false, only_config_logical_cam_stream = true, camera_id = [<recursive>], require_full_fov = false, is_high_frame_rate = false, crop_margin = 0, is_sibling_camera_participating = false, sub_image_count = 1, is_face_auth = false, is_video_mode = false, is_high_resolution_mode = false, is_arkaroo_enabled = false, is_roshi_enabled = false, is_specific_aspect_ratio_video = false, require_exact_size = false, force_sensor_mode_index = -1, is_multi_cam_usecase = true, raw_stream_usecase = 0, is_high_resolution_standalone_mode = false} required aspect ratio 1.77778 pick_transition_mode 0 require exact size 0
10-15 17:19:44.892  1447  9585 I Lyric   : eaf_node.cc:80: cam4_eaf: stream_id 32770, res 1280x720, pipeline_id 0, is_video_stream false
10-15 17:19:44.892  1447  9590 I Lyric   : eaf_node.cc:80: cam2_eaf: stream_id 32768, res 1280x720, pipeline_id 0, is_video_stream false
10-15 17:19:44.892  1447  2485 I Lyric   : eaf_node.cc:80: cam3_eaf: stream_id 32769, res 1280x720, pipeline_id 0, is_video_stream false
10-15 17:19:44.892  1447  9590 I Lyric   : zuma_isp_subgraph.cc:532: raw_to_yuv_for_snapshot_exceeding_video: Pipeline (ID: (instance_id: 10853), IPs: [ RawToYuv ], Max Outputs: 1, IPConnections: [ ], Usecase: Snapshot)
10-15 17:19:44.892  1447  9585 I Lyric   : zuma_isp_subgraph.cc:532: raw_to_yuv_for_snapshot_exceeding_video: Pipeline (ID: (instance_id: 10844), IPs: [ RawToYuv ], Max Outputs: 1, IPConnections: [ ], Usecase: Snapshot)
10-15 17:19:44.892  1447  9590 I Lyric   : zuma_isp_subgraph.cc:539: video_mesh_warp: Pipeline (ID: (instance_id: 10862), IPs: [ MeshWarp ], Max Outputs: 1, IPConnections: [ ], Usecase: Video)
10-15 17:19:44.892  1447  9585 I Lyric   : zuma_isp_subgraph.cc:539: video_mesh_warp: Pipeline (ID: (instance_id: 10847), IPs: [ MeshWarp ], Max Outputs: 1, IPConnections: [ ], Usecase: Video)
10-15 17:19:44.892  1447  9590 I Lyric   : zuma_isp_subgraph.cc:541: mesh_warp_for_snapshot_exceeding_video: Pipeline (ID: (instance_id: 10864), IPs: [ MeshWarp ], Max Outputs: 1, IPConnections: [ ], Usecase: Snapshot)
10-15 17:19:44.892  1447  9585 I Lyric   : zuma_isp_subgraph.cc:541: mesh_warp_for_snapshot_exceeding_video: Pipeline (ID: (instance_id: 10848), IPs: [ MeshWarp ], Max Outputs: 1, IPConnections: [ ], Usecase: Snapshot)
10-15 17:19:44.892  1447  9590 I Lyric   : zuma_isp_subgraph.cc:551: video_scaler: Pipeline (ID: (instance_id: 10869), IPs: [ Scaler ], Max Outputs: 0, IPConnections: [ ], Usecase: Video)
10-15 17:19:44.892  1447  9585 I Lyric   : zuma_isp_subgraph.cc:551: video_scaler: Pipeline (ID: (instance_id: 10854), IPs: [ Scaler ], Max Outputs: 0, IPConnections: [ ], Usecase: Video)
10-15 17:19:44.892  1447  9590 I Lyric   : zuma_isp_subgraph.cc:553: scaler_for_snapshot_exceeding_video: Pipeline (ID: (instance_id: 10870), IPs: [ Scaler ], Max Outputs: 2, IPConnections: [ ], Usecase: Snapshot)
10-15 17:19:44.892  1447  9585 I Lyric   : zuma_isp_subgraph.cc:553: scaler_for_snapshot_exceeding_video: Pipeline (ID: (instance_id: 10855), IPs: [ Scaler ], Max Outputs: 2, IPConnections: [ ], Usecase: Snapshot)
10-15 17:19:44.892  1447  2485 I Lyric   : zuma_isp_subgraph.cc:532: raw_to_yuv_for_snapshot_exceeding_video: Pipeline (ID: (instance_id: 10880), IPs: [ RawToYuv ], Max Outputs: 1, IPConnections: [ ], Usecase: Snapshot)
10-15 17:19:44.892  1447  2485 I Lyric   : zuma_isp_subgraph.cc:539: video_mesh_warp: Pipeline (ID: (instance_id: 10883), IPs: [ MeshWarp ], Max Outputs: 1, IPConnections: [ ], Usecase: Video)
10-15 17:19:44.892  1447  2485 I Lyric   : zuma_isp_subgraph.cc:541: mesh_warp_for_snapshot_exceeding_video: Pipeline (ID: (instance_id: 10884), IPs: [ MeshWarp ], Max Outputs: 1, IPConnections: [ ], Usecase: Snapshot)
10-15 17:19:44.892  1447  2485 I Lyric   : zuma_isp_subgraph.cc:551: video_scaler: Pipeline (ID: (instance_id: 10888), IPs: [ Scaler ], Max Outputs: 0, IPConnections: [ ], Usecase: Video)
10-15 17:19:44.892  1447  2485 I Lyric   : zuma_isp_subgraph.cc:553: scaler_for_snapshot_exceeding_video: Pipeline (ID: (instance_id: 10889), IPs: [ Scaler ], Max Outputs: 2, IPConnections: [ ], Usecase: Snapshot)
10-15 17:19:44.893  1447  2485 I Lyric   : whi_like_isp_back_end_core_subgraph.cc:933: RawToYuvNode for snapshot exceeding video is configured to output consumer type 2 fmt: HalImageFormat{ pixel_format = YCBCR_420_SPN_10B, stride_alignment = 64, num_buffers = 1 } for RearWide
10-15 17:19:44.893  1447  9590 I Lyric   : whi_like_isp_back_end_core_subgraph.cc:933: RawToYuvNode for snapshot exceeding video is configured to output consumer type 2 fmt: HalImageFormat{ pixel_format = YCBCR_420_SPN_10B, stride_alignment = 64, num_buffers = 1 } for Rear
10-15 17:19:44.893  1447  9585 I Lyric   : whi_like_isp_back_end_core_subgraph.cc:933: RawToYuvNode for snapshot exceeding video is configured to output consumer type 2 fmt: HalImageFormat{ pixel_format = YCBCR_420_SPN_10B, stride_alignment = 64, num_buffers = 1 } for RearVirtual
10-15 17:19:44.894  1447  9590 I Lyric   : generic_subgraph.cc:3459: camera_id = 2; is_front_camera = 0; is_1p_camera_app = 0; video_call = 0
10-15 17:19:44.894  1447  9585 I Lyric   : generic_subgraph.cc:3459: camera_id = 4; is_front_camera = 0; is_1p_camera_app = 0; video_call = 0
10-15 17:19:44.894  1447  2485 I Lyric   : generic_subgraph.cc:3459: camera_id = 3; is_front_camera = 0; is_1p_camera_app = 0; video_call = 0
10-15 17:19:44.905  1447  2487 I Lyric   : multicam_graph.cc:1366: number of video bokeh nodes connected to multicam routing node = 0
10-15 17:19:44.908  1447  2487 I Lyric   : graph_configuration.cc:374: {type: Streaminfo, stream_id: 32770, camera_id: RearVirtual, format: YCBCR_420_888, width: 1280, height: 720, usage: [HwTexture], stream_type: Output, use_case: Default, data_space: DataSpace(Color)::(Standard: BT709, Transfer: RGB, Range: Full), is_framework_physical_stream: 0, dynamic_range_profile: Standard, intended_for_max_resolution_mode: 0, group_id: -1, is_tunable: 1}
10-15 17:19:44.908  1447  2487 I Lyric   : graph_configuration.cc:374: {type: Streaminfo, stream_id: 32768, camera_id: Rear, format: YCBCR_420_888, width: 1280, height: 720, usage: [HwTexture], stream_type: Output, use_case: Default, data_space: DataSpace(Color)::(Standard: BT709, Transfer: RGB, Range: Full), is_framework_physical_stream: 0, dynamic_range_profile: Standard, intended_for_max_resolution_mode: 0, group_id: -1, is_tunable: 1}
10-15 17:19:44.908  1447  2487 I Lyric   : graph_configuration.cc:374: {type: Streaminfo, stream_id: 32775, camera_id: RearWide, format: YCBCR_420_888, width: 1920, height: 1080, usage: [], stream_type: Output, use_case: Default, data_space: DataSpace(Custom)::Arbitrary, is_framework_physical_stream: 0, dynamic_range_profile: Standard, intended_for_max_resolution_mode: 0, group_id: -1, is_tunable: 1}
10-15 17:19:44.908  1447  2487 I Lyric   : graph_configuration.cc:374: {type: Streaminfo, stream_id: 32769, camera_id: RearWide, format: YCBCR_420_888, width: 1280, height: 720, usage: [HwTexture], stream_type: Output, use_case: Default, data_space: DataSpace(Color)::(Standard: BT709, Transfer: RGB, Range: Full), is_framework_physical_stream: 0, dynamic_range_profile: Standard, intended_for_max_resolution_mode: 0, group_id: -1, is_tunable: 1}
10-15 17:19:44.908  1447  2487 I Lyric   : graph_configuration.cc:374: {type: Streaminfo, stream_id: 32772, camera_id: RearWide, format: BLOB, width: 1920, height: 1080, usage: [], stream_type: Output, use_case: Default, data_space: DataSpace(Color)::(Standard: BT601_625, Transfer: SMPTE_170M, Range: Full), is_framework_physical_stream: 0, dynamic_range_profile: Standard, intended_for_max_resolution_mode: 0, group_id: -1, is_tunable: 1}
10-15 17:19:44.908  1447  2487 I Lyric   : graph_configuration.cc:374: {type: Streaminfo, stream_id: 32771, camera_id: Rear, format: BLOB, width: 1920, height: 1080, usage: [], stream_type: Output, use_case: Default, data_space: DataSpace(Color)::(Standard: BT601_625, Transfer: SMPTE_170M, Range: Full), is_framework_physical_stream: 0, dynamic_range_profile: Standard, intended_for_max_resolution_mode: 0, group_id: -1, is_tunable: 1}
10-15 17:19:44.908  1447  2487 I Lyric   : graph_configuration.cc:374: {type: Streaminfo, stream_id: 32774, camera_id: Rear, format: YCBCR_420_888, width: 1920, height: 1080, usage: [], stream_type: Output, use_case: Default, data_space: DataSpace(Custom)::Arbitrary, is_framework_physical_stream: 0, dynamic_range_profile: Standard, intended_for_max_resolution_mode: 0, group_id: -1, is_tunable: 1}
10-15 17:19:44.908  1447  2487 I Lyric   : graph_configuration.cc:374: {type: Streaminfo, stream_id: 32773, camera_id: RearVirtual, format: BLOB, width: 1920, height: 1080, usage: [], stream_type: Output, use_case: Default, data_space: DataSpace(Color)::(Standard: BT601_625, Transfer: SMPTE_170M, Range: Full), is_framework_physical_stream: 0, dynamic_range_profile: Standard, intended_for_max_resolution_mode: 0, group_id: -1, is_tunable: 1}
10-15 17:19:44.908  1447  2487 I Lyric   : graph_configuration.cc:374: {type: Streaminfo, stream_id: 32776, camera_id: RearVirtual, format: YCBCR_420_888, width: 1920, height: 1080, usage: [], stream_type: Output, use_case: Default, data_space: DataSpace(Custom)::Arbitrary, is_framework_physical_stream: 0, dynamic_range_profile: Standard, intended_for_max_resolution_mode: 0, group_id: -1, is_tunable: 1}
10-15 17:19:44.909  3179 21329 W AsyncOperation: OperationException[Status{statusCode=Operation failed with an execution exception!, resolution=null}]
10-15 17:19:44.911  1447 12525 I native  : I0000 00:00:1760563184.911874   12525 node_export.cc:193] CatNodeCreate(EspVideoNode) took 0.076619 ms
10-15 17:19:44.913  1447 21569 I native  : I0000 00:00:1760563184.913659   21569 llv_manager.cc:193] LLV DIMENSION: 1280x720
10-15 17:19:44.918  1447 21569 I native  : I0000 00:00:1760563184.918217   21569 noise_model.cc:372] Profile resolution 80 x 45
10-15 17:19:44.920  1447 21566 I native  : I0000 00:00:1760563184.920447   21566 brute_force_feature_matching.cc:49] Number of bins each image dimension is divided into: 5
10-15 17:19:44.921  1447 21566 I native  : I0000 00:00:1760563184.921844   21566 brute_force_feature_matching.cc:49] Number of bins each image dimension is divided into: 5
10-15 17:19:44.924  3179 21329 W AsyncOperation: OperationException[Status{statusCode=Operation failed with an execution exception!, resolution=null}]
10-15 17:19:44.930  3179 21329 W AsyncOperation: OperationException[Status{statusCode=Operation failed with an execution exception!, resolution=null}]
10-15 17:19:44.940  1447  1911 I G3ACoordinator: ae_session_config_parser_lyric.cc:201: ispfe_raw_input_resolution [width:4080, height:3072]
10-15 17:19:44.942  1447  9588 W G3ACoordinator: af_engine.cc:559: camera_name=RearNormal: Retain last focus states. Overwriting af_mode ContinuousVideo->Auto af_state Inactive->Inactive
10-15 17:19:44.947  1447  1909 I G3ACoordinator: ae_session_config_parser_lyric.cc:201: ispfe_raw_input_resolution [width:4080, height:3072]
10-15 17:19:44.958  1447  1909 I G3ACoordinator: ae_session_config_parser_lyric.cc:201: ispfe_raw_input_resolution [width:4032, height:2272]
10-15 17:19:44.977  3179 21329 W AsyncOperation: OperationException[Status{statusCode=Operation failed with an execution exception!, resolution=null}]
10-15 17:19:44.988  3179 21329 W AsyncOperation: OperationException[Status{statusCode=Operation failed with an execution exception!, resolution=null}]
10-15 17:19:44.993  3179 21329 W AsyncOperation: OperationException[Status{statusCode=Operation failed with an execution exception!, resolution=null}]
10-15 17:19:45.083  1447  2489 I Lyric   : scaler_node.cc:1017: The 0th output HalPixelFormat for cam2_preview_scaler YCBCR_420_888 resolution: 1280x720
10-15 17:19:45.083  1447  2489 I Lyric   : scaler_node.cc:1017: The 1th output HalPixelFormat for cam2_preview_scaler YCBCR_420_888 resolution: 1920x1080
10-15 17:19:45.090  1447  2489 E native  : E0000 00:00:1760563185.090330    2489 llv_node.cc:1311] Dimension is not expected! width = 1280, height = 720, stride_pixels = 1280, stride_bytes = 1280, width_uv = 640, height_uv = 360, stride_uv_pixels = 640, stride_uv_bytes = 1280
10-15 17:19:45.106  1484 21498 V ExynosVideoOSAL: Codec_OSAL_SetControls: QP[0] range (5 / 50)
10-15 17:19:45.106  1484 21498 V ExynosVideoOSAL: Codec_OSAL_SetControls: QP[1] range (5 / 50)
10-15 17:19:45.106  1484 21498 V ExynosVideoOSAL: Codec_OSAL_SetControls: QP[2] range (5 / 50)
10-15 17:19:45.106  1484 21508 V ExynosVideoOSAL: Codec_OSAL_SetControls: QP[0] range (5 / 50)
10-15 17:19:45.106  1484 21508 V ExynosVideoOSAL: Codec_OSAL_SetControls: QP[1] range (5 / 50)
10-15 17:19:45.106  1484 21508 V ExynosVideoOSAL: Codec_OSAL_SetControls: QP[2] range (5 / 50)
10-15 17:19:45.117  9430 21484 D CCodecConfig: c2 config diff is   Buffer coded.init-data.value = {
10-15 17:19:45.117  9430 21484 D CCodecConfig:     00000000:  00 00 00 01 67 64 00 1f  ac b4 04 00 e3 4d 40 40  ....gd.......M@@
10-15 17:19:45.117  9430 21484 D CCodecConfig:     00000010:  40 41 e2 85 54 00 00 00  01 68 ee 0d 8b           @A..T....h...
10-15 17:19:45.227  1447  9590 I G3ACoordinator: af_engine.cc:773: Cam[2], AF tuning filename: gaf_rear_normal_video_record
10-15 17:19:47.156  9430 21483 D CCodec  : ISConfig not changed
10-15 17:19:48.001  1447  9582 I GAF     : gaf_core_impl.cc:874: 89 calls in 3 sec(s): RearNormalframework ReqId[91]: sensor_soe_timestamp_ns 82034592222022 cPos-->nextPos[290-->281] maxPos 324 vcm_dac  458 status kScanning   state kCoarseScan   fMode kAutoActive        opMode kVideo        searchType kMain         ROI kDefault       | id[0](1714,1209, 652, 654), attribute: 0, is_boh:0 eye_roi 0 crop_window (   0,   0,4080,3072) inFaceCnt 0 ScType kGAfFocusTypeNormal    depth_metric_type kMainPd       pd_tPos 263 pd_conf  477.00 PdSourceType(pdIn,pdOut,cnt) (kLow ,kLow ,0) tof_tPos 216 tof_confLvl 0.92 tof_isConf 1 tof_GD 0 gyro 0.98 roi_motion kLarge   ledAssist 0 aecSettled 0 luxI 374.78 expI 374.78 g 21.54 et 33.45 bv -1.35 light kGAfTLightNormal  exposureValue 0.09 TF 0 SC 0 ST 0 [roi(0,1) depth(0,1) motion(1,0) 3a(1,0) fv(0,1) peer(0,1)] fv 7277.36 bUpRoi 1 bUpBAF 1 bUpPD 1 FVCmpEn 1 FVCmpRe 0 zPlusCropWin(   0,   0,4080,3072) zPlusRatios(1.00, 1.00)
10-15 17:19:49.236  9430 21483 D CCodec  : ISConfig not changed
10-15 17:19:51.022  1447  9590 I GAF     : gaf_core_impl.cc:874: 90 calls in 3 sec(s): RearNormalframework ReqId[181]: sensor_soe_timestamp_ns 82037613820802 cPos-->nextPos[261-->261] maxPos 324 vcm_dac  765 status kFocused    state kMonitor      fMode kAutoActive        opMode kVideo        searchType kMain         ROI kDefault       | id[0](1714,1209, 652, 654), attribute: 0, is_boh:0 eye_roi 0 crop_window (   0,   0,4080,3072) inFaceCnt 0 ScType kGAfFocusTypeNormal    depth_metric_type kMainPd       pd_tPos 260 pd_conf  656.00 PdSourceType(pdIn,pdOut,cnt) (kLow ,kLow ,0) tof_tPos 251 tof_confLvl 0.77 tof_isConf 1 tof_GD 0 gyro 0.11 roi_motion kSmall   ledAssist 0 aecSettled 0 luxI 369.67 expI 369.67 g 25.29 et 33.53 bv -1.13 light kGAfTLightNormal  exposureValue 0.00 TF 0 SC 0 ST 1 [roi(0,1) depth(0,1) motion(0,1) 3a(0,1) fv(0,1) peer(0,1)] fv 9400.96 bUpRoi 1 bUpBAF 1 bUpPD 1 FVCmpEn 0 FVCmpRe 0 zPlusCropWin(   0,   0,4080,3072) zPlusRatios(1.00, 1.00)
10-15 17:19:51.319  9430 21483 D CCodec  : ISConfig not changed
10-15 17:19:53.402  9430 21483 D CCodec  : ISConfig not changed
10-15 17:19:53.578  3179 21329 W AsyncOperation: OperationException[Status{statusCode=Operation failed with an execution exception!, resolution=null}]
10-15 17:19:53.603  3179 21329 W AsyncOperation: OperationException[Status{statusCode=Operation failed with an execution exception!, resolution=null}]
10-15 17:19:53.619  3179 21329 W AsyncOperation: OperationException[Status{statusCode=Operation failed with an execution exception!, resolution=null}]
10-15 17:19:54.012  1447  9588 I GAF     : gaf_core_impl.cc:874: 89 calls in 3 sec(s): RearNormalframework ReqId[270]: sensor_soe_timestamp_ns 82040603004680 cPos-->nextPos[276-->277] maxPos 324 vcm_dac  601 status kScanning   state kCoarseScan   fMode kAutoActive        opMode kVideo        searchType kMain         ROI kDefault       | id[0](1714,1209, 652, 654), attribute: 0, is_boh:0 eye_roi 0 crop_window (   0,   0,4080,3072) inFaceCnt 0 ScType kGAfFocusTypeNormal    depth_metric_type kMainPd       pd_tPos 279 pd_conf  477.00 PdSourceType(pdIn,pdOut,cnt) (kLow ,kLow ,0) tof_tPos 248 tof_confLvl 0.80 tof_isConf 1 tof_GD 0 gyro 0.38 roi_motion kSmall   ledAssist 0 aecSettled 0 luxI 366.17 expI 366.17 g 24.27 et 33.53 bv -0.98 light kGAfTLightNormal  exposureValue -0.07 TF 0 SC 0 ST 0 [roi(0,1) depth(0,1) motion(1,0) 3a(0,0) fv(0,1) peer(0,1)] fv 4954.08 bUpRoi 1 bUpBAF 1 bUpPD 1 FVCmpEn 1 FVCmpRe 0 zPlusCropWin(   0,   0,4080,3072) zPlusRatios(1.00, 1.00)
10-15 17:19:55.523  9430 21483 D CCodec  : ISConfig not changed
10-15 17:19:57.020  1447  9590 I GAF     : gaf_core_impl.cc:874: 90 calls in 3 sec(s): RearNormalframework ReqId[360]: sensor_soe_timestamp_ns 82043619905579 cPos-->nextPos[265-->265] maxPos 324 vcm_dac  711 status kScanning   state kCoarseScan   fMode kAutoActive        opMode kVideo        searchType kMain         ROI kDefault       | id[0](1714,1209, 652, 654), attribute: 0, is_boh:0 eye_roi 0 crop_window (   0,   0,4080,3072) inFaceCnt 0 ScType kGAfFocusTypeNormal    depth_metric_type kTimeOfFlight pd_tPos 263 pd_conf   86.00 PdSourceType(pdIn,pdOut,cnt) (kLow ,kLow ,0) tof_tPos 183 tof_confLvl 0.90 tof_isConf 1 tof_GD 0 gyro 1.94 roi_motion kLarge   ledAssist 0 aecSettled 0 luxI 309.51 expI 309.51 g 4.48 et 24.28 bv 1.44 light kGAfTLightNormal  exposureValue 0.08 TF 0 SC 0 ST 0 [roi(0,1) depth(1,1) motion(1,0) 3a(1,0) fv(0,1) peer(0,1)] fv 1932.56 bUpRoi 1 bUpBAF 1 bUpPD 1 FVCmpEn 1 FVCmpRe 0 zPlusCropWin(   0,   0,4080,3072) zPlusRatios(1.00, 1.00)
10-15 17:19:57.568  9430 21483 D CCodec  : ISConfig not changed
10-15 17:19:59.641  9430 21483 D CCodec  : ISConfig not changed
10-15 17:20:00.019  1447  9588 I GAF     : gaf_core_impl.cc:874: 90 calls in 3 sec(s): RearNormalframework ReqId[450]: sensor_soe_timestamp_ns 82046613069503 cPos-->nextPos[273-->274] maxPos 324 vcm_dac  639 status kScanning   state kCoarseScan   fMode kAutoActive        opMode kVideo        searchType kMain         ROI kDefault       | id[0](1714,1209, 652, 654), attribute: 0, is_boh:0 eye_roi 0 crop_window (   0,   0,4080,3072) inFaceCnt 0 ScType kGAfFocusTypeNormal    depth_metric_type kMainPd       pd_tPos 274 pd_conf  540.00 PdSourceType(pdIn,pdOut,cnt) (kLow ,kLow ,0) tof_tPos 255 tof_confLvl 0.68 tof_isConf 1 tof_GD 0 gyro 0.25 roi_motion kSmall   ledAssist 0 aecSettled 0 luxI 348.92 expI 348.92 g 5.40 et 31.21 bv -0.24 light kGAfTLightNormal  exposureValue 0.29 TF 0 SC 0 ST 0 [roi(0,1) depth(0,1) motion(1,0) 3a(0,0) fv(0,1) peer(0,1)] fv 2118.13 bUpRoi 1 bUpBAF 1 bUpPD 1 FVCmpEn 1 FVCmpRe 0 zPlusCropWin(   0,   0,4080,3072) zPlusRatios(1.00, 1.00)
10-15 17:20:01.751  9430 21483 D CCodec  : ISConfig not changed
10-15 17:20:03.020  1447  9588 I GAF     : gaf_core_impl.cc:874: 90 calls in 3 sec(s): RearNormalframework ReqId[540]: sensor_soe_timestamp_ns 82049629307731 cPos-->nextPos[ 85--> 84] maxPos 324 vcm_dac 2639 status kScanning   state kCoarseScan   fMode kAutoActive        opMode kVideo        searchType kMain         ROI kDefault       | id[0](1714,1209, 652, 654), attribute: 0, is_boh:0 eye_roi 0 crop_window (   0,   0,4080,3072) inFaceCnt 0 ScType kGAfFocusTypeNormal    depth_metric_type kMainPd       pd_tPos  84 pd_conf  586.00 PdSourceType(pdIn,pdOut,cnt) (kLow ,kLow ,0) tof_tPos 100 tof_confLvl 0.97 tof_isConf 1 tof_GD 0 gyro 0.66 roi_motion kLarge   ledAssist 0 aecSettled 0 luxI 307.18 expI 307.18 g 6.81 et 15.03 bv 1.54 light kGAfTLightNormal  exposureValue -0.07 TF 0 SC 0 ST 0 [roi(0,1) depth(0,1) motion(0,0) 3a(1,0) fv(0,1) peer(0,1)] fv 2901.95 bUpRoi 1 bUpBAF 1 bUpPD 1 FVCmpEn 1 FVCmpRe 0 zPlusCropWin(   0,   0,4080,3072) zPlusRatios(1.00, 1.00)
10-15 17:20:03.579  3179 21329 W AsyncOperation: OperationException[Status{statusCode=Operation failed with an execution exception!, resolution=null}]
10-15 17:20:03.616  3179 21329 W AsyncOperation: OperationException[Status{statusCode=Operation failed with an execution exception!, resolution=null}]
10-15 17:20:03.633  3179 21329 W AsyncOperation: OperationException[Status{statusCode=Operation failed with an execution exception!, resolution=null}]
10-15 17:20:03.843  9430 21483 D CCodec  : ISConfig not changed
10-15 17:20:05.992  9430 21483 D CCodec  : ISConfig not changed
10-15 17:20:06.019  1447  9590 I GAF     : gaf_core_impl.cc:874: 90 calls in 3 sec(s): RearNormalframework ReqId[630]: sensor_soe_timestamp_ns 82052627139998 cPos-->nextPos[126-->129] maxPos 324 vcm_dac 2188 status kScanning   state kCoarseScan   fMode kAutoActive        opMode kVideo        searchType kTimeOfFlight ROI kDefault       | id[0](1714,1209, 652, 654), attribute: 0, is_boh:0 eye_roi 0 crop_window (   0,   0,4080,3072) inFaceCnt 0 ScType kGAfFocusTypeNormal    depth_metric_type kMainPd       pd_tPos 290 pd_conf  415.00 PdSourceType(pdIn,pdOut,cnt) (kLow ,kLow ,0) tof_tPos 132 tof_confLvl 0.92 tof_isConf 1 tof_GD 0 gyro 0.49 roi_motion kSmall   ledAssist 0 aecSettled 0 luxI 303.40 expI 303.40 g 6.52 et 17.34 bv 1.70 light kGAfTLightNormal  exposureValue 0.12 TF 0 SC 0 ST 0 [roi(0,1) depth(0,0) motion(0,0) 3a(1,1) fv(0,1) peer(0,1)] fv 8946.67 bUpRoi 1 bUpBAF 1 bUpPD 1 FVCmpEn 1 FVCmpRe 0 zPlusCropWin(   0,   0,4080,3072) zPlusRatios(1.00, 1.00)
10-15 17:20:06.518  9430  9622 E msys    : E[N mns]_OnDiskCacheGetData(632)=>Start post callback cache refresh DNS resolution
10-15 17:20:08.071  9430 21483 D CCodec  : ISConfig not changed
10-15 17:20:09.020  1447  9588 I GAF     : gaf_core_impl.cc:874: 90 calls in 3 sec(s): RearNormalframework ReqId[720]: sensor_soe_timestamp_ns 82055614900226 cPos-->nextPos[129-->129] maxPos 324 vcm_dac 2172 status kFocused    state kMonitor      fMode kAutoActive        opMode kVideo        searchType kTimeOfFlight ROI kDefault       | id[0](1714,1209, 652, 654), attribute: 0, is_boh:0 eye_roi 0 crop_window (   0,   0,4080,3072) inFaceCnt 0 ScType kGAfFocusTypeNormal    depth_metric_type kTimeOfFlight pd_tPos 129 pd_conf  166.00 PdSourceType(pdIn,pdOut,cnt) (kLow ,kLow ,0) tof_tPos 122 tof_confLvl 0.95 tof_isConf 1 tof_GD 0 gyro 0.11 roi_motion kSmall   ledAssist 0 aecSettled 0 luxI 299.71 expI 299.71 g 3.69 et 29.95 bv 1.85 light kGAfTLightNormal  exposureValue -0.04 TF 0 SC 0 ST 1 [roi(0,1) depth(0,1) motion(0,1) 3a(0,1) fv(0,1) peer(0,1)] fv 6265.60 bUpRoi 1 bUpBAF 1 bUpPD 1 FVCmpEn 0 FVCmpRe 0 zPlusCropWin(   0,   0,4080,3072) zPlusRatios(1.00, 1.00)
10-15 17:20:10.137  9430 21483 D CCodec  : ISConfig not changed
10-15 17:20:12.020  1447  9590 I GAF     : gaf_core_impl.cc:874: 90 calls in 3 sec(s): RearNormalframework ReqId[810]: sensor_soe_timestamp_ns 82058621907153 cPos-->nextPos[270-->270] maxPos 324 vcm_dac  671 status kFocused    state kMonitor      fMode kAutoActive        opMode kVideo        searchType kMain         ROI kDefault       | id[0](1714,1209, 652, 654), attribute: 0, is_boh:0 eye_roi 0 crop_window (   0,   0,4080,3072) inFaceCnt 0 ScType kGAfFocusTypeNormal    depth_metric_type kMainPd       pd_tPos 269 pd_conf  577.00 PdSourceType(pdIn,pdOut,cnt) (kLow ,kLow ,0) tof_tPos 254 tof_confLvl 0.71 tof_isConf 1 tof_GD 0 gyro 0.66 roi_motion kLarge   ledAssist 0 aecSettled 0 luxI 314.79 expI 314.79 g 5.46 et 21.89 bv 1.21 light kGAfTLightNormal  exposureValue -0.03 TF 0 SC 0 ST 0 [roi(0,1) depth(0,1) motion(0,0) 3a(1,0) fv(0,1) peer(0,1)] fv 1914.08 bUpRoi 1 bUpBAF 1 bUpPD 1 FVCmpEn 0 FVCmpRe 0 zPlusCropWin(   0,   0,4080,3072) zPlusRatios(1.00, 1.00)
10-15 17:20:12.086  3179 21639 W AsyncOperation: OperationException[Status{statusCode=Operation failed with an execution exception!, resolution=null}]
10-15 17:20:12.115  3179 21639 W AsyncOperation: OperationException[Status{statusCode=Operation failed with an execution exception!, resolution=null}]
10-15 17:20:12.255  9430 21483 D CCodec  : ISConfig not changed
10-15 17:20:13.582  3179 21639 W AsyncOperation: OperationException[Status{statusCode=Operation failed with an execution exception!, resolution=null}]
