11-03 16:34:44.221 25608  7455 D CCodecBufferChannel: [c2.android.hevc.decoder#629] MediaCodec discarded an unknown buffer
11-03 16:34:44.221 25608  7455 D CCodecBufferChannel: [c2.android.hevc.decoder#629] MediaCodec discarded an unknown buffer
11-03 16:34:44.222 25608  7455 D CCodecBufferChannel: [c2.android.hevc.decoder#629] MediaCodec discarded an unknown buffer
11-03 16:34:44.222 25608  7455 D CCodecBufferChannel: [c2.android.hevc.decoder#629] MediaCodec discarded an unknown buffer
11-03 16:34:44.222 25608  7455 D CCodecBufferChannel: [c2.android.hevc.decoder#629] MediaCodec discarded an unknown buffer
11-03 16:34:44.222 25608  7455 D CCodecBufferChannel: [c2.android.hevc.decoder#629] MediaCodec discarded an unknown buffer
11-03 16:34:44.222 25608  7455 D CCodecBufferChannel: [c2.android.hevc.decoder#629] MediaCodec discarded an unknown buffer
11-03 16:34:44.230 25608  7501 E MediaCodec: Invalid to call during release(); only valid in Executing states
11-03 16:34:44.231 25608  7501 E sup:VideoDecoderBufferHandler: Video decoder enqueue video frame exception! Diagnostics 
11-03 16:34:44.231 25608  7501 E sup:VideoDecoderBufferHandler: java.lang.IllegalStateException: Invalid to call during release(); only valid in Executing states
11-03 16:34:44.231 25608  7501 E sup:VideoDecoderBufferHandler: 
11-03 16:34:44.231 25608  7501 E sup:VideoDecoderBufferHandler: 	at android.media.MediaCodec.getBuffer(Native Method)
11-03 16:34:44.231 25608  7501 E sup:VideoDecoderBufferHandler: 	at android.media.MediaCodec.getInputBuffer(MediaCodec.java:4812)
11-03 16:34:44.231 25608  7501 E sup:VideoDecoderBufferHandler: 	at X.p0U.onInputBufferAvailable(:37)
11-03 16:34:44.231 25608  7501 E sup:VideoDecoderBufferHandler: 	at android.media.MediaCodec$EventHandler.handleCallback(MediaCodec.java:1946)
11-03 16:34:44.231 25608  7501 E sup:VideoDecoderBufferHandler: 	at android.media.MediaCodec$EventHandler.handleMessage(MediaCodec.java:1874)
11-03 16:34:44.231 25608  7501 E sup:VideoDecoderBufferHandler: 	at android.os.Handler.dispatchMessage(Handler.java:110)
11-03 16:34:44.231 25608  7501 E sup:VideoDecoderBufferHandler: 	at android.os.Looper.dispatchMessage(Looper.java:315)
11-03 16:34:44.231 25608  7501 E sup:VideoDecoderBufferHandler: 	at android.os.Looper.loopOnce(Looper.java:251)
11-03 16:34:44.231 25608  7501 E sup:VideoDecoderBufferHandler: 	at android.os.Looper.loop(Looper.java:349)
11-03 16:34:44.231 25608  7501 E sup:VideoDecoderBufferHandler: 	at android.os.HandlerThread.run(HandlerThread.java:100)
11-03 16:34:44.235 25608  7455 E MediaCodec: queueInputBuffer() is valid only at Executing states; currently at Released state
11-03 16:34:44.238 25608  7456 D CCodec  : allocate(c2.android.hevc.decoder)
11-03 16:34:44.243 25608  7456 I CCodec  : setting up 'default' as default (vendor) store
11-03 16:34:44.254 25608  7456 I CCodec  : Created component [c2.android.hevc.decoder] for [c2.android.hevc.decoder]
11-03 16:34:44.254 25608  7456 D CCodecConfig: read media type: video/hevc
11-03 16:34:44.263 25608  7456 D CCodecConfig: ignoring local param raw.size (0xd2001800) as it is already supported
11-03 16:34:44.263 25608  7456 D CCodecConfig: ignoring local param default.color (0x5200180b) as it is already supported
11-03 16:34:44.265 25608  7456 I CCodecConfig: query failed after returning 12 values (BAD_INDEX)
11-03 16:34:44.265 25608  7456 D CCodecConfig: c2 config diff is Dict {
11-03 16:34:44.265 25608  7456 D CCodecConfig:   c2::u32 coded.pl.level = 24584
11-03 16:34:44.265 25608  7456 D CCodecConfig:   c2::u32 coded.pl.profile = 24576
11-03 16:34:44.265 25608  7456 D CCodecConfig:   c2::u32 coded.vui.color.matrix = 0
11-03 16:34:44.265 25608  7456 D CCodecConfig:   c2::u32 coded.vui.color.primaries = 0
11-03 16:34:44.265 25608  7456 D CCodecConfig:   c2::u32 coded.vui.color.range = 2
11-03 16:34:44.265 25608  7456 D CCodecConfig:   c2::u32 coded.vui.color.transfer = 0
11-03 16:34:44.265 25608  7456 D CCodecConfig:   c2::u32 default.color.matrix = 0
11-03 16:34:44.265 25608  7456 D CCodecConfig:   c2::u32 default.color.primaries = 0
11-03 16:34:44.265 25608  7456 D CCodecConfig:   c2::u32 default.color.range = 0
11-03 16:34:44.265 25608  7456 D CCodecConfig:   c2::u32 default.color.transfer = 0
11-03 16:34:44.265 25608  7456 D CCodecConfig:   c2::u32 input.buffers.max-size.value = 2097152
11-03 16:34:44.265 25608  7456 D CCodecConfig:   c2::u32 input.delay.value = 0
11-03 16:34:44.265 25608  7456 D CCodecConfig:   string input.media-type.value = "video/hevc"
11-03 16:34:44.265 25608  7456 D CCodecConfig:   c2::u32 output.delay.value = 8
11-03 16:34:44.265 25608  7456 D CCodecConfig:   string output.media-type.value = "video/raw"
11-03 16:34:44.265 25608  7456 D CCodecConfig:   c2::u32 raw.color.matrix = 0
11-03 16:34:44.265 25608  7456 D CCodecConfig:   c2::u32 raw.color.primaries = 0
11-03 16:34:44.265 25608  7456 D CCodecConfig:   c2::u32 raw.color.range = 2
11-03 16:34:44.265 25608  7456 D CCodecConfig:   c2::u32 raw.color.transfer = 0
11-03 16:34:44.265 25608  7456 D CCodecConfig:   c2::u32 raw.max-size.height = 240
11-03 16:34:44.265 25608  7456 D CCodecConfig:   c2::u32 raw.max-size.width = 320
11-03 16:34:44.265 25608  7456 D CCodecConfig:   c2::u32 raw.pixel-format.value = 35
11-03 16:34:44.265 25608  7456 D CCodecConfig:   c2::i32 raw.rotation.flip = 0
11-03 16:34:44.265 25608  7456 D CCodecConfig:   c2::i32 raw.rotation.value = 0
11-03 16:34:44.265 25608  7456 D CCodecConfig:   c2::u32 raw.sar.height = 1
11-03 16:34:44.265 25608  7456 D CCodecConfig:   c2::u32 raw.sar.width = 1
11-03 16:34:44.265 25608  7456 D CCodecConfig:   c2::u32 raw.size.height = 240
11-03 16:34:44.265 25608  7456 D CCodecConfig:   c2::u32 raw.size.width = 320
11-03 16:34:44.265 25608  7456 D CCodecConfig:   c2
11-03 16:34:44.267 25608  7453 I MediaCodec: media_quality service unavailable, skipping updatePictureProfile
11-03 16:34:44.268 25608  7455 I MediaCodec: [c2.android.hevc.decoder] setting surface generation to 26222595
11-03 16:34:44.268 25608  7456 D CCodec  : [c2.android.hevc.decoder] buffers are bound to CCodec for this session
11-03 16:34:44.268 25608  7456 D CCodecConfig: no c2 equivalents for color-format
11-03 16:34:44.268 25608  7456 D CCodecConfig: no c2 equivalents for native-window
11-03 16:34:44.268 25608  7456 D CCodecConfig: no c2 equivalents for native-window-generation
11-03 16:34:44.268 25608  7456 D CCodecConfig: no c2 equivalents for flags
11-03 16:34:44.270 25608  7456 D CCodecConfig: c2 config diff is   c2::u32 raw.size.height = 1280
11-03 16:34:44.270 25608  7456 D CCodecConfig:   c2::u32 raw.size.width = 720
11-03 16:34:44.270 25608  7456 D CCodec  : encoding statistics level = 0
11-03 16:34:44.270 25608  7456 D CCodec  : setup formats input: AMessage(what = 0x00000000) = {
11-03 16:34:44.270 25608  7456 D CCodec  :   int32_t height = 1280
11-03 16:34:44.270 25608  7456 D CCodec  :   int32_t level = 65536
11-03 16:34:44.270 25608  7456 D CCodec  :   int32_t max-input-size = 2097152
11-03 16:34:44.270 25608  7456 D CCodec  :   string mime = "video/hevc"
11-03 16:34:44.270 25608  7456 D CCodec  :   int32_t profile = 1
11-03 16:34:44.270 25608  7456 D CCodec  :   int32_t width = 720
11-03 16:34:44.270 25608  7456 D CCodec  :   Rect crop(0, 0, 719, 1279)
11-03 16:34:44.270 25608  7456 D CCodec  : }
11-03 16:34:44.271 25608  7456 D CCodec  : setup formats output: AMessage(what = 0x00000000) = {
11-03 16:34:44.271 25608  7456 D CCodec  :   int32_t android._color-format = 2135033992
11-03 16:34:44.271 25608  7456 D CCodec  :   int32_t android._video-scaling = 1
11-03 16:34:44.271 25608  7456 D CCodec  :   int32_t rotation-degrees = 0
11-03 16:34:44.271 25608  7456 D CCodec  :   int32_t color-standard = 1
11-03 16:34:44.271 25608  7456 D CCodec  :   int32_t color-range = 2
11-03 16:34:44.271 25608  7456 D CCodec  :   int32_t color-transfer = 3
11-03 16:34:44.271 25608  7456 D CCodec  :   int32_t sar-height = 1
11-03 16:34:44.271 25608  7456 D CCodec  :   int32_t sar-width = 1
11-03 16:34:44.271 25608  7456 D CCodec  :   Rect crop(0, 0, 719, 1279)
11-03 16:34:44.271 25608  7456 D CCodec  :   int32_t width = 720
11-03 16:34:44.271 25608  7456 D CCodec  :   int32_t height = 1280
11-03 16:34:44.271 25608  7456 D CCodec  :   int32_t max-height = 240
11-03 16:34:44.271 25608  7456 D CCodec  :   int32_t max-width = 320
11-03 16:34:44.271 25608  7456 D CCodec  :   string mime = "video/raw"
11-03 16:34:44.271 25608  7456 D CCodec  :   int32_t android._dataspace = 260
11-03 16:34:44.271 25608  7456 D CCodec  :   int32_t color-format = 2135033992
11-03 16:34:44.271 25608  7456 D CCodec  : }
11-03 16:34:44.271 25608  7456 I CCodecConfig: query failed after returning 12 values (BAD_INDEX)
11-03 16:34:44.271 25608  7456 D CCodecConfig: c2 config diff is   c2::u32 raw.max-size.height = 1280
11-03 16:34:44.271 25608  7456 D CCodecConfig:   c2::u32 raw.max-size.width = 720
11-03 16:34:44.275 25608  7453 E sup:MediaCodecDecoder: Video Decoder activation exception!
11-03 16:34:44.275 25608  7453 E sup:MediaCodecDecoder: java.lang.NullPointerException: Attempt to read from field 'android.os.MessageQueue android.os.Looper.mQueue' on a null object reference in method 'void android.os.Handler.<init>(android.os.Looper, android.os.Handler$Callback, boolean, boolean)'
11-03 16:34:44.275 25608  7453 E sup:MediaCodecDecoder: 	at android.os.Handler.<init>(Handler.java:268)
11-03 16:34:44.275 25608  7453 E sup:MediaCodecDecoder: 	at android.os.Handler.<init>(Handler.java:261)
11-03 16:34:44.275 25608  7453 E sup:MediaCodecDecoder: 	at android.os.Handler.<init>(Handler.java:166)
11-03 16:34:44.275 25608  7453 E sup:MediaCodecDecoder: 	at X.p5r.A08(:325)
11-03 16:34:44.275 25608  7453 E sup:MediaCodecDecoder: 	at X.p5r.A08(:121)
11-03 16:34:44.275 25608  7453 E sup:MediaCodecDecoder: 	at X.p01.invoke(:6116283)
11-03 16:34:44.275 25608  7453 E sup:MediaCodecDecoder: 	at X.p6p.invoke(:6117389)
11-03 16:34:44.275 25608  7453 E sup:MediaCodecDecoder: 	at X.p0d.A0D(:0)
11-03 16:34:44.275 25608  7453 E sup:MediaCodecDecoder: 	at X.p6p.invoke(:6117994)
11-03 16:34:44.275 25608  7453 E sup:MediaCodecDecoder: 	at X.p0f.A07(:22)
11-03 16:34:44.275 25608  7453 E sup:MediaCodecDecoder: 	at X.ozz.invoke(:6116118)
11-03 16:34:44.275 25608  7453 E sup:MediaCodecDecoder: 	at com.facebook.wearable.datax.LocalChannel.handleReceived(:16)
11-03 16:34:44.275 25608  7453 E sup:MediaCodecDecoder: 	at com.facebook.wearable.datax.Connection.onReceivedNative(Native Method)
11-03 16:34:44.275 25608  7453 E sup:MediaCodecDecoder: 	at com.facebook.wearable.datax.Connection.onReceivedWithInterrupt(:32)
11-03 16:34:44.275 25608  7453 E sup:MediaCodecDecoder: 	at X.Ycb.invoke(:435)
11-03 16:34:44.275 25608  7453 E sup:MediaCodecDecoder: 	at X.VpL.run(:281)
11-03 16:34:44.275 25608  7453 E sup:MediaCodecDecoder: 	at java.util.concurrent.ThreadPoolExecutor.runWorker(ThreadPoolExecutor.java:1156)
11-03 16:34:44.275 25608  7453 E sup:MediaCodecDecoder: 	at java.util.concurrent.ThreadPoolExecutor$Worker.run(ThreadPoolExecutor.java:651)
11-03 16:34:44.275 25608  7453 E sup:MediaCodecDecoder: 	at java.lang.Thread.run(Thread.java:1119)
11-03 16:34:46.631 25608  7456 D CCodec  : allocate(c2.android.hevc.decoder)
11-03 16:34:46.637 25608  7456 I CCodec  : setting up 'default' as default (vendor) store
11-03 16:34:46.651 25608  7456 I CCodec  : Created component [c2.android.hevc.decoder] for [c2.android.hevc.decoder]
11-03 16:34:46.652 25608  7456 D CCodecConfig: read media type: video/hevc
11-03 16:34:46.669 25608  7456 D CCodecConfig: ignoring local param raw.size (0xd2001800) as it is already supported
11-03 16:34:46.670 25608  7456 D CCodecConfig: ignoring local param default.color (0x5200180b) as it is already supported
11-03 16:34:46.672 25608  7456 I CCodecConfig: query failed after returning 12 values (BAD_INDEX)
11-03 16:34:46.672 25608  7456 D CCodecConfig: c2 config diff is Dict {
11-03 16:34:46.672 25608  7456 D CCodecConfig:   c2::u32 coded.pl.level = 24584
11-03 16:34:46.672 25608  7456 D CCodecConfig:   c2::u32 coded.pl.profile = 24576
11-03 16:34:46.672 25608  7456 D CCodecConfig:   c2::u32 coded.vui.color.matrix = 0
11-03 16:34:46.672 25608  7456 D CCodecConfig:   c2::u32 coded.vui.color.primaries = 0
11-03 16:34:46.672 25608  7456 D CCodecConfig:   c2::u32 coded.vui.color.range = 2
11-03 16:34:46.672 25608  7456 D CCodecConfig:   c2::u32 coded.vui.color.transfer = 0
11-03 16:34:46.672 25608  7456 D CCodecConfig:   c2::u32 default.color.matrix = 0
11-03 16:34:46.672 25608  7456 D CCodecConfig:   c2::u32 default.color.primaries = 0
11-03 16:34:46.672 25608  7456 D CCodecConfig:   c2::u32 default.color.range = 0
11-03 16:34:46.672 25608  7456 D CCodecConfig:   c2::u32 default.color.transfer = 0
11-03 16:34:46.672 25608  7456 D CCodecConfig:   c2::u32 input.buffers.max-size.value = 2097152
11-03 16:34:46.672 25608  7456 D CCodecConfig:   c2::u32 input.delay.value = 0
11-03 16:34:46.672 25608  7456 D CCodecConfig:   string input.media-type.value = "video/hevc"
11-03 16:34:46.672 25608  7456 D CCodecConfig:   c2::u32 output.delay.value = 8
11-03 16:34:46.672 25608  7456 D CCodecConfig:   string output.media-type.value = "video/raw"
11-03 16:34:46.672 25608  7456 D CCodecConfig:   c2::u32 raw.color.matrix = 0
11-03 16:34:46.672 25608  7456 D CCodecConfig:   c2::u32 raw.color.primaries = 0
11-03 16:34:46.672 25608  7456 D CCodecConfig:   c2::u32 raw.color.range = 2
11-03 16:34:46.672 25608  7456 D CCodecConfig:   c2::u32 raw.color.transfer = 0
11-03 16:34:46.672 25608  7456 D CCodecConfig:   c2::u32 raw.max-size.height = 240
11-03 16:34:46.672 25608  7456 D CCodecConfig:   c2::u32 raw.max-size.width = 320
11-03 16:34:46.672 25608  7456 D CCodecConfig:   c2::u32 raw.pixel-format.value = 35
11-03 16:34:46.672 25608  7456 D CCodecConfig:   c2::i32 raw.rotation.flip = 0
11-03 16:34:46.672 25608  7456 D CCodecConfig:   c2::i32 raw.rotation.value = 0
11-03 16:34:46.672 25608  7456 D CCodecConfig:   c2::u32 raw.sar.height = 1
11-03 16:34:46.672 25608  7456 D CCodecConfig:   c2::u32 raw.sar.width = 1
11-03 16:34:46.672 25608  7456 D CCodecConfig:   c2::u32 raw.size.height = 240
11-03 16:34:46.672 25608  7456 D CCodecConfig:   c2::u32 raw.size.width = 320
11-03 16:34:46.672 25608  7456 D CCodecConfig:   c2
11-03 16:34:46.678 25608  7453 I MediaCodec: media_quality service unavailable, skipping updatePictureProfile
11-03 16:34:46.681 25608  7455 I MediaCodec: [c2.android.hevc.decoder] setting surface generation to 26222596
11-03 16:34:46.682 25608  7456 D CCodec  : [c2.android.hevc.decoder] buffers are bound to CCodec for this session
11-03 16:34:46.682 25608  7456 D CCodecConfig: no c2 equivalents for color-format
11-03 16:34:46.683 25608  7456 D CCodecConfig: no c2 equivalents for native-window
11-03 16:34:46.683 25608  7456 D CCodecConfig: no c2 equivalents for native-window-generation
11-03 16:34:46.683 25608  7456 D CCodecConfig: no c2 equivalents for flags
11-03 16:34:46.684 25608  7456 D CCodecConfig: c2 config diff is   c2::u32 raw.size.height = 1280
11-03 16:34:46.684 25608  7456 D CCodecConfig:   c2::u32 raw.size.width = 720
11-03 16:34:46.686 25608  7456 D CCodec  : encoding statistics level = 0
11-03 16:34:46.686 25608  7456 D CCodec  : setup formats input: AMessage(what = 0x00000000) = {
11-03 16:34:46.686 25608  7456 D CCodec  :   int32_t height = 1280
11-03 16:34:46.686 25608  7456 D CCodec  :   int32_t level = 65536
11-03 16:34:46.686 25608  7456 D CCodec  :   int32_t max-input-size = 2097152
11-03 16:34:46.686 25608  7456 D CCodec  :   string mime = "video/hevc"
11-03 16:34:46.686 25608  7456 D CCodec  :   int32_t profile = 1
11-03 16:34:46.686 25608  7456 D CCodec  :   int32_t width = 720
11-03 16:34:46.686 25608  7456 D CCodec  :   Rect crop(0, 0, 719, 1279)
11-03 16:34:46.686 25608  7456 D CCodec  : }
11-03 16:34:46.686 25608  7456 D CCodec  : setup formats output: AMessage(what = 0x00000000) = {
11-03 16:34:46.686 25608  7456 D CCodec  :   int32_t android._color-format = 2135033992
11-03 16:34:46.686 25608  7456 D CCodec  :   int32_t android._video-scaling = 1
11-03 16:34:46.686 25608  7456 D CCodec  :   int32_t rotation-degrees = 0
11-03 16:34:46.686 25608  7456 D CCodec  :   int32_t color-standard = 1
11-03 16:34:46.686 25608  7456 D CCodec  :   int32_t color-range = 2
11-03 16:34:46.686 25608  7456 D CCodec  :   int32_t color-transfer = 3
11-03 16:34:46.686 25608  7456 D CCodec  :   int32_t sar-height = 1
11-03 16:34:46.686 25608  7456 D CCodec  :   int32_t sar-width = 1
11-03 16:34:46.686 25608  7456 D CCodec  :   Rect crop(0, 0, 719, 1279)
11-03 16:34:46.686 25608  7456 D CCodec  :   int32_t width = 720
11-03 16:34:46.686 25608  7456 D CCodec  :   int32_t height = 1280
11-03 16:34:46.686 25608  7456 D CCodec  :   int32_t max-height = 240
11-03 16:34:46.686 25608  7456 D CCodec  :   int32_t max-width = 320
11-03 16:34:46.686 25608  7456 D CCodec  :   string mime = "video/raw"
11-03 16:34:46.686 25608  7456 D CCodec  :   int32_t android._dataspace = 260
11-03 16:34:46.686 25608  7456 D CCodec  :   int32_t color-format = 2135033992
11-03 16:34:46.686 25608  7456 D CCodec  : }
11-03 16:34:46.686 25608  7456 I CCodecConfig: query failed after returning 12 values (BAD_INDEX)
11-03 16:34:46.687 25608  7456 D CCodecConfig: c2 config diff is   c2::u32 raw.max-size.height = 1280
11-03 16:34:46.687 25608  7456 D CCodecConfig:   c2::u32 raw.max-size.width = 720
11-03 16:34:46.689 25608  7455 I MediaCodec: MediaCodec will operate in async mode
11-03 16:34:46.691 25608  7453 D MediaCodec: keep callback message for reclaim
11-03 16:34:46.708 25608  7456 D CCodecBufferChannel: [c2.android.hevc.decoder#312] Created input block pool with allocatorID 16 => poolID 19 - OK (0)
11-03 16:34:46.710 25608  7456 D CCodecBufferChannel: [c2.android.hevc.decoder#312] Query output surface allocator returned 0 params => BAD_INDEX (6)
11-03 16:34:46.710 25608  7456 D Codec2Client: GraphicBufferAllocator created
11-03 16:34:46.714 25608  7456 I CCodecBufferChannel: [c2.android.hevc.decoder#312] Created output block pool with allocatorID 18 => poolID 3041 - OK
11-03 16:34:46.715 25608  7456 D CCodecBufferChannel: [c2.android.hevc.decoder#312] Configured output block pool ids 3041 => OK
11-03 16:34:46.716 25608  7456 D Codec2Client: setOutputSurface -- failed to set consumer usage (6/BAD_INDEX)
11-03 16:34:46.716 25608  7456 D Codec2Client: setOutputSurface -- generation=26222596 consumer usage=0x900
11-03 16:34:46.753 25608  7456 D CCodecConfig: c2 config diff is   c2::u32 output.delay.value = 0
11-03 16:34:46.753 25608  7456 D CCodecConfig:   c2::u32 raw.size.height = 640
11-03 16:34:46.753 25608  7456 D CCodecConfig:   c2::u32 raw.size.width = 360
11-03 16:34:46.775 25608  7456 D CCodecConfig: c2 config diff is   c2::u32 raw.color.matrix = 1
11-03 16:34:46.775 25608  7456 D CCodecConfig:   c2::u32 raw.color.primaries = 1
11-03 16:34:46.775 25608  7456 D CCodecConfig:   c2::u32 raw.color.transfer = 3
11-03 16:34:46.775 25608  7456 D CCodecConfig:   c2::u32 raw.crop.height = 640
11-03 16:34:46.775 25608  7456 D CCodecConfig:   c2::u32 raw.crop.left = 0
11-03 16:34:46.775 25608  7456 D CCodecConfig:   c2::u32 raw.crop.top = 0
11-03 16:34:46.775 25608  7456 D CCodecConfig:   c2::u32 raw.crop.width = 360
11-03 16:34:46.776 25608  7456 D CCodecBuffers: [c2.android.hevc.decoder#312:2D-Output] popFromStashAndRegister: at 505697773236us, output format changed to AMessage(what = 0x00000000) = {
11-03 16:34:46.776 25608  7456 D CCodecBuffers:   int32_t android._color-format = 2135033992
11-03 16:34:46.776 25608  7456 D CCodecBuffers:   int32_t android._video-scaling = 1
11-03 16:34:46.776 25608  7456 D CCodecBuffers:   int32_t rotation-degrees = 0
11-03 16:34:46.776 25608  7456 D CCodecBuffers:   int32_t color-standard = 1
11-03 16:34:46.776 25608  7456 D CCodecBuffers:   int32_t color-range = 2
11-03 16:34:46.776 25608  7456 D CCodecBuffers:   int32_t color-transfer = 3
11-03 16:34:46.776 25608  7456 D CCodecBuffers:   int32_t sar-height = 1
11-03 16:34:46.776 25608  7456 D CCodecBuffers:   int32_t sar-width = 1
11-03 16:34:46.776 25608  7456 D CCodecBuffers:   Rect crop(0, 0, 359, 639)
11-03 16:34:46.776 25608  7456 D CCodecBuffers:   int32_t width = 360
11-03 16:34:46.776 25608  7456 D CCodecBuffers:   int32_t height = 640
11-03 16:34:46.776 25608  7456 D CCodecBuffers:   int32_t max-height = 1280
11-03 16:34:46.776 25608  7456 D CCodecBuffers:   int32_t max-width = 720
11-03 16:34:46.776 25608  7456 D CCodecBuffers:   string mime = "video/raw"
11-03 16:34:46.776 25608  7456 D CCodecBuffers:   int32_t android._dataspace = 260
11-03 16:34:46.776 25608  7456 D CCodecBuffers:   int32_t color-format = 2135033992
11-03 16:34:46.776 25608  7456 D CCodecBuffers: }
11-03 16:34:46.918 29092 16838 I DeviceHardwareStateManager: New device state brokenCamera: false, brokenSpeaker: false, brokenMicrophone: false, brokenNotificationLed: false, brokenImu: true, brokenDsp: false, brokenMcu: false, hingeState: OPEN, waterDetectState: UNKNOWN, isTampered: false, thermalState: NORMAL, mediaPeakPowerState: NORMAL, videoCallingPeakPowerState: NORMAL, battery: Battery(stateOfCharge=100, isCharging=false, temperature=244, voltage=4394, displayMode=PERCENTAGE, incompatibleChargerDetected=false), caseBattery: Battery(stateOfCharge=80, isCharging=false, temperature=0, voltage=0, displayMode=DOTS, incompatibleChargerDetected=false), caseSystemInfo: CaseSystemInfo(serialNumber=2R5SB0BF9F060P, firmwareVersion=12.14.5, isPresent=false), audioActive: false, cameraState: CAPTURE_VIDEO_STARTED, storageState: STABLE, isStreamingActive: true, inDeepSleep: false, isMounted: false, hotCarEventOccurred: false, registeredSNApps: [ASSISTANT]isSessionVerified: falseDeviceLockState: NO_LOCKPeakPowerUserExperienceThrottlingInfo: []
11-03 16:34:46.924 29092  6779 I SupernovaDeviceStateServiceImpl: Device DeviceRecord(identifier=79:C2:90:5E:BC:2C, name=RB Meta 000X, type=3, userData=null, pairedStateData=null, observingPresence=true, customName=null, customDeviceInfo=null, productRegistry=258) emitting state DeviceState(connectedState=CONNECTED, peerConnectedState=Disconnected, deviceBatteryDetails=Battery(stateOfCharge=100, isCharging=false, temperature=244, voltage=4394, displayMode=PERCENTAGE, incompatibleChargerDetected=false), caseBatteryDetails=Battery(stateOfCharge=80, isCharging=false, temperature=0, voltage=0, displayMode=DOTS, incompatibleChargerDetected=false), remedies=[], hardwareState=brokenCamera: false, brokenSpeaker: false, brokenMicrophone: false, brokenNotificationLed: false, brokenImu: true, brokenDsp: false, brokenMcu: false, hingeState: OPEN, waterDetectState: UNKNOWN, isTampered: false, thermalState: NORMAL, mediaPeakPowerState: NORMAL, videoCallingPeakPowerState: NORMAL, battery: Battery(stateOfCharge=100, isCharging=false, temperature=244, voltage=4394, displayMode=PERCENTAGE, incompatibleChargerDetected=false), caseBattery: Battery(stateOfCharge=80, isCharging=false, temperature=0, voltage=0, displayMode=DOTS, incompatibleChargerDetected=false), caseSystemInfo: CaseSystemInfo(serialNumber=2R5SB0BF9F060P, firmwareVersion=12.14.5, isPresent=false), audioActive: false, cameraState: CAPTURE_VIDEO_STARTED, storageState: STABLE, isStreamingActive: true, inDeepSleep: false, isMounted: false, hotCarEventOccurred: false, registeredSNApps: [ASSISTANT]isSessionVerified: falseDeviceLockState: NO_LOCKPeakPowerUserExperienceThrottlingInfo: [])
11-03 16:34:46.930 29092   458 I lam:LinkedAppFeatureManagerImpl: observeDeviceState GlassesVideoCallingWifiDirectPeakPowerThrottlingLevelUnknown
11-03 16:34:46.930 29092   458 I lam:AppLinkService: onDeviceStateUpdate state=GlassesVideoCallingWifiDirectPeakPowerThrottlingLevelUnknown com.instagram.android
11-03 16:34:46.941 29092  6193 I assistant.stella.platform.broker.ActiveAssistantDeviceBroker: Received state update for (3, 79:C2:90:5E:BC:2C); btState=AssistantBluetoothStates(a2dpConnected=false, a2dpActive=false, hfpConnected=false, hfpActive=false, primaryBtcConnected=false), assistantDeviceState=AssistantDeviceStates(cameraState=VIDEO_CAPTURE_STARTED, brokenCamera=false, thermalConstraint=false, zeroStorage=false, hingeClosed=false, mountStatusDoff=true)
11-03 16:34:46.945 29092 29265 I AssistantDeviceStateManager: handle new device state AssistantDeviceStates(cameraState=VIDEO_CAPTURE_STARTED, brokenCamera=false, thermalConstraint=false, zeroStorage=false, hingeClosed=false, mountStatusDoff=true)
11-03 16:34:48.660 25608  7456 D CCodecConfig: c2 config diff is   c2::u32 raw.size.height = 768
11-03 16:34:48.660 25608  7456 D CCodecConfig:   c2::u32 raw.size.width = 432
11-03 16:34:48.690 25608  7456 D CCodecConfig: c2 config diff is   c2::u32 raw.crop.height = 768
11-03 16:34:48.690 25608  7456 D CCodecConfig:   c2::u32 raw.crop.width = 432
11-03 16:34:48.691 25608  7456 D CCodecBuffers: [c2.android.hevc.decoder#312:2D-Output] popFromStashAndRegister: at 505699639704us, output format changed to AMessage(what = 0x00000000) = {
11-03 16:34:48.691 25608  7456 D CCodecBuffers:   int32_t android._color-format = 2135033992
11-03 16:34:48.691 25608  7456 D CCodecBuffers:   int32_t android._video-scaling = 1
11-03 16:34:48.691 25608  7456 D CCodecBuffers:   int32_t rotation-degrees = 0
11-03 16:34:48.691 25608  7456 D CCodecBuffers:   int32_t color-standard = 1
11-03 16:34:48.691 25608  7456 D CCodecBuffers:   int32_t color-range = 2
11-03 16:34:48.691 25608  7456 D CCodecBuffers:   int32_t color-transfer = 3
11-03 16:34:48.691 25608  7456 D CCodecBuffers:   int32_t sar-height = 1
11-03 16:34:48.691 25608  7456 D CCodecBuffers:   int32_t sar-width = 1
11-03 16:34:48.691 25608  7456 D CCodecBuffers:   Rect crop(0, 0, 431, 767)
11-03 16:34:48.691 25608  7456 D CCodecBuffers:   int32_t width = 432
11-03 16:34:48.691 25608  7456 D CCodecBuffers:   int32_t height = 768
11-03 16:34:48.691 25608  7456 D CCodecBuffers:   int32_t max-height = 1280
11-03 16:34:48.691 25608  7456 D CCodecBuffers:   int32_t max-width = 720
11-03 16:34:48.691 25608  7456 D CCodecBuffers:   string mime = "video/raw"
11-03 16:34:48.691 25608  7456 D CCodecBuffers:   int32_t android._dataspace = 260
11-03 16:34:48.691 25608  7456 D CCodecBuffers:   int32_t color-format = 2135033992
11-03 16:34:48.691 25608  7456 D CCodecBuffers: }
11-03 16:34:52.942 25608  7456 D CCodecConfig: c2 config diff is   c2::u32 raw.size.height = 896
11-03 16:34:52.942 25608  7456 D CCodecConfig:   c2::u32 raw.size.width = 504
11-03 16:34:52.961 25608  7456 D CCodecConfig: c2 config diff is   c2::u32 raw.crop.height = 896
11-03 16:34:52.961 25608  7456 D CCodecConfig:   c2::u32 raw.crop.width = 504
11-03 16:34:52.962 25608  7456 D CCodecBuffers: [c2.android.hevc.decoder#312:2D-Output] popFromStashAndRegister: at 505703639277us, output format changed to AMessage(what = 0x00000000) = {
11-03 16:34:52.962 25608  7456 D CCodecBuffers:   int32_t android._color-format = 2135033992
11-03 16:34:52.962 25608  7456 D CCodecBuffers:   int32_t android._video-scaling = 1
11-03 16:34:52.962 25608  7456 D CCodecBuffers:   int32_t rotation-degrees = 0
11-03 16:34:52.962 25608  7456 D CCodecBuffers:   int32_t color-standard = 1
11-03 16:34:52.962 25608  7456 D CCodecBuffers:   int32_t color-range = 2
11-03 16:34:52.962 25608  7456 D CCodecBuffers:   int32_t color-transfer = 3
11-03 16:34:52.962 25608  7456 D CCodecBuffers:   int32_t sar-height = 1
11-03 16:34:52.962 25608  7456 D CCodecBuffers:   int32_t sar-width = 1
11-03 16:34:52.962 25608  7456 D CCodecBuffers:   Rect crop(0, 0, 503, 895)
11-03 16:34:52.962 25608  7456 D CCodecBuffers:   int32_t width = 504
11-03 16:34:52.962 25608  7456 D CCodecBuffers:   int32_t height = 896
11-03 16:34:52.962 25608  7456 D CCodecBuffers:   int32_t max-height = 1280
11-03 16:34:52.962 25608  7456 D CCodecBuffers:   int32_t max-width = 720
11-03 16:34:52.962 25608  7456 D CCodecBuffers:   string mime = "video/raw"
11-03 16:34:52.962 25608  7456 D CCodecBuffers:   int32_t android._dataspace = 260
11-03 16:34:52.962 25608  7456 D CCodecBuffers:   int32_t color-format = 2135033992
11-03 16:34:52.962 25608  7456 D CCodecBuffers: }
11-03 16:34:56.927 25608  7455 I CCodecBufferChannel: [c2.android.hevc.decoder#312] queueBuffer failed: 13
11-03 16:34:56.927 25608  7455 I MediaCodec: rendring output error 13
11-03 16:34:56.927 25608  7456 D CCodecBufferChannel: [c2.android.hevc.decoder#312] work failed to complete: 14
11-03 16:34:56.927 25608  7455 E MediaCodec: Codec reported err 0xe/14 (Unknown error -14), actionCode 0, while in state 6/STARTED
11-03 16:34:56.957 25608  7580 E MediaCodec: Invalid to call at Released state; only valid in Executing states
11-03 16:34:56.957 25608  7580 E sup:VideoDecoderBufferHandler: Video decoder enqueue video frame exception! Diagnostics 
11-03 16:34:56.957 25608  7580 E sup:VideoDecoderBufferHandler: java.lang.IllegalStateException: Invalid to call at Released state; only valid in Executing states
11-03 16:34:56.957 25608  7580 E sup:VideoDecoderBufferHandler: 
11-03 16:34:56.957 25608  7580 E sup:VideoDecoderBufferHandler: 	at android.media.MediaCodec.getBuffer(Native Method)
11-03 16:34:56.957 25608  7580 E sup:VideoDecoderBufferHandler: 	at android.media.MediaCodec.getInputBuffer(MediaCodec.java:4812)
11-03 16:34:56.957 25608  7580 E sup:VideoDecoderBufferHandler: 	at X.p0U.onInputBufferAvailable(:37)
11-03 16:34:56.957 25608  7580 E sup:VideoDecoderBufferHandler: 	at android.media.MediaCodec$EventHandler.handleCallback(MediaCodec.java:1946)
11-03 16:34:56.957 25608  7580 E sup:VideoDecoderBufferHandler: 	at android.media.MediaCodec$EventHandler.handleMessage(MediaCodec.java:1874)
11-03 16:34:56.957 25608  7580 E sup:VideoDecoderBufferHandler: 	at android.os.Handler.dispatchMessage(Handler.java:110)
11-03 16:34:56.957 25608  7580 E sup:VideoDecoderBufferHandler: 	at android.os.Looper.dispatchMessage(Looper.java:315)
11-03 16:34:56.957 25608  7580 E sup:VideoDecoderBufferHandler: 	at android.os.Looper.loopOnce(Looper.java:251)
11-03 16:34:56.957 25608  7580 E sup:VideoDecoderBufferHandler: 	at android.os.Looper.loop(Looper.java:349)
11-03 16:34:56.957 25608  7580 E sup:VideoDecoderBufferHandler: 	at android.os.HandlerThread.run(HandlerThread.java:100)
11-03 16:34:56.957 25608  7455 E MediaCodec: queueInputBuffer() is valid only at Executing states; currently at Released state
11-03 16:34:57.247   978  2002 I GCH_ZslSnapshotCaptureSession: Initialize: video sw denoise is enabled in GCH
11-03 16:34:57.248   978  2022 I Lyric   : stream_info_parser.cc:364: Camera Front Preview stream: {type: Streaminfo, stream_id: 32768, camera_id: Front, format: YCBCR_420_888, width: 3440, height: 2448, usage: [HwTexture], stream_type: Output, use_case: Default, data_space: DataSpace(Color)::(Standard: BT709, Transfer: RGB, Range: Full), is_framework_physical_stream: 0, dynamic_range_profile: Standard, intended_for_max_resolution_mode: 0, group_id: -1, is_tunable: 1}
11-03 16:34:57.248   978  2022 W Lyric   : stream_info_parser.cc:372: Camera Front unknown stream: {type: Streaminfo, stream_id: 32772, camera_id: Front, format: YCBCR_420_888, width: 3440, height: 2448, usage: [], stream_type: Output, use_case: Default, data_space: DataSpace(Custom)::Arbitrary, is_framework_physical_stream: 0, dynamic_range_profile: Standard, intended_for_max_resolution_mode: 0, group_id: -1, is_tunable: 1} does not fall in any known use case
11-03 16:34:57.248   978  2022 W Lyric   : stream_info_parser.cc:372: Camera FrontVirtual unknown stream: {type: Streaminfo, stream_id: 32773, camera_id: FrontVirtual, format: YCBCR_420_888, width: 3440, height: 2448, usage: [], stream_type: Output, use_case: Default, data_space: DataSpace(Custom)::Arbitrary, is_framework_physical_stream: 0, dynamic_range_profile: Standard, intended_for_max_resolution_mode: 0, group_id: -1, is_tunable: 1} does not fall in any known use case
11-03 16:34:57.248   978  2022 I Lyric   : stream_info_parser.cc:364: Camera FrontVirtual Preview stream: {type: Streaminfo, stream_id: 32769, camera_id: FrontVirtual, format: YCBCR_420_888, width: 3440, height: 2448, usage: [HwTexture], stream_type: Output, use_case: Default, data_space: DataSpace(Color)::(Standard: BT709, Transfer: RGB, Range: Full), is_framework_physical_stream: 0, dynamic_range_profile: Standard, intended_for_max_resolution_mode: 0, group_id: -1, is_tunable: 1}
11-03 16:34:57.253   978  2029 I Lyric   : sensor_generic_driver.cc:1959: DOKKAEBI GetModeIndex requirement {size = {width: 3440, height: 2448}, frame_rate_range = [15, 30], request_binning_mode = false, request_pd_stream = false, only_config_logical_cam_stream = true, camera_id = [<recursive>], require_full_fov = true, is_high_frame_rate = false, crop_margin = 0, is_sibling_camera_participating = true, sub_image_count = 1, is_face_auth = false, is_video_mode = false, is_high_resolution_mode = false, is_arkaroo_enabled = false, is_roshi_enabled = false, is_specific_aspect_ratio_video = false, require_exact_size = false, force_sensor_mode_index = -1, is_multi_cam_usecase = true, raw_stream_usecase = 0, is_high_resolution_standalone_mode = false} required aspect ratio 1.40351 pick_transition_mode 1 require exact size 0
11-03 16:34:57.253   978  2020 I Lyric   : sensor_generic_driver.cc:1959: DOKKAEBIVIRTUAL GetModeIndex requirement {size = {width: 3440, height: 2448}, frame_rate_range = [15, 30], request_binning_mode = false, request_pd_stream = false, only_config_logical_cam_stream = true, camera_id = [<recursive>], require_full_fov = true, is_high_frame_rate = false, crop_margin = 0, is_sibling_camera_participating = true, sub_image_count = 1, is_face_auth = false, is_video_mode = false, is_high_resolution_mode = false, is_arkaroo_enabled = false, is_roshi_enabled = false, is_specific_aspect_ratio_video = false, require_exact_size = false, force_sensor_mode_index = -1, is_multi_cam_usecase = true, raw_stream_usecase = 0, is_high_resolution_standalone_mode = false} required aspect ratio 1.40523 pick_transition_mode 0 require exact size 0
11-03 16:34:57.254   978  2029 I Lyric   : zuma_isp_subgraph.cc:532: raw_to_yuv_for_snapshot_exceeding_video: Pipeline (ID: (instance_id: 2108062), IPs: [ RawToYuv ], Max Outputs: 1, IPConnections: [ ], Usecase: Snapshot)
11-03 16:34:57.254   978  2029 I Lyric   : zuma_isp_subgraph.cc:539: video_mesh_warp: Pipeline (ID: (instance_id: 2108065), IPs: [ MeshWarp ], Max Outputs: 1, IPConnections: [ ], Usecase: Video)
11-03 16:34:57.254   978  2029 I Lyric   : zuma_isp_subgraph.cc:541: mesh_warp_for_snapshot_exceeding_video: Pipeline (ID: (instance_id: 2108066), IPs: [ MeshWarp ], Max Outputs: 1, IPConnections: [ ], Usecase: Snapshot)
11-03 16:34:57.254   978  2029 I Lyric   : zuma_isp_subgraph.cc:551: video_scaler: Pipeline (ID: (instance_id: 2108070), IPs: [ Scaler ], Max Outputs: 0, IPConnections: [ ], Usecase: Video)
11-03 16:34:57.254   978  2029 I Lyric   : zuma_isp_subgraph.cc:553: scaler_for_snapshot_exceeding_video: Pipeline (ID: (instance_id: 2108071), IPs: [ Scaler ], Max Outputs: 2, IPConnections: [ ], Usecase: Snapshot)
11-03 16:34:57.254   978  2020 I Lyric   : zuma_isp_subgraph.cc:532: raw_to_yuv_for_snapshot_exceeding_video: Pipeline (ID: (instance_id: 2108080), IPs: [ RawToYuv ], Max Outputs: 1, IPConnections: [ ], Usecase: Snapshot)
11-03 16:34:57.254   978  2020 I Lyric   : zuma_isp_subgraph.cc:539: video_mesh_warp: Pipeline (ID: (instance_id: 2108083), IPs: [ MeshWarp ], Max Outputs: 1, IPConnections: [ ], Usecase: Video)
11-03 16:34:57.254   978  2020 I Lyric   : zuma_isp_subgraph.cc:541: mesh_warp_for_snapshot_exceeding_video: Pipeline (ID: (instance_id: 2108084), IPs: [ MeshWarp ], Max Outputs: 1, IPConnections: [ ], Usecase: Snapshot)
11-03 16:34:57.254   978  2020 I Lyric   : zuma_isp_subgraph.cc:551: video_scaler: Pipeline (ID: (instance_id: 2108088), IPs: [ Scaler ], Max Outputs: 0, IPConnections: [ ], Usecase: Video)
11-03 16:34:57.254   978  2020 I Lyric   : zuma_isp_subgraph.cc:553: scaler_for_snapshot_exceeding_video: Pipeline (ID: (instance_id: 2108089), IPs: [ Scaler ], Max Outputs: 2, IPConnections: [ ], Usecase: Snapshot)
11-03 16:34:57.254   978  2029 I Lyric   : whi_like_isp_back_end_core_subgraph.cc:933: RawToYuvNode for snapshot exceeding video is configured to output consumer type 2 fmt: HalImageFormat{ pixel_format = YCBCR_420_SPN_10B, stride_alignment = 64, num_buffers = 1 } for Front
11-03 16:34:57.254   978  2020 I Lyric   : whi_like_isp_back_end_core_subgraph.cc:933: RawToYuvNode for snapshot exceeding video is configured to output consumer type 2 fmt: HalImageFormat{ pixel_format = YCBCR_420_SPN_10B, stride_alignment = 64, num_buffers = 1 } for FrontVirtual
11-03 16:34:57.255   978  2029 I Lyric   : generic_subgraph.cc:3459: camera_id = 5; is_front_camera = 1; is_1p_camera_app = 0; video_call = 0
11-03 16:34:57.255   978  2020 I Lyric   : generic_subgraph.cc:3459: camera_id = 6; is_front_camera = 1; is_1p_camera_app = 0; video_call = 0
11-03 16:34:57.259   978  2022 I Lyric   : multicam_graph.cc:1366: number of video bokeh nodes connected to multicam routing node = 0
11-03 16:34:57.260   978  2022 I Lyric   : graph_configuration.cc:374: {type: Streaminfo, stream_id: 32769, camera_id: FrontVirtual, format: YCBCR_420_888, width: 3440, height: 2448, usage: [HwTexture], stream_type: Output, use_case: Default, data_space: DataSpace(Color)::(Standard: BT709, Transfer: RGB, Range: Full), is_framework_physical_stream: 0, dynamic_range_profile: Standard, intended_for_max_resolution_mode: 0, group_id: -1, is_tunable: 1}
11-03 16:34:57.260   978  2022 I Lyric   : graph_configuration.cc:374: {type: Streaminfo, stream_id: 32768, camera_id: Front, format: YCBCR_420_888, width: 3440, height: 2448, usage: [HwTexture], stream_type: Output, use_case: Default, data_space: DataSpace(Color)::(Standard: BT709, Transfer: RGB, Range: Full), is_framework_physical_stream: 0, dynamic_range_profile: Standard, intended_for_max_resolution_mode: 0, group_id: -1, is_tunable: 1}
11-03 16:34:57.260   978  2022 I Lyric   : graph_configuration.cc:374: {type: Streaminfo, stream_id: 32771, camera_id: FrontVirtual, format: BLOB, width: 3440, height: 2448, usage: [], stream_type: Output, use_case: Default, data_space: DataSpace(Color)::(Standard: BT601_625, Transfer: SMPTE_170M, Range: Full), is_framework_physical_stream: 0, dynamic_range_profile: Standard, intended_for_max_resolution_mode: 0, group_id: -1, is_tunable: 1}
11-03 16:34:57.260   978  2022 I Lyric   : graph_configuration.cc:374: {type: Streaminfo, stream_id: 32773, camera_id: FrontVirtual, format: YCBCR_420_888, width: 3440, height: 2448, usage: [], stream_type: Output, use_case: Default, data_space: DataSpace(Custom)::Arbitrary, is_framework_physical_stream: 0, dynamic_range_profile: Standard, intended_for_max_resolution_mode: 0, group_id: -1, is_tunable: 1}
11-03 16:34:57.260   978  2022 I Lyric   : graph_configuration.cc:374: {type: Streaminfo, stream_id: 32770, camera_id: Front, format: BLOB, width: 3440, height: 2448, usage: [], stream_type: Output, use_case: Default, data_space: DataSpace(Color)::(Standard: BT601_625, Transfer: SMPTE_170M, Range: Full), is_framework_physical_stream: 0, dynamic_range_profile: Standard, intended_for_max_resolution_mode: 0, group_id: -1, is_tunable: 1}
11-03 16:34:57.260   978  2022 I Lyric   : graph_configuration.cc:374: {type: Streaminfo, stream_id: 32772, camera_id: Front, format: YCBCR_420_888, width: 3440, height: 2448, usage: [], stream_type: Output, use_case: Default, data_space: DataSpace(Custom)::Arbitrary, is_framework_physical_stream: 0, dynamic_range_profile: Standard, intended_for_max_resolution_mode: 0, group_id: -1, is_tunable: 1}
11-03 16:34:57.277   978  1466 I G3ACoordinator: ae_session_config_parser_lyric.cc:201: ispfe_raw_input_resolution [width:3440, height:2448]
11-03 16:34:57.283   978  7627 I native  : I0000 00:00:1762205697.283078    7627 brute_force_feature_matching.cc:49] Number of bins each image dimension is divided into: 5
11-03 16:34:57.284   978  7627 I native  : I0000 00:00:1762205697.284674    7627 brute_force_feature_matching.cc:49] Number of bins each image dimension is divided into: 5
11-03 16:34:57.289   978  1466 I G3ACoordinator: ae_session_config_parser_lyric.cc:201: ispfe_raw_input_resolution [width:3840, height:2736]
11-03 16:34:57.425   978  2002 I Lyric   : camera_powerhal_impl.cc:202: CancelPowerBoost CAMERA_VIDEO_RECORDING
11-03 16:34:58.468 25608  7455 D CCodecBufferChannel: [c2.android.hevc.decoder#312] MediaCodec discarded an unknown buffer
11-03 16:34:58.468 25608  7455 D CCodecBufferChannel: [c2.android.hevc.decoder#312] MediaCodec discarded an unknown buffer
11-03 16:34:58.468 25608  7455 D CCodecBufferChannel: [c2.android.hevc.decoder#312] MediaCodec discarded an unknown buffer
11-03 16:34:58.480 25608  7456 D CCodec  : allocate(c2.android.hevc.decoder)
11-03 16:34:58.481 25608  7456 I CCodec  : setting up 'default' as default (vendor) store
11-03 16:34:58.488 25608  7456 I CCodec  : Created component [c2.android.hevc.decoder] for [c2.android.hevc.decoder]
11-03 16:34:58.489 25608  7456 D CCodecConfig: read media type: video/hevc
11-03 16:34:58.507 25608  7456 D CCodecConfig: ignoring local param raw.size (0xd2001800) as it is already supported
11-03 16:34:58.507 25608  7456 D CCodecConfig: ignoring local param default.color (0x5200180b) as it is already supported
11-03 16:34:58.510 25608  7456 I CCodecConfig: query failed after returning 12 values (BAD_INDEX)
11-03 16:34:58.511 25608  7456 D CCodecConfig: c2 config diff is Dict {
11-03 16:34:58.511 25608  7456 D CCodecConfig:   c2::u32 coded.pl.level = 24584
11-03 16:34:58.511 25608  7456 D CCodecConfig:   c2::u32 coded.pl.profile = 24576
11-03 16:34:58.511 25608  7456 D CCodecConfig:   c2::u32 coded.vui.color.matrix = 0
11-03 16:34:58.511 25608  7456 D CCodecConfig:   c2::u32 coded.vui.color.primaries = 0
11-03 16:34:58.511 25608  7456 D CCodecConfig:   c2::u32 coded.vui.color.range = 2
11-03 16:34:58.511 25608  7456 D CCodecConfig:   c2::u32 coded.vui.color.transfer = 0
11-03 16:34:58.511 25608  7456 D CCodecConfig:   c2::u32 default.color.matrix = 0
11-03 16:34:58.511 25608  7456 D CCodecConfig:   c2::u32 default.color.primaries = 0
11-03 16:34:58.511 25608  7456 D CCodecConfig:   c2::u32 default.color.range = 0
11-03 16:34:58.511 25608  7456 D CCodecConfig:   c2::u32 default.color.transfer = 0
11-03 16:34:58.511 25608  7456 D CCodecConfig:   c2::u32 input.buffers.max-size.value = 2097152
11-03 16:34:58.511 25608  7456 D CCodecConfig:   c2::u32 input.delay.value = 0
11-03 16:34:58.511 25608  7456 D CCodecConfig:   string input.media-type.value = "video/hevc"
11-03 16:34:58.511 25608  7456 D CCodecConfig:   c2::u32 output.delay.value = 8
11-03 16:34:58.511 25608  7456 D CCodecConfig:   string output.media-type.value = "video/raw"
11-03 16:34:58.511 25608  7456 D CCodecConfig:   c2::u32 raw.color.matrix = 0
11-03 16:34:58.511 25608  7456 D CCodecConfig:   c2::u32 raw.color.primaries = 0
11-03 16:34:58.511 25608  7456 D CCodecConfig:   c2::u32 raw.color.range = 2
11-03 16:34:58.511 25608  7456 D CCodecConfig:   c2::u32 raw.color.transfer = 0
11-03 16:34:58.511 25608  7456 D CCodecConfig:   c2::u32 raw.max-size.height = 240
11-03 16:34:58.511 25608  7456 D CCodecConfig:   c2::u32 raw.max-size.width = 320
11-03 16:34:58.511 25608  7456 D CCodecConfig:   c2::u32 raw.pixel-format.value = 35
11-03 16:34:58.511 25608  7456 D CCodecConfig:   c2::i32 raw.rotation.flip = 0
11-03 16:34:58.511 25608  7456 D CCodecConfig:   c2::i32 raw.rotation.value = 0
11-03 16:34:58.511 25608  7456 D CCodecConfig:   c2::u32 raw.sar.height = 1
11-03 16:34:58.511 25608  7456 D CCodecConfig:   c2::u32 raw.sar.width = 1
11-03 16:34:58.511 25608  7456 D CCodecConfig:   c2::u32 raw.size.height = 240
11-03 16:34:58.511 25608  7456 D CCodecConfig:   c2::u32 raw.size.width = 320
11-03 16:34:58.511 25608  7456 D CCodecConfig:   c2
11-03 16:34:58.514 25608  7453 I MediaCodec: media_quality service unavailable, skipping updatePictureProfile
11-03 16:34:58.514 25608  7455 I MediaCodec: [c2.android.hevc.decoder] setting surface generation to 26222597
11-03 16:34:58.515 25608  7456 D CCodec  : [c2.android.hevc.decoder] buffers are bound to CCodec for this session
11-03 16:34:58.515 25608  7456 D CCodecConfig: no c2 equivalents for color-format
11-03 16:34:58.515 25608  7456 D CCodecConfig: no c2 equivalents for native-window
11-03 16:34:58.515 25608  7456 D CCodecConfig: no c2 equivalents for native-window-generation
11-03 16:34:58.515 25608  7456 D CCodecConfig: no c2 equivalents for flags
11-03 16:34:58.516 25608  7456 D CCodecConfig: c2 config diff is   c2::u32 raw.size.height = 1280
11-03 16:34:58.516 25608  7456 D CCodecConfig:   c2::u32 raw.size.width = 720
11-03 16:34:58.516 25608  7456 D CCodec  : encoding statistics level = 0
11-03 16:34:58.516 25608  7456 D CCodec  : setup formats input: AMessage(what = 0x00000000) = {
11-03 16:34:58.516 25608  7456 D CCodec  :   int32_t height = 1280
11-03 16:34:58.516 25608  7456 D CCodec  :   int32_t level = 65536
11-03 16:34:58.516 25608  7456 D CCodec  :   int32_t max-input-size = 2097152
11-03 16:34:58.516 25608  7456 D CCodec  :   string mime = "video/hevc"
11-03 16:34:58.516 25608  7456 D CCodec  :   int32_t profile = 1
11-03 16:34:58.516 25608  7456 D CCodec  :   int32_t width = 720
11-03 16:34:58.516 25608  7456 D CCodec  :   Rect crop(0, 0, 719, 1279)
11-03 16:34:58.516 25608  7456 D CCodec  : }
11-03 16:34:58.516 25608  7456 D CCodec  : setup formats output: AMessage(what = 0x00000000) = {
11-03 16:34:58.516 25608  7456 D CCodec  :   int32_t android._color-format = 2135033992
11-03 16:34:58.516 25608  7456 D CCodec  :   int32_t android._video-scaling = 1
11-03 16:34:58.516 25608  7456 D CCodec  :   int32_t rotation-degrees = 0
11-03 16:34:58.516 25608  7456 D CCodec  :   int32_t color-standard = 1
11-03 16:34:58.516 25608  7456 D CCodec  :   int32_t color-range = 2
11-03 16:34:58.516 25608  7456 D CCodec  :   int32_t color-transfer = 3
11-03 16:34:58.516 25608  7456 D CCodec  :   int32_t sar-height = 1
11-03 16:34:58.516 25608  7456 D CCodec  :   int32_t sar-width = 1
11-03 16:34:58.516 25608  7456 D CCodec  :   Rect crop(0, 0, 719, 1279)
11-03 16:34:58.516 25608  7456 D CCodec  :   int32_t width = 720
11-03 16:34:58.516 25608  7456 D CCodec  :   int32_t height = 1280
11-03 16:34:58.516 25608  7456 D CCodec  :   int32_t max-height = 240
11-03 16:34:58.516 25608  7456 D CCodec  :   int32_t max-width = 320
11-03 16:34:58.516 25608  7456 D CCodec  :   string mime = "video/raw"
11-03 16:34:58.516 25608  7456 D CCodec  :   int32_t android._dataspace = 260
11-03 16:34:58.516 25608  7456 D CCodec  :   int32_t color-format = 2135033992
11-03 16:34:58.516 25608  7456 D CCodec  : }
11-03 16:34:58.516 25608  7456 I CCodecConfig: query failed after returning 12 values (BAD_INDEX)
11-03 16:34:58.517 25608  7456 D CCodecConfig: c2 config diff is   c2::u32 raw.max-size.height = 1280
11-03 16:34:58.517 25608  7456 D CCodecConfig:   c2::u32 raw.max-size.width = 720
11-03 16:34:58.517 25608  7455 I MediaCodec: MediaCodec will operate in async mode
11-03 16:34:58.518 25608  7453 D MediaCodec: keep callback message for reclaim
11-03 16:34:58.525 25608  7456 D CCodecBufferChannel: [c2.android.hevc.decoder#629] Created input block pool with allocatorID 16 => poolID 20 - OK (0)
11-03 16:34:58.525 25608  7456 D CCodecBufferChannel: [c2.android.hevc.decoder#629] Query output surface allocator returned 0 params => BAD_INDEX (6)
11-03 16:34:58.525 25608  7456 D Codec2Client: GraphicBufferAllocator created
11-03 16:34:58.526 25608  7456 I CCodecBufferChannel: [c2.android.hevc.decoder#629] Created output block pool with allocatorID 18 => poolID 3042 - OK
11-03 16:34:58.527 25608  7456 D CCodecBufferChannel: [c2.android.hevc.decoder#629] Configured output block pool ids 3042 => OK
11-03 16:34:58.527 25608  7456 D Codec2Client: setOutputSurface -- failed to set consumer usage (6/BAD_INDEX)
11-03 16:34:58.527 25608  7456 D Codec2Client: setOutputSurface -- generation=26222597 consumer usage=0x900
11-03 16:34:58.541 25608  7456 D CCodecConfig: c2 config diff is   c2::u32 output.delay.value = 0
11-03 16:34:58.541 25608  7456 D CCodecConfig:   c2::u32 raw.size.height = 896
11-03 16:34:58.541 25608  7456 D CCodecConfig:   c2::u32 raw.size.width = 504
11-03 16:34:58.558 25608  7456 D CCodecConfig: c2 config diff is   c2::u32 raw.color.matrix = 1
11-03 16:34:58.558 25608  7456 D CCodecConfig:   c2::u32 raw.color.primaries = 1
11-03 16:34:58.558 25608  7456 D CCodecConfig:   c2::u32 raw.color.transfer = 3
11-03 16:34:58.558 25608  7456 D CCodecConfig:   c2::u32 raw.crop.height = 896
11-03 16:34:58.558 25608  7456 D CCodecConfig:   c2::u32 raw.crop.left = 0
11-03 16:34:58.558 25608  7456 D CCodecConfig:   c2::u32 raw.crop.top = 0
11-03 16:34:58.558 25608  7456 D CCodecConfig:   c2::u32 raw.crop.width = 504
11-03 16:34:58.559 25608  7456 D CCodecBuffers: [c2.android.hevc.decoder#629:2D-Output] popFromStashAndRegister: at 505709638637us, output format changed to AMessage(what = 0x00000000) = {
11-03 16:34:58.559 25608  7456 D CCodecBuffers:   int32_t android._color-format = 2135033992
11-03 16:34:58.559 25608  7456 D CCodecBuffers:   int32_t android._video-scaling = 1
11-03 16:34:58.559 25608  7456 D CCodecBuffers:   int32_t rotation-degrees = 0
11-03 16:34:58.559 25608  7456 D CCodecBuffers:   int32_t color-standard = 1
11-03 16:34:58.559 25608  7456 D CCodecBuffers:   int32_t color-range = 2
11-03 16:34:58.559 25608  7456 D CCodecBuffers:   int32_t color-transfer = 3
11-03 16:34:58.559 25608  7456 D CCodecBuffers:   int32_t sar-height = 1
11-03 16:34:58.559 25608  7456 D CCodecBuffers:   int32_t sar-width = 1
11-03 16:34:58.559 25608  7456 D CCodecBuffers:   Rect crop(0, 0, 503, 895)
11-03 16:34:58.559 25608  7456 D CCodecBuffers:   int32_t width = 504
11-03 16:34:58.559 25608  7456 D CCodecBuffers:   int32_t height = 896
